# Logfile created on Tue Nov 02 16:53:21 +0800 2010 by logger.rb/22285
I, [2010-11-02T16:53:31.840823 #5542]  INFO -- : final: 错误代码 ILLEGAL_SERVICE
service: can't be blank
return_url: can't be blank
sign_type: can't be blank
seller: seller_email and seller_id can not both be blank
subject: can't be blank
sign: can't be blankinvalid sign
money: price and total_fee can not both be blank
out_trade_no: can't be blank
partner: can't be blank
payment_type: can't be blank
notify_url: can't be blank
I, [2010-11-02T16:53:32.233229 #5542]  INFO -- : final: 错误代码 ILLEGAL_PARTNER
return_url: can't be blank
sign_type: can't be blank
seller: seller_email and seller_id can not both be blank
subject: can't be blank
sign: can't be blankinvalid sign
money: price and total_fee can not both be blank
out_trade_no: can't be blank
partner: can't be blank
payment_type: can't be blank
notify_url: can't be blank
I, [2010-11-02T16:53:32.625706 #5542]  INFO -- : final: 错误代码 ILLEGAL_PARTNER
return_url: can't be blank
sign_type: can't be blank
seller: seller_email and seller_id can not both be blank
_input_charset: should be utf-8 or gb2312
subject: can't be blank
sign: can't be blankinvalid sign
money: price and total_fee can not both be blank
out_trade_no: can't be blank
partner: can't be blank
payment_type: can't be blank
notify_url: can't be blank
I, [2010-11-02T16:53:33.009819 #5542]  INFO -- : final: 错误代码 ILLEGAL_PARTNER
return_url: can't be blank
sign_type: can't be blank
seller: seller_email and seller_id can not both be blank
subject: can't be blank
sign: can't be blankinvalid sign
money: price and total_fee can not both be blank
out_trade_no: can't be blank
partner: can't be blank
payment_type: can't be blank
notify_url: can't be blank
I, [2010-11-02T16:53:33.401528 #5542]  INFO -- : final: 错误代码 ILLEGAL_PARTNER
return_url: can't be blank
sign_type: can't be blank
seller: seller_email and seller_id can not both be blank
subject: can't be blank
sign: can't be blankinvalid sign
money: price and total_fee can not both be blank
out_trade_no: can't be blank
partner: can't be blank
payment_type: can't be blank
notify_url: can't be blank
I, [2010-11-02T16:53:33.785561 #5542]  INFO -- : final: 错误代码 ILLEGAL_PARTNER
total_fee: format should be Number(13, 2)
return_url: can't be blank
sign_type: can't be blank
seller: seller_email and seller_id can not both be blank
subject: can't be blank
price: format should be Number(13, 2)
sign: can't be blankinvalid sign
money: price和total_fee不能同时出现
quantity: if price is not blank, must input quantity
out_trade_no: can't be blank
partner: can't be blank
payment_type: can't be blank
notify_url: can't be blank
I, [2010-11-02T16:53:34.180159 #5542]  INFO -- : final: 错误代码 ILLEGAL_PARTNER
return_url: can't be blank
sign_type: can't be blank
seller: seller_email and seller_id can not both be blank
subject: can't be blank
sign: can't be blankinvalid sign
quantity: if price is not blank, must input quantity
out_trade_no: can't be blank
partner: can't be blank
payment_type: can't be blank
notify_url: can't be blank
I, [2010-11-02T16:53:34.585630 #5542]  INFO -- : final: 错误代码 ILLEGAL_PARTNER
return_url: can't be blank
sign_type: can't be blank
seller: seller_email and seller_id can not both be blank
subject: can't be blank
sign: can't be blankinvalid sign
money: price and total_fee can not both be blank
out_trade_no: can't be blank
partner: can't be blank
payment_type: can't be blank
notify_url: can't be blank
I, [2010-11-02T16:53:34.970355 #5542]  INFO -- : final: 错误代码 ILLEGAL_PARTNER
return_url: can't be blank
sign_type: can't be blank
seller: seller_email and seller_id can not both be blank
subject: can't be blank
sign: can't be blankinvalid sign
money: price and total_fee can not both be blank
out_trade_no: can't be blank
partner: is too long (maximum is 16 characters)not exist
payment_type: is too long (maximum is 4 characters)
notify_url: can't be blank
I, [2010-11-02T16:53:35.356120 #5542]  INFO -- : final: 错误代码 ILLEGAL_PARTNER
return_url: can't be blank
sign_type: can't be blank
seller: seller_email and seller_id can not both be blank
subject: can't be blank
sign: can't be blankinvalid sign
quantity: should be integer and between 1~999999
money: price and total_fee can not both be blank
out_trade_no: can't be blank
partner: can't be blank
payment_type: can't be blank
notify_url: can't be blank
I, [2010-11-02T16:53:35.753756 #5542]  INFO -- : final: 错误代码 ILLEGAL_PARTNER
return_url: can't be blank
sign_type: can't be blank
seller: seller_email and seller_id can not both be blank
subject: can't be blank
sign: can't be blankinvalid sign
quantity: should be integer and between 1~999999
money: price and total_fee can not both be blank
out_trade_no: can't be blank
partner: can't be blank
payment_type: can't be blank
notify_url: can't be blank
I, [2010-11-02T16:53:36.137382 #5542]  INFO -- : final: 错误代码 ILLEGAL_PARTNER
return_url: can't be blank
sign_type: can't be blank
seller: seller_email and seller_id can not both be blank
subject: can't be blank
sign: can't be blankinvalid sign
quantity: should be integer and between 1~999999
money: price and total_fee can not both be blank
out_trade_no: can't be blank
partner: can't be blank
payment_type: can't be blank
notify_url: can't be blank
I, [2010-11-02T16:53:36.532117 #5542]  INFO -- : final: 错误代码 ILLEGAL_PARTNER
return_url: can't be blank
sign_type: can't be blank
seller: seller_email and seller_id can not both be blank
subject: can't be blank
sign: can't be blankinvalid sign
money: price and total_fee can not both be blank
out_trade_no: can't be blank
partner: not exist
payment_type: can't be blank
notify_url: can't be blank
I, [2010-11-02T16:53:36.920853 #5542]  INFO -- : final: 错误代码 ILLEGAL_PARTNER
return_url: can't be blank
sign_type: can't be blank
seller: seller_email and seller_id can not both be blank
subject: can't be blank
sign: can't be blankinvalid sign
money: price and total_fee can not both be blank
out_trade_no: can't be blank
payment_type: can't be blank
notify_url: can't be blank
I, [2010-11-02T16:53:37.308228 #5542]  INFO -- : final: 错误代码 ILLEGAL_SERVICE
service: can't be blank
return_url: can't be blank
sign_type: can't be blank
seller: seller_email and seller_id can not both be blank
subject: can't be blank
sign: can't be blankinvalid sign
money: price and total_fee can not both be blank
out_trade_no: can't be blank
partner: can't be blank
payment_type: can't be blank
notify_url: can't be blank
I, [2010-11-02T16:53:37.698090 #5542]  INFO -- : final: 错误代码 ILLEGAL_PARTNER
return_url: can't be blank
sign_type: can't be blank
seller: seller_email and seller_id can not both be blank
subject: can't be blank
sign: can't be blankinvalid sign
money: price和total_fee不能同时出现
quantity: if price is not blank, must input quantity
out_trade_no: can't be blank
partner: can't be blank
payment_type: can't be blank
notify_url: can't be blank
I, [2010-11-02T16:53:38.091050 #5542]  INFO -- : final: 错误代码 ILLEGAL_PARTNER
return_url: can't be blank
sign_type: can't be blank
seller: seller_email and seller_id can not both be blank
subject: can't be blank
sign: can't be blankinvalid sign
money: price and total_fee can not both be blank
out_trade_no: can't be blank
partner: can't be blank
payment_type: can't be blank
notify_url: can't be blank
I, [2010-11-02T16:53:38.475003 #5542]  INFO -- : final: 错误代码 ILLEGAL_PARTNER
return_url: can't be blank
sign_type: can't be blank
seller: seller_email and seller_id can not both be blank
subject: can't be blank
money: price and total_fee can not both be blank
sign: invalid sign
out_trade_no: can't be blank
payment_type: can't be blank
notify_url: can't be blank
I, [2010-11-02T16:53:38.860704 #5542]  INFO -- : final: 错误代码 ILLEGAL_PARTNER
return_url: can't be blank
sign_type: can't be blank
seller: seller_email and seller_id can not both be blank
subject: can't be blank
money: price and total_fee can not both be blank
out_trade_no: can't be blank
payment_type: can't be blank
notify_url: can't be blank
I, [2010-11-02T16:53:39.239936 #5542]  INFO -- : final: 出错了!200903数据签名验证未通过 
v_md5info: can't be blank
sign: invalid v_md5info
I, [2010-11-02T16:53:39.584108 #5542]  INFO -- : final: 出错了!500903参数错误,订单号过长 
v_url: is too long (maximum is 200 characters)
v_md5info: can't be blank
sign: invalid v_md5info
v_oid: is too long (maximum is 64 characters)
I, [2010-11-02T16:53:39.928756 #5542]  INFO -- : final: 出错了!501112参数错误,非法金额参数 
v_md5info: can't be blank
sign: invalid v_md5info
v_amount: format should be Number(6, 2)
I, [2010-11-02T16:53:40.231731 #5542]  INFO -- : final: 出错了!500800错误的数据格式,不能解析 
v_moneytype: can't be blank
v_url: can't be blank
v_md5info: can't be blank
v_mid: can't be blank
sign: invalid v_md5info
v_oid: can't be blank
v_amount: can't be blank
I, [2010-11-02T16:53:40.585273 #5542]  INFO -- : final: 出错了!200903数据签名验证未通过 
sign: invalid v_md5info
I, [2010-11-02T16:53:40.940811 #5542]  INFO -- : final: 出错了!200903数据签名验证未通过 
I, [2010-11-02T16:53:42.106174 #5542]  INFO -- : return_url: can't be blank
service: can't be blank
seller: seller_email and seller_id can not both be blank
sign_type: can't be blank
subject: can't be blank
money: price and total_fee can not both be blank
sign: can't be blankinvalid sign
out_trade_no: can't be blank
partner: can't be blank
payment_type: can't be blank
notify_url: can't be blank
I, [2010-11-02T16:53:42.109983 #5542]  INFO -- : v_moneytype: can't be blank
v_url: can't be blank
v_md5info: can't be blank
v_mid: can't be blank
sign: invalid v_md5info
v_oid: can't be blank
v_amount: can't be blank
I, [2010-11-02T16:53:42.112770 #5542]  INFO -- : v_moneytype: can't be blank
v_url: can't be blank
v_md5info: can't be blank
v_mid: can't be blank
sign: invalid v_md5info
v_oid: can't be blank
v_amount: can't be blank
I, [2010-11-02T16:53:42.115827 #5542]  INFO -- : return_url: can't be blank
service: can't be blank
seller: seller_email and seller_id can not both be blank
sign_type: can't be blank
subject: can't be blank
money: price and total_fee can not both be blank
sign: can't be blankinvalid sign
out_trade_no: can't be blank
partner: can't be blank
payment_type: can't be blank
notify_url: can't be blank
I, [2010-11-02T16:53:42.118267 #5542]  INFO -- : total_fee: can't be blank
sp_billno: can't be blank
return_url: can't be blank
cmdno: can't be blank
fee_type: can't be blank
desc: can't be blank
bank_type: can't be blank
attach: can't be blank
date: can't be blank
sign: can't be blankinvalid sign
spbill_create_ip: can't be blank
bargainor_id: can't be blank
transaction_id: can't be blank
I, [2010-11-02T16:53:42.120214 #5542]  INFO -- : total_fee: can't be blank
sp_billno: can't be blank
return_url: can't be blank
cmdno: can't be blank
fee_type: can't be blank
desc: can't be blank
bank_type: can't be blank
attach: can't be blank
date: can't be blank
sign: can't be blankinvalid sign
spbill_create_ip: can't be blank
bargainor_id: can't be blank
transaction_id: can't be blank
I, [2010-11-02T16:53:42.915974 #5542]  INFO -- : final: [21620002]您的请求无效，请重新操作
desc: can't be blank
bank_type: can't be blank
sign: can't be blankinvalid sign
transaction_id: 格式错误,transaction_id为28位长的数值,其中前10位为商户网站编号(SPID)，由财付通统一分配;之后8位为订单产生的日期,如20050415;最后10位商户需要保证一天内不同的事务(用户订购一次商品或购买一次服务),其ID不相同
I, [2010-11-02T16:53:43.475691 #5542]  INFO -- : final: [21620002]您的请求无效，请重新操作
desc: can't be blank
bank_type: can't be blank
sign: can't be blankinvalid sign
transaction_id: 格式错误,transaction_id为28位长的数值,其中前10位为商户网站编号(SPID)，由财付通统一分配;之后8位为订单产生的日期,如20050415;最后10位商户需要保证一天内不同的事务(用户订购一次商品或购买一次服务),其ID不相同
I, [2010-11-02T16:53:44.038017 #5542]  INFO -- : final: [21620002]您的请求无效，请重新操作
desc: can't be blank
bank_type: can't be blank
sign: can't be blankinvalid sign
transaction_id: 格式错误,transaction_id为28位长的数值,其中前10位为商户网站编号(SPID)，由财付通统一分配;之后8位为订单产生的日期,如20050415;最后10位商户需要保证一天内不同的事务(用户订购一次商品或购买一次服务),其ID不相同
I, [2010-11-02T16:53:44.438172 #5542]  INFO -- : final: 您的支付请求类型稍后支持,敬请期待
sp_billno: can't be blank
total_fee: can't be blank
cmdno: can't be blank
return_url: can't be blank
desc: can't be blank
fee_type: can't be blank
bank_type: can't be blank
attach: can't be blank
date: can't be blank
spbill_create_ip: can't be blank
sign: can't be blankinvalid sign
bargainor_id: can't be blank
transaction_id: can't be blank
I, [2010-11-02T16:53:44.983315 #5542]  INFO -- : final: [21620002]您的请求无效，请重新操作
desc: can't be blank
bank_type: can't be blank
sign: can't be blankinvalid sign
I, [2010-11-02T16:53:45.528028 #5542]  INFO -- : final: [21620002]您的请求无效，请重新操作
total_fee: 格式错误,只能为数字,以分为单位,不允许包含任何字符
desc: can't be blank
bank_type: can't be blank
sign: can't be blankinvalid sign
transaction_id: 格式错误,transaction_id为28位长的数值,其中前10位为商户网站编号(SPID)，由财付通统一分配;之后8位为订单产生的日期,如20050415;最后10位商户需要保证一天内不同的事务(用户订购一次商品或购买一次服务),其ID不相同
I, [2010-11-02T16:53:46.070431 #5542]  INFO -- : final: [21620002]您的请求无效，请重新操作
total_fee: 格式错误,只能为数字,以分为单位,不允许包含任何字符
desc: can't be blank
bank_type: can't be blank
sign: can't be blankinvalid sign
transaction_id: 格式错误,transaction_id为28位长的数值,其中前10位为商户网站编号(SPID)，由财付通统一分配;之后8位为订单产生的日期,如20050415;最后10位商户需要保证一天内不同的事务(用户订购一次商品或购买一次服务),其ID不相同
I, [2010-11-02T16:53:46.633973 #5542]  INFO -- : final: [21620002]您的请求无效，请重新操作
desc: can't be blank
bank_type: can't be blank
sign: can't be blankinvalid sign
transaction_id: 格式错误,transaction_id为28位长的数值,其中前10位为商户网站编号(SPID)，由财付通统一分配;之后8位为订单产生的日期,如20050415;最后10位商户需要保证一天内不同的事务(用户订购一次商品或购买一次服务),其ID不相同
I, [2010-11-02T16:53:47.180271 #5542]  INFO -- : final: [21620002]您的请求无效，请重新操作
desc: can't be blank
fee_type: 目前只支持人民币,请填1
bank_type: can't be blank
sign: can't be blankinvalid sign
transaction_id: 格式错误,transaction_id为28位长的数值,其中前10位为商户网站编号(SPID)，由财付通统一分配;之后8位为订单产生的日期,如20050415;最后10位商户需要保证一天内不同的事务(用户订购一次商品或购买一次服务),其ID不相同
I, [2010-11-02T16:53:47.724842 #5542]  INFO -- : final: [21620002]您的请求无效，请重新操作
desc: can't be blank
bank_type: can't be blank
sign: can't be blankinvalid sign
transaction_id: 格式错误,transaction_id为28位长的数值,其中前10位为商户网站编号(SPID)，由财付通统一分配;之后8位为订单产生的日期,如20050415;最后10位商户需要保证一天内不同的事务(用户订购一次商品或购买一次服务),其ID不相同
I, [2010-11-02T16:53:53.287191 #5542]  INFO -- : final: [21620002]您的请求无效，请重新操作
desc: can't be blank
bank_type: can't be blank
sign: can't be blankinvalid sign
spbill_create_ip: 格式错误
transaction_id: 格式错误,transaction_id为28位长的数值,其中前10位为商户网站编号(SPID)，由财付通统一分配;之后8位为订单产生的日期,如20050415;最后10位商户需要保证一天内不同的事务(用户订购一次商品或购买一次服务),其ID不相同
I, [2010-11-02T16:53:53.881126 #5542]  INFO -- : final: [21620002]您的请求无效，请重新操作
desc: can't be blank
bank_type: can't be blank
sign: can't be blankinvalid sign
spbill_create_ip: 格式错误
transaction_id: 格式错误,transaction_id为28位长的数值,其中前10位为商户网站编号(SPID)，由财付通统一分配;之后8位为订单产生的日期,如20050415;最后10位商户需要保证一天内不同的事务(用户订购一次商品或购买一次服务),其ID不相同
I, [2010-11-02T16:53:54.435457 #5542]  INFO -- : final: [21620002]您的请求无效，请重新操作
desc: can't be blank
bank_type: can't be blank
sign: can't be blankinvalid sign
transaction_id: 格式错误,transaction_id为28位长的数值,其中前10位为商户网站编号(SPID)，由财付通统一分配;之后8位为订单产生的日期,如20050415;最后10位商户需要保证一天内不同的事务(用户订购一次商品或购买一次服务),其ID不相同
I, [2010-11-02T16:53:55.045770 #5542]  INFO -- : final: [21620002]您的请求无效，请重新操作
sp_billno: 长度错误,应该在28个字符内
desc: can't be blank
bank_type: can't be blank
sign: can't be blankinvalid sign
transaction_id: 格式错误,transaction_id为28位长的数值,其中前10位为商户网站编号(SPID)，由财付通统一分配;之后8位为订单产生的日期,如20050415;最后10位商户需要保证一天内不同的事务(用户订购一次商品或购买一次服务),其ID不相同
I, [2010-11-02T16:53:55.426854 #5542]  INFO -- : final: 您的支付请求类型稍后支持,敬请期待
sp_billno: can't be blank
total_fee: can't be blank
cmdno: can't be blank
return_url: can't be blank
desc: can't be blank
fee_type: can't be blank
bank_type: can't be blank
attach: can't be blank
date: can't be blank
spbill_create_ip: can't be blank
sign: can't be blankinvalid sign
bargainor_id: can't be blank
transaction_id: can't be blank
I, [2010-11-02T16:53:55.808034 #5542]  INFO -- : final: 您的支付请求类型稍后支持,敬请期待
sp_billno: can't be blank
total_fee: can't be blank
cmdno: can't be blank
return_url: can't be blank
desc: can't be blank
fee_type: can't be blank
bank_type: can't be blank
attach: can't be blank
date: can't be blank
spbill_create_ip: can't be blank
sign: can't be blankinvalid sign
bargainor_id: can't be blank
transaction_id: can't be blank
I, [2010-11-02T16:53:56.152861 #5542]  INFO -- : final: 聽聽发生错误了！聽聽10000002|
desc: can't be blank
bank_type: can't be blank
sign: sign签名必须大写invalid sign
transaction_id: 格式错误,transaction_id为28位长的数值,其中前10位为商户网站编号(SPID)，由财付通统一分配;之后8位为订单产生的日期,如20050415;最后10位商户需要保证一天内不同的事务(用户订购一次商品或购买一次服务),其ID不相同
I, [2010-11-02T16:53:56.498268 #5542]  INFO -- : final: 聽聽发生错误了！聽聽10000002|
desc: can't be blank
bank_type: can't be blank
sign: invalid sign
transaction_id: 格式错误,transaction_id为28位长的数值,其中前10位为商户网站编号(SPID)，由财付通统一分配;之后8位为订单产生的日期,如20050415;最后10位商户需要保证一天内不同的事务(用户订购一次商品或购买一次服务),其ID不相同
I, [2010-11-02T16:53:57.059852 #5542]  INFO -- : final: [21620002]您的请求无效，请重新操作
desc: can't be blank
bank_type: can't be blank
sign: invalid sign
transaction_id: 格式错误,transaction_id为28位长的数值,其中前10位为商户网站编号(SPID)，由财付通统一分配;之后8位为订单产生的日期,如20050415;最后10位商户需要保证一天内不同的事务(用户订购一次商品或购买一次服务),其ID不相同
I, [2010-11-02T16:53:57.609585 #5542]  INFO -- : final: [21620002]您的请求无效，请重新操作
desc: can't be blank
bank_type: can't be blank
transaction_id: 格式错误,transaction_id为28位长的数值,其中前10位为商户网站编号(SPID)，由财付通统一分配;之后8位为订单产生的日期,如20050415;最后10位商户需要保证一天内不同的事务(用户订购一次商品或购买一次服务),其ID不相同
I, [2010-11-02T16:54:08.956352 #5558]  INFO -- : Notify to [POST]  at[02/Nov/2010 16:54:08]
 Parameters:{"trade_status"=>"TRADE_SUCCESS", "sign"=>"8ec4b31525387481edafcde6e79c7330", "notify_time"=>"2010-11-02 16:54:08", "trade_no"=>"1288688048705851", "sign_type"=>nil, "notify_id"=>1288688048}

Business result:发送通知时出现异常badURI(isnotURI?):,请确认在你的商户系统中可用,比如是否可以POST方式接收其他应用的请求


I, [2010-11-02T16:54:09.344830 #5558]  INFO -- : final: 错误代码 ILLEGAL_PARTNER
return_url: can't be blank
sign_type: can't be blank
seller: seller_email and seller_id can not both be blank
subject: can't be blank
sign: can't be blankinvalid sign
money: price and total_fee can not both be blank
out_trade_no: can't be blank
partner: can't be blank
payment_type: can't be blank
notify_url: can't be blank
I, [2010-11-02T16:54:09.739268 #5558]  INFO -- : final: 错误代码 ILLEGAL_PARTNER
return_url: can't be blank
sign_type: can't be blank
seller: seller_email and seller_id can not both be blank
_input_charset: should be utf-8 or gb2312
subject: can't be blank
sign: can't be blankinvalid sign
money: price and total_fee can not both be blank
out_trade_no: can't be blank
partner: can't be blank
payment_type: can't be blank
notify_url: can't be blank
I, [2010-11-02T16:54:10.129858 #5558]  INFO -- : final: 错误代码 ILLEGAL_PARTNER
return_url: can't be blank
sign_type: can't be blank
seller: seller_email and seller_id can not both be blank
subject: can't be blank
sign: can't be blankinvalid sign
money: price and total_fee can not both be blank
out_trade_no: can't be blank
partner: can't be blank
payment_type: can't be blank
notify_url: can't be blank
I, [2010-11-02T16:54:10.745951 #5558]  INFO -- : final: 错误代码 ILLEGAL_PARTNER
return_url: can't be blank
sign_type: can't be blank
seller: seller_email and seller_id can not both be blank
subject: can't be blank
sign: can't be blankinvalid sign
money: price and total_fee can not both be blank
out_trade_no: can't be blank
partner: can't be blank
payment_type: can't be blank
notify_url: can't be blank
I, [2010-11-02T16:54:11.131881 #5558]  INFO -- : final: 错误代码 ILLEGAL_PARTNER
total_fee: format should be Number(13, 2)
return_url: can't be blank
sign_type: can't be blank
seller: seller_email and seller_id can not both be blank
subject: can't be blank
price: format should be Number(13, 2)
sign: can't be blankinvalid sign
money: price和total_fee不能同时出现
quantity: if price is not blank, must input quantity
out_trade_no: can't be blank
partner: can't be blank
payment_type: can't be blank
notify_url: can't be blank
I, [2010-11-02T16:54:11.518285 #5558]  INFO -- : final: 错误代码 ILLEGAL_PARTNER
return_url: can't be blank
sign_type: can't be blank
seller: seller_email and seller_id can not both be blank
subject: can't be blank
sign: can't be blankinvalid sign
quantity: if price is not blank, must input quantity
out_trade_no: can't be blank
partner: can't be blank
payment_type: can't be blank
notify_url: can't be blank
I, [2010-11-02T16:54:11.923833 #5558]  INFO -- : final: 错误代码 ILLEGAL_PARTNER
return_url: can't be blank
sign_type: can't be blank
seller: seller_email and seller_id can not both be blank
subject: can't be blank
sign: can't be blankinvalid sign
money: price and total_fee can not both be blank
out_trade_no: can't be blank
partner: can't be blank
payment_type: can't be blank
notify_url: can't be blank
I, [2010-11-02T16:54:12.310220 #5558]  INFO -- : final: 错误代码 ILLEGAL_PARTNER
return_url: can't be blank
sign_type: can't be blank
seller: seller_email and seller_id can not both be blank
subject: can't be blank
sign: can't be blankinvalid sign
money: price and total_fee can not both be blank
out_trade_no: can't be blank
partner: is too long (maximum is 16 characters)not exist
payment_type: is too long (maximum is 4 characters)
notify_url: can't be blank
I, [2010-11-02T16:54:12.699301 #5558]  INFO -- : final: 错误代码 ILLEGAL_PARTNER
return_url: can't be blank
sign_type: can't be blank
seller: seller_email and seller_id can not both be blank
subject: can't be blank
sign: can't be blankinvalid sign
quantity: should be integer and between 1~999999
money: price and total_fee can not both be blank
out_trade_no: can't be blank
partner: can't be blank
payment_type: can't be blank
notify_url: can't be blank
I, [2010-11-02T16:54:13.085842 #5558]  INFO -- : final: 错误代码 ILLEGAL_PARTNER
return_url: can't be blank
sign_type: can't be blank
seller: seller_email and seller_id can not both be blank
subject: can't be blank
sign: can't be blankinvalid sign
quantity: should be integer and between 1~999999
money: price and total_fee can not both be blank
out_trade_no: can't be blank
partner: can't be blank
payment_type: can't be blank
notify_url: can't be blank
I, [2010-11-02T16:54:13.468915 #5558]  INFO -- : final: 错误代码 ILLEGAL_PARTNER
return_url: can't be blank
sign_type: can't be blank
seller: seller_email and seller_id can not both be blank
subject: can't be blank
sign: can't be blankinvalid sign
quantity: should be integer and between 1~999999
money: price and total_fee can not both be blank
out_trade_no: can't be blank
partner: can't be blank
payment_type: can't be blank
notify_url: can't be blank
I, [2010-11-02T16:54:13.865039 #5558]  INFO -- : final: 错误代码 ILLEGAL_PARTNER
return_url: can't be blank
sign_type: can't be blank
seller: seller_email and seller_id can not both be blank
subject: can't be blank
sign: can't be blankinvalid sign
money: price and total_fee can not both be blank
out_trade_no: can't be blank
partner: not exist
payment_type: can't be blank
notify_url: can't be blank
I, [2010-11-02T16:54:14.250904 #5558]  INFO -- : final: 错误代码 ILLEGAL_PARTNER
return_url: can't be blank
sign_type: can't be blank
seller: seller_email and seller_id can not both be blank
subject: can't be blank
sign: can't be blankinvalid sign
money: price and total_fee can not both be blank
out_trade_no: can't be blank
payment_type: can't be blank
notify_url: can't be blank
I, [2010-11-02T16:54:14.635104 #5558]  INFO -- : final: 错误代码 ILLEGAL_SERVICE
service: can't be blank
return_url: can't be blank
sign_type: can't be blank
seller: seller_email and seller_id can not both be blank
subject: can't be blank
sign: can't be blankinvalid sign
money: price and total_fee can not both be blank
out_trade_no: can't be blank
partner: can't be blank
payment_type: can't be blank
notify_url: can't be blank
I, [2010-11-02T16:54:15.025570 #5558]  INFO -- : final: 错误代码 ILLEGAL_PARTNER
return_url: can't be blank
sign_type: can't be blank
seller: seller_email and seller_id can not both be blank
subject: can't be blank
sign: can't be blankinvalid sign
money: price和total_fee不能同时出现
quantity: if price is not blank, must input quantity
out_trade_no: can't be blank
partner: can't be blank
payment_type: can't be blank
notify_url: can't be blank
I, [2010-11-02T16:54:15.419571 #5558]  INFO -- : final: 错误代码 ILLEGAL_PARTNER
return_url: can't be blank
sign_type: can't be blank
seller: seller_email and seller_id can not both be blank
subject: can't be blank
sign: can't be blankinvalid sign
money: price and total_fee can not both be blank
out_trade_no: can't be blank
partner: can't be blank
payment_type: can't be blank
notify_url: can't be blank
I, [2010-11-02T16:54:15.808156 #5558]  INFO -- : final: 错误代码 ILLEGAL_PARTNER
return_url: can't be blank
sign_type: can't be blank
seller: seller_email and seller_id can not both be blank
subject: can't be blank
money: price and total_fee can not both be blank
sign: invalid sign
out_trade_no: can't be blank
payment_type: can't be blank
notify_url: can't be blank
I, [2010-11-02T16:54:16.216107 #5558]  INFO -- : final: 错误代码 ILLEGAL_PARTNER
return_url: can't be blank
sign_type: can't be blank
seller: seller_email and seller_id can not both be blank
subject: can't be blank
money: price and total_fee can not both be blank
out_trade_no: can't be blank
payment_type: can't be blank
notify_url: can't be blank
I, [2010-11-02T16:54:16.624062 #5558]  INFO -- : final: 出错了!200903数据签名验证未通过 
v_md5info: can't be blank
sign: invalid v_md5info
I, [2010-11-02T16:54:17.183850 #5558]  INFO -- : final: 出错了!500903参数错误,订单号过长 
v_url: is too long (maximum is 200 characters)
v_md5info: can't be blank
sign: invalid v_md5info
v_oid: is too long (maximum is 64 characters)
I, [2010-11-02T16:54:17.535852 #5558]  INFO -- : final: 出错了!501112参数错误,非法金额参数 
v_md5info: can't be blank
sign: invalid v_md5info
v_amount: format should be Number(6, 2)
I, [2010-11-02T16:54:17.836483 #5558]  INFO -- : final: 出错了!500800错误的数据格式,不能解析 
v_moneytype: can't be blank
v_url: can't be blank
v_md5info: can't be blank
v_mid: can't be blank
sign: invalid v_md5info
v_oid: can't be blank
v_amount: can't be blank
I, [2010-11-02T16:54:18.182414 #5558]  INFO -- : final: 出错了!200903数据签名验证未通过 
sign: invalid v_md5info
I, [2010-11-02T16:54:18.539120 #5558]  INFO -- : final: 出错了!200903数据签名验证未通过 
I, [2010-11-02T16:54:19.706221 #5558]  INFO -- : return_url: can't be blank
service: can't be blank
seller: seller_email and seller_id can not both be blank
sign_type: can't be blank
subject: can't be blank
money: price and total_fee can not both be blank
sign: can't be blankinvalid sign
out_trade_no: can't be blank
partner: can't be blank
payment_type: can't be blank
notify_url: can't be blank
I, [2010-11-02T16:54:19.710095 #5558]  INFO -- : v_moneytype: can't be blank
v_url: can't be blank
v_md5info: can't be blank
v_mid: can't be blank
sign: invalid v_md5info
v_oid: can't be blank
v_amount: can't be blank
I, [2010-11-02T16:54:19.713531 #5558]  INFO -- : v_moneytype: can't be blank
v_url: can't be blank
v_md5info: can't be blank
v_mid: can't be blank
sign: invalid v_md5info
v_oid: can't be blank
v_amount: can't be blank
I, [2010-11-02T16:54:19.716832 #5558]  INFO -- : return_url: can't be blank
service: can't be blank
seller: seller_email and seller_id can not both be blank
sign_type: can't be blank
subject: can't be blank
money: price and total_fee can not both be blank
sign: can't be blankinvalid sign
out_trade_no: can't be blank
partner: can't be blank
payment_type: can't be blank
notify_url: can't be blank
I, [2010-11-02T16:54:19.719607 #5558]  INFO -- : total_fee: can't be blank
sp_billno: can't be blank
return_url: can't be blank
cmdno: can't be blank
fee_type: can't be blank
desc: can't be blank
bank_type: can't be blank
attach: can't be blank
date: can't be blank
sign: can't be blankinvalid sign
spbill_create_ip: can't be blank
bargainor_id: can't be blank
transaction_id: can't be blank
I, [2010-11-02T16:54:19.721828 #5558]  INFO -- : total_fee: can't be blank
sp_billno: can't be blank
return_url: can't be blank
cmdno: can't be blank
fee_type: can't be blank
desc: can't be blank
bank_type: can't be blank
attach: can't be blank
date: can't be blank
sign: can't be blankinvalid sign
spbill_create_ip: can't be blank
bargainor_id: can't be blank
transaction_id: can't be blank
I, [2010-11-02T16:54:20.259831 #5558]  INFO -- : final: [21620002]您的请求无效，请重新操作
desc: can't be blank
bank_type: can't be blank
sign: can't be blankinvalid sign
transaction_id: 格式错误,transaction_id为28位长的数值,其中前10位为商户网站编号(SPID)，由财付通统一分配;之后8位为订单产生的日期,如20050415;最后10位商户需要保证一天内不同的事务(用户订购一次商品或购买一次服务),其ID不相同
I, [2010-11-02T16:54:20.828574 #5558]  INFO -- : final: [21620002]您的请求无效，请重新操作
desc: can't be blank
bank_type: can't be blank
sign: can't be blankinvalid sign
transaction_id: 格式错误,transaction_id为28位长的数值,其中前10位为商户网站编号(SPID)，由财付通统一分配;之后8位为订单产生的日期,如20050415;最后10位商户需要保证一天内不同的事务(用户订购一次商品或购买一次服务),其ID不相同
I, [2010-11-02T16:54:21.376059 #5558]  INFO -- : final: [21620002]您的请求无效，请重新操作
desc: can't be blank
bank_type: can't be blank
sign: can't be blankinvalid sign
transaction_id: 格式错误,transaction_id为28位长的数值,其中前10位为商户网站编号(SPID)，由财付通统一分配;之后8位为订单产生的日期,如20050415;最后10位商户需要保证一天内不同的事务(用户订购一次商品或购买一次服务),其ID不相同
I, [2010-11-02T16:54:21.777772 #5558]  INFO -- : final: 您的支付请求类型稍后支持,敬请期待
sp_billno: can't be blank
total_fee: can't be blank
cmdno: can't be blank
return_url: can't be blank
desc: can't be blank
fee_type: can't be blank
bank_type: can't be blank
attach: can't be blank
date: can't be blank
spbill_create_ip: can't be blank
sign: can't be blankinvalid sign
bargainor_id: can't be blank
transaction_id: can't be blank
I, [2010-11-02T16:54:22.387829 #5558]  INFO -- : final: [21620002]您的请求无效，请重新操作
desc: can't be blank
bank_type: can't be blank
sign: can't be blankinvalid sign
I, [2010-11-02T16:54:22.941341 #5558]  INFO -- : final: [21620002]您的请求无效，请重新操作
total_fee: 格式错误,只能为数字,以分为单位,不允许包含任何字符
desc: can't be blank
bank_type: can't be blank
sign: can't be blankinvalid sign
transaction_id: 格式错误,transaction_id为28位长的数值,其中前10位为商户网站编号(SPID)，由财付通统一分配;之后8位为订单产生的日期,如20050415;最后10位商户需要保证一天内不同的事务(用户订购一次商品或购买一次服务),其ID不相同
I, [2010-11-02T16:54:23.508322 #5558]  INFO -- : final: [21620002]您的请求无效，请重新操作
total_fee: 格式错误,只能为数字,以分为单位,不允许包含任何字符
desc: can't be blank
bank_type: can't be blank
sign: can't be blankinvalid sign
transaction_id: 格式错误,transaction_id为28位长的数值,其中前10位为商户网站编号(SPID)，由财付通统一分配;之后8位为订单产生的日期,如20050415;最后10位商户需要保证一天内不同的事务(用户订购一次商品或购买一次服务),其ID不相同
I, [2010-11-02T16:54:24.063955 #5558]  INFO -- : final: [21620002]您的请求无效，请重新操作
desc: can't be blank
bank_type: can't be blank
sign: can't be blankinvalid sign
transaction_id: 格式错误,transaction_id为28位长的数值,其中前10位为商户网站编号(SPID)，由财付通统一分配;之后8位为订单产生的日期,如20050415;最后10位商户需要保证一天内不同的事务(用户订购一次商品或购买一次服务),其ID不相同
I, [2010-11-02T16:54:24.614219 #5558]  INFO -- : final: [21620002]您的请求无效，请重新操作
desc: can't be blank
fee_type: 目前只支持人民币,请填1
bank_type: can't be blank
sign: can't be blankinvalid sign
transaction_id: 格式错误,transaction_id为28位长的数值,其中前10位为商户网站编号(SPID)，由财付通统一分配;之后8位为订单产生的日期,如20050415;最后10位商户需要保证一天内不同的事务(用户订购一次商品或购买一次服务),其ID不相同
I, [2010-11-02T16:54:25.156667 #5558]  INFO -- : final: [21620002]您的请求无效，请重新操作
desc: can't be blank
bank_type: can't be blank
sign: can't be blankinvalid sign
transaction_id: 格式错误,transaction_id为28位长的数值,其中前10位为商户网站编号(SPID)，由财付通统一分配;之后8位为订单产生的日期,如20050415;最后10位商户需要保证一天内不同的事务(用户订购一次商品或购买一次服务),其ID不相同
I, [2010-11-02T16:54:25.998683 #5558]  INFO -- : final: [21620002]您的请求无效，请重新操作
desc: can't be blank
bank_type: can't be blank
sign: can't be blankinvalid sign
spbill_create_ip: 格式错误
transaction_id: 格式错误,transaction_id为28位长的数值,其中前10位为商户网站编号(SPID)，由财付通统一分配;之后8位为订单产生的日期,如20050415;最后10位商户需要保证一天内不同的事务(用户订购一次商品或购买一次服务),其ID不相同
I, [2010-11-02T16:54:26.569693 #5558]  INFO -- : final: [21620002]您的请求无效，请重新操作
desc: can't be blank
bank_type: can't be blank
sign: can't be blankinvalid sign
spbill_create_ip: 格式错误
transaction_id: 格式错误,transaction_id为28位长的数值,其中前10位为商户网站编号(SPID)，由财付通统一分配;之后8位为订单产生的日期,如20050415;最后10位商户需要保证一天内不同的事务(用户订购一次商品或购买一次服务),其ID不相同
I, [2010-11-02T16:54:27.131643 #5558]  INFO -- : final: [21620002]您的请求无效，请重新操作
desc: can't be blank
bank_type: can't be blank
sign: can't be blankinvalid sign
transaction_id: 格式错误,transaction_id为28位长的数值,其中前10位为商户网站编号(SPID)，由财付通统一分配;之后8位为订单产生的日期,如20050415;最后10位商户需要保证一天内不同的事务(用户订购一次商品或购买一次服务),其ID不相同
I, [2010-11-02T16:54:27.697874 #5558]  INFO -- : final: [21620002]您的请求无效，请重新操作
sp_billno: 长度错误,应该在28个字符内
desc: can't be blank
bank_type: can't be blank
sign: can't be blankinvalid sign
transaction_id: 格式错误,transaction_id为28位长的数值,其中前10位为商户网站编号(SPID)，由财付通统一分配;之后8位为订单产生的日期,如20050415;最后10位商户需要保证一天内不同的事务(用户订购一次商品或购买一次服务),其ID不相同
I, [2010-11-02T16:54:28.077303 #5558]  INFO -- : final: 您的支付请求类型稍后支持,敬请期待
sp_billno: can't be blank
total_fee: can't be blank
cmdno: can't be blank
return_url: can't be blank
desc: can't be blank
fee_type: can't be blank
bank_type: can't be blank
attach: can't be blank
date: can't be blank
spbill_create_ip: can't be blank
sign: can't be blankinvalid sign
bargainor_id: can't be blank
transaction_id: can't be blank
I, [2010-11-02T16:54:28.455384 #5558]  INFO -- : final: 您的支付请求类型稍后支持,敬请期待
sp_billno: can't be blank
total_fee: can't be blank
cmdno: can't be blank
return_url: can't be blank
desc: can't be blank
fee_type: can't be blank
bank_type: can't be blank
attach: can't be blank
date: can't be blank
spbill_create_ip: can't be blank
sign: can't be blankinvalid sign
bargainor_id: can't be blank
transaction_id: can't be blank
I, [2010-11-02T16:54:28.799774 #5558]  INFO -- : final: 聽聽发生错误了！聽聽10000002|
desc: can't be blank
bank_type: can't be blank
sign: sign签名必须大写invalid sign
transaction_id: 格式错误,transaction_id为28位长的数值,其中前10位为商户网站编号(SPID)，由财付通统一分配;之后8位为订单产生的日期,如20050415;最后10位商户需要保证一天内不同的事务(用户订购一次商品或购买一次服务),其ID不相同
I, [2010-11-02T16:54:29.149523 #5558]  INFO -- : final: 聽聽发生错误了！聽聽10000002|
desc: can't be blank
bank_type: can't be blank
sign: invalid sign
transaction_id: 格式错误,transaction_id为28位长的数值,其中前10位为商户网站编号(SPID)，由财付通统一分配;之后8位为订单产生的日期,如20050415;最后10位商户需要保证一天内不同的事务(用户订购一次商品或购买一次服务),其ID不相同
I, [2010-11-02T16:54:29.701222 #5558]  INFO -- : final: [21620002]您的请求无效，请重新操作
desc: can't be blank
bank_type: can't be blank
sign: invalid sign
transaction_id: 格式错误,transaction_id为28位长的数值,其中前10位为商户网站编号(SPID)，由财付通统一分配;之后8位为订单产生的日期,如20050415;最后10位商户需要保证一天内不同的事务(用户订购一次商品或购买一次服务),其ID不相同
I, [2010-11-02T16:54:30.275364 #5558]  INFO -- : final: [21620002]您的请求无效，请重新操作
desc: can't be blank
bank_type: can't be blank
transaction_id: 格式错误,transaction_id为28位长的数值,其中前10位为商户网站编号(SPID)，由财付通统一分配;之后8位为订单产生的日期,如20050415;最后10位商户需要保证一天内不同的事务(用户订购一次商品或购买一次服务),其ID不相同
I, [2010-11-02T16:54:47.424490 #5561]  INFO -- : final: 错误代码 ILLEGAL_SERVICE
service: can't be blank
return_url: can't be blank
sign_type: can't be blank
seller: seller_email and seller_id can not both be blank
subject: can't be blank
sign: can't be blankinvalid sign
money: price and total_fee can not both be blank
out_trade_no: can't be blank
partner: can't be blank
payment_type: can't be blank
notify_url: can't be blank
I, [2010-11-02T16:54:47.830239 #5561]  INFO -- : final: 错误代码 ILLEGAL_PARTNER
return_url: can't be blank
sign_type: can't be blank
seller: seller_email and seller_id can not both be blank
subject: can't be blank
sign: can't be blankinvalid sign
money: price and total_fee can not both be blank
out_trade_no: can't be blank
partner: can't be blank
payment_type: can't be blank
notify_url: can't be blank
I, [2010-11-02T16:54:48.222783 #5561]  INFO -- : final: 错误代码 ILLEGAL_PARTNER
return_url: can't be blank
sign_type: can't be blank
seller: seller_email and seller_id can not both be blank
_input_charset: should be utf-8 or gb2312
subject: can't be blank
sign: can't be blankinvalid sign
money: price and total_fee can not both be blank
out_trade_no: can't be blank
partner: can't be blank
payment_type: can't be blank
notify_url: can't be blank
I, [2010-11-02T16:54:48.605270 #5561]  INFO -- : final: 错误代码 ILLEGAL_PARTNER
return_url: can't be blank
sign_type: can't be blank
seller: seller_email and seller_id can not both be blank
subject: can't be blank
sign: can't be blankinvalid sign
money: price and total_fee can not both be blank
out_trade_no: can't be blank
partner: can't be blank
payment_type: can't be blank
notify_url: can't be blank
I, [2010-11-02T16:54:48.998047 #5561]  INFO -- : final: 错误代码 ILLEGAL_PARTNER
return_url: can't be blank
sign_type: can't be blank
seller: seller_email and seller_id can not both be blank
subject: can't be blank
sign: can't be blankinvalid sign
money: price and total_fee can not both be blank
out_trade_no: can't be blank
partner: can't be blank
payment_type: can't be blank
notify_url: can't be blank
I, [2010-11-02T16:54:49.389631 #5561]  INFO -- : final: 错误代码 ILLEGAL_PARTNER
total_fee: format should be Number(13, 2)
return_url: can't be blank
sign_type: can't be blank
seller: seller_email and seller_id can not both be blank
subject: can't be blank
price: format should be Number(13, 2)
sign: can't be blankinvalid sign
money: price和total_fee不能同时出现
quantity: if price is not blank, must input quantity
out_trade_no: can't be blank
partner: can't be blank
payment_type: can't be blank
notify_url: can't be blank
I, [2010-11-02T16:54:49.779150 #5561]  INFO -- : final: 错误代码 ILLEGAL_PARTNER
return_url: can't be blank
sign_type: can't be blank
seller: seller_email and seller_id can not both be blank
subject: can't be blank
sign: can't be blankinvalid sign
quantity: if price is not blank, must input quantity
out_trade_no: can't be blank
partner: can't be blank
payment_type: can't be blank
notify_url: can't be blank
I, [2010-11-02T16:54:50.189180 #5561]  INFO -- : final: 错误代码 ILLEGAL_PARTNER
return_url: can't be blank
sign_type: can't be blank
seller: seller_email and seller_id can not both be blank
subject: can't be blank
sign: can't be blankinvalid sign
money: price and total_fee can not both be blank
out_trade_no: can't be blank
partner: can't be blank
payment_type: can't be blank
notify_url: can't be blank
I, [2010-11-02T16:54:50.590255 #5561]  INFO -- : final: 错误代码 ILLEGAL_PARTNER
return_url: can't be blank
sign_type: can't be blank
seller: seller_email and seller_id can not both be blank
subject: can't be blank
sign: can't be blankinvalid sign
money: price and total_fee can not both be blank
out_trade_no: can't be blank
partner: is too long (maximum is 16 characters)not exist
payment_type: is too long (maximum is 4 characters)
notify_url: can't be blank
I, [2010-11-02T16:54:50.979145 #5561]  INFO -- : final: 错误代码 ILLEGAL_PARTNER
return_url: can't be blank
sign_type: can't be blank
seller: seller_email and seller_id can not both be blank
subject: can't be blank
sign: can't be blankinvalid sign
quantity: should be integer and between 1~999999
money: price and total_fee can not both be blank
out_trade_no: can't be blank
partner: can't be blank
payment_type: can't be blank
notify_url: can't be blank
I, [2010-11-02T16:54:51.366712 #5561]  INFO -- : final: 错误代码 ILLEGAL_PARTNER
return_url: can't be blank
sign_type: can't be blank
seller: seller_email and seller_id can not both be blank
subject: can't be blank
sign: can't be blankinvalid sign
quantity: should be integer and between 1~999999
money: price and total_fee can not both be blank
out_trade_no: can't be blank
partner: can't be blank
payment_type: can't be blank
notify_url: can't be blank
I, [2010-11-02T16:54:51.757083 #5561]  INFO -- : final: 错误代码 ILLEGAL_PARTNER
return_url: can't be blank
sign_type: can't be blank
seller: seller_email and seller_id can not both be blank
subject: can't be blank
sign: can't be blankinvalid sign
quantity: should be integer and between 1~999999
money: price and total_fee can not both be blank
out_trade_no: can't be blank
partner: can't be blank
payment_type: can't be blank
notify_url: can't be blank
I, [2010-11-02T16:54:52.148703 #5561]  INFO -- : final: 错误代码 ILLEGAL_PARTNER
return_url: can't be blank
sign_type: can't be blank
seller: seller_email and seller_id can not both be blank
subject: can't be blank
sign: can't be blankinvalid sign
money: price and total_fee can not both be blank
out_trade_no: can't be blank
partner: not exist
payment_type: can't be blank
notify_url: can't be blank
I, [2010-11-02T16:54:52.540107 #5561]  INFO -- : final: 错误代码 ILLEGAL_PARTNER
return_url: can't be blank
sign_type: can't be blank
seller: seller_email and seller_id can not both be blank
subject: can't be blank
sign: can't be blankinvalid sign
money: price and total_fee can not both be blank
out_trade_no: can't be blank
payment_type: can't be blank
notify_url: can't be blank
I, [2010-11-02T16:54:53.160022 #5561]  INFO -- : final: 错误代码 ILLEGAL_SERVICE
service: can't be blank
return_url: can't be blank
sign_type: can't be blank
seller: seller_email and seller_id can not both be blank
subject: can't be blank
sign: can't be blankinvalid sign
money: price and total_fee can not both be blank
out_trade_no: can't be blank
partner: can't be blank
payment_type: can't be blank
notify_url: can't be blank
I, [2010-11-02T16:54:53.548019 #5561]  INFO -- : final: 错误代码 ILLEGAL_PARTNER
return_url: can't be blank
sign_type: can't be blank
seller: seller_email and seller_id can not both be blank
subject: can't be blank
sign: can't be blankinvalid sign
money: price和total_fee不能同时出现
quantity: if price is not blank, must input quantity
out_trade_no: can't be blank
partner: can't be blank
payment_type: can't be blank
notify_url: can't be blank
I, [2010-11-02T16:54:53.945293 #5561]  INFO -- : final: 错误代码 ILLEGAL_PARTNER
return_url: can't be blank
sign_type: can't be blank
seller: seller_email and seller_id can not both be blank
subject: can't be blank
sign: can't be blankinvalid sign
money: price and total_fee can not both be blank
out_trade_no: can't be blank
partner: can't be blank
payment_type: can't be blank
notify_url: can't be blank
I, [2010-11-02T16:54:54.344201 #5561]  INFO -- : final: 错误代码 ILLEGAL_PARTNER
return_url: can't be blank
sign_type: can't be blank
seller: seller_email and seller_id can not both be blank
subject: can't be blank
money: price and total_fee can not both be blank
sign: invalid sign
out_trade_no: can't be blank
payment_type: can't be blank
notify_url: can't be blank
I, [2010-11-02T16:54:54.731660 #5561]  INFO -- : final: 错误代码 ILLEGAL_PARTNER
return_url: can't be blank
sign_type: can't be blank
seller: seller_email and seller_id can not both be blank
subject: can't be blank
money: price and total_fee can not both be blank
out_trade_no: can't be blank
payment_type: can't be blank
notify_url: can't be blank
I, [2010-11-02T16:54:55.236551 #5561]  INFO -- : final: 出错了!200903数据签名验证未通过 
v_md5info: can't be blank
sign: invalid v_md5info
I, [2010-11-02T16:54:55.581160 #5561]  INFO -- : final: 出错了!500903参数错误,订单号过长 
v_url: is too long (maximum is 200 characters)
v_md5info: can't be blank
sign: invalid v_md5info
v_oid: is too long (maximum is 64 characters)
I, [2010-11-02T16:55:00.934493 #5561]  INFO -- : final: 出错了!501112参数错误,非法金额参数 
v_md5info: can't be blank
sign: invalid v_md5info
v_amount: format should be Number(6, 2)
I, [2010-11-02T16:55:01.233858 #5561]  INFO -- : final: 出错了!500800错误的数据格式,不能解析 
v_moneytype: can't be blank
v_url: can't be blank
v_md5info: can't be blank
v_mid: can't be blank
sign: invalid v_md5info
v_oid: can't be blank
v_amount: can't be blank
I, [2010-11-02T16:55:01.580132 #5561]  INFO -- : final: 出错了!200903数据签名验证未通过 
sign: invalid v_md5info
I, [2010-11-02T16:55:01.922567 #5561]  INFO -- : final: 出错了!200903数据签名验证未通过 
I, [2010-11-02T16:55:04.323969 #5561]  INFO -- : return_url: can't be blank
service: can't be blank
seller: seller_email and seller_id can not both be blank
sign_type: can't be blank
subject: can't be blank
money: price and total_fee can not both be blank
sign: can't be blankinvalid sign
out_trade_no: can't be blank
partner: can't be blank
payment_type: can't be blank
notify_url: can't be blank
I, [2010-11-02T16:55:04.326212 #5561]  INFO -- : v_moneytype: can't be blank
v_url: can't be blank
v_md5info: can't be blank
v_mid: can't be blank
sign: invalid v_md5info
v_oid: can't be blank
v_amount: can't be blank
I, [2010-11-02T16:55:04.329641 #5561]  INFO -- : v_moneytype: can't be blank
v_url: can't be blank
v_md5info: can't be blank
v_mid: can't be blank
sign: invalid v_md5info
v_oid: can't be blank
v_amount: can't be blank
I, [2010-11-02T16:55:04.332731 #5561]  INFO -- : return_url: can't be blank
service: can't be blank
seller: seller_email and seller_id can not both be blank
sign_type: can't be blank
subject: can't be blank
money: price and total_fee can not both be blank
sign: can't be blankinvalid sign
out_trade_no: can't be blank
partner: can't be blank
payment_type: can't be blank
notify_url: can't be blank
I, [2010-11-02T16:55:04.336229 #5561]  INFO -- : total_fee: can't be blank
sp_billno: can't be blank
return_url: can't be blank
cmdno: can't be blank
fee_type: can't be blank
desc: can't be blank
bank_type: can't be blank
attach: can't be blank
date: can't be blank
sign: can't be blankinvalid sign
spbill_create_ip: can't be blank
bargainor_id: can't be blank
transaction_id: can't be blank
I, [2010-11-02T16:55:04.338468 #5561]  INFO -- : total_fee: can't be blank
sp_billno: can't be blank
return_url: can't be blank
cmdno: can't be blank
fee_type: can't be blank
desc: can't be blank
bank_type: can't be blank
attach: can't be blank
date: can't be blank
sign: can't be blankinvalid sign
spbill_create_ip: can't be blank
bargainor_id: can't be blank
transaction_id: can't be blank
I, [2010-11-02T16:55:06.688040 #5561]  INFO -- : final: [21620002]您的请求无效，请重新操作
desc: can't be blank
bank_type: can't be blank
sign: can't be blankinvalid sign
transaction_id: 格式错误,transaction_id为28位长的数值,其中前10位为商户网站编号(SPID)，由财付通统一分配;之后8位为订单产生的日期,如20050415;最后10位商户需要保证一天内不同的事务(用户订购一次商品或购买一次服务),其ID不相同
I, [2010-11-02T16:55:07.369943 #5561]  INFO -- : final: [21620002]您的请求无效，请重新操作
desc: can't be blank
bank_type: can't be blank
sign: can't be blankinvalid sign
transaction_id: 格式错误,transaction_id为28位长的数值,其中前10位为商户网站编号(SPID)，由财付通统一分配;之后8位为订单产生的日期,如20050415;最后10位商户需要保证一天内不同的事务(用户订购一次商品或购买一次服务),其ID不相同
I, [2010-11-02T16:55:07.923454 #5561]  INFO -- : final: [21620002]您的请求无效，请重新操作
desc: can't be blank
bank_type: can't be blank
sign: can't be blankinvalid sign
transaction_id: 格式错误,transaction_id为28位长的数值,其中前10位为商户网站编号(SPID)，由财付通统一分配;之后8位为订单产生的日期,如20050415;最后10位商户需要保证一天内不同的事务(用户订购一次商品或购买一次服务),其ID不相同
I, [2010-11-02T16:55:08.327570 #5561]  INFO -- : final: 您的支付请求类型稍后支持,敬请期待
sp_billno: can't be blank
total_fee: can't be blank
cmdno: can't be blank
return_url: can't be blank
desc: can't be blank
fee_type: can't be blank
bank_type: can't be blank
attach: can't be blank
date: can't be blank
spbill_create_ip: can't be blank
sign: can't be blankinvalid sign
bargainor_id: can't be blank
transaction_id: can't be blank
I, [2010-11-02T16:55:08.888577 #5561]  INFO -- : final: [21620002]您的请求无效，请重新操作
desc: can't be blank
bank_type: can't be blank
sign: can't be blankinvalid sign
I, [2010-11-02T16:55:09.438981 #5561]  INFO -- : final: [21620002]您的请求无效，请重新操作
total_fee: 格式错误,只能为数字,以分为单位,不允许包含任何字符
desc: can't be blank
bank_type: can't be blank
sign: can't be blankinvalid sign
transaction_id: 格式错误,transaction_id为28位长的数值,其中前10位为商户网站编号(SPID)，由财付通统一分配;之后8位为订单产生的日期,如20050415;最后10位商户需要保证一天内不同的事务(用户订购一次商品或购买一次服务),其ID不相同
I, [2010-11-02T16:55:09.981268 #5561]  INFO -- : final: [21620002]您的请求无效，请重新操作
total_fee: 格式错误,只能为数字,以分为单位,不允许包含任何字符
desc: can't be blank
bank_type: can't be blank
sign: can't be blankinvalid sign
transaction_id: 格式错误,transaction_id为28位长的数值,其中前10位为商户网站编号(SPID)，由财付通统一分配;之后8位为订单产生的日期,如20050415;最后10位商户需要保证一天内不同的事务(用户订购一次商品或购买一次服务),其ID不相同
I, [2010-11-02T16:55:10.542750 #5561]  INFO -- : final: [21620002]您的请求无效，请重新操作
desc: can't be blank
bank_type: can't be blank
sign: can't be blankinvalid sign
transaction_id: 格式错误,transaction_id为28位长的数值,其中前10位为商户网站编号(SPID)，由财付通统一分配;之后8位为订单产生的日期,如20050415;最后10位商户需要保证一天内不同的事务(用户订购一次商品或购买一次服务),其ID不相同
I, [2010-11-02T16:55:11.084344 #5561]  INFO -- : final: [21620002]您的请求无效，请重新操作
desc: can't be blank
fee_type: 目前只支持人民币,请填1
bank_type: can't be blank
sign: can't be blankinvalid sign
transaction_id: 格式错误,transaction_id为28位长的数值,其中前10位为商户网站编号(SPID)，由财付通统一分配;之后8位为订单产生的日期,如20050415;最后10位商户需要保证一天内不同的事务(用户订购一次商品或购买一次服务),其ID不相同
I, [2010-11-02T16:55:17.091561 #5561]  INFO -- : final: [21620002]您的请求无效，请重新操作
desc: can't be blank
bank_type: can't be blank
sign: can't be blankinvalid sign
transaction_id: 格式错误,transaction_id为28位长的数值,其中前10位为商户网站编号(SPID)，由财付通统一分配;之后8位为订单产生的日期,如20050415;最后10位商户需要保证一天内不同的事务(用户订购一次商品或购买一次服务),其ID不相同
I, [2010-11-02T16:55:17.729768 #5561]  INFO -- : final: [21620002]您的请求无效，请重新操作
desc: can't be blank
bank_type: can't be blank
sign: can't be blankinvalid sign
spbill_create_ip: 格式错误
transaction_id: 格式错误,transaction_id为28位长的数值,其中前10位为商户网站编号(SPID)，由财付通统一分配;之后8位为订单产生的日期,如20050415;最后10位商户需要保证一天内不同的事务(用户订购一次商品或购买一次服务),其ID不相同
I, [2010-11-02T16:55:18.298379 #5561]  INFO -- : final: [21620002]您的请求无效，请重新操作
desc: can't be blank
bank_type: can't be blank
sign: can't be blankinvalid sign
spbill_create_ip: 格式错误
transaction_id: 格式错误,transaction_id为28位长的数值,其中前10位为商户网站编号(SPID)，由财付通统一分配;之后8位为订单产生的日期,如20050415;最后10位商户需要保证一天内不同的事务(用户订购一次商品或购买一次服务),其ID不相同
I, [2010-11-02T16:55:18.881805 #5561]  INFO -- : final: [21620002]您的请求无效，请重新操作
desc: can't be blank
bank_type: can't be blank
sign: can't be blankinvalid sign
transaction_id: 格式错误,transaction_id为28位长的数值,其中前10位为商户网站编号(SPID)，由财付通统一分配;之后8位为订单产生的日期,如20050415;最后10位商户需要保证一天内不同的事务(用户订购一次商品或购买一次服务),其ID不相同
I, [2010-11-02T16:55:19.445795 #5561]  INFO -- : final: [21620002]您的请求无效，请重新操作
sp_billno: 长度错误,应该在28个字符内
desc: can't be blank
bank_type: can't be blank
sign: can't be blankinvalid sign
transaction_id: 格式错误,transaction_id为28位长的数值,其中前10位为商户网站编号(SPID)，由财付通统一分配;之后8位为订单产生的日期,如20050415;最后10位商户需要保证一天内不同的事务(用户订购一次商品或购买一次服务),其ID不相同
I, [2010-11-02T16:55:24.831203 #5561]  INFO -- : final: 您的支付请求类型稍后支持,敬请期待
sp_billno: can't be blank
total_fee: can't be blank
cmdno: can't be blank
return_url: can't be blank
desc: can't be blank
fee_type: can't be blank
bank_type: can't be blank
attach: can't be blank
date: can't be blank
spbill_create_ip: can't be blank
sign: can't be blankinvalid sign
bargainor_id: can't be blank
transaction_id: can't be blank
I, [2010-11-02T16:55:25.211870 #5561]  INFO -- : final: 您的支付请求类型稍后支持,敬请期待
sp_billno: can't be blank
total_fee: can't be blank
cmdno: can't be blank
return_url: can't be blank
desc: can't be blank
fee_type: can't be blank
bank_type: can't be blank
attach: can't be blank
date: can't be blank
spbill_create_ip: can't be blank
sign: can't be blankinvalid sign
bargainor_id: can't be blank
transaction_id: can't be blank
I, [2010-11-02T16:55:25.557903 #5561]  INFO -- : final: 聽聽发生错误了！聽聽10000002|
desc: can't be blank
bank_type: can't be blank
sign: sign签名必须大写invalid sign
transaction_id: 格式错误,transaction_id为28位长的数值,其中前10位为商户网站编号(SPID)，由财付通统一分配;之后8位为订单产生的日期,如20050415;最后10位商户需要保证一天内不同的事务(用户订购一次商品或购买一次服务),其ID不相同
I, [2010-11-02T16:55:30.904144 #5561]  INFO -- : final: 聽聽发生错误了！聽聽10000002|
desc: can't be blank
bank_type: can't be blank
sign: invalid sign
transaction_id: 格式错误,transaction_id为28位长的数值,其中前10位为商户网站编号(SPID)，由财付通统一分配;之后8位为订单产生的日期,如20050415;最后10位商户需要保证一天内不同的事务(用户订购一次商品或购买一次服务),其ID不相同
I, [2010-11-02T16:55:31.490370 #5561]  INFO -- : final: [21620002]您的请求无效，请重新操作
desc: can't be blank
bank_type: can't be blank
sign: invalid sign
transaction_id: 格式错误,transaction_id为28位长的数值,其中前10位为商户网站编号(SPID)，由财付通统一分配;之后8位为订单产生的日期,如20050415;最后10位商户需要保证一天内不同的事务(用户订购一次商品或购买一次服务),其ID不相同
I, [2010-11-02T16:55:32.059504 #5561]  INFO -- : final: [21620002]您的请求无效，请重新操作
desc: can't be blank
bank_type: can't be blank
transaction_id: 格式错误,transaction_id为28位长的数值,其中前10位为商户网站编号(SPID)，由财付通统一分配;之后8位为订单产生的日期,如20050415;最后10位商户需要保证一天内不同的事务(用户订购一次商品或购买一次服务),其ID不相同
I, [2010-11-02T19:22:11.505869 #6765]  INFO -- : v_md5info: can't be blank
sign: invalid v_md5info
final: 出错了!200903数据签名验证未通过 
I, [2010-11-02T19:22:11.865255 #6765]  INFO -- : v_url: is too long (maximum is 200 characters)
v_md5info: can't be blank
v_oid: is too long (maximum is 64 characters)
sign: invalid v_md5info
final: 出错了!500903参数错误,订单号过长 
I, [2010-11-02T19:22:12.226138 #6765]  INFO -- : v_md5info: can't be blank
sign: invalid v_md5info
v_amount: format should be Number(6, 2)
final: 出错了!501112参数错误,非法金额参数 
I, [2010-11-02T19:22:12.568632 #6765]  INFO -- : v_md5info: can't be blank
sign: invalid v_md5info
final: 出错了!500708参数错误,该商户ID不存在 
I, [2010-11-02T19:22:12.902435 #6765]  INFO -- : v_url: can't be blank
v_md5info: can't be blank
v_mid: can't be blank
v_oid: can't be blank
v_amount: can't be blank
sign: invalid v_md5info
final: 出错了!500800错误的数据格式,不能解析 
v_moneytype: can't be blank
I, [2010-11-02T19:22:13.249131 #6765]  INFO -- : sign: invalid v_md5info
final: 出错了!200903数据签名验证未通过 
I, [2010-11-02T19:22:13.645338 #6765]  INFO -- : final: 出错了!200903数据签名验证未通过 
I, [2010-11-02T19:26:22.426917 #6803]  INFO -- : v_md5info: can't be blank
sign: invalid v_md5info
final: 出错了!200903数据签名验证未通过 
I, [2010-11-02T19:26:23.135726 #6803]  INFO -- : v_url: is too long (maximum is 200 characters)
v_md5info: can't be blank
v_oid: is too long (maximum is 64 characters)
sign: invalid v_md5info
final: 出错了!500903参数错误,订单号过长 
I, [2010-11-02T19:26:23.877442 #6803]  INFO -- : v_md5info: can't be blank
sign: invalid v_md5info
v_amount: format should be Number(6, 2)
final: 出错了!501112参数错误,非法金额参数 
I, [2010-11-02T19:26:25.721093 #6803]  INFO -- : v_md5info: can't be blank
v_mid: 商户编号不存在
sign: invalid v_md5info
final: 出错了!500708参数错误,该商户ID不存在 
I, [2010-11-02T19:26:26.029292 #6803]  INFO -- : v_url: can't be blank
v_md5info: can't be blank
v_mid: can't be blank
v_oid: can't be blank
v_amount: can't be blank
sign: invalid v_md5info
final: 出错了!500800错误的数据格式,不能解析 
v_moneytype: can't be blank
I, [2010-11-02T19:26:26.391921 #6803]  INFO -- : sign: invalid v_md5info
final: 出错了!200903数据签名验证未通过 
I, [2010-11-02T19:26:30.175394 #6803]  INFO -- : final: 出错了!200903数据签名验证未通过 
I, [2010-11-02T19:36:45.930228 #6903]  INFO -- : v_md5info: can't be blank
sign: invalid v_md5info
final: 出错了!200903数据签名验证未通过 
I, [2010-11-02T19:36:46.298504 #6903]  INFO -- : v_url: is too long (maximum is 200 characters)
v_md5info: can't be blank
v_oid: is too long (maximum is 64 characters)
sign: invalid v_md5info
final: 出错了!500903参数错误,订单号过长 
I, [2010-11-02T19:36:46.670635 #6903]  INFO -- : v_md5info: can't be blank
sign: invalid v_md5info
v_amount: format should be Number(6, 2)
final: 出错了!501112参数错误,非法金额参数 
I, [2010-11-02T19:36:47.010691 #6903]  INFO -- : v_md5info: can't be blank
v_mid: 商户编号不存在
sign: invalid v_md5info
final: 出错了!500708参数错误,该商户ID不存在 
I, [2010-11-02T19:36:47.391658 #6903]  INFO -- : v_md5info: can't be blank
v_mid: 商户编号不存在
sign: invalid v_md5info
final: 出错了!500708参数错误,该商户ID不存在 
I, [2010-11-02T19:36:47.698956 #6903]  INFO -- : v_url: can't be blank
v_md5info: can't be blank
v_mid: can't be blank
v_oid: can't be blank
v_amount: can't be blank
sign: invalid v_md5info
final: 出错了!500800错误的数据格式,不能解析 
v_moneytype: can't be blank
I, [2010-11-02T19:36:53.062934 #6903]  INFO -- : sign: invalid v_md5info
final: 出错了!200903数据签名验证未通过 
I, [2010-11-02T19:36:53.412136 #6903]  INFO -- : final: 出错了!200903数据签名验证未通过 
I, [2010-11-02T19:37:35.792275 #6909]  INFO -- : v_md5info: can't be blank
sign: invalid v_md5info
final: 出错了!200903数据签名验证未通过 
I, [2010-11-02T19:37:36.130231 #6909]  INFO -- : v_url: is too long (maximum is 200 characters)
v_md5info: can't be blank
v_oid: is too long (maximum is 64 characters)
sign: invalid v_md5info
final: 出错了!500903参数错误,订单号过长 
I, [2010-11-02T19:37:36.465756 #6909]  INFO -- : v_md5info: can't be blank
sign: invalid v_md5info
v_amount: format should be Number(6, 2)
final: 出错了!501112参数错误,非法金额参数 
I, [2010-11-02T19:37:36.807018 #6909]  INFO -- : v_md5info: can't be blank
v_mid: 商户编号不存在
sign: invalid v_md5info
final: 出错了!500708参数错误,该商户ID不存在 
I, [2010-11-02T19:37:37.194134 #6909]  INFO -- : v_md5info: can't be blank
sign: invalid v_md5info
final: 出错了!200903数据签名验证未通过 
I, [2010-11-02T19:37:37.488730 #6909]  INFO -- : v_url: can't be blank
v_md5info: can't be blank
v_mid: can't be blank
v_oid: can't be blank
v_amount: can't be blank
sign: invalid v_md5info
final: 出错了!500800错误的数据格式,不能解析 
v_moneytype: can't be blank
I, [2010-11-02T19:37:37.863157 #6909]  INFO -- : sign: invalid v_md5info
final: 出错了!200903数据签名验证未通过 
I, [2010-11-02T19:37:38.208700 #6909]  INFO -- : final: 出错了!200903数据签名验证未通过 
I, [2010-11-02T19:37:43.400006 #6910]  INFO -- : transaction_id: 格式错误,transaction_id为28位长的数值,其中前10位为商户网站编号(SPID)，由财付通统一分配;之后8位为订单产生的日期,如20050415;最后10位商户需要保证一天内不同的事务(用户订购一次商品或购买一次服务),其ID不相同
desc: can't be blank
final: [21620002]您的请求无效，请重新操作
bank_type: can't be blank
sign: can't be blankinvalid sign
I, [2010-11-02T19:37:44.044144 #6910]  INFO -- : transaction_id: 格式错误,transaction_id为28位长的数值,其中前10位为商户网站编号(SPID)，由财付通统一分配;之后8位为订单产生的日期,如20050415;最后10位商户需要保证一天内不同的事务(用户订购一次商品或购买一次服务),其ID不相同
desc: can't be blank
final: [21620002]您的请求无效，请重新操作
bank_type: can't be blank
sign: can't be blankinvalid sign
I, [2010-11-02T19:37:44.655977 #6910]  INFO -- : transaction_id: 格式错误,transaction_id为28位长的数值,其中前10位为商户网站编号(SPID)，由财付通统一分配;之后8位为订单产生的日期,如20050415;最后10位商户需要保证一天内不同的事务(用户订购一次商品或购买一次服务),其ID不相同
desc: can't be blank
final: [21620002]您的请求无效，请重新操作
bank_type: can't be blank
sign: can't be blankinvalid sign
I, [2010-11-02T19:37:45.090350 #6910]  INFO -- : transaction_id: can't be blank
desc: can't be blank
final: 您的支付请求类型稍后支持,敬请期待
sp_billno: can't be blank
cmdno: can't be blank
date: can't be blank
fee_type: can't be blank
bank_type: can't be blank
sign: can't be blankinvalid sign
return_url: can't be blank
attach: can't be blank
spbill_create_ip: can't be blank
bargainor_id: can't be blank
total_fee: can't be blank
I, [2010-11-02T19:37:45.713783 #6910]  INFO -- : desc: can't be blank
final: [21620002]您的请求无效，请重新操作
bank_type: can't be blank
sign: can't be blankinvalid sign
I, [2010-11-02T19:37:46.329349 #6910]  INFO -- : transaction_id: 格式错误,transaction_id为28位长的数值,其中前10位为商户网站编号(SPID)，由财付通统一分配;之后8位为订单产生的日期,如20050415;最后10位商户需要保证一天内不同的事务(用户订购一次商品或购买一次服务),其ID不相同
desc: can't be blank
final: [21620002]您的请求无效，请重新操作
bank_type: can't be blank
sign: can't be blankinvalid sign
total_fee: 格式错误,只能为数字,以分为单位,不允许包含任何字符
I, [2010-11-02T19:37:46.939162 #6910]  INFO -- : transaction_id: 格式错误,transaction_id为28位长的数值,其中前10位为商户网站编号(SPID)，由财付通统一分配;之后8位为订单产生的日期,如20050415;最后10位商户需要保证一天内不同的事务(用户订购一次商品或购买一次服务),其ID不相同
desc: can't be blank
final: [21620002]您的请求无效，请重新操作
bank_type: can't be blank
sign: can't be blankinvalid sign
total_fee: 格式错误,只能为数字,以分为单位,不允许包含任何字符
I, [2010-11-02T19:37:47.569791 #6910]  INFO -- : transaction_id: 格式错误,transaction_id为28位长的数值,其中前10位为商户网站编号(SPID)，由财付通统一分配;之后8位为订单产生的日期,如20050415;最后10位商户需要保证一天内不同的事务(用户订购一次商品或购买一次服务),其ID不相同
desc: can't be blank
final: [21620002]您的请求无效，请重新操作
bank_type: can't be blank
sign: can't be blankinvalid sign
I, [2010-11-02T19:37:48.143566 #6910]  INFO -- : transaction_id: 格式错误,transaction_id为28位长的数值,其中前10位为商户网站编号(SPID)，由财付通统一分配;之后8位为订单产生的日期,如20050415;最后10位商户需要保证一天内不同的事务(用户订购一次商品或购买一次服务),其ID不相同
desc: can't be blank
final: [21620002]您的请求无效，请重新操作
fee_type: 目前只支持人民币,请填1
bank_type: can't be blank
sign: can't be blankinvalid sign
I, [2010-11-02T19:37:48.720262 #6910]  INFO -- : transaction_id: 格式错误,transaction_id为28位长的数值,其中前10位为商户网站编号(SPID)，由财付通统一分配;之后8位为订单产生的日期,如20050415;最后10位商户需要保证一天内不同的事务(用户订购一次商品或购买一次服务),其ID不相同
desc: can't be blank
final: [21620002]您的请求无效，请重新操作
bank_type: can't be blank
sign: can't be blankinvalid sign
I, [2010-11-02T19:37:50.179604 #6910]  INFO -- : transaction_id: 格式错误,transaction_id为28位长的数值,其中前10位为商户网站编号(SPID)，由财付通统一分配;之后8位为订单产生的日期,如20050415;最后10位商户需要保证一天内不同的事务(用户订购一次商品或购买一次服务),其ID不相同
desc: can't be blank
final: [21620002]您的请求无效，请重新操作
bank_type: can't be blank
sign: can't be blankinvalid sign
spbill_create_ip: 格式错误
I, [2010-11-02T19:37:50.827506 #6910]  INFO -- : transaction_id: 格式错误,transaction_id为28位长的数值,其中前10位为商户网站编号(SPID)，由财付通统一分配;之后8位为订单产生的日期,如20050415;最后10位商户需要保证一天内不同的事务(用户订购一次商品或购买一次服务),其ID不相同
desc: can't be blank
final: [21620002]您的请求无效，请重新操作
bank_type: can't be blank
sign: can't be blankinvalid sign
spbill_create_ip: 格式错误
I, [2010-11-02T19:37:51.401245 #6910]  INFO -- : transaction_id: 格式错误,transaction_id为28位长的数值,其中前10位为商户网站编号(SPID)，由财付通统一分配;之后8位为订单产生的日期,如20050415;最后10位商户需要保证一天内不同的事务(用户订购一次商品或购买一次服务),其ID不相同
desc: can't be blank
final: [21620002]您的请求无效，请重新操作
bank_type: can't be blank
sign: can't be blankinvalid sign
I, [2010-11-02T19:37:52.016592 #6910]  INFO -- : transaction_id: 格式错误,transaction_id为28位长的数值,其中前10位为商户网站编号(SPID)，由财付通统一分配;之后8位为订单产生的日期,如20050415;最后10位商户需要保证一天内不同的事务(用户订购一次商品或购买一次服务),其ID不相同
desc: can't be blank
final: [21620002]您的请求无效，请重新操作
sp_billno: 长度错误,应该在28个字符内
bank_type: can't be blank
sign: can't be blankinvalid sign
I, [2010-11-02T19:37:52.422384 #6910]  INFO -- : transaction_id: can't be blank
desc: can't be blank
final: 您的支付请求类型稍后支持,敬请期待
sp_billno: can't be blank
cmdno: can't be blank
date: can't be blank
fee_type: can't be blank
bank_type: can't be blank
sign: can't be blankinvalid sign
return_url: can't be blank
attach: can't be blank
spbill_create_ip: can't be blank
bargainor_id: can't be blank
total_fee: can't be blank
I, [2010-11-02T19:37:53.068503 #6910]  INFO -- : transaction_id: 格式错误,transaction_id为28位长的数值,其中前10位为商户网站编号(SPID)，由财付通统一分配;之后8位为订单产生的日期,如20050415;最后10位商户需要保证一天内不同的事务(用户订购一次商品或购买一次服务),其ID不相同
desc: can't be blank
final: [21620002]您的请求无效，请重新操作
bank_type: can't be blank
sign: can't be blankinvalid sign
I, [2010-11-02T19:37:53.472450 #6910]  INFO -- : transaction_id: can't be blank
desc: can't be blank
final: 您的支付请求类型稍后支持,敬请期待
sp_billno: can't be blank
cmdno: can't be blank
date: can't be blank
fee_type: can't be blank
bank_type: can't be blank
sign: can't be blankinvalid sign
return_url: can't be blank
attach: can't be blank
spbill_create_ip: can't be blank
bargainor_id: can't be blank
total_fee: can't be blank
I, [2010-11-02T19:37:53.833307 #6910]  INFO -- : transaction_id: 格式错误,transaction_id为28位长的数值,其中前10位为商户网站编号(SPID)，由财付通统一分配;之后8位为订单产生的日期,如20050415;最后10位商户需要保证一天内不同的事务(用户订购一次商品或购买一次服务),其ID不相同
desc: can't be blank
final: 聽聽发生错误了！聽聽10000002|
bank_type: can't be blank
sign: sign签名必须大写invalid sign
I, [2010-11-02T19:37:54.190866 #6910]  INFO -- : transaction_id: 格式错误,transaction_id为28位长的数值,其中前10位为商户网站编号(SPID)，由财付通统一分配;之后8位为订单产生的日期,如20050415;最后10位商户需要保证一天内不同的事务(用户订购一次商品或购买一次服务),其ID不相同
desc: can't be blank
final: 聽聽发生错误了！聽聽10000002|
bank_type: can't be blank
sign: invalid sign
I, [2010-11-02T19:37:54.803641 #6910]  INFO -- : transaction_id: 格式错误,transaction_id为28位长的数值,其中前10位为商户网站编号(SPID)，由财付通统一分配;之后8位为订单产生的日期,如20050415;最后10位商户需要保证一天内不同的事务(用户订购一次商品或购买一次服务),其ID不相同
desc: can't be blank
final: [21620002]您的请求无效，请重新操作
bank_type: can't be blank
sign: invalid sign
I, [2010-11-02T19:37:55.411079 #6910]  INFO -- : transaction_id: 格式错误,transaction_id为28位长的数值,其中前10位为商户网站编号(SPID)，由财付通统一分配;之后8位为订单产生的日期,如20050415;最后10位商户需要保证一天内不同的事务(用户订购一次商品或购买一次服务),其ID不相同
desc: can't be blank
final: [21620002]您的请求无效，请重新操作
bank_type: can't be blank
I, [2010-11-02T19:40:32.679976 #6931]  INFO -- : transaction_id: 格式错误,transaction_id为28位长的数值,其中前10位为商户网站编号(SPID)，由财付通统一分配;之后8位为订单产生的日期,如20050415;最后10位商户需要保证一天内不同的事务(用户订购一次商品或购买一次服务),其ID不相同
desc: can't be blank
final: [21620002]您的请求无效，请重新操作
bank_type: can't be blank
sign: can't be blankinvalid sign
I, [2010-11-02T19:40:33.298710 #6931]  INFO -- : transaction_id: 格式错误,transaction_id为28位长的数值,其中前10位为商户网站编号(SPID)，由财付通统一分配;之后8位为订单产生的日期,如20050415;最后10位商户需要保证一天内不同的事务(用户订购一次商品或购买一次服务),其ID不相同
desc: can't be blank
final: [21620002]您的请求无效，请重新操作
bank_type: can't be blank
sign: can't be blankinvalid sign
I, [2010-11-02T19:40:33.894240 #6931]  INFO -- : transaction_id: 格式错误,transaction_id为28位长的数值,其中前10位为商户网站编号(SPID)，由财付通统一分配;之后8位为订单产生的日期,如20050415;最后10位商户需要保证一天内不同的事务(用户订购一次商品或购买一次服务),其ID不相同
desc: can't be blank
final: [21620002]您的请求无效，请重新操作
bank_type: can't be blank
sign: can't be blankinvalid sign
I, [2010-11-02T19:40:34.295945 #6931]  INFO -- : transaction_id: can't be blank
desc: can't be blank
final: 您的支付请求类型稍后支持,敬请期待
sp_billno: can't be blank
cmdno: can't be blank
date: can't be blank
fee_type: can't be blank
bank_type: can't be blank
sign: can't be blankinvalid sign
return_url: can't be blank
attach: can't be blank
spbill_create_ip: can't be blank
bargainor_id: can't be blank
total_fee: can't be blank
I, [2010-11-02T19:40:34.880317 #6931]  INFO -- : desc: can't be blank
final: [21620002]您的请求无效，请重新操作
bank_type: can't be blank
sign: can't be blankinvalid sign
I, [2010-11-02T19:40:35.489788 #6931]  INFO -- : transaction_id: 格式错误,transaction_id为28位长的数值,其中前10位为商户网站编号(SPID)，由财付通统一分配;之后8位为订单产生的日期,如20050415;最后10位商户需要保证一天内不同的事务(用户订购一次商品或购买一次服务),其ID不相同
desc: can't be blank
final: [21620002]您的请求无效，请重新操作
bank_type: can't be blank
sign: can't be blankinvalid sign
total_fee: 格式错误,只能为数字,以分为单位,不允许包含任何字符
I, [2010-11-02T19:40:41.579713 #6931]  INFO -- : transaction_id: 格式错误,transaction_id为28位长的数值,其中前10位为商户网站编号(SPID)，由财付通统一分配;之后8位为订单产生的日期,如20050415;最后10位商户需要保证一天内不同的事务(用户订购一次商品或购买一次服务),其ID不相同
desc: can't be blank
final: [21620002]您的请求无效，请重新操作
bank_type: can't be blank
sign: can't be blankinvalid sign
total_fee: 格式错误,只能为数字,以分为单位,不允许包含任何字符
I, [2010-11-02T19:40:42.161909 #6931]  INFO -- : transaction_id: 格式错误,transaction_id为28位长的数值,其中前10位为商户网站编号(SPID)，由财付通统一分配;之后8位为订单产生的日期,如20050415;最后10位商户需要保证一天内不同的事务(用户订购一次商品或购买一次服务),其ID不相同
desc: can't be blank
final: [21620002]您的请求无效，请重新操作
bank_type: can't be blank
sign: can't be blankinvalid sign
I, [2010-11-02T19:40:42.772637 #6931]  INFO -- : transaction_id: 格式错误,transaction_id为28位长的数值,其中前10位为商户网站编号(SPID)，由财付通统一分配;之后8位为订单产生的日期,如20050415;最后10位商户需要保证一天内不同的事务(用户订购一次商品或购买一次服务),其ID不相同
desc: can't be blank
final: [21620002]您的请求无效，请重新操作
fee_type: 目前只支持人民币,请填1
bank_type: can't be blank
sign: can't be blankinvalid sign
I, [2010-11-02T19:40:43.395355 #6931]  INFO -- : transaction_id: 格式错误,transaction_id为28位长的数值,其中前10位为商户网站编号(SPID)，由财付通统一分配;之后8位为订单产生的日期,如20050415;最后10位商户需要保证一天内不同的事务(用户订购一次商品或购买一次服务),其ID不相同
desc: can't be blank
final: [21620002]您的请求无效，请重新操作
bank_type: can't be blank
sign: can't be blankinvalid sign
I, [2010-11-02T19:40:44.139671 #6931]  INFO -- : transaction_id: 格式错误,transaction_id为28位长的数值,其中前10位为商户网站编号(SPID)，由财付通统一分配;之后8位为订单产生的日期,如20050415;最后10位商户需要保证一天内不同的事务(用户订购一次商品或购买一次服务),其ID不相同
desc: can't be blank
final: [21620002]您的请求无效，请重新操作
bank_type: can't be blank
sign: can't be blankinvalid sign
spbill_create_ip: 格式错误
I, [2010-11-02T19:40:44.757070 #6931]  INFO -- : transaction_id: 格式错误,transaction_id为28位长的数值,其中前10位为商户网站编号(SPID)，由财付通统一分配;之后8位为订单产生的日期,如20050415;最后10位商户需要保证一天内不同的事务(用户订购一次商品或购买一次服务),其ID不相同
desc: can't be blank
final: [21620002]您的请求无效，请重新操作
bank_type: can't be blank
sign: can't be blankinvalid sign
spbill_create_ip: 格式错误
I, [2010-11-02T19:40:45.511856 #6931]  INFO -- : transaction_id: 格式错误,transaction_id为28位长的数值,其中前10位为商户网站编号(SPID)，由财付通统一分配;之后8位为订单产生的日期,如20050415;最后10位商户需要保证一天内不同的事务(用户订购一次商品或购买一次服务),其ID不相同
desc: can't be blank
final: [21620002]您的请求无效，请重新操作
bank_type: can't be blank
sign: can't be blankinvalid sign
I, [2010-11-02T19:40:46.118169 #6931]  INFO -- : transaction_id: 格式错误,transaction_id为28位长的数值,其中前10位为商户网站编号(SPID)，由财付通统一分配;之后8位为订单产生的日期,如20050415;最后10位商户需要保证一天内不同的事务(用户订购一次商品或购买一次服务),其ID不相同
desc: can't be blank
final: [21620002]您的请求无效，请重新操作
sp_billno: 长度错误,应该在28个字符内
bank_type: can't be blank
sign: can't be blankinvalid sign
I, [2010-11-02T19:40:51.528443 #6931]  INFO -- : transaction_id: can't be blank
desc: can't be blank
final: 您的支付请求类型稍后支持,敬请期待
sp_billno: can't be blank
cmdno: can't be blank
date: can't be blank
fee_type: can't be blank
bank_type: can't be blank
sign: can't be blankinvalid sign
return_url: can't be blank
attach: can't be blank
spbill_create_ip: can't be blank
bargainor_id: can't be blank
total_fee: can't be blank
I, [2010-11-02T19:40:57.167873 #6931]  INFO -- : transaction_id: 格式错误,transaction_id为28位长的数值,其中前10位为商户网站编号(SPID)，由财付通统一分配;之后8位为订单产生的日期,如20050415;最后10位商户需要保证一天内不同的事务(用户订购一次商品或购买一次服务),其ID不相同
desc: can't be blank
final: [21620002]您的请求无效，请重新操作
bank_type: can't be blank
sign: can't be blankinvalid sign
bargainor_id: 商户号不存在
I, [2010-11-02T19:40:58.016703 #6931]  INFO -- : transaction_id: 格式错误,transaction_id为28位长的数值,其中前10位为商户网站编号(SPID)，由财付通统一分配;之后8位为订单产生的日期,如20050415;最后10位商户需要保证一天内不同的事务(用户订购一次商品或购买一次服务),其ID不相同
desc: can't be blank
final: [21620002]您的请求无效，请重新操作
bank_type: can't be blank
sign: can't be blankinvalid sign
bargainor_id: 商户号不存在
I, [2010-11-02T19:40:58.419638 #6931]  INFO -- : transaction_id: can't be blank
desc: can't be blank
final: 您的支付请求类型稍后支持,敬请期待
sp_billno: can't be blank
cmdno: can't be blank
date: can't be blank
fee_type: can't be blank
bank_type: can't be blank
sign: can't be blankinvalid sign
return_url: can't be blank
attach: can't be blank
spbill_create_ip: can't be blank
bargainor_id: can't be blank
total_fee: can't be blank
I, [2010-11-02T19:40:58.775881 #6931]  INFO -- : transaction_id: 格式错误,transaction_id为28位长的数值,其中前10位为商户网站编号(SPID)，由财付通统一分配;之后8位为订单产生的日期,如20050415;最后10位商户需要保证一天内不同的事务(用户订购一次商品或购买一次服务),其ID不相同
desc: can't be blank
final: 聽聽发生错误了！聽聽10000002|
bank_type: can't be blank
sign: sign签名必须大写invalid sign
I, [2010-11-02T19:40:59.153008 #6931]  INFO -- : transaction_id: 格式错误,transaction_id为28位长的数值,其中前10位为商户网站编号(SPID)，由财付通统一分配;之后8位为订单产生的日期,如20050415;最后10位商户需要保证一天内不同的事务(用户订购一次商品或购买一次服务),其ID不相同
desc: can't be blank
final: 聽聽发生错误了！聽聽10000002|
bank_type: can't be blank
sign: invalid sign
I, [2010-11-02T19:41:04.746971 #6931]  INFO -- : transaction_id: 格式错误,transaction_id为28位长的数值,其中前10位为商户网站编号(SPID)，由财付通统一分配;之后8位为订单产生的日期,如20050415;最后10位商户需要保证一天内不同的事务(用户订购一次商品或购买一次服务),其ID不相同
desc: can't be blank
final: [21620002]您的请求无效，请重新操作
bank_type: can't be blank
sign: invalid sign
I, [2010-11-02T19:41:05.361213 #6931]  INFO -- : transaction_id: 格式错误,transaction_id为28位长的数值,其中前10位为商户网站编号(SPID)，由财付通统一分配;之后8位为订单产生的日期,如20050415;最后10位商户需要保证一天内不同的事务(用户订购一次商品或购买一次服务),其ID不相同
desc: can't be blank
final: [21620002]您的请求无效，请重新操作
bank_type: can't be blank
I, [2010-11-02T19:43:08.012591 #6948]  INFO -- : v_md5info: can't be blank
sign: invalid v_md5info
final: 出错了!200903数据签名验证未通过 
I, [2010-11-02T19:43:08.359740 #6948]  INFO -- : v_url: is too long (maximum is 200 characters)
v_md5info: can't be blank
v_oid: is too long (maximum is 64 characters)
sign: invalid v_md5info
final: 出错了!500903参数错误,订单号过长 
I, [2010-11-02T19:43:13.727230 #6948]  INFO -- : v_md5info: can't be blank
sign: invalid v_md5info
v_amount: format should be Number(6, 2)
final: 出错了!501112参数错误,非法金额参数 
I, [2010-11-02T19:43:14.095201 #6948]  INFO -- : v_md5info: can't be blank
v_mid: 商户编号不存在
sign: invalid v_md5info
final: 出错了!500708参数错误,该商户ID不存在 
I, [2010-11-02T19:43:14.446616 #6948]  INFO -- : v_md5info: can't be blank
sign: invalid v_md5info
final: 出错了!200903数据签名验证未通过 
I, [2010-11-02T19:43:14.762214 #6948]  INFO -- : v_url: can't be blank
v_md5info: can't be blank
v_mid: can't be blank
v_oid: can't be blank
v_amount: can't be blank
sign: invalid v_md5info
final: 出错了!500800错误的数据格式,不能解析 
v_moneytype: can't be blank
I, [2010-11-02T19:43:15.115806 #6948]  INFO -- : sign: invalid v_md5info
final: 出错了!200903数据签名验证未通过 
I, [2010-11-02T19:43:15.460919 #6948]  INFO -- : final: 出错了!200903数据签名验证未通过 
I, [2010-11-02T19:43:37.346234 #6954]  INFO -- : final: 错误代码 ILLEGAL_SERVICE
service: can't be blank
return_url: can't be blank
sign_type: can't be blank
seller: seller_email and seller_id can not both be blank
subject: can't be blank
sign: can't be blankinvalid sign
money: price and total_fee can not both be blank
out_trade_no: can't be blank
partner: can't be blank
payment_type: can't be blank
notify_url: can't be blank
I, [2010-11-02T19:43:37.735877 #6954]  INFO -- : final: 错误代码 ILLEGAL_PARTNER
return_url: can't be blank
sign_type: can't be blank
seller: seller_email and seller_id can not both be blank
subject: can't be blank
sign: can't be blankinvalid sign
money: price and total_fee can not both be blank
out_trade_no: can't be blank
partner: can't be blank
payment_type: can't be blank
notify_url: can't be blank
I, [2010-11-02T19:43:38.123729 #6954]  INFO -- : final: 错误代码 ILLEGAL_PARTNER
return_url: can't be blank
sign_type: can't be blank
seller: seller_email and seller_id can not both be blank
_input_charset: should be utf-8 or gb2312
subject: can't be blank
sign: can't be blankinvalid sign
money: price and total_fee can not both be blank
out_trade_no: can't be blank
partner: can't be blank
payment_type: can't be blank
notify_url: can't be blank
I, [2010-11-02T19:43:38.570028 #6954]  INFO -- : final: 错误代码 ILLEGAL_PARTNER
return_url: can't be blank
sign_type: can't be blank
seller: seller_email and seller_id can not both be blank
subject: can't be blank
sign: can't be blankinvalid sign
money: price and total_fee can not both be blank
out_trade_no: can't be blank
partner: can't be blank
payment_type: can't be blank
notify_url: can't be blank
I, [2010-11-02T19:43:38.962898 #6954]  INFO -- : final: 错误代码 ILLEGAL_PARTNER
return_url: can't be blank
sign_type: can't be blank
seller: seller_email and seller_id can not both be blank
subject: can't be blank
sign: can't be blankinvalid sign
money: price and total_fee can not both be blank
out_trade_no: can't be blank
partner: can't be blank
payment_type: can't be blank
notify_url: can't be blank
I, [2010-11-02T19:43:39.353154 #6954]  INFO -- : final: 错误代码 ILLEGAL_PARTNER
total_fee: format should be Number(13, 2)
return_url: can't be blank
sign_type: can't be blank
seller: seller_email and seller_id can not both be blank
subject: can't be blank
price: format should be Number(13, 2)
sign: can't be blankinvalid sign
money: price和total_fee不能同时出现
quantity: if price is not blank, must input quantity
out_trade_no: can't be blank
partner: can't be blank
payment_type: can't be blank
notify_url: can't be blank
I, [2010-11-02T19:43:39.757992 #6954]  INFO -- : final: 错误代码 ILLEGAL_PARTNER
return_url: can't be blank
sign_type: can't be blank
seller: seller_email and seller_id can not both be blank
subject: can't be blank
sign: can't be blankinvalid sign
quantity: if price is not blank, must input quantity
out_trade_no: can't be blank
partner: can't be blank
payment_type: can't be blank
notify_url: can't be blank
I, [2010-11-02T19:43:40.165950 #6954]  INFO -- : final: 错误代码 ILLEGAL_PARTNER
return_url: can't be blank
sign_type: can't be blank
seller: seller_email and seller_id can not both be blank
subject: can't be blank
sign: can't be blankinvalid sign
money: price and total_fee can not both be blank
out_trade_no: can't be blank
partner: can't be blank
payment_type: can't be blank
notify_url: can't be blank
I, [2010-11-02T19:43:40.559698 #6954]  INFO -- : final: 错误代码 ILLEGAL_PARTNER
return_url: can't be blank
sign_type: can't be blank
seller: seller_email and seller_id can not both be blank
subject: can't be blank
sign: can't be blankinvalid sign
money: price and total_fee can not both be blank
out_trade_no: can't be blank
partner: is too long (maximum is 16 characters)not exist
payment_type: is too long (maximum is 4 characters)
notify_url: can't be blank
I, [2010-11-02T19:43:40.956275 #6954]  INFO -- : final: 错误代码 ILLEGAL_PARTNER
return_url: can't be blank
sign_type: can't be blank
seller: seller_email and seller_id can not both be blank
subject: can't be blank
sign: can't be blankinvalid sign
quantity: should be integer and between 1~999999
money: price and total_fee can not both be blank
out_trade_no: can't be blank
partner: can't be blank
payment_type: can't be blank
notify_url: can't be blank
I, [2010-11-02T19:43:41.356919 #6954]  INFO -- : final: 错误代码 ILLEGAL_PARTNER
return_url: can't be blank
sign_type: can't be blank
seller: seller_email and seller_id can not both be blank
subject: can't be blank
sign: can't be blankinvalid sign
quantity: should be integer and between 1~999999
money: price and total_fee can not both be blank
out_trade_no: can't be blank
partner: can't be blank
payment_type: can't be blank
notify_url: can't be blank
I, [2010-11-02T19:43:41.747988 #6954]  INFO -- : final: 错误代码 ILLEGAL_PARTNER
return_url: can't be blank
sign_type: can't be blank
seller: seller_email and seller_id can not both be blank
subject: can't be blank
sign: can't be blankinvalid sign
quantity: should be integer and between 1~999999
money: price and total_fee can not both be blank
out_trade_no: can't be blank
partner: can't be blank
payment_type: can't be blank
notify_url: can't be blank
I, [2010-11-02T19:43:42.136229 #6954]  INFO -- : final: 错误代码 ILLEGAL_PARTNER
return_url: can't be blank
sign_type: can't be blank
seller: seller_email and seller_id can not both be blank
subject: can't be blank
sign: can't be blankinvalid sign
money: price and total_fee can not both be blank
out_trade_no: can't be blank
partner: not exist
payment_type: can't be blank
notify_url: can't be blank
I, [2010-11-02T19:43:42.530837 #6954]  INFO -- : final: 错误代码 ILLEGAL_PARTNER
return_url: can't be blank
sign_type: can't be blank
seller: seller_email and seller_id can not both be blank
subject: can't be blank
sign: can't be blankinvalid sign
money: price and total_fee can not both be blank
out_trade_no: can't be blank
payment_type: can't be blank
notify_url: can't be blank
I, [2010-11-02T19:43:42.936624 #6954]  INFO -- : final: 错误代码 ILLEGAL_SERVICE
service: can't be blank
return_url: can't be blank
sign_type: can't be blank
seller: seller_email and seller_id can not both be blank
subject: can't be blank
sign: can't be blankinvalid sign
money: price and total_fee can not both be blank
out_trade_no: can't be blank
partner: can't be blank
payment_type: can't be blank
notify_url: can't be blank
I, [2010-11-02T19:43:43.326638 #6954]  INFO -- : final: 错误代码 ILLEGAL_PARTNER
return_url: can't be blank
sign_type: can't be blank
seller: seller_email and seller_id can not both be blank
subject: can't be blank
sign: can't be blankinvalid sign
money: price和total_fee不能同时出现
quantity: if price is not blank, must input quantity
out_trade_no: can't be blank
partner: can't be blank
payment_type: can't be blank
notify_url: can't be blank
I, [2010-11-02T19:43:43.715879 #6954]  INFO -- : final: 错误代码 ILLEGAL_PARTNER
return_url: can't be blank
sign_type: can't be blank
seller: seller_email and seller_id can not both be blank
subject: can't be blank
sign: can't be blankinvalid sign
money: price and total_fee can not both be blank
out_trade_no: can't be blank
partner: can't be blank
payment_type: can't be blank
notify_url: can't be blank
I, [2010-11-02T19:43:49.102859 #6954]  INFO -- : final: 错误代码 ILLEGAL_PARTNER
return_url: can't be blank
sign_type: can't be blank
seller: seller_email and seller_id can not both be blank
subject: can't be blank
money: price and total_fee can not both be blank
sign: invalid sign
out_trade_no: can't be blank
payment_type: can't be blank
notify_url: can't be blank
I, [2010-11-02T19:43:49.511595 #6954]  INFO -- : final: 错误代码 ILLEGAL_PARTNER
return_url: can't be blank
sign_type: can't be blank
seller: seller_email and seller_id can not both be blank
subject: can't be blank
money: price and total_fee can not both be blank
out_trade_no: can't be blank
payment_type: can't be blank
notify_url: can't be blank
I, [2010-11-02T19:43:49.903113 #6954]  INFO -- : final: 出错了!200903数据签名验证未通过 
v_md5info: can't be blank
sign: invalid v_md5info
I, [2010-11-02T19:43:50.255659 #6954]  INFO -- : final: 出错了!500903参数错误,订单号过长 
v_url: is too long (maximum is 200 characters)
v_md5info: can't be blank
sign: invalid v_md5info
v_oid: is too long (maximum is 64 characters)
I, [2010-11-02T19:43:50.620783 #6954]  INFO -- : final: 出错了!501112参数错误,非法金额参数 
v_md5info: can't be blank
sign: invalid v_md5info
v_amount: format should be Number(6, 2)
I, [2010-11-02T19:43:50.965006 #6954]  INFO -- : final: 出错了!500708参数错误,该商户ID不存在 
v_md5info: can't be blank
v_mid: 商户编号不存在
sign: invalid v_md5info
I, [2010-11-02T19:43:51.312669 #6954]  INFO -- : final: 出错了!200903数据签名验证未通过 
v_md5info: can't be blank
sign: invalid v_md5info
I, [2010-11-02T19:43:51.606297 #6954]  INFO -- : final: 出错了!500800错误的数据格式,不能解析 
v_moneytype: can't be blank
v_url: can't be blank
v_md5info: can't be blank
v_mid: can't be blank
sign: invalid v_md5info
v_oid: can't be blank
v_amount: can't be blank
I, [2010-11-02T19:43:51.968544 #6954]  INFO -- : final: 出错了!200903数据签名验证未通过 
sign: invalid v_md5info
I, [2010-11-02T19:43:52.318725 #6954]  INFO -- : final: 出错了!200903数据签名验证未通过 
I, [2010-11-02T19:43:58.429391 #6954]  INFO -- : return_url: can't be blank
service: can't be blank
seller: seller_email and seller_id can not both be blank
sign_type: can't be blank
subject: can't be blank
money: price and total_fee can not both be blank
sign: can't be blankinvalid sign
out_trade_no: can't be blank
partner: can't be blank
payment_type: can't be blank
notify_url: can't be blank
I, [2010-11-02T19:43:58.433545 #6954]  INFO -- : v_moneytype: can't be blank
v_url: can't be blank
v_md5info: can't be blank
v_mid: can't be blank
sign: invalid v_md5info
v_oid: can't be blank
v_amount: can't be blank
I, [2010-11-02T19:43:58.436859 #6954]  INFO -- : v_moneytype: can't be blank
v_url: can't be blank
v_md5info: can't be blank
v_mid: can't be blank
sign: invalid v_md5info
v_oid: can't be blank
v_amount: can't be blank
I, [2010-11-02T19:43:58.440468 #6954]  INFO -- : return_url: can't be blank
service: can't be blank
seller: seller_email and seller_id can not both be blank
sign_type: can't be blank
subject: can't be blank
money: price and total_fee can not both be blank
sign: can't be blankinvalid sign
out_trade_no: can't be blank
partner: can't be blank
payment_type: can't be blank
notify_url: can't be blank
I, [2010-11-02T19:43:58.443236 #6954]  INFO -- : total_fee: can't be blank
sp_billno: can't be blank
return_url: can't be blank
cmdno: can't be blank
fee_type: can't be blank
desc: can't be blank
bank_type: can't be blank
attach: can't be blank
date: can't be blank
sign: can't be blankinvalid sign
spbill_create_ip: can't be blank
bargainor_id: can't be blank
transaction_id: can't be blank
I, [2010-11-02T19:43:58.445397 #6954]  INFO -- : total_fee: can't be blank
sp_billno: can't be blank
return_url: can't be blank
cmdno: can't be blank
fee_type: can't be blank
desc: can't be blank
bank_type: can't be blank
attach: can't be blank
date: can't be blank
sign: can't be blankinvalid sign
spbill_create_ip: can't be blank
bargainor_id: can't be blank
transaction_id: can't be blank
I, [2010-11-02T19:43:59.026284 #6954]  INFO -- : final: [21620002]您的请求无效，请重新操作
desc: can't be blank
bank_type: can't be blank
sign: can't be blankinvalid sign
transaction_id: 格式错误,transaction_id为28位长的数值,其中前10位为商户网站编号(SPID)，由财付通统一分配;之后8位为订单产生的日期,如20050415;最后10位商户需要保证一天内不同的事务(用户订购一次商品或购买一次服务),其ID不相同
I, [2010-11-02T19:43:59.635170 #6954]  INFO -- : final: [21620002]您的请求无效，请重新操作
desc: can't be blank
bank_type: can't be blank
sign: can't be blankinvalid sign
transaction_id: 格式错误,transaction_id为28位长的数值,其中前10位为商户网站编号(SPID)，由财付通统一分配;之后8位为订单产生的日期,如20050415;最后10位商户需要保证一天内不同的事务(用户订购一次商品或购买一次服务),其ID不相同
I, [2010-11-02T19:44:05.253122 #6954]  INFO -- : final: [21620002]您的请求无效，请重新操作
desc: can't be blank
bank_type: can't be blank
sign: can't be blankinvalid sign
transaction_id: 格式错误,transaction_id为28位长的数值,其中前10位为商户网站编号(SPID)，由财付通统一分配;之后8位为订单产生的日期,如20050415;最后10位商户需要保证一天内不同的事务(用户订购一次商品或购买一次服务),其ID不相同
I, [2010-11-02T19:44:05.657313 #6954]  INFO -- : final: 您的支付请求类型稍后支持,敬请期待
sp_billno: can't be blank
total_fee: can't be blank
cmdno: can't be blank
return_url: can't be blank
desc: can't be blank
fee_type: can't be blank
bank_type: can't be blank
attach: can't be blank
date: can't be blank
spbill_create_ip: can't be blank
sign: can't be blankinvalid sign
bargainor_id: can't be blank
transaction_id: can't be blank
I, [2010-11-02T19:44:06.255423 #6954]  INFO -- : final: [21620002]您的请求无效，请重新操作
desc: can't be blank
bank_type: can't be blank
sign: can't be blankinvalid sign
I, [2010-11-02T19:44:06.862308 #6954]  INFO -- : final: [21620002]您的请求无效，请重新操作
total_fee: 格式错误,只能为数字,以分为单位,不允许包含任何字符
desc: can't be blank
bank_type: can't be blank
sign: can't be blankinvalid sign
transaction_id: 格式错误,transaction_id为28位长的数值,其中前10位为商户网站编号(SPID)，由财付通统一分配;之后8位为订单产生的日期,如20050415;最后10位商户需要保证一天内不同的事务(用户订购一次商品或购买一次服务),其ID不相同
I, [2010-11-02T19:44:07.465989 #6954]  INFO -- : final: [21620002]您的请求无效，请重新操作
total_fee: 格式错误,只能为数字,以分为单位,不允许包含任何字符
desc: can't be blank
bank_type: can't be blank
sign: can't be blankinvalid sign
transaction_id: 格式错误,transaction_id为28位长的数值,其中前10位为商户网站编号(SPID)，由财付通统一分配;之后8位为订单产生的日期,如20050415;最后10位商户需要保证一天内不同的事务(用户订购一次商品或购买一次服务),其ID不相同
I, [2010-11-02T19:44:08.050769 #6954]  INFO -- : final: [21620002]您的请求无效，请重新操作
desc: can't be blank
bank_type: can't be blank
sign: can't be blankinvalid sign
transaction_id: 格式错误,transaction_id为28位长的数值,其中前10位为商户网站编号(SPID)，由财付通统一分配;之后8位为订单产生的日期,如20050415;最后10位商户需要保证一天内不同的事务(用户订购一次商品或购买一次服务),其ID不相同
I, [2010-11-02T19:44:08.636084 #6954]  INFO -- : final: [21620002]您的请求无效，请重新操作
desc: can't be blank
fee_type: 目前只支持人民币,请填1
bank_type: can't be blank
sign: can't be blankinvalid sign
transaction_id: 格式错误,transaction_id为28位长的数值,其中前10位为商户网站编号(SPID)，由财付通统一分配;之后8位为订单产生的日期,如20050415;最后10位商户需要保证一天内不同的事务(用户订购一次商品或购买一次服务),其ID不相同
I, [2010-11-02T19:44:09.237902 #6954]  INFO -- : final: [21620002]您的请求无效，请重新操作
desc: can't be blank
bank_type: can't be blank
sign: can't be blankinvalid sign
transaction_id: 格式错误,transaction_id为28位长的数值,其中前10位为商户网站编号(SPID)，由财付通统一分配;之后8位为订单产生的日期,如20050415;最后10位商户需要保证一天内不同的事务(用户订购一次商品或购买一次服务),其ID不相同
I, [2010-11-02T19:44:09.855378 #6954]  INFO -- : final: [21620002]您的请求无效，请重新操作
desc: can't be blank
bank_type: can't be blank
sign: can't be blankinvalid sign
spbill_create_ip: 格式错误
transaction_id: 格式错误,transaction_id为28位长的数值,其中前10位为商户网站编号(SPID)，由财付通统一分配;之后8位为订单产生的日期,如20050415;最后10位商户需要保证一天内不同的事务(用户订购一次商品或购买一次服务),其ID不相同
I, [2010-11-02T19:44:10.454549 #6954]  INFO -- : final: [21620002]您的请求无效，请重新操作
desc: can't be blank
bank_type: can't be blank
sign: can't be blankinvalid sign
spbill_create_ip: 格式错误
transaction_id: 格式错误,transaction_id为28位长的数值,其中前10位为商户网站编号(SPID)，由财付通统一分配;之后8位为订单产生的日期,如20050415;最后10位商户需要保证一天内不同的事务(用户订购一次商品或购买一次服务),其ID不相同
I, [2010-11-02T19:44:21.043444 #6954]  INFO -- : final: [21620002]您的请求无效，请重新操作
desc: can't be blank
bank_type: can't be blank
sign: can't be blankinvalid sign
transaction_id: 格式错误,transaction_id为28位长的数值,其中前10位为商户网站编号(SPID)，由财付通统一分配;之后8位为订单产生的日期,如20050415;最后10位商户需要保证一天内不同的事务(用户订购一次商品或购买一次服务),其ID不相同
I, [2010-11-02T19:44:21.657687 #6954]  INFO -- : final: [21620002]您的请求无效，请重新操作
sp_billno: 长度错误,应该在28个字符内
desc: can't be blank
bank_type: can't be blank
sign: can't be blankinvalid sign
transaction_id: 格式错误,transaction_id为28位长的数值,其中前10位为商户网站编号(SPID)，由财付通统一分配;之后8位为订单产生的日期,如20050415;最后10位商户需要保证一天内不同的事务(用户订购一次商品或购买一次服务),其ID不相同
I, [2010-11-02T19:44:22.063869 #6954]  INFO -- : final: 您的支付请求类型稍后支持,敬请期待
sp_billno: can't be blank
total_fee: can't be blank
cmdno: can't be blank
return_url: can't be blank
desc: can't be blank
fee_type: can't be blank
bank_type: can't be blank
attach: can't be blank
date: can't be blank
spbill_create_ip: can't be blank
sign: can't be blankinvalid sign
bargainor_id: can't be blank
transaction_id: can't be blank
I, [2010-11-02T19:44:22.647553 #6954]  INFO -- : final: [21620002]您的请求无效，请重新操作
desc: can't be blank
bank_type: can't be blank
sign: can't be blankinvalid sign
bargainor_id: 商户号不存在
transaction_id: 格式错误,transaction_id为28位长的数值,其中前10位为商户网站编号(SPID)，由财付通统一分配;之后8位为订单产生的日期,如20050415;最后10位商户需要保证一天内不同的事务(用户订购一次商品或购买一次服务),其ID不相同
I, [2010-11-02T19:44:23.249629 #6954]  INFO -- : final: [21620002]您的请求无效，请重新操作
desc: can't be blank
bank_type: can't be blank
sign: can't be blankinvalid sign
bargainor_id: 商户号不存在
transaction_id: 格式错误,transaction_id为28位长的数值,其中前10位为商户网站编号(SPID)，由财付通统一分配;之后8位为订单产生的日期,如20050415;最后10位商户需要保证一天内不同的事务(用户订购一次商品或购买一次服务),其ID不相同
I, [2010-11-02T19:44:23.653809 #6954]  INFO -- : final: 您的支付请求类型稍后支持,敬请期待
sp_billno: can't be blank
total_fee: can't be blank
cmdno: can't be blank
return_url: can't be blank
desc: can't be blank
fee_type: can't be blank
bank_type: can't be blank
attach: can't be blank
date: can't be blank
spbill_create_ip: can't be blank
sign: can't be blankinvalid sign
bargainor_id: can't be blank
transaction_id: can't be blank
I, [2010-11-02T19:44:24.030803 #6954]  INFO -- : final: 聽聽发生错误了！聽聽10000002|
desc: can't be blank
bank_type: can't be blank
sign: sign签名必须大写invalid sign
transaction_id: 格式错误,transaction_id为28位长的数值,其中前10位为商户网站编号(SPID)，由财付通统一分配;之后8位为订单产生的日期,如20050415;最后10位商户需要保证一天内不同的事务(用户订购一次商品或购买一次服务),其ID不相同
I, [2010-11-02T19:44:24.387548 #6954]  INFO -- : final: 聽聽发生错误了！聽聽10000002|
desc: can't be blank
bank_type: can't be blank
sign: invalid sign
transaction_id: 格式错误,transaction_id为28位长的数值,其中前10位为商户网站编号(SPID)，由财付通统一分配;之后8位为订单产生的日期,如20050415;最后10位商户需要保证一天内不同的事务(用户订购一次商品或购买一次服务),其ID不相同
I, [2010-11-02T19:44:24.968111 #6954]  INFO -- : final: [21620002]您的请求无效，请重新操作
desc: can't be blank
bank_type: can't be blank
sign: invalid sign
transaction_id: 格式错误,transaction_id为28位长的数值,其中前10位为商户网站编号(SPID)，由财付通统一分配;之后8位为订单产生的日期,如20050415;最后10位商户需要保证一天内不同的事务(用户订购一次商品或购买一次服务),其ID不相同
I, [2010-11-02T19:44:25.571410 #6954]  INFO -- : final: [21620002]您的请求无效，请重新操作
desc: can't be blank
bank_type: can't be blank
transaction_id: 格式错误,transaction_id为28位长的数值,其中前10位为商户网站编号(SPID)，由财付通统一分配;之后8位为订单产生的日期,如20050415;最后10位商户需要保证一天内不同的事务(用户订购一次商品或购买一次服务),其ID不相同
I, [2010-11-03T10:54:48.913533 #3253]  INFO -- : final: 错误代码 ILLEGAL_SERVICE
service: can't be blank
return_url: can't be blank
sign_type: can't be blank
seller: seller_email and seller_id can not both be blank
subject: can't be blank
sign: can't be blankinvalid sign
money: price and total_fee can not both be blank
out_trade_no: can't be blank
partner: can't be blank
payment_type: can't be blank
notify_url: can't be blank
I, [2010-11-03T10:54:49.335034 #3253]  INFO -- : final: 错误代码 ILLEGAL_PARTNER
return_url: can't be blank
sign_type: can't be blank
seller: seller_email and seller_id can not both be blank
subject: can't be blank
sign: can't be blankinvalid sign
money: price and total_fee can not both be blank
out_trade_no: can't be blank
partner: can't be blank
payment_type: can't be blank
notify_url: can't be blank
I, [2010-11-03T10:54:49.738652 #3253]  INFO -- : final: 错误代码 ILLEGAL_PARTNER
return_url: can't be blank
sign_type: can't be blank
seller: seller_email and seller_id can not both be blank
_input_charset: should be utf-8 or gb2312
subject: can't be blank
sign: can't be blankinvalid sign
money: price and total_fee can not both be blank
out_trade_no: can't be blank
partner: can't be blank
payment_type: can't be blank
notify_url: can't be blank
I, [2010-11-03T10:54:50.134439 #3253]  INFO -- : final: 错误代码 ILLEGAL_PARTNER
return_url: can't be blank
sign_type: can't be blank
seller: seller_email and seller_id can not both be blank
subject: can't be blank
sign: can't be blankinvalid sign
money: price and total_fee can not both be blank
out_trade_no: can't be blank
partner: can't be blank
payment_type: can't be blank
notify_url: can't be blank
I, [2010-11-03T10:54:50.526795 #3253]  INFO -- : final: 错误代码 ILLEGAL_PARTNER
return_url: can't be blank
sign_type: can't be blank
seller: seller_email and seller_id can not both be blank
subject: can't be blank
sign: can't be blankinvalid sign
money: price and total_fee can not both be blank
out_trade_no: can't be blank
partner: can't be blank
payment_type: can't be blank
notify_url: can't be blank
I, [2010-11-03T10:54:50.917817 #3253]  INFO -- : final: 错误代码 ILLEGAL_PARTNER
total_fee: format should be Number(13, 2)
return_url: can't be blank
sign_type: can't be blank
seller: seller_email and seller_id can not both be blank
subject: can't be blank
price: format should be Number(13, 2)
sign: can't be blankinvalid sign
money: price和total_fee不能同时出现
quantity: if price is not blank, must input quantity
out_trade_no: can't be blank
partner: can't be blank
payment_type: can't be blank
notify_url: can't be blank
I, [2010-11-03T10:54:51.340917 #3253]  INFO -- : final: 错误代码 ILLEGAL_PARTNER
return_url: can't be blank
sign_type: can't be blank
seller: seller_email and seller_id can not both be blank
subject: can't be blank
sign: can't be blankinvalid sign
quantity: if price is not blank, must input quantity
out_trade_no: can't be blank
partner: can't be blank
payment_type: can't be blank
notify_url: can't be blank
I, [2010-11-03T10:54:51.763699 #3253]  INFO -- : final: 错误代码 ILLEGAL_PARTNER
return_url: can't be blank
sign_type: can't be blank
seller: seller_email and seller_id can not both be blank
subject: can't be blank
sign: can't be blankinvalid sign
money: price and total_fee can not both be blank
out_trade_no: can't be blank
partner: can't be blank
payment_type: can't be blank
notify_url: can't be blank
I, [2010-11-03T10:54:52.156618 #3253]  INFO -- : final: 错误代码 ILLEGAL_PARTNER
return_url: can't be blank
sign_type: can't be blank
seller: seller_email and seller_id can not both be blank
subject: can't be blank
sign: can't be blankinvalid sign
money: price and total_fee can not both be blank
out_trade_no: can't be blank
partner: is too long (maximum is 16 characters)not exist
payment_type: is too long (maximum is 4 characters)
notify_url: can't be blank
I, [2010-11-03T10:54:52.551870 #3253]  INFO -- : final: 错误代码 ILLEGAL_PARTNER
return_url: can't be blank
sign_type: can't be blank
seller: seller_email and seller_id can not both be blank
subject: can't be blank
sign: can't be blankinvalid sign
quantity: should be integer and between 1~999999
money: price and total_fee can not both be blank
out_trade_no: can't be blank
partner: can't be blank
payment_type: can't be blank
notify_url: can't be blank
I, [2010-11-03T10:54:52.946733 #3253]  INFO -- : final: 错误代码 ILLEGAL_PARTNER
return_url: can't be blank
sign_type: can't be blank
seller: seller_email and seller_id can not both be blank
subject: can't be blank
sign: can't be blankinvalid sign
quantity: should be integer and between 1~999999
money: price and total_fee can not both be blank
out_trade_no: can't be blank
partner: can't be blank
payment_type: can't be blank
notify_url: can't be blank
I, [2010-11-03T10:54:53.581929 #3253]  INFO -- : final: 错误代码 ILLEGAL_PARTNER
return_url: can't be blank
sign_type: can't be blank
seller: seller_email and seller_id can not both be blank
subject: can't be blank
sign: can't be blankinvalid sign
quantity: should be integer and between 1~999999
money: price and total_fee can not both be blank
out_trade_no: can't be blank
partner: can't be blank
payment_type: can't be blank
notify_url: can't be blank
I, [2010-11-03T10:54:53.981253 #3253]  INFO -- : final: 错误代码 ILLEGAL_PARTNER
return_url: can't be blank
sign_type: can't be blank
seller: seller_email and seller_id can not both be blank
subject: can't be blank
sign: can't be blankinvalid sign
money: price and total_fee can not both be blank
out_trade_no: can't be blank
partner: not exist
payment_type: can't be blank
notify_url: can't be blank
I, [2010-11-03T10:54:54.380211 #3253]  INFO -- : final: 错误代码 ILLEGAL_PARTNER
return_url: can't be blank
sign_type: can't be blank
seller: seller_email and seller_id can not both be blank
subject: can't be blank
sign: can't be blankinvalid sign
money: price and total_fee can not both be blank
out_trade_no: can't be blank
payment_type: can't be blank
notify_url: can't be blank
I, [2010-11-03T10:54:54.770234 #3253]  INFO -- : final: 错误代码 ILLEGAL_SERVICE
service: can't be blank
return_url: can't be blank
sign_type: can't be blank
seller: seller_email and seller_id can not both be blank
subject: can't be blank
sign: can't be blankinvalid sign
money: price and total_fee can not both be blank
out_trade_no: can't be blank
partner: can't be blank
payment_type: can't be blank
notify_url: can't be blank
I, [2010-11-03T10:54:55.167550 #3253]  INFO -- : final: 错误代码 ILLEGAL_PARTNER
return_url: can't be blank
sign_type: can't be blank
seller: seller_email and seller_id can not both be blank
subject: can't be blank
sign: can't be blankinvalid sign
money: price和total_fee不能同时出现
quantity: if price is not blank, must input quantity
out_trade_no: can't be blank
partner: can't be blank
payment_type: can't be blank
notify_url: can't be blank
I, [2010-11-03T10:54:55.563435 #3253]  INFO -- : final: 错误代码 ILLEGAL_PARTNER
return_url: can't be blank
sign_type: can't be blank
seller: seller_email and seller_id can not both be blank
subject: can't be blank
sign: can't be blankinvalid sign
money: price and total_fee can not both be blank
out_trade_no: can't be blank
partner: can't be blank
payment_type: can't be blank
notify_url: can't be blank
I, [2010-11-03T10:54:55.959475 #3253]  INFO -- : final: 错误代码 ILLEGAL_PARTNER
return_url: can't be blank
sign_type: can't be blank
seller: seller_email and seller_id can not both be blank
subject: can't be blank
money: price and total_fee can not both be blank
sign: invalid sign
out_trade_no: can't be blank
payment_type: can't be blank
notify_url: can't be blank
I, [2010-11-03T10:54:56.352226 #3253]  INFO -- : final: 错误代码 ILLEGAL_PARTNER
return_url: can't be blank
sign_type: can't be blank
seller: seller_email and seller_id can not both be blank
subject: can't be blank
money: price and total_fee can not both be blank
out_trade_no: can't be blank
payment_type: can't be blank
notify_url: can't be blank
I, [2010-11-03T10:54:58.017821 #3253]  INFO -- : final: 出错了!200903数据签名验证未通过 
v_md5info: can't be blank
sign: invalid v_md5info
I, [2010-11-03T10:54:58.604482 #3253]  INFO -- : final: 出错了!500903参数错误,订单号过长 
v_url: is too long (maximum is 200 characters)
v_md5info: can't be blank
sign: invalid v_md5info
v_oid: is too long (maximum is 64 characters)
I, [2010-11-03T10:54:58.967631 #3253]  INFO -- : final: 出错了!501112参数错误,非法金额参数 
v_md5info: can't be blank
sign: invalid v_md5info
v_amount: format should be Number(6, 2)
I, [2010-11-03T10:54:59.316503 #3253]  INFO -- : final: 出错了!500708参数错误,该商户ID不存在 
v_md5info: can't be blank
v_mid: 商户编号不存在
sign: invalid v_md5info
I, [2010-11-03T10:54:59.707838 #3253]  INFO -- : final: 出错了!200903数据签名验证未通过 
v_md5info: can't be blank
sign: invalid v_md5info
I, [2010-11-03T10:55:00.009387 #3253]  INFO -- : final: 出错了!500800错误的数据格式,不能解析 
v_moneytype: can't be blank
v_url: can't be blank
v_md5info: can't be blank
v_mid: can't be blank
sign: invalid v_md5info
v_oid: can't be blank
v_amount: can't be blank
I, [2010-11-03T10:55:00.367900 #3253]  INFO -- : final: 出错了!200903数据签名验证未通过 
sign: invalid v_md5info
I, [2010-11-03T10:55:00.717276 #3253]  INFO -- : final: 出错了!200903数据签名验证未通过 
I, [2010-11-03T10:55:02.049853 #3253]  INFO -- : return_url: can't be blank
service: can't be blank
seller: seller_email and seller_id can not both be blank
sign_type: can't be blank
subject: can't be blank
money: price and total_fee can not both be blank
sign: can't be blankinvalid sign
out_trade_no: can't be blank
partner: can't be blank
payment_type: can't be blank
notify_url: can't be blank
I, [2010-11-03T10:55:02.114396 #3253]  INFO -- : v_moneytype: can't be blank
v_url: can't be blank
v_md5info: can't be blank
v_mid: can't be blank
sign: invalid v_md5info
v_oid: can't be blank
v_amount: can't be blank
I, [2010-11-03T10:55:02.117688 #3253]  INFO -- : v_moneytype: can't be blank
v_url: can't be blank
v_md5info: can't be blank
v_mid: can't be blank
sign: invalid v_md5info
v_oid: can't be blank
v_amount: can't be blank
I, [2010-11-03T10:55:02.122256 #3253]  INFO -- : return_url: can't be blank
service: can't be blank
seller: seller_email and seller_id can not both be blank
sign_type: can't be blank
subject: can't be blank
money: price and total_fee can not both be blank
sign: can't be blankinvalid sign
out_trade_no: can't be blank
partner: can't be blank
payment_type: can't be blank
notify_url: can't be blank
I, [2010-11-03T10:55:02.126515 #3253]  INFO -- : total_fee: can't be blank
sp_billno: can't be blank
return_url: can't be blank
cmdno: can't be blank
fee_type: can't be blank
desc: can't be blank
bank_type: can't be blank
attach: can't be blank
date: can't be blank
sign: can't be blankinvalid sign
spbill_create_ip: can't be blank
bargainor_id: can't be blank
transaction_id: can't be blank
I, [2010-11-03T10:55:02.128649 #3253]  INFO -- : total_fee: can't be blank
sp_billno: can't be blank
return_url: can't be blank
cmdno: can't be blank
fee_type: can't be blank
desc: can't be blank
bank_type: can't be blank
attach: can't be blank
date: can't be blank
sign: can't be blankinvalid sign
spbill_create_ip: can't be blank
bargainor_id: can't be blank
transaction_id: can't be blank
I, [2010-11-03T10:55:03.208940 #3253]  INFO -- : final: [21620002]您的请求无效，请重新操作
desc: can't be blank
bank_type: can't be blank
sign: can't be blankinvalid sign
transaction_id: 格式错误,transaction_id为28位长的数值,其中前10位为商户网站编号(SPID)，由财付通统一分配;之后8位为订单产生的日期,如20050415;最后10位商户需要保证一天内不同的事务(用户订购一次商品或购买一次服务),其ID不相同
I, [2010-11-03T10:55:04.246580 #3253]  INFO -- : final: [21620002]您的请求无效，请重新操作
desc: can't be blank
bank_type: can't be blank
sign: can't be blankinvalid sign
transaction_id: 格式错误,transaction_id为28位长的数值,其中前10位为商户网站编号(SPID)，由财付通统一分配;之后8位为订单产生的日期,如20050415;最后10位商户需要保证一天内不同的事务(用户订购一次商品或购买一次服务),其ID不相同
I, [2010-11-03T10:55:04.868334 #3253]  INFO -- : final: [21620002]您的请求无效，请重新操作
desc: can't be blank
bank_type: can't be blank
sign: can't be blankinvalid sign
transaction_id: 格式错误,transaction_id为28位长的数值,其中前10位为商户网站编号(SPID)，由财付通统一分配;之后8位为订单产生的日期,如20050415;最后10位商户需要保证一天内不同的事务(用户订购一次商品或购买一次服务),其ID不相同
I, [2010-11-03T10:55:05.266293 #3253]  INFO -- : final: 您的支付请求类型稍后支持,敬请期待
sp_billno: can't be blank
total_fee: can't be blank
cmdno: can't be blank
return_url: can't be blank
desc: can't be blank
fee_type: can't be blank
bank_type: can't be blank
attach: can't be blank
date: can't be blank
spbill_create_ip: can't be blank
sign: can't be blankinvalid sign
bargainor_id: can't be blank
transaction_id: can't be blank
I, [2010-11-03T10:55:10.901162 #3253]  INFO -- : final: [21620002]您的请求无效，请重新操作
desc: can't be blank
bank_type: can't be blank
sign: can't be blankinvalid sign
I, [2010-11-03T10:55:11.503556 #3253]  INFO -- : final: [21620002]您的请求无效，请重新操作
total_fee: 格式错误,只能为数字,以分为单位,不允许包含任何字符
desc: can't be blank
bank_type: can't be blank
sign: can't be blankinvalid sign
transaction_id: 格式错误,transaction_id为28位长的数值,其中前10位为商户网站编号(SPID)，由财付通统一分配;之后8位为订单产生的日期,如20050415;最后10位商户需要保证一天内不同的事务(用户订购一次商品或购买一次服务),其ID不相同
I, [2010-11-03T10:55:12.057654 #3253]  INFO -- : final: [21620002]您的请求无效，请重新操作
total_fee: 格式错误,只能为数字,以分为单位,不允许包含任何字符
desc: can't be blank
bank_type: can't be blank
sign: can't be blankinvalid sign
transaction_id: 格式错误,transaction_id为28位长的数值,其中前10位为商户网站编号(SPID)，由财付通统一分配;之后8位为订单产生的日期,如20050415;最后10位商户需要保证一天内不同的事务(用户订购一次商品或购买一次服务),其ID不相同
I, [2010-11-03T10:55:12.638299 #3253]  INFO -- : final: [21620002]您的请求无效，请重新操作
desc: can't be blank
bank_type: can't be blank
sign: can't be blankinvalid sign
transaction_id: 格式错误,transaction_id为28位长的数值,其中前10位为商户网站编号(SPID)，由财付通统一分配;之后8位为订单产生的日期,如20050415;最后10位商户需要保证一天内不同的事务(用户订购一次商品或购买一次服务),其ID不相同
I, [2010-11-03T10:55:13.248314 #3253]  INFO -- : final: [21620002]您的请求无效，请重新操作
desc: can't be blank
fee_type: 目前只支持人民币,请填1
bank_type: can't be blank
sign: can't be blankinvalid sign
transaction_id: 格式错误,transaction_id为28位长的数值,其中前10位为商户网站编号(SPID)，由财付通统一分配;之后8位为订单产生的日期,如20050415;最后10位商户需要保证一天内不同的事务(用户订购一次商品或购买一次服务),其ID不相同
I, [2010-11-03T10:55:13.790451 #3253]  INFO -- : final: [21620002]您的请求无效，请重新操作
desc: can't be blank
bank_type: can't be blank
sign: can't be blankinvalid sign
transaction_id: 格式错误,transaction_id为28位长的数值,其中前10位为商户网站编号(SPID)，由财付通统一分配;之后8位为订单产生的日期,如20050415;最后10位商户需要保证一天内不同的事务(用户订购一次商品或购买一次服务),其ID不相同
I, [2010-11-03T10:55:14.608614 #3253]  INFO -- : final: [21620002]您的请求无效，请重新操作
desc: can't be blank
bank_type: can't be blank
sign: can't be blankinvalid sign
spbill_create_ip: 格式错误
transaction_id: 格式错误,transaction_id为28位长的数值,其中前10位为商户网站编号(SPID)，由财付通统一分配;之后8位为订单产生的日期,如20050415;最后10位商户需要保证一天内不同的事务(用户订购一次商品或购买一次服务),其ID不相同
I, [2010-11-03T10:55:15.170935 #3253]  INFO -- : final: [21620002]您的请求无效，请重新操作
desc: can't be blank
bank_type: can't be blank
sign: can't be blankinvalid sign
spbill_create_ip: 格式错误
transaction_id: 格式错误,transaction_id为28位长的数值,其中前10位为商户网站编号(SPID)，由财付通统一分配;之后8位为订单产生的日期,如20050415;最后10位商户需要保证一天内不同的事务(用户订购一次商品或购买一次服务),其ID不相同
I, [2010-11-03T10:55:15.975471 #3253]  INFO -- : final: [21620002]您的请求无效，请重新操作
desc: can't be blank
bank_type: can't be blank
sign: can't be blankinvalid sign
transaction_id: 格式错误,transaction_id为28位长的数值,其中前10位为商户网站编号(SPID)，由财付通统一分配;之后8位为订单产生的日期,如20050415;最后10位商户需要保证一天内不同的事务(用户订购一次商品或购买一次服务),其ID不相同
I, [2010-11-03T10:55:16.522877 #3253]  INFO -- : final: [21620002]您的请求无效，请重新操作
sp_billno: 长度错误,应该在28个字符内
desc: can't be blank
bank_type: can't be blank
sign: can't be blankinvalid sign
transaction_id: 格式错误,transaction_id为28位长的数值,其中前10位为商户网站编号(SPID)，由财付通统一分配;之后8位为订单产生的日期,如20050415;最后10位商户需要保证一天内不同的事务(用户订购一次商品或购买一次服务),其ID不相同
I, [2010-11-03T10:55:16.911284 #3253]  INFO -- : final: 您的支付请求类型稍后支持,敬请期待
sp_billno: can't be blank
total_fee: can't be blank
cmdno: can't be blank
return_url: can't be blank
desc: can't be blank
fee_type: can't be blank
bank_type: can't be blank
attach: can't be blank
date: can't be blank
spbill_create_ip: can't be blank
sign: can't be blankinvalid sign
bargainor_id: can't be blank
transaction_id: can't be blank
I, [2010-11-03T10:55:17.474278 #3253]  INFO -- : final: [21620002]您的请求无效，请重新操作
desc: can't be blank
bank_type: can't be blank
sign: can't be blankinvalid sign
bargainor_id: 商户号不存在
transaction_id: 格式错误,transaction_id为28位长的数值,其中前10位为商户网站编号(SPID)，由财付通统一分配;之后8位为订单产生的日期,如20050415;最后10位商户需要保证一天内不同的事务(用户订购一次商品或购买一次服务),其ID不相同
I, [2010-11-03T10:55:18.027402 #3253]  INFO -- : final: [21620002]您的请求无效，请重新操作
desc: can't be blank
bank_type: can't be blank
sign: can't be blankinvalid sign
bargainor_id: 商户号不存在
transaction_id: 格式错误,transaction_id为28位长的数值,其中前10位为商户网站编号(SPID)，由财付通统一分配;之后8位为订单产生的日期,如20050415;最后10位商户需要保证一天内不同的事务(用户订购一次商品或购买一次服务),其ID不相同
I, [2010-11-03T10:55:18.403093 #3253]  INFO -- : final: 您的支付请求类型稍后支持,敬请期待
sp_billno: can't be blank
total_fee: can't be blank
cmdno: can't be blank
return_url: can't be blank
desc: can't be blank
fee_type: can't be blank
bank_type: can't be blank
attach: can't be blank
date: can't be blank
spbill_create_ip: can't be blank
sign: can't be blankinvalid sign
bargainor_id: can't be blank
transaction_id: can't be blank
I, [2010-11-03T10:55:18.775723 #3253]  INFO -- : final: 聽聽发生错误了！聽聽10000002|
desc: can't be blank
bank_type: can't be blank
sign: sign签名必须大写invalid sign
transaction_id: 格式错误,transaction_id为28位长的数值,其中前10位为商户网站编号(SPID)，由财付通统一分配;之后8位为订单产生的日期,如20050415;最后10位商户需要保证一天内不同的事务(用户订购一次商品或购买一次服务),其ID不相同
I, [2010-11-03T10:55:19.120335 #3253]  INFO -- : final: 聽聽发生错误了！聽聽10000002|
desc: can't be blank
bank_type: can't be blank
sign: invalid sign
transaction_id: 格式错误,transaction_id为28位长的数值,其中前10位为商户网站编号(SPID)，由财付通统一分配;之后8位为订单产生的日期,如20050415;最后10位商户需要保证一天内不同的事务(用户订购一次商品或购买一次服务),其ID不相同
I, [2010-11-03T10:55:24.665597 #3253]  INFO -- : final: [21620002]您的请求无效，请重新操作
desc: can't be blank
bank_type: can't be blank
sign: invalid sign
transaction_id: 格式错误,transaction_id为28位长的数值,其中前10位为商户网站编号(SPID)，由财付通统一分配;之后8位为订单产生的日期,如20050415;最后10位商户需要保证一天内不同的事务(用户订购一次商品或购买一次服务),其ID不相同
I, [2010-11-03T10:55:25.404234 #3253]  INFO -- : final: [21620002]您的请求无效，请重新操作
desc: can't be blank
bank_type: can't be blank
transaction_id: 格式错误,transaction_id为28位长的数值,其中前10位为商户网站编号(SPID)，由财付通统一分配;之后8位为订单产生的日期,如20050415;最后10位商户需要保证一天内不同的事务(用户订购一次商品或购买一次服务),其ID不相同
I, [2010-11-03T16:53:00.265036 #5800]  INFO -- : return_url: can't be blank
final: 错误代码 ILLEGAL_SERVICE
service: can't be blank
sign_type: can't be blank
subject: can't be blank
seller: seller_email and seller_id can not both be blank
sign: can't be blankinvalid sign
out_trade_no: can't be blank
partner: can't be blank
money: price and total_fee can not both be blank
payment_type: can't be blank
notify_url: can't be blank
I, [2010-11-03T16:53:00.649756 #5800]  INFO -- : return_url: can't be blank
final: 错误代码 ILLEGAL_PARTNER
sign_type: can't be blank
subject: can't be blank
seller: seller_email and seller_id can not both be blank
sign: can't be blankinvalid sign
out_trade_no: can't be blank
partner: can't be blank
money: price and total_fee can not both be blank
payment_type: can't be blank
notify_url: can't be blank
I, [2010-11-03T16:53:01.033559 #5800]  INFO -- : return_url: can't be blank
final: 错误代码 ILLEGAL_PARTNER
sign_type: can't be blank
_input_charset: should be utf-8 or gb2312
subject: can't be blank
seller: seller_email and seller_id can not both be blank
sign: can't be blankinvalid sign
out_trade_no: can't be blank
partner: can't be blank
money: price and total_fee can not both be blank
payment_type: can't be blank
notify_url: can't be blank
I, [2010-11-03T16:53:01.419169 #5800]  INFO -- : return_url: can't be blank
final: 错误代码 ILLEGAL_PARTNER
sign_type: can't be blank
subject: can't be blank
seller: seller_email and seller_id can not both be blank
sign: can't be blankinvalid sign
out_trade_no: can't be blank
partner: can't be blank
money: price and total_fee can not both be blank
payment_type: can't be blank
notify_url: can't be blank
I, [2010-11-03T16:53:01.807464 #5800]  INFO -- : return_url: can't be blank
final: 错误代码 ILLEGAL_PARTNER
sign_type: can't be blank
subject: can't be blank
seller: seller_email and seller_id can not both be blank
sign: can't be blankinvalid sign
out_trade_no: can't be blank
partner: can't be blank
money: price and total_fee can not both be blank
payment_type: can't be blank
notify_url: can't be blank
I, [2010-11-03T16:53:02.202804 #5800]  INFO -- : total_fee: format should be Number(13, 2)
return_url: can't be blank
final: 错误代码 ILLEGAL_PARTNER
sign_type: can't be blank
subject: can't be blank
seller: seller_email and seller_id can not both be blank
sign: can't be blankinvalid sign
quantity: if price is not blank, must input quantity
out_trade_no: can't be blank
price: format should be Number(13, 2)
partner: can't be blank
money: price和total_fee不能同时出现
payment_type: can't be blank
notify_url: can't be blank
I, [2010-11-03T16:53:02.822445 #5800]  INFO -- : return_url: can't be blank
final: 错误代码 ILLEGAL_PARTNER
sign_type: can't be blank
subject: can't be blank
seller: seller_email and seller_id can not both be blank
sign: can't be blankinvalid sign
quantity: if price is not blank, must input quantity
out_trade_no: can't be blank
partner: can't be blank
payment_type: can't be blank
notify_url: can't be blank
I, [2010-11-03T16:53:03.477668 #5800]  INFO -- : return_url: can't be blank
final: 错误代码 ILLEGAL_PARTNER
sign_type: can't be blank
subject: can't be blank
seller: seller_email and seller_id can not both be blank
sign: can't be blankinvalid sign
out_trade_no: can't be blank
partner: can't be blank
money: price and total_fee can not both be blank
payment_type: can't be blank
notify_url: can't be blank
I, [2010-11-03T16:53:04.964359 #5800]  INFO -- : return_url: can't be blank
final: 错误代码 ILLEGAL_PARTNER
sign_type: can't be blank
subject: can't be blank
seller: seller_email and seller_id can not both be blank
sign: can't be blankinvalid sign
out_trade_no: can't be blank
partner: is too long (maximum is 16 characters)not exist
money: price and total_fee can not both be blank
payment_type: is too long (maximum is 4 characters)
notify_url: can't be blank
I, [2010-11-03T16:53:10.361103 #5800]  INFO -- : return_url: can't be blank
final: 错误代码 ILLEGAL_PARTNER
sign_type: can't be blank
subject: can't be blank
seller: seller_email and seller_id can not both be blank
sign: can't be blankinvalid sign
quantity: should be integer and between 1~999999
out_trade_no: can't be blank
partner: can't be blank
money: price and total_fee can not both be blank
payment_type: can't be blank
notify_url: can't be blank
I, [2010-11-03T16:53:10.981797 #5800]  INFO -- : return_url: can't be blank
final: 错误代码 ILLEGAL_PARTNER
sign_type: can't be blank
subject: can't be blank
seller: seller_email and seller_id can not both be blank
sign: can't be blankinvalid sign
quantity: should be integer and between 1~999999
out_trade_no: can't be blank
partner: can't be blank
money: price and total_fee can not both be blank
payment_type: can't be blank
notify_url: can't be blank
I, [2010-11-03T16:53:11.383220 #5800]  INFO -- : return_url: can't be blank
final: 错误代码 ILLEGAL_PARTNER
sign_type: can't be blank
subject: can't be blank
seller: seller_email and seller_id can not both be blank
sign: can't be blankinvalid sign
quantity: should be integer and between 1~999999
out_trade_no: can't be blank
partner: can't be blank
money: price and total_fee can not both be blank
payment_type: can't be blank
notify_url: can't be blank
I, [2010-11-03T16:53:11.766679 #5800]  INFO -- : return_url: can't be blank
final: 错误代码 ILLEGAL_PARTNER
sign_type: can't be blank
subject: can't be blank
seller: seller_email and seller_id can not both be blank
sign: can't be blankinvalid sign
out_trade_no: can't be blank
money: price and total_fee can not both be blank
partner: not exist
payment_type: can't be blank
notify_url: can't be blank
I, [2010-11-03T16:53:12.156446 #5800]  INFO -- : return_url: can't be blank
final: 错误代码 ILLEGAL_PARTNER
sign_type: can't be blank
subject: can't be blank
seller: seller_email and seller_id can not both be blank
sign: can't be blankinvalid sign
out_trade_no: can't be blank
money: price and total_fee can not both be blank
payment_type: can't be blank
notify_url: can't be blank
I, [2010-11-03T16:53:12.551116 #5800]  INFO -- : return_url: can't be blank
final: 错误代码 ILLEGAL_SERVICE
service: can't be blank
sign_type: can't be blank
subject: can't be blank
seller: seller_email and seller_id can not both be blank
sign: can't be blankinvalid sign
out_trade_no: can't be blank
partner: can't be blank
money: price and total_fee can not both be blank
payment_type: can't be blank
notify_url: can't be blank
I, [2010-11-03T16:53:12.939082 #5800]  INFO -- : return_url: can't be blank
final: 错误代码 ILLEGAL_PARTNER
sign_type: can't be blank
subject: can't be blank
seller: seller_email and seller_id can not both be blank
sign: can't be blankinvalid sign
quantity: if price is not blank, must input quantity
out_trade_no: can't be blank
partner: can't be blank
money: price和total_fee不能同时出现
payment_type: can't be blank
notify_url: can't be blank
I, [2010-11-03T16:53:13.326589 #5800]  INFO -- : return_url: can't be blank
final: 错误代码 ILLEGAL_PARTNER
sign_type: can't be blank
subject: can't be blank
seller: seller_email and seller_id can not both be blank
sign: can't be blankinvalid sign
out_trade_no: can't be blank
partner: can't be blank
money: price and total_fee can not both be blank
payment_type: can't be blank
notify_url: can't be blank
I, [2010-11-03T16:53:14.813185 #5800]  INFO -- : return_url: can't be blank
final: 错误代码 ILLEGAL_PARTNER
sign_type: can't be blank
subject: can't be blank
seller: seller_email and seller_id can not both be blank
sign: invalid sign
out_trade_no: can't be blank
money: price and total_fee can not both be blank
payment_type: can't be blank
notify_url: can't be blank
I, [2010-11-03T16:53:15.193479 #5800]  INFO -- : return_url: can't be blank
final: 错误代码 ILLEGAL_PARTNER
sign_type: can't be blank
subject: can't be blank
seller: seller_email and seller_id can not both be blank
out_trade_no: can't be blank
money: price and total_fee can not both be blank
payment_type: can't be blank
notify_url: can't be blank
I, [2010-11-03T16:53:32.078720 #5800]  INFO -- : final: 出错了!200903数据签名验证未通过 
sign: invalid v_md5info
v_md5info: can't be blank
I, [2010-11-03T16:53:33.384000 #5800]  INFO -- : v_oid: is too long (maximum is 64 characters)
final: 出错了!500903参数错误,订单号过长 
sign: invalid v_md5info
v_url: is too long (maximum is 200 characters)
v_md5info: can't be blank
I, [2010-11-03T16:53:35.845889 #5800]  INFO -- : final: 出错了!501112参数错误,非法金额参数 
v_amount: format should be Number(6, 2)
sign: invalid v_md5info
v_md5info: can't be blank
I, [2010-11-03T16:53:36.297796 #5800]  INFO -- : final: 出错了!500708参数错误,该商户ID不存在 
sign: invalid v_md5info
v_md5info: can't be blank
v_mid: 商户编号不存在
I, [2010-11-03T16:53:37.403023 #5800]  INFO -- : final: 出错了!200903数据签名验证未通过 
sign: invalid v_md5info
v_md5info: can't be blank
I, [2010-11-03T16:53:37.716153 #5800]  INFO -- : v_oid: can't be blank
final: 出错了!500800错误的数据格式,不能解析 
v_amount: can't be blank
v_moneytype: can't be blank
v_url: can't be blank
sign: invalid v_md5info
v_md5info: can't be blank
v_mid: can't be blank
I, [2010-11-03T16:53:38.064881 #5800]  INFO -- : final: 出错了!200903数据签名验证未通过 
sign: invalid v_md5info
I, [2010-11-03T16:53:38.412049 #5800]  INFO -- : final: 出错了!200903数据签名验证未通过 
I, [2010-11-03T16:53:38.891601 #5800]  INFO -- : Wed Nov 03 16:53:38 +0800 2010:./test/../lib/magpie/rubber.rb:7}:./test/../lib/magpie/utils.rb:120:in `send_notify'
/usr/local/lib/ruby/1.8/timeout.rb:62:in `timeout'
/usr/local/lib/ruby/1.8/timeout.rb:93:in `timeout'
./test/../lib/magpie/utils.rb:112:in `send_notify'
./test/../lib/magpie/rubber.rb:5:in `try'
./test/../lib/magpie/utils.rb:111:in `send_notify'
./test/test_utils.rb:23:in `test_send_notify_code'
/usr/local/lib/ruby/1.8/test/unit/testcase.rb:78:in `__send__'
/usr/local/lib/ruby/1.8/test/unit/testcase.rb:78:in `run'
I, [2010-11-03T16:53:39.112485 #5800]  INFO -- : Wed Nov 03 16:53:39 +0800 2010:./test/../lib/magpie/rubber.rb:7}:./test/../lib/magpie/utils.rb:120:in `send_notify'
/usr/local/lib/ruby/1.8/timeout.rb:62:in `timeout'
/usr/local/lib/ruby/1.8/timeout.rb:93:in `timeout'
./test/../lib/magpie/utils.rb:112:in `send_notify'
./test/../lib/magpie/rubber.rb:5:in `try'
./test/../lib/magpie/utils.rb:111:in `send_notify'
./test/test_utils.rb:23:in `test_send_notify_code'
/usr/local/lib/ruby/1.8/test/unit/testcase.rb:78:in `__send__'
/usr/local/lib/ruby/1.8/test/unit/testcase.rb:78:in `run'
I, [2010-11-03T16:53:39.332912 #5800]  INFO -- : Wed Nov 03 16:53:39 +0800 2010:./test/../lib/magpie/rubber.rb:7}:./test/../lib/magpie/utils.rb:120:in `send_notify'
/usr/local/lib/ruby/1.8/timeout.rb:62:in `timeout'
/usr/local/lib/ruby/1.8/timeout.rb:93:in `timeout'
./test/../lib/magpie/utils.rb:112:in `send_notify'
./test/../lib/magpie/rubber.rb:5:in `try'
./test/../lib/magpie/utils.rb:111:in `send_notify'
./test/test_utils.rb:23:in `test_send_notify_code'
/usr/local/lib/ruby/1.8/test/unit/testcase.rb:78:in `__send__'
/usr/local/lib/ruby/1.8/test/unit/testcase.rb:78:in `run'
I, [2010-11-03T16:53:39.764439 #5800]  INFO -- : Wed Nov 03 16:53:39 +0800 2010:./test/../lib/magpie/rubber.rb:7}:./test/../lib/magpie/utils.rb:120:in `send_notify'
/usr/local/lib/ruby/1.8/timeout.rb:62:in `timeout'
/usr/local/lib/ruby/1.8/timeout.rb:93:in `timeout'
./test/../lib/magpie/utils.rb:112:in `send_notify'
./test/../lib/magpie/rubber.rb:5:in `try'
./test/../lib/magpie/utils.rb:111:in `send_notify'
./test/test_utils.rb:29:in `test_send_notify_code'
/usr/local/lib/ruby/1.8/test/unit/testcase.rb:78:in `__send__'
/usr/local/lib/ruby/1.8/test/unit/testcase.rb:78:in `run'
I, [2010-11-03T16:53:39.980896 #5800]  INFO -- : Wed Nov 03 16:53:39 +0800 2010:./test/../lib/magpie/rubber.rb:7}:./test/../lib/magpie/utils.rb:120:in `send_notify'
/usr/local/lib/ruby/1.8/timeout.rb:62:in `timeout'
/usr/local/lib/ruby/1.8/timeout.rb:93:in `timeout'
./test/../lib/magpie/utils.rb:112:in `send_notify'
./test/../lib/magpie/rubber.rb:5:in `try'
./test/../lib/magpie/utils.rb:111:in `send_notify'
./test/test_utils.rb:29:in `test_send_notify_code'
/usr/local/lib/ruby/1.8/test/unit/testcase.rb:78:in `__send__'
/usr/local/lib/ruby/1.8/test/unit/testcase.rb:78:in `run'
I, [2010-11-03T16:53:40.196726 #5800]  INFO -- : Wed Nov 03 16:53:40 +0800 2010:./test/../lib/magpie/rubber.rb:7}:./test/../lib/magpie/utils.rb:120:in `send_notify'
/usr/local/lib/ruby/1.8/timeout.rb:62:in `timeout'
/usr/local/lib/ruby/1.8/timeout.rb:93:in `timeout'
./test/../lib/magpie/utils.rb:112:in `send_notify'
./test/../lib/magpie/rubber.rb:5:in `try'
./test/../lib/magpie/utils.rb:111:in `send_notify'
./test/test_utils.rb:29:in `test_send_notify_code'
/usr/local/lib/ruby/1.8/test/unit/testcase.rb:78:in `__send__'
/usr/local/lib/ruby/1.8/test/unit/testcase.rb:78:in `run'
I, [2010-11-03T16:53:40.408691 #5800]  INFO -- : Wed Nov 03 16:53:40 +0800 2010:./test/../lib/magpie/rubber.rb:7}:/usr/local/lib/ruby/1.8/net/http.rb:560:in `initialize'
/usr/local/lib/ruby/1.8/net/http.rb:560:in `open'
/usr/local/lib/ruby/1.8/net/http.rb:560:in `connect'
/usr/local/lib/ruby/1.8/timeout.rb:53:in `timeout'
/usr/local/lib/ruby/1.8/timeout.rb:93:in `timeout'
/usr/local/lib/ruby/1.8/net/http.rb:560:in `connect'
/usr/local/lib/ruby/1.8/net/http.rb:553:in `do_start'
/usr/local/lib/ruby/1.8/net/http.rb:542:in `start'
./test/../lib/magpie/utils.rb:90:in `start_http'
I, [2010-11-03T16:53:40.409458 #5800]  INFO -- : Wed Nov 03 16:53:40 +0800 2010:./test/../lib/magpie/rubber.rb:7}:/usr/local/lib/ruby/1.8/net/http.rb:560:in `initialize'
/usr/local/lib/ruby/1.8/net/http.rb:560:in `open'
/usr/local/lib/ruby/1.8/net/http.rb:560:in `connect'
/usr/local/lib/ruby/1.8/timeout.rb:53:in `timeout'
/usr/local/lib/ruby/1.8/timeout.rb:93:in `timeout'
/usr/local/lib/ruby/1.8/net/http.rb:560:in `connect'
/usr/local/lib/ruby/1.8/net/http.rb:553:in `do_start'
/usr/local/lib/ruby/1.8/net/http.rb:542:in `start'
./test/../lib/magpie/utils.rb:90:in `start_http'
I, [2010-11-03T16:53:40.410776 #5800]  INFO -- : Wed Nov 03 16:53:40 +0800 2010:./test/../lib/magpie/rubber.rb:7}:/usr/local/lib/ruby/1.8/net/http.rb:560:in `initialize'
/usr/local/lib/ruby/1.8/net/http.rb:560:in `open'
/usr/local/lib/ruby/1.8/net/http.rb:560:in `connect'
/usr/local/lib/ruby/1.8/timeout.rb:53:in `timeout'
/usr/local/lib/ruby/1.8/timeout.rb:93:in `timeout'
/usr/local/lib/ruby/1.8/net/http.rb:560:in `connect'
/usr/local/lib/ruby/1.8/net/http.rb:553:in `do_start'
/usr/local/lib/ruby/1.8/net/http.rb:542:in `start'
./test/../lib/magpie/utils.rb:90:in `start_http'
I, [2010-11-03T16:53:40.413893 #5800]  INFO -- : return_url: can't be blank
sign_type: can't be blank
service: can't be blank
seller: seller_email and seller_id can not both be blank
subject: can't be blank
sign: can't be blankinvalid sign
out_trade_no: can't be blank
money: price and total_fee can not both be blank
partner: can't be blank
payment_type: can't be blank
notify_url: can't be blank
I, [2010-11-03T16:53:40.415841 #5800]  INFO -- : v_oid: can't be blank
v_amount: can't be blank
v_moneytype: can't be blank
sign: invalid v_md5info
v_url: can't be blank
v_md5info: can't be blank
v_mid: can't be blank
I, [2010-11-03T16:53:40.417606 #5800]  INFO -- : v_oid: can't be blank
v_amount: can't be blank
v_moneytype: can't be blank
sign: invalid v_md5info
v_url: can't be blank
v_md5info: can't be blank
v_mid: can't be blank
I, [2010-11-03T16:53:40.419840 #5800]  INFO -- : #<NoMethodError: private method `split' called for nil:NilClass>:
./test/../lib/middles/snake.rb:101:in `query_to_hash'
./test/../lib/middles/snake.rb:84:in `order_pay'
./test/../lib/middles/snake.rb:10:in `call'
./test/../lib/middles/snake.rb:10
./test/../lib/middles/snake.rb:24:in `call'
./test/../lib/middles/snake.rb:24:in `call'
./test/../lib/middles/snake.rb:22:in `each'
./test/../lib/middles/snake.rb:22:in `call'
/usr/local/lib/ruby/gems/1.8/gems/rack-1.2.1/lib/rack/static.rb:33:in `call'
I, [2010-11-03T16:53:40.420627 #5800]  INFO -- : return_url: can't be blank
sign_type: can't be blank
service: can't be blank
seller: seller_email and seller_id can not both be blank
subject: can't be blank
sign: can't be blankinvalid sign
out_trade_no: can't be blank
money: price and total_fee can not both be blank
partner: can't be blank
payment_type: can't be blank
notify_url: can't be blank
I, [2010-11-03T16:53:40.422979 #5800]  INFO -- : total_fee: can't be blank
bargainor_id: can't be blank
return_url: can't be blank
transaction_id: can't be blank
desc: can't be blank
sp_billno: can't be blank
date: can't be blank
cmdno: can't be blank
sign: can't be blankinvalid sign
fee_type: can't be blank
bank_type: can't be blank
attach: can't be blank
spbill_create_ip: can't be blank
I, [2010-11-03T16:53:40.424815 #5800]  INFO -- : total_fee: can't be blank
bargainor_id: can't be blank
return_url: can't be blank
transaction_id: can't be blank
desc: can't be blank
sp_billno: can't be blank
date: can't be blank
cmdno: can't be blank
sign: can't be blankinvalid sign
fee_type: can't be blank
bank_type: can't be blank
attach: can't be blank
spbill_create_ip: can't be blank
I, [2010-11-03T16:53:41.066872 #5800]  INFO -- : final: [21620002]您的请求无效，请重新操作
desc: can't be blank
transaction_id: 格式错误,transaction_id为28位长的数值,其中前10位为商户网站编号(SPID)，由财付通统一分配;之后8位为订单产生的日期,如20050415;最后10位商户需要保证一天内不同的事务(用户订购一次商品或购买一次服务),其ID不相同
sign: can't be blankinvalid sign
bank_type: can't be blank
I, [2010-11-03T16:53:41.689865 #5800]  INFO -- : final: [21620002]您的请求无效，请重新操作
desc: can't be blank
transaction_id: 格式错误,transaction_id为28位长的数值,其中前10位为商户网站编号(SPID)，由财付通统一分配;之后8位为订单产生的日期,如20050415;最后10位商户需要保证一天内不同的事务(用户订购一次商品或购买一次服务),其ID不相同
sign: can't be blankinvalid sign
bank_type: can't be blank
I, [2010-11-03T16:53:42.357225 #5800]  INFO -- : final: [21620002]您的请求无效，请重新操作
desc: can't be blank
transaction_id: 格式错误,transaction_id为28位长的数值,其中前10位为商户网站编号(SPID)，由财付通统一分配;之后8位为订单产生的日期,如20050415;最后10位商户需要保证一天内不同的事务(用户订购一次商品或购买一次服务),其ID不相同
sign: can't be blankinvalid sign
bank_type: can't be blank
I, [2010-11-03T16:53:42.761305 #5800]  INFO -- : bargainor_id: can't be blank
total_fee: can't be blank
return_url: can't be blank
final: 您的支付请求类型稍后支持,敬请期待
desc: can't be blank
transaction_id: can't be blank
sp_billno: can't be blank
cmdno: can't be blank
date: can't be blank
fee_type: can't be blank
sign: can't be blankinvalid sign
bank_type: can't be blank
attach: can't be blank
spbill_create_ip: can't be blank
I, [2010-11-03T16:53:43.383749 #5800]  INFO -- : final: [21620002]您的请求无效，请重新操作
desc: can't be blank
sign: can't be blankinvalid sign
bank_type: can't be blank
I, [2010-11-03T16:53:49.091123 #5800]  INFO -- : total_fee: 格式错误,只能为数字,以分为单位,不允许包含任何字符
final: [21620002]您的请求无效，请重新操作
desc: can't be blank
transaction_id: 格式错误,transaction_id为28位长的数值,其中前10位为商户网站编号(SPID)，由财付通统一分配;之后8位为订单产生的日期,如20050415;最后10位商户需要保证一天内不同的事务(用户订购一次商品或购买一次服务),其ID不相同
sign: can't be blankinvalid sign
bank_type: can't be blank
I, [2010-11-03T16:53:50.056044 #5800]  INFO -- : total_fee: 格式错误,只能为数字,以分为单位,不允许包含任何字符
final: [21620002]您的请求无效，请重新操作
desc: can't be blank
transaction_id: 格式错误,transaction_id为28位长的数值,其中前10位为商户网站编号(SPID)，由财付通统一分配;之后8位为订单产生的日期,如20050415;最后10位商户需要保证一天内不同的事务(用户订购一次商品或购买一次服务),其ID不相同
sign: can't be blankinvalid sign
bank_type: can't be blank
I, [2010-11-03T16:53:50.931898 #5800]  INFO -- : final: [21620002]您的请求无效，请重新操作
desc: can't be blank
transaction_id: 格式错误,transaction_id为28位长的数值,其中前10位为商户网站编号(SPID)，由财付通统一分配;之后8位为订单产生的日期,如20050415;最后10位商户需要保证一天内不同的事务(用户订购一次商品或购买一次服务),其ID不相同
sign: can't be blankinvalid sign
bank_type: can't be blank
I, [2010-11-03T16:53:54.556845 #5800]  INFO -- : final: [21620002]您的请求无效，请重新操作
desc: can't be blank
transaction_id: 格式错误,transaction_id为28位长的数值,其中前10位为商户网站编号(SPID)，由财付通统一分配;之后8位为订单产生的日期,如20050415;最后10位商户需要保证一天内不同的事务(用户订购一次商品或购买一次服务),其ID不相同
sign: can't be blankinvalid sign
fee_type: 目前只支持人民币,请填1
bank_type: can't be blank
I, [2010-11-03T16:53:55.311415 #5800]  INFO -- : final: [21620002]您的请求无效，请重新操作
desc: can't be blank
transaction_id: 格式错误,transaction_id为28位长的数值,其中前10位为商户网站编号(SPID)，由财付通统一分配;之后8位为订单产生的日期,如20050415;最后10位商户需要保证一天内不同的事务(用户订购一次商品或购买一次服务),其ID不相同
sign: can't be blankinvalid sign
bank_type: can't be blank
I, [2010-11-03T16:53:55.901351 #5800]  INFO -- : final: [21620002]您的请求无效，请重新操作
desc: can't be blank
transaction_id: 格式错误,transaction_id为28位长的数值,其中前10位为商户网站编号(SPID)，由财付通统一分配;之后8位为订单产生的日期,如20050415;最后10位商户需要保证一天内不同的事务(用户订购一次商品或购买一次服务),其ID不相同
sign: can't be blankinvalid sign
bank_type: can't be blank
spbill_create_ip: 格式错误
I, [2010-11-03T16:53:56.479088 #5800]  INFO -- : final: [21620002]您的请求无效，请重新操作
desc: can't be blank
transaction_id: 格式错误,transaction_id为28位长的数值,其中前10位为商户网站编号(SPID)，由财付通统一分配;之后8位为订单产生的日期,如20050415;最后10位商户需要保证一天内不同的事务(用户订购一次商品或购买一次服务),其ID不相同
sign: can't be blankinvalid sign
bank_type: can't be blank
spbill_create_ip: 格式错误
I, [2010-11-03T16:54:02.103959 #5800]  INFO -- : final: [21620002]您的请求无效，请重新操作
desc: can't be blank
transaction_id: 格式错误,transaction_id为28位长的数值,其中前10位为商户网站编号(SPID)，由财付通统一分配;之后8位为订单产生的日期,如20050415;最后10位商户需要保证一天内不同的事务(用户订购一次商品或购买一次服务),其ID不相同
sign: can't be blankinvalid sign
bank_type: can't be blank
I, [2010-11-03T16:54:02.711977 #5800]  INFO -- : final: [21620002]您的请求无效，请重新操作
desc: can't be blank
transaction_id: 格式错误,transaction_id为28位长的数值,其中前10位为商户网站编号(SPID)，由财付通统一分配;之后8位为订单产生的日期,如20050415;最后10位商户需要保证一天内不同的事务(用户订购一次商品或购买一次服务),其ID不相同
sp_billno: 长度错误,应该在28个字符内
sign: can't be blankinvalid sign
bank_type: can't be blank
I, [2010-11-03T16:54:03.111258 #5800]  INFO -- : bargainor_id: can't be blank
total_fee: can't be blank
return_url: can't be blank
final: 您的支付请求类型稍后支持,敬请期待
desc: can't be blank
transaction_id: can't be blank
sp_billno: can't be blank
cmdno: can't be blank
date: can't be blank
fee_type: can't be blank
sign: can't be blankinvalid sign
bank_type: can't be blank
attach: can't be blank
spbill_create_ip: can't be blank
I, [2010-11-03T16:54:03.872594 #5800]  INFO -- : bargainor_id: 商户号不存在
final: [21620002]您的请求无效，请重新操作
desc: can't be blank
transaction_id: 格式错误,transaction_id为28位长的数值,其中前10位为商户网站编号(SPID)，由财付通统一分配;之后8位为订单产生的日期,如20050415;最后10位商户需要保证一天内不同的事务(用户订购一次商品或购买一次服务),其ID不相同
sign: can't be blankinvalid sign
bank_type: can't be blank
I, [2010-11-03T16:54:04.497224 #5800]  INFO -- : bargainor_id: 商户号不存在
final: [21620002]您的请求无效，请重新操作
desc: can't be blank
transaction_id: 格式错误,transaction_id为28位长的数值,其中前10位为商户网站编号(SPID)，由财付通统一分配;之后8位为订单产生的日期,如20050415;最后10位商户需要保证一天内不同的事务(用户订购一次商品或购买一次服务),其ID不相同
sign: can't be blankinvalid sign
bank_type: can't be blank
I, [2010-11-03T16:54:04.936800 #5800]  INFO -- : bargainor_id: can't be blank
total_fee: can't be blank
return_url: can't be blank
final: 您的支付请求类型稍后支持,敬请期待
desc: can't be blank
transaction_id: can't be blank
sp_billno: can't be blank
cmdno: can't be blank
date: can't be blank
fee_type: can't be blank
sign: can't be blankinvalid sign
bank_type: can't be blank
attach: can't be blank
spbill_create_ip: can't be blank
I, [2010-11-03T16:54:05.291512 #5800]  INFO -- : final: 聽聽发生错误了！聽聽10000002|
desc: can't be blank
transaction_id: 格式错误,transaction_id为28位长的数值,其中前10位为商户网站编号(SPID)，由财付通统一分配;之后8位为订单产生的日期,如20050415;最后10位商户需要保证一天内不同的事务(用户订购一次商品或购买一次服务),其ID不相同
sign: sign签名必须大写invalid sign
bank_type: can't be blank
I, [2010-11-03T16:54:05.647892 #5800]  INFO -- : final: 聽聽发生错误了！聽聽10000002|
desc: can't be blank
transaction_id: 格式错误,transaction_id为28位长的数值,其中前10位为商户网站编号(SPID)，由财付通统一分配;之后8位为订单产生的日期,如20050415;最后10位商户需要保证一天内不同的事务(用户订购一次商品或购买一次服务),其ID不相同
sign: invalid sign
bank_type: can't be blank
I, [2010-11-03T16:54:06.428807 #5800]  INFO -- : final: [21620002]您的请求无效，请重新操作
desc: can't be blank
transaction_id: 格式错误,transaction_id为28位长的数值,其中前10位为商户网站编号(SPID)，由财付通统一分配;之后8位为订单产生的日期,如20050415;最后10位商户需要保证一天内不同的事务(用户订购一次商品或购买一次服务),其ID不相同
sign: invalid sign
bank_type: can't be blank
I, [2010-11-03T16:54:07.015428 #5800]  INFO -- : final: [21620002]您的请求无效，请重新操作
desc: can't be blank
transaction_id: 格式错误,transaction_id为28位长的数值,其中前10位为商户网站编号(SPID)，由财付通统一分配;之后8位为订单产生的日期,如20050415;最后10位商户需要保证一天内不同的事务(用户订购一次商品或购买一次服务),其ID不相同
bank_type: can't be blank
I, [2010-11-08T16:16:15.828572 #4932]  INFO -- : return_url: can't be blank
final: 错误代码 ILLEGAL_SERVICE
service: can't be blank
sign_type: can't be blank
subject: can't be blank
seller: seller_email and seller_id can not both be blank
sign: can't be blankinvalid sign
out_trade_no: can't be blank
partner: can't be blank
money: price and total_fee can not both be blank
payment_type: can't be blank
notify_url: can't be blank
I, [2010-11-08T16:16:16.229240 #4932]  INFO -- : return_url: can't be blank
final: 错误代码 ILLEGAL_PARTNER
sign_type: can't be blank
subject: can't be blank
seller: seller_email and seller_id can not both be blank
sign: can't be blankinvalid sign
out_trade_no: can't be blank
partner: can't be blank
money: price and total_fee can not both be blank
payment_type: can't be blank
notify_url: can't be blank
I, [2010-11-08T16:16:16.598311 #4932]  INFO -- : return_url: can't be blank
final: 错误代码 ILLEGAL_PARTNER
sign_type: can't be blank
_input_charset: should be utf-8 or gb2312
subject: can't be blank
seller: seller_email and seller_id can not both be blank
sign: can't be blankinvalid sign
out_trade_no: can't be blank
partner: can't be blank
money: price and total_fee can not both be blank
payment_type: can't be blank
notify_url: can't be blank
I, [2010-11-08T16:16:16.997970 #4932]  INFO -- : return_url: can't be blank
final: 错误代码 ILLEGAL_PARTNER
sign_type: can't be blank
subject: can't be blank
seller: seller_email and seller_id can not both be blank
sign: can't be blankinvalid sign
out_trade_no: can't be blank
partner: can't be blank
money: price and total_fee can not both be blank
payment_type: can't be blank
notify_url: can't be blank
I, [2010-11-08T16:16:17.366212 #4932]  INFO -- : return_url: can't be blank
final: 错误代码 ILLEGAL_PARTNER
sign_type: can't be blank
subject: can't be blank
seller: seller_email and seller_id can not both be blank
sign: can't be blankinvalid sign
out_trade_no: can't be blank
partner: can't be blank
money: price and total_fee can not both be blank
payment_type: can't be blank
notify_url: can't be blank
I, [2010-11-08T16:16:17.735278 #4932]  INFO -- : total_fee: format should be Number(13, 2)
return_url: can't be blank
final: 错误代码 ILLEGAL_PARTNER
sign_type: can't be blank
subject: can't be blank
seller: seller_email and seller_id can not both be blank
sign: can't be blankinvalid sign
quantity: if price is not blank, must input quantity
out_trade_no: can't be blank
price: format should be Number(13, 2)
partner: can't be blank
money: price和total_fee不能同时出现
payment_type: can't be blank
notify_url: can't be blank
I, [2010-11-08T16:16:18.105388 #4932]  INFO -- : return_url: can't be blank
final: 错误代码 ILLEGAL_PARTNER
sign_type: can't be blank
subject: can't be blank
seller: seller_email and seller_id can not both be blank
sign: can't be blankinvalid sign
quantity: if price is not blank, must input quantity
out_trade_no: can't be blank
partner: can't be blank
payment_type: can't be blank
notify_url: can't be blank
I, [2010-11-08T16:16:18.695142 #4932]  INFO -- : return_url: can't be blank
final: 错误代码 ILLEGAL_PARTNER
sign_type: can't be blank
subject: can't be blank
seller: seller_email and seller_id can not both be blank
sign: can't be blankinvalid sign
out_trade_no: can't be blank
partner: can't be blank
money: price and total_fee can not both be blank
payment_type: can't be blank
notify_url: can't be blank
I, [2010-11-08T16:16:19.058297 #4932]  INFO -- : return_url: can't be blank
final: 错误代码 ILLEGAL_PARTNER
sign_type: can't be blank
subject: can't be blank
seller: seller_email and seller_id can not both be blank
sign: can't be blankinvalid sign
out_trade_no: can't be blank
partner: is too long (maximum is 16 characters)not exist
money: price and total_fee can not both be blank
payment_type: is too long (maximum is 4 characters)
notify_url: can't be blank
I, [2010-11-08T16:16:19.460217 #4932]  INFO -- : return_url: can't be blank
final: 错误代码 ILLEGAL_PARTNER
sign_type: can't be blank
subject: can't be blank
seller: seller_email and seller_id can not both be blank
sign: can't be blankinvalid sign
quantity: should be integer and between 1~999999
out_trade_no: can't be blank
partner: can't be blank
money: price and total_fee can not both be blank
payment_type: can't be blank
notify_url: can't be blank
I, [2010-11-08T16:16:24.841863 #4932]  INFO -- : return_url: can't be blank
final: 错误代码 ILLEGAL_PARTNER
sign_type: can't be blank
subject: can't be blank
seller: seller_email and seller_id can not both be blank
sign: can't be blankinvalid sign
quantity: should be integer and between 1~999999
out_trade_no: can't be blank
partner: can't be blank
money: price and total_fee can not both be blank
payment_type: can't be blank
notify_url: can't be blank
I, [2010-11-08T16:16:28.239711 #4932]  INFO -- : return_url: can't be blank
final: 错误代码 ILLEGAL_PARTNER
sign_type: can't be blank
subject: can't be blank
seller: seller_email and seller_id can not both be blank
sign: can't be blankinvalid sign
quantity: should be integer and between 1~999999
out_trade_no: can't be blank
partner: can't be blank
money: price and total_fee can not both be blank
payment_type: can't be blank
notify_url: can't be blank
I, [2010-11-08T16:16:28.605461 #4932]  INFO -- : return_url: can't be blank
final: 错误代码 ILLEGAL_PARTNER
sign_type: can't be blank
subject: can't be blank
seller: seller_email and seller_id can not both be blank
sign: can't be blankinvalid sign
out_trade_no: can't be blank
money: price and total_fee can not both be blank
partner: not exist
payment_type: can't be blank
notify_url: can't be blank
I, [2010-11-08T16:16:28.997054 #4932]  INFO -- : return_url: can't be blank
final: 错误代码 ILLEGAL_PARTNER
sign_type: can't be blank
subject: can't be blank
seller: seller_email and seller_id can not both be blank
sign: can't be blankinvalid sign
out_trade_no: can't be blank
money: price and total_fee can not both be blank
payment_type: can't be blank
notify_url: can't be blank
I, [2010-11-08T16:16:29.371269 #4932]  INFO -- : return_url: can't be blank
final: 错误代码 ILLEGAL_SERVICE
service: can't be blank
sign_type: can't be blank
subject: can't be blank
seller: seller_email and seller_id can not both be blank
sign: can't be blankinvalid sign
out_trade_no: can't be blank
partner: can't be blank
money: price and total_fee can not both be blank
payment_type: can't be blank
notify_url: can't be blank
I, [2010-11-08T16:16:29.741629 #4932]  INFO -- : return_url: can't be blank
final: 错误代码 ILLEGAL_PARTNER
sign_type: can't be blank
subject: can't be blank
seller: seller_email and seller_id can not both be blank
sign: can't be blankinvalid sign
quantity: if price is not blank, must input quantity
out_trade_no: can't be blank
partner: can't be blank
money: price和total_fee不能同时出现
payment_type: can't be blank
notify_url: can't be blank
I, [2010-11-08T16:16:30.110765 #4932]  INFO -- : return_url: can't be blank
final: 错误代码 ILLEGAL_PARTNER
sign_type: can't be blank
subject: can't be blank
seller: seller_email and seller_id can not both be blank
sign: can't be blankinvalid sign
out_trade_no: can't be blank
partner: can't be blank
money: price and total_fee can not both be blank
payment_type: can't be blank
notify_url: can't be blank
I, [2010-11-08T16:16:30.475677 #4932]  INFO -- : return_url: can't be blank
final: 错误代码 ILLEGAL_PARTNER
sign_type: can't be blank
subject: can't be blank
seller: seller_email and seller_id can not both be blank
sign: invalid sign
out_trade_no: can't be blank
money: price and total_fee can not both be blank
payment_type: can't be blank
notify_url: can't be blank
I, [2010-11-08T16:16:30.881732 #4932]  INFO -- : return_url: can't be blank
final: 错误代码 ILLEGAL_PARTNER
sign_type: can't be blank
subject: can't be blank
seller: seller_email and seller_id can not both be blank
out_trade_no: can't be blank
money: price and total_fee can not both be blank
payment_type: can't be blank
notify_url: can't be blank
I, [2010-11-08T16:16:34.319736 #4932]  INFO -- : final: 出错了!200903数据签名验证未通过 
sign: invalid v_md5info
v_md5info: can't be blank
I, [2010-11-08T16:16:34.645572 #4932]  INFO -- : v_oid: is too long (maximum is 64 characters)
final: 出错了!500903参数错误,订单号过长 
sign: invalid v_md5info
v_url: is too long (maximum is 200 characters)
v_md5info: can't be blank
I, [2010-11-08T16:16:34.977406 #4932]  INFO -- : final: 出错了!501112参数错误,非法金额参数 
v_amount: format should be Number(6, 2)
sign: invalid v_md5info
v_md5info: can't be blank
I, [2010-11-08T16:16:35.304020 #4932]  INFO -- : final: 出错了!500708参数错误,该商户ID不存在 
sign: invalid v_md5info
v_md5info: can't be blank
v_mid: 商户编号不存在
I, [2010-11-08T16:16:35.620603 #4932]  INFO -- : final: 出错了!200903数据签名验证未通过 
sign: invalid v_md5info
v_md5info: can't be blank
I, [2010-11-08T16:16:35.897183 #4932]  INFO -- : v_oid: can't be blank
final: 出错了!500800错误的数据格式,不能解析 
v_amount: can't be blank
v_moneytype: can't be blank
v_url: can't be blank
sign: invalid v_md5info
v_md5info: can't be blank
v_mid: can't be blank
I, [2010-11-08T16:16:36.442359 #4932]  INFO -- : final: 出错了!200903数据签名验证未通过 
sign: invalid v_md5info
I, [2010-11-08T16:16:36.752351 #4932]  INFO -- : final: 出错了!200903数据签名验证未通过 
I, [2010-11-08T16:16:37.158700 #4932]  INFO -- : Mon Nov 08 16:16:37 +0800 2010:./test/../lib/magpie/rubber.rb:7}:./test/../lib/magpie/utils.rb:120:in `send_notify'
/usr/local/lib/ruby/1.8/timeout.rb:62:in `timeout'
/usr/local/lib/ruby/1.8/timeout.rb:93:in `timeout'
./test/../lib/magpie/utils.rb:112:in `send_notify'
./test/../lib/magpie/rubber.rb:5:in `try'
./test/../lib/magpie/utils.rb:111:in `send_notify'
./test/test_utils.rb:23:in `test_send_notify_code'
/usr/local/lib/ruby/1.8/test/unit/testcase.rb:78:in `__send__'
/usr/local/lib/ruby/1.8/test/unit/testcase.rb:78:in `run'
I, [2010-11-08T16:16:37.342593 #4932]  INFO -- : Mon Nov 08 16:16:37 +0800 2010:./test/../lib/magpie/rubber.rb:7}:./test/../lib/magpie/utils.rb:120:in `send_notify'
/usr/local/lib/ruby/1.8/timeout.rb:62:in `timeout'
/usr/local/lib/ruby/1.8/timeout.rb:93:in `timeout'
./test/../lib/magpie/utils.rb:112:in `send_notify'
./test/../lib/magpie/rubber.rb:5:in `try'
./test/../lib/magpie/utils.rb:111:in `send_notify'
./test/test_utils.rb:23:in `test_send_notify_code'
/usr/local/lib/ruby/1.8/test/unit/testcase.rb:78:in `__send__'
/usr/local/lib/ruby/1.8/test/unit/testcase.rb:78:in `run'
I, [2010-11-08T16:16:37.534984 #4932]  INFO -- : Mon Nov 08 16:16:37 +0800 2010:./test/../lib/magpie/rubber.rb:7}:./test/../lib/magpie/utils.rb:120:in `send_notify'
/usr/local/lib/ruby/1.8/timeout.rb:62:in `timeout'
/usr/local/lib/ruby/1.8/timeout.rb:93:in `timeout'
./test/../lib/magpie/utils.rb:112:in `send_notify'
./test/../lib/magpie/rubber.rb:5:in `try'
./test/../lib/magpie/utils.rb:111:in `send_notify'
./test/test_utils.rb:23:in `test_send_notify_code'
/usr/local/lib/ruby/1.8/test/unit/testcase.rb:78:in `__send__'
/usr/local/lib/ruby/1.8/test/unit/testcase.rb:78:in `run'
I, [2010-11-08T16:16:42.703340 #4932]  INFO -- : Mon Nov 08 16:16:42 +0800 2010:./test/../lib/magpie/rubber.rb:7}:/usr/local/lib/ruby/1.8/timeout.rb:60:in `open'
/usr/local/lib/ruby/1.8/net/http.rb:560:in `connect'
/usr/local/lib/ruby/1.8/timeout.rb:53:in `timeout'
/usr/local/lib/ruby/1.8/timeout.rb:93:in `timeout'
/usr/local/lib/ruby/1.8/net/http.rb:560:in `connect'
/usr/local/lib/ruby/1.8/net/http.rb:553:in `do_start'
/usr/local/lib/ruby/1.8/net/http.rb:542:in `start'
./test/../lib/magpie/utils.rb:90:in `start_http'
./test/../lib/magpie/utils.rb:103:in `post_query'
I, [2010-11-08T16:16:43.073792 #4932]  INFO -- : Mon Nov 08 16:16:43 +0800 2010:./test/../lib/magpie/rubber.rb:7}:./test/../lib/magpie/utils.rb:120:in `send_notify'
/usr/local/lib/ruby/1.8/timeout.rb:62:in `timeout'
/usr/local/lib/ruby/1.8/timeout.rb:93:in `timeout'
./test/../lib/magpie/utils.rb:112:in `send_notify'
./test/../lib/magpie/rubber.rb:5:in `try'
./test/../lib/magpie/utils.rb:111:in `send_notify'
./test/test_utils.rb:29:in `test_send_notify_code'
/usr/local/lib/ruby/1.8/test/unit/testcase.rb:78:in `__send__'
/usr/local/lib/ruby/1.8/test/unit/testcase.rb:78:in `run'
I, [2010-11-08T16:16:43.257005 #4932]  INFO -- : Mon Nov 08 16:16:43 +0800 2010:./test/../lib/magpie/rubber.rb:7}:./test/../lib/magpie/utils.rb:120:in `send_notify'
/usr/local/lib/ruby/1.8/timeout.rb:62:in `timeout'
/usr/local/lib/ruby/1.8/timeout.rb:93:in `timeout'
./test/../lib/magpie/utils.rb:112:in `send_notify'
./test/../lib/magpie/rubber.rb:5:in `try'
./test/../lib/magpie/utils.rb:111:in `send_notify'
./test/test_utils.rb:29:in `test_send_notify_code'
/usr/local/lib/ruby/1.8/test/unit/testcase.rb:78:in `__send__'
/usr/local/lib/ruby/1.8/test/unit/testcase.rb:78:in `run'
I, [2010-11-08T16:16:43.443107 #4932]  INFO -- : Mon Nov 08 16:16:43 +0800 2010:./test/../lib/magpie/rubber.rb:7}:./test/../lib/magpie/utils.rb:120:in `send_notify'
/usr/local/lib/ruby/1.8/timeout.rb:62:in `timeout'
/usr/local/lib/ruby/1.8/timeout.rb:93:in `timeout'
./test/../lib/magpie/utils.rb:112:in `send_notify'
./test/../lib/magpie/rubber.rb:5:in `try'
./test/../lib/magpie/utils.rb:111:in `send_notify'
./test/test_utils.rb:29:in `test_send_notify_code'
/usr/local/lib/ruby/1.8/test/unit/testcase.rb:78:in `__send__'
/usr/local/lib/ruby/1.8/test/unit/testcase.rb:78:in `run'
I, [2010-11-08T16:16:48.615910 #4932]  INFO -- : Mon Nov 08 16:16:48 +0800 2010:./test/../lib/magpie/rubber.rb:7}:/usr/local/lib/ruby/1.8/timeout.rb:60:in `open'
/usr/local/lib/ruby/1.8/net/http.rb:560:in `connect'
/usr/local/lib/ruby/1.8/timeout.rb:53:in `timeout'
/usr/local/lib/ruby/1.8/timeout.rb:93:in `timeout'
/usr/local/lib/ruby/1.8/net/http.rb:560:in `connect'
/usr/local/lib/ruby/1.8/net/http.rb:553:in `do_start'
/usr/local/lib/ruby/1.8/net/http.rb:542:in `start'
./test/../lib/magpie/utils.rb:90:in `start_http'
./test/../lib/magpie/utils.rb:96:in `get_query'
I, [2010-11-08T16:16:48.798164 #4932]  INFO -- : Mon Nov 08 16:16:48 +0800 2010:./test/../lib/magpie/rubber.rb:7}:/usr/local/lib/ruby/1.8/net/http.rb:560:in `initialize'
/usr/local/lib/ruby/1.8/net/http.rb:560:in `open'
/usr/local/lib/ruby/1.8/net/http.rb:560:in `connect'
/usr/local/lib/ruby/1.8/timeout.rb:53:in `timeout'
/usr/local/lib/ruby/1.8/timeout.rb:93:in `timeout'
/usr/local/lib/ruby/1.8/net/http.rb:560:in `connect'
/usr/local/lib/ruby/1.8/net/http.rb:553:in `do_start'
/usr/local/lib/ruby/1.8/net/http.rb:542:in `start'
./test/../lib/magpie/utils.rb:90:in `start_http'
I, [2010-11-08T16:16:48.798973 #4932]  INFO -- : Mon Nov 08 16:16:48 +0800 2010:./test/../lib/magpie/rubber.rb:7}:/usr/local/lib/ruby/1.8/net/http.rb:560:in `initialize'
/usr/local/lib/ruby/1.8/net/http.rb:560:in `open'
/usr/local/lib/ruby/1.8/net/http.rb:560:in `connect'
/usr/local/lib/ruby/1.8/timeout.rb:53:in `timeout'
/usr/local/lib/ruby/1.8/timeout.rb:93:in `timeout'
/usr/local/lib/ruby/1.8/net/http.rb:560:in `connect'
/usr/local/lib/ruby/1.8/net/http.rb:553:in `do_start'
/usr/local/lib/ruby/1.8/net/http.rb:542:in `start'
./test/../lib/magpie/utils.rb:90:in `start_http'
I, [2010-11-08T16:16:48.799692 #4932]  INFO -- : Mon Nov 08 16:16:48 +0800 2010:./test/../lib/magpie/rubber.rb:7}:/usr/local/lib/ruby/1.8/net/http.rb:560:in `initialize'
/usr/local/lib/ruby/1.8/net/http.rb:560:in `open'
/usr/local/lib/ruby/1.8/net/http.rb:560:in `connect'
/usr/local/lib/ruby/1.8/timeout.rb:53:in `timeout'
/usr/local/lib/ruby/1.8/timeout.rb:93:in `timeout'
/usr/local/lib/ruby/1.8/net/http.rb:560:in `connect'
/usr/local/lib/ruby/1.8/net/http.rb:553:in `do_start'
/usr/local/lib/ruby/1.8/net/http.rb:542:in `start'
./test/../lib/magpie/utils.rb:90:in `start_http'
I, [2010-11-08T16:16:48.821458 #4932]  INFO -- : return_url: can't be blank
sign_type: can't be blank
service: can't be blank
seller: seller_email and seller_id can not both be blank
subject: can't be blank
sign: can't be blankinvalid sign
out_trade_no: can't be blank
money: price and total_fee can not both be blank
partner: can't be blank
payment_type: can't be blank
notify_url: can't be blank
I, [2010-11-08T16:16:48.886022 #4932]  INFO -- : v_oid: can't be blank
v_amount: can't be blank
v_moneytype: can't be blank
sign: invalid v_md5info
v_url: can't be blank
v_md5info: can't be blank
v_mid: can't be blank
I, [2010-11-08T16:16:48.889344 #4932]  INFO -- : v_oid: can't be blank
v_amount: can't be blank
v_moneytype: can't be blank
sign: invalid v_md5info
v_url: can't be blank
v_md5info: can't be blank
v_mid: can't be blank
I, [2010-11-08T16:16:48.892660 #4932]  INFO -- : #<NoMethodError: private method `split' called for nil:NilClass>:
./test/../lib/middles/snake.rb:101:in `query_to_hash'
./test/../lib/middles/snake.rb:84:in `order_pay'
./test/../lib/middles/snake.rb:10:in `call'
./test/../lib/middles/snake.rb:10
./test/../lib/middles/snake.rb:24:in `call'
./test/../lib/middles/snake.rb:24:in `call'
./test/../lib/middles/snake.rb:22:in `each'
./test/../lib/middles/snake.rb:22:in `call'
/usr/local/lib/ruby/gems/1.8/gems/rack-1.2.1/lib/rack/static.rb:33:in `call'
I, [2010-11-08T16:16:48.894016 #4932]  INFO -- : return_url: can't be blank
sign_type: can't be blank
service: can't be blank
seller: seller_email and seller_id can not both be blank
subject: can't be blank
sign: can't be blankinvalid sign
out_trade_no: can't be blank
money: price and total_fee can not both be blank
partner: can't be blank
payment_type: can't be blank
notify_url: can't be blank
I, [2010-11-08T16:16:48.901910 #4932]  INFO -- : total_fee: can't be blank
bargainor_id: can't be blank
return_url: can't be blank
transaction_id: can't be blank
desc: can't be blank
sp_billno: can't be blank
date: can't be blank
cmdno: can't be blank
sign: can't be blankinvalid sign
fee_type: can't be blank
bank_type: can't be blank
attach: can't be blank
spbill_create_ip: can't be blank
I, [2010-11-08T16:16:48.905397 #4932]  INFO -- : total_fee: can't be blank
bargainor_id: can't be blank
return_url: can't be blank
transaction_id: can't be blank
desc: can't be blank
sp_billno: can't be blank
date: can't be blank
cmdno: can't be blank
sign: can't be blankinvalid sign
fee_type: can't be blank
bank_type: can't be blank
attach: can't be blank
spbill_create_ip: can't be blank
I, [2010-11-08T16:16:49.505182 #4932]  INFO -- : final: [21620002]您的请求无效，请重新操作
desc: can't be blank
transaction_id: 格式错误,transaction_id为28位长的数值,其中前10位为商户网站编号(SPID)，由财付通统一分配;之后8位为订单产生的日期,如20050415;最后10位商户需要保证一天内不同的事务(用户订购一次商品或购买一次服务),其ID不相同
sign: can't be blankinvalid sign
bank_type: can't be blank
I, [2010-11-08T16:16:50.072489 #4932]  INFO -- : final: [21620002]您的请求无效，请重新操作
desc: can't be blank
transaction_id: 格式错误,transaction_id为28位长的数值,其中前10位为商户网站编号(SPID)，由财付通统一分配;之后8位为订单产生的日期,如20050415;最后10位商户需要保证一天内不同的事务(用户订购一次商品或购买一次服务),其ID不相同
sign: can't be blankinvalid sign
bank_type: can't be blank
I, [2010-11-08T16:16:50.619638 #4932]  INFO -- : final: [21620002]您的请求无效，请重新操作
desc: can't be blank
transaction_id: 格式错误,transaction_id为28位长的数值,其中前10位为商户网站编号(SPID)，由财付通统一分配;之后8位为订单产生的日期,如20050415;最后10位商户需要保证一天内不同的事务(用户订购一次商品或购买一次服务),其ID不相同
sign: can't be blankinvalid sign
bank_type: can't be blank
I, [2010-11-08T16:16:50.978316 #4932]  INFO -- : bargainor_id: can't be blank
total_fee: can't be blank
return_url: can't be blank
final: 您的支付请求类型稍后支持,敬请期待
desc: can't be blank
transaction_id: can't be blank
sp_billno: can't be blank
cmdno: can't be blank
date: can't be blank
fee_type: can't be blank
sign: can't be blankinvalid sign
bank_type: can't be blank
attach: can't be blank
spbill_create_ip: can't be blank
I, [2010-11-08T16:16:51.544006 #4932]  INFO -- : final: [21620002]您的请求无效，请重新操作
desc: can't be blank
sign: can't be blankinvalid sign
bank_type: can't be blank
I, [2010-11-08T16:16:52.058546 #4932]  INFO -- : total_fee: 格式错误,只能为数字,以分为单位,不允许包含任何字符
final: [21620002]您的请求无效，请重新操作
desc: can't be blank
transaction_id: 格式错误,transaction_id为28位长的数值,其中前10位为商户网站编号(SPID)，由财付通统一分配;之后8位为订单产生的日期,如20050415;最后10位商户需要保证一天内不同的事务(用户订购一次商品或购买一次服务),其ID不相同
sign: can't be blankinvalid sign
bank_type: can't be blank
I, [2010-11-08T16:16:52.611743 #4932]  INFO -- : total_fee: 格式错误,只能为数字,以分为单位,不允许包含任何字符
final: [21620002]您的请求无效，请重新操作
desc: can't be blank
transaction_id: 格式错误,transaction_id为28位长的数值,其中前10位为商户网站编号(SPID)，由财付通统一分配;之后8位为订单产生的日期,如20050415;最后10位商户需要保证一天内不同的事务(用户订购一次商品或购买一次服务),其ID不相同
sign: can't be blankinvalid sign
bank_type: can't be blank
I, [2010-11-08T16:16:53.141237 #4932]  INFO -- : final: [21620002]您的请求无效，请重新操作
desc: can't be blank
transaction_id: 格式错误,transaction_id为28位长的数值,其中前10位为商户网站编号(SPID)，由财付通统一分配;之后8位为订单产生的日期,如20050415;最后10位商户需要保证一天内不同的事务(用户订购一次商品或购买一次服务),其ID不相同
sign: can't be blankinvalid sign
bank_type: can't be blank
I, [2010-11-08T16:16:53.663721 #4932]  INFO -- : final: [21620002]您的请求无效，请重新操作
desc: can't be blank
transaction_id: 格式错误,transaction_id为28位长的数值,其中前10位为商户网站编号(SPID)，由财付通统一分配;之后8位为订单产生的日期,如20050415;最后10位商户需要保证一天内不同的事务(用户订购一次商品或购买一次服务),其ID不相同
sign: can't be blankinvalid sign
fee_type: 目前只支持人民币,请填1
bank_type: can't be blank
I, [2010-11-08T16:16:54.349691 #4932]  INFO -- : final: [21620002]您的请求无效，请重新操作
desc: can't be blank
transaction_id: 格式错误,transaction_id为28位长的数值,其中前10位为商户网站编号(SPID)，由财付通统一分配;之后8位为订单产生的日期,如20050415;最后10位商户需要保证一天内不同的事务(用户订购一次商品或购买一次服务),其ID不相同
sign: can't be blankinvalid sign
bank_type: can't be blank
I, [2010-11-08T16:16:54.860272 #4932]  INFO -- : final: [21620002]您的请求无效，请重新操作
desc: can't be blank
transaction_id: 格式错误,transaction_id为28位长的数值,其中前10位为商户网站编号(SPID)，由财付通统一分配;之后8位为订单产生的日期,如20050415;最后10位商户需要保证一天内不同的事务(用户订购一次商品或购买一次服务),其ID不相同
sign: can't be blankinvalid sign
bank_type: can't be blank
spbill_create_ip: 格式错误
I, [2010-11-08T16:16:55.404426 #4932]  INFO -- : final: [21620002]您的请求无效，请重新操作
desc: can't be blank
transaction_id: 格式错误,transaction_id为28位长的数值,其中前10位为商户网站编号(SPID)，由财付通统一分配;之后8位为订单产生的日期,如20050415;最后10位商户需要保证一天内不同的事务(用户订购一次商品或购买一次服务),其ID不相同
sign: can't be blankinvalid sign
bank_type: can't be blank
spbill_create_ip: 格式错误
I, [2010-11-08T16:16:56.178547 #4932]  INFO -- : final: [21620002]您的请求无效，请重新操作
desc: can't be blank
transaction_id: 格式错误,transaction_id为28位长的数值,其中前10位为商户网站编号(SPID)，由财付通统一分配;之后8位为订单产生的日期,如20050415;最后10位商户需要保证一天内不同的事务(用户订购一次商品或购买一次服务),其ID不相同
sign: can't be blankinvalid sign
bank_type: can't be blank
I, [2010-11-08T16:16:56.704192 #4932]  INFO -- : final: [21620002]您的请求无效，请重新操作
desc: can't be blank
transaction_id: 格式错误,transaction_id为28位长的数值,其中前10位为商户网站编号(SPID)，由财付通统一分配;之后8位为订单产生的日期,如20050415;最后10位商户需要保证一天内不同的事务(用户订购一次商品或购买一次服务),其ID不相同
sp_billno: 长度错误,应该在28个字符内
sign: can't be blankinvalid sign
bank_type: can't be blank
I, [2010-11-08T16:16:57.058755 #4932]  INFO -- : bargainor_id: can't be blank
total_fee: can't be blank
return_url: can't be blank
final: 您的支付请求类型稍后支持,敬请期待
desc: can't be blank
transaction_id: can't be blank
sp_billno: can't be blank
cmdno: can't be blank
date: can't be blank
fee_type: can't be blank
sign: can't be blankinvalid sign
bank_type: can't be blank
attach: can't be blank
spbill_create_ip: can't be blank
I, [2010-11-08T16:16:57.628798 #4932]  INFO -- : bargainor_id: 商户号不存在
final: [21620002]您的请求无效，请重新操作
desc: can't be blank
transaction_id: 格式错误,transaction_id为28位长的数值,其中前10位为商户网站编号(SPID)，由财付通统一分配;之后8位为订单产生的日期,如20050415;最后10位商户需要保证一天内不同的事务(用户订购一次商品或购买一次服务),其ID不相同
sign: can't be blankinvalid sign
bank_type: can't be blank
I, [2010-11-08T16:16:58.182333 #4932]  INFO -- : bargainor_id: 商户号不存在
final: [21620002]您的请求无效，请重新操作
desc: can't be blank
transaction_id: 格式错误,transaction_id为28位长的数值,其中前10位为商户网站编号(SPID)，由财付通统一分配;之后8位为订单产生的日期,如20050415;最后10位商户需要保证一天内不同的事务(用户订购一次商品或购买一次服务),其ID不相同
sign: can't be blankinvalid sign
bank_type: can't be blank
I, [2010-11-08T16:16:58.588628 #4932]  INFO -- : bargainor_id: can't be blank
total_fee: can't be blank
return_url: can't be blank
final: 您的支付请求类型稍后支持,敬请期待
desc: can't be blank
transaction_id: can't be blank
sp_billno: can't be blank
cmdno: can't be blank
date: can't be blank
fee_type: can't be blank
sign: can't be blankinvalid sign
bank_type: can't be blank
attach: can't be blank
spbill_create_ip: can't be blank
I, [2010-11-08T16:16:58.909850 #4932]  INFO -- : final: 聽聽发生错误了！聽聽10000002|
desc: can't be blank
transaction_id: 格式错误,transaction_id为28位长的数值,其中前10位为商户网站编号(SPID)，由财付通统一分配;之后8位为订单产生的日期,如20050415;最后10位商户需要保证一天内不同的事务(用户订购一次商品或购买一次服务),其ID不相同
sign: sign签名必须大写invalid sign
bank_type: can't be blank
I, [2010-11-08T16:16:59.228440 #4932]  INFO -- : final: 聽聽发生错误了！聽聽10000002|
desc: can't be blank
transaction_id: 格式错误,transaction_id为28位长的数值,其中前10位为商户网站编号(SPID)，由财付通统一分配;之后8位为订单产生的日期,如20050415;最后10位商户需要保证一天内不同的事务(用户订购一次商品或购买一次服务),其ID不相同
sign: invalid sign
bank_type: can't be blank
I, [2010-11-08T16:16:59.743702 #4932]  INFO -- : final: [21620002]您的请求无效，请重新操作
desc: can't be blank
transaction_id: 格式错误,transaction_id为28位长的数值,其中前10位为商户网站编号(SPID)，由财付通统一分配;之后8位为订单产生的日期,如20050415;最后10位商户需要保证一天内不同的事务(用户订购一次商品或购买一次服务),其ID不相同
sign: invalid sign
bank_type: can't be blank
I, [2010-11-08T16:17:00.282131 #4932]  INFO -- : final: [21620002]您的请求无效，请重新操作
desc: can't be blank
transaction_id: 格式错误,transaction_id为28位长的数值,其中前10位为商户网站编号(SPID)，由财付通统一分配;之后8位为订单产生的日期,如20050415;最后10位商户需要保证一天内不同的事务(用户订购一次商品或购买一次服务),其ID不相同
bank_type: can't be blank
I, [2010-11-08T16:25:23.785877 #5135]  INFO -- : return_url: can't be blank
final: 错误代码 ILLEGAL_SERVICE
service: can't be blank
sign_type: can't be blank
subject: can't be blank
seller: seller_email and seller_id can not both be blank
sign: can't be blankinvalid sign
out_trade_no: can't be blank
partner: can't be blank
money: price and total_fee can not both be blank
payment_type: can't be blank
notify_url: can't be blank
I, [2010-11-08T16:25:24.156161 #5135]  INFO -- : return_url: can't be blank
final: 错误代码 ILLEGAL_PARTNER
sign_type: can't be blank
subject: can't be blank
seller: seller_email and seller_id can not both be blank
sign: can't be blankinvalid sign
out_trade_no: can't be blank
partner: can't be blank
money: price and total_fee can not both be blank
payment_type: can't be blank
notify_url: can't be blank
I, [2010-11-08T16:25:24.534121 #5135]  INFO -- : return_url: can't be blank
final: 错误代码 ILLEGAL_PARTNER
sign_type: can't be blank
_input_charset: should be utf-8 or gb2312
subject: can't be blank
seller: seller_email and seller_id can not both be blank
sign: can't be blankinvalid sign
out_trade_no: can't be blank
partner: can't be blank
money: price and total_fee can not both be blank
payment_type: can't be blank
notify_url: can't be blank
I, [2010-11-08T16:25:24.900360 #5135]  INFO -- : return_url: can't be blank
final: 错误代码 ILLEGAL_PARTNER
sign_type: can't be blank
subject: can't be blank
seller: seller_email and seller_id can not both be blank
sign: can't be blankinvalid sign
out_trade_no: can't be blank
partner: can't be blank
money: price and total_fee can not both be blank
payment_type: can't be blank
notify_url: can't be blank
I, [2010-11-08T16:25:25.270982 #5135]  INFO -- : return_url: can't be blank
final: 错误代码 ILLEGAL_PARTNER
sign_type: can't be blank
subject: can't be blank
seller: seller_email and seller_id can not both be blank
sign: can't be blankinvalid sign
out_trade_no: can't be blank
partner: can't be blank
money: price and total_fee can not both be blank
payment_type: can't be blank
notify_url: can't be blank
I, [2010-11-08T16:25:25.634319 #5135]  INFO -- : total_fee: format should be Number(13, 2)
return_url: can't be blank
final: 错误代码 ILLEGAL_PARTNER
sign_type: can't be blank
subject: can't be blank
seller: seller_email and seller_id can not both be blank
sign: can't be blankinvalid sign
quantity: if price is not blank, must input quantity
out_trade_no: can't be blank
price: format should be Number(13, 2)
partner: can't be blank
money: price和total_fee不能同时出现
payment_type: can't be blank
notify_url: can't be blank
I, [2010-11-08T16:25:26.225974 #5135]  INFO -- : return_url: can't be blank
final: 错误代码 ILLEGAL_PARTNER
sign_type: can't be blank
subject: can't be blank
seller: seller_email and seller_id can not both be blank
sign: can't be blankinvalid sign
quantity: if price is not blank, must input quantity
out_trade_no: can't be blank
partner: can't be blank
payment_type: can't be blank
notify_url: can't be blank
I, [2010-11-08T16:25:26.638153 #5135]  INFO -- : return_url: can't be blank
final: 错误代码 ILLEGAL_PARTNER
sign_type: can't be blank
subject: can't be blank
seller: seller_email and seller_id can not both be blank
sign: can't be blankinvalid sign
out_trade_no: can't be blank
partner: can't be blank
money: price and total_fee can not both be blank
payment_type: can't be blank
notify_url: can't be blank
I, [2010-11-08T16:25:27.004875 #5135]  INFO -- : return_url: can't be blank
final: 错误代码 ILLEGAL_PARTNER
sign_type: can't be blank
subject: can't be blank
seller: seller_email and seller_id can not both be blank
sign: can't be blankinvalid sign
out_trade_no: can't be blank
partner: is too long (maximum is 16 characters)not exist
money: price and total_fee can not both be blank
payment_type: is too long (maximum is 4 characters)
notify_url: can't be blank
I, [2010-11-08T16:25:27.376458 #5135]  INFO -- : return_url: can't be blank
final: 错误代码 ILLEGAL_PARTNER
sign_type: can't be blank
subject: can't be blank
seller: seller_email and seller_id can not both be blank
sign: can't be blankinvalid sign
quantity: should be integer and between 1~999999
out_trade_no: can't be blank
partner: can't be blank
money: price and total_fee can not both be blank
payment_type: can't be blank
notify_url: can't be blank
I, [2010-11-08T16:25:27.751067 #5135]  INFO -- : return_url: can't be blank
final: 错误代码 ILLEGAL_PARTNER
sign_type: can't be blank
subject: can't be blank
seller: seller_email and seller_id can not both be blank
sign: can't be blankinvalid sign
quantity: should be integer and between 1~999999
out_trade_no: can't be blank
partner: can't be blank
money: price and total_fee can not both be blank
payment_type: can't be blank
notify_url: can't be blank
I, [2010-11-08T16:25:28.120194 #5135]  INFO -- : return_url: can't be blank
final: 错误代码 ILLEGAL_PARTNER
sign_type: can't be blank
subject: can't be blank
seller: seller_email and seller_id can not both be blank
sign: can't be blankinvalid sign
quantity: should be integer and between 1~999999
out_trade_no: can't be blank
partner: can't be blank
money: price and total_fee can not both be blank
payment_type: can't be blank
notify_url: can't be blank
I, [2010-11-08T16:25:28.503443 #5135]  INFO -- : return_url: can't be blank
final: 错误代码 ILLEGAL_PARTNER
sign_type: can't be blank
subject: can't be blank
seller: seller_email and seller_id can not both be blank
sign: can't be blankinvalid sign
out_trade_no: can't be blank
money: price and total_fee can not both be blank
partner: not exist
payment_type: can't be blank
notify_url: can't be blank
I, [2010-11-08T16:25:28.862918 #5135]  INFO -- : return_url: can't be blank
final: 错误代码 ILLEGAL_PARTNER
sign_type: can't be blank
subject: can't be blank
seller: seller_email and seller_id can not both be blank
sign: can't be blankinvalid sign
out_trade_no: can't be blank
money: price and total_fee can not both be blank
payment_type: can't be blank
notify_url: can't be blank
I, [2010-11-08T16:25:34.236907 #5135]  INFO -- : return_url: can't be blank
final: 错误代码 ILLEGAL_SERVICE
service: can't be blank
sign_type: can't be blank
subject: can't be blank
seller: seller_email and seller_id can not both be blank
sign: can't be blankinvalid sign
out_trade_no: can't be blank
partner: can't be blank
money: price and total_fee can not both be blank
payment_type: can't be blank
notify_url: can't be blank
I, [2010-11-08T16:25:34.615991 #5135]  INFO -- : return_url: can't be blank
final: 错误代码 ILLEGAL_PARTNER
sign_type: can't be blank
subject: can't be blank
seller: seller_email and seller_id can not both be blank
sign: can't be blankinvalid sign
quantity: if price is not blank, must input quantity
out_trade_no: can't be blank
partner: can't be blank
money: price和total_fee不能同时出现
payment_type: can't be blank
notify_url: can't be blank
I, [2010-11-08T16:25:34.993712 #5135]  INFO -- : return_url: can't be blank
final: 错误代码 ILLEGAL_PARTNER
sign_type: can't be blank
subject: can't be blank
seller: seller_email and seller_id can not both be blank
sign: can't be blankinvalid sign
out_trade_no: can't be blank
partner: can't be blank
money: price and total_fee can not both be blank
payment_type: can't be blank
notify_url: can't be blank
I, [2010-11-08T16:25:35.382904 #5135]  INFO -- : return_url: can't be blank
final: 错误代码 ILLEGAL_PARTNER
sign_type: can't be blank
subject: can't be blank
seller: seller_email and seller_id can not both be blank
sign: invalid sign
out_trade_no: can't be blank
money: price and total_fee can not both be blank
payment_type: can't be blank
notify_url: can't be blank
I, [2010-11-08T16:25:35.772856 #5135]  INFO -- : return_url: can't be blank
final: 错误代码 ILLEGAL_PARTNER
sign_type: can't be blank
subject: can't be blank
seller: seller_email and seller_id can not both be blank
out_trade_no: can't be blank
money: price and total_fee can not both be blank
payment_type: can't be blank
notify_url: can't be blank
I, [2010-11-08T16:25:37.378410 #5135]  INFO -- : final: 出错了!200903数据签名验证未通过 
sign: invalid v_md5info
v_md5info: can't be blank
I, [2010-11-08T16:25:40.957713 #5135]  INFO -- : v_oid: is too long (maximum is 64 characters)
final: 出错了!500903参数错误,订单号过长 
sign: invalid v_md5info
v_url: is too long (maximum is 200 characters)
v_md5info: can't be blank
I, [2010-11-08T16:25:41.296537 #5135]  INFO -- : final: 出错了!501112参数错误,非法金额参数 
v_amount: format should be Number(6, 2)
sign: invalid v_md5info
v_md5info: can't be blank
I, [2010-11-08T16:25:41.625393 #5135]  INFO -- : final: 出错了!500708参数错误,该商户ID不存在 
sign: invalid v_md5info
v_md5info: can't be blank
v_mid: 商户编号不存在
I, [2010-11-08T16:25:41.951767 #5135]  INFO -- : final: 出错了!200903数据签名验证未通过 
sign: invalid v_md5info
v_md5info: can't be blank
I, [2010-11-08T16:25:42.235563 #5135]  INFO -- : v_oid: can't be blank
final: 出错了!500800错误的数据格式,不能解析 
v_amount: can't be blank
v_moneytype: can't be blank
v_url: can't be blank
sign: invalid v_md5info
v_md5info: can't be blank
v_mid: can't be blank
I, [2010-11-08T16:25:42.584530 #5135]  INFO -- : final: 出错了!200903数据签名验证未通过 
sign: invalid v_md5info
I, [2010-11-08T16:25:43.109502 #5135]  INFO -- : final: 出错了!200903数据签名验证未通过 
I, [2010-11-08T16:25:43.513928 #5135]  INFO -- : Mon Nov 08 16:25:43 +0800 2010:./test/../lib/magpie/rubber.rb:7}:./test/../lib/magpie/utils.rb:120:in `send_notify'
/usr/local/lib/ruby/1.8/timeout.rb:62:in `timeout'
/usr/local/lib/ruby/1.8/timeout.rb:93:in `timeout'
./test/../lib/magpie/utils.rb:112:in `send_notify'
./test/../lib/magpie/rubber.rb:5:in `try'
./test/../lib/magpie/utils.rb:111:in `send_notify'
./test/test_utils.rb:23:in `test_send_notify_code'
/usr/local/lib/ruby/1.8/test/unit/testcase.rb:78:in `__send__'
/usr/local/lib/ruby/1.8/test/unit/testcase.rb:78:in `run'
I, [2010-11-08T16:25:43.721201 #5135]  INFO -- : Mon Nov 08 16:25:43 +0800 2010:./test/../lib/magpie/rubber.rb:7}:./test/../lib/magpie/utils.rb:120:in `send_notify'
/usr/local/lib/ruby/1.8/timeout.rb:62:in `timeout'
/usr/local/lib/ruby/1.8/timeout.rb:93:in `timeout'
./test/../lib/magpie/utils.rb:112:in `send_notify'
./test/../lib/magpie/rubber.rb:5:in `try'
./test/../lib/magpie/utils.rb:111:in `send_notify'
./test/test_utils.rb:23:in `test_send_notify_code'
/usr/local/lib/ruby/1.8/test/unit/testcase.rb:78:in `__send__'
/usr/local/lib/ruby/1.8/test/unit/testcase.rb:78:in `run'
I, [2010-11-08T16:25:45.723764 #5135]  INFO -- : Mon Nov 08 16:25:45 +0800 2010:./test/../lib/magpie/rubber.rb:7}:/usr/local/lib/ruby/1.8/timeout.rb:60:in `open'
/usr/local/lib/ruby/1.8/net/http.rb:560:in `connect'
/usr/local/lib/ruby/1.8/timeout.rb:53:in `timeout'
/usr/local/lib/ruby/1.8/timeout.rb:93:in `timeout'
/usr/local/lib/ruby/1.8/net/http.rb:560:in `connect'
/usr/local/lib/ruby/1.8/net/http.rb:553:in `do_start'
/usr/local/lib/ruby/1.8/net/http.rb:542:in `start'
./test/../lib/magpie/utils.rb:90:in `start_http'
./test/../lib/magpie/utils.rb:103:in `post_query'
I, [2010-11-08T16:25:46.193496 #5135]  INFO -- : Mon Nov 08 16:25:46 +0800 2010:./test/../lib/magpie/rubber.rb:7}:./test/../lib/magpie/utils.rb:120:in `send_notify'
/usr/local/lib/ruby/1.8/timeout.rb:62:in `timeout'
/usr/local/lib/ruby/1.8/timeout.rb:93:in `timeout'
./test/../lib/magpie/utils.rb:112:in `send_notify'
./test/../lib/magpie/rubber.rb:5:in `try'
./test/../lib/magpie/utils.rb:111:in `send_notify'
./test/test_utils.rb:29:in `test_send_notify_code'
/usr/local/lib/ruby/1.8/test/unit/testcase.rb:78:in `__send__'
/usr/local/lib/ruby/1.8/test/unit/testcase.rb:78:in `run'
I, [2010-11-08T16:25:46.394413 #5135]  INFO -- : Mon Nov 08 16:25:46 +0800 2010:./test/../lib/magpie/rubber.rb:7}:./test/../lib/magpie/utils.rb:120:in `send_notify'
/usr/local/lib/ruby/1.8/timeout.rb:62:in `timeout'
/usr/local/lib/ruby/1.8/timeout.rb:93:in `timeout'
./test/../lib/magpie/utils.rb:112:in `send_notify'
./test/../lib/magpie/rubber.rb:5:in `try'
./test/../lib/magpie/utils.rb:111:in `send_notify'
./test/test_utils.rb:29:in `test_send_notify_code'
/usr/local/lib/ruby/1.8/test/unit/testcase.rb:78:in `__send__'
/usr/local/lib/ruby/1.8/test/unit/testcase.rb:78:in `run'
I, [2010-11-08T16:25:46.599116 #5135]  INFO -- : Mon Nov 08 16:25:46 +0800 2010:./test/../lib/magpie/rubber.rb:7}:./test/../lib/magpie/utils.rb:120:in `send_notify'
/usr/local/lib/ruby/1.8/timeout.rb:62:in `timeout'
/usr/local/lib/ruby/1.8/timeout.rb:93:in `timeout'
./test/../lib/magpie/utils.rb:112:in `send_notify'
./test/../lib/magpie/rubber.rb:5:in `try'
./test/../lib/magpie/utils.rb:111:in `send_notify'
./test/test_utils.rb:29:in `test_send_notify_code'
/usr/local/lib/ruby/1.8/test/unit/testcase.rb:78:in `__send__'
/usr/local/lib/ruby/1.8/test/unit/testcase.rb:78:in `run'
I, [2010-11-08T16:25:46.796088 #5135]  INFO -- : Mon Nov 08 16:25:46 +0800 2010:./test/../lib/magpie/rubber.rb:7}:/usr/local/lib/ruby/1.8/net/http.rb:560:in `initialize'
/usr/local/lib/ruby/1.8/net/http.rb:560:in `open'
/usr/local/lib/ruby/1.8/net/http.rb:560:in `connect'
/usr/local/lib/ruby/1.8/timeout.rb:53:in `timeout'
/usr/local/lib/ruby/1.8/timeout.rb:93:in `timeout'
/usr/local/lib/ruby/1.8/net/http.rb:560:in `connect'
/usr/local/lib/ruby/1.8/net/http.rb:553:in `do_start'
/usr/local/lib/ruby/1.8/net/http.rb:542:in `start'
./test/../lib/magpie/utils.rb:90:in `start_http'
I, [2010-11-08T16:25:46.796863 #5135]  INFO -- : Mon Nov 08 16:25:46 +0800 2010:./test/../lib/magpie/rubber.rb:7}:/usr/local/lib/ruby/1.8/net/http.rb:560:in `initialize'
/usr/local/lib/ruby/1.8/net/http.rb:560:in `open'
/usr/local/lib/ruby/1.8/net/http.rb:560:in `connect'
/usr/local/lib/ruby/1.8/timeout.rb:53:in `timeout'
/usr/local/lib/ruby/1.8/timeout.rb:93:in `timeout'
/usr/local/lib/ruby/1.8/net/http.rb:560:in `connect'
/usr/local/lib/ruby/1.8/net/http.rb:553:in `do_start'
/usr/local/lib/ruby/1.8/net/http.rb:542:in `start'
./test/../lib/magpie/utils.rb:90:in `start_http'
I, [2010-11-08T16:25:46.797570 #5135]  INFO -- : Mon Nov 08 16:25:46 +0800 2010:./test/../lib/magpie/rubber.rb:7}:/usr/local/lib/ruby/1.8/net/http.rb:560:in `initialize'
/usr/local/lib/ruby/1.8/net/http.rb:560:in `open'
/usr/local/lib/ruby/1.8/net/http.rb:560:in `connect'
/usr/local/lib/ruby/1.8/timeout.rb:53:in `timeout'
/usr/local/lib/ruby/1.8/timeout.rb:93:in `timeout'
/usr/local/lib/ruby/1.8/net/http.rb:560:in `connect'
/usr/local/lib/ruby/1.8/net/http.rb:553:in `do_start'
/usr/local/lib/ruby/1.8/net/http.rb:542:in `start'
./test/../lib/magpie/utils.rb:90:in `start_http'
I, [2010-11-08T16:25:46.802678 #5135]  INFO -- : return_url: can't be blank
sign_type: can't be blank
service: can't be blank
seller: seller_email and seller_id can not both be blank
subject: can't be blank
sign: can't be blankinvalid sign
out_trade_no: can't be blank
money: price and total_fee can not both be blank
partner: can't be blank
payment_type: can't be blank
notify_url: can't be blank
I, [2010-11-08T16:25:46.806170 #5135]  INFO -- : v_oid: can't be blank
v_amount: can't be blank
v_moneytype: can't be blank
sign: invalid v_md5info
v_url: can't be blank
v_md5info: can't be blank
v_mid: can't be blank
I, [2010-11-08T16:25:46.809453 #5135]  INFO -- : v_oid: can't be blank
v_amount: can't be blank
v_moneytype: can't be blank
sign: invalid v_md5info
v_url: can't be blank
v_md5info: can't be blank
v_mid: can't be blank
I, [2010-11-08T16:25:46.812492 #5135]  INFO -- : #<NoMethodError: private method `split' called for nil:NilClass>:
./test/../lib/middles/snake.rb:101:in `query_to_hash'
./test/../lib/middles/snake.rb:84:in `order_pay'
./test/../lib/middles/snake.rb:10:in `call'
./test/../lib/middles/snake.rb:10
./test/../lib/middles/snake.rb:24:in `call'
./test/../lib/middles/snake.rb:24:in `call'
./test/../lib/middles/snake.rb:22:in `each'
./test/../lib/middles/snake.rb:22:in `call'
/usr/local/lib/ruby/gems/1.8/gems/rack-1.2.1/lib/rack/static.rb:33:in `call'
I, [2010-11-08T16:25:46.813269 #5135]  INFO -- : return_url: can't be blank
sign_type: can't be blank
service: can't be blank
seller: seller_email and seller_id can not both be blank
subject: can't be blank
sign: can't be blankinvalid sign
out_trade_no: can't be blank
money: price and total_fee can not both be blank
partner: can't be blank
payment_type: can't be blank
notify_url: can't be blank
I, [2010-11-08T16:25:46.815643 #5135]  INFO -- : total_fee: can't be blank
bargainor_id: can't be blank
return_url: can't be blank
transaction_id: can't be blank
desc: can't be blank
sp_billno: can't be blank
date: can't be blank
cmdno: can't be blank
sign: can't be blankinvalid sign
fee_type: can't be blank
bank_type: can't be blank
attach: can't be blank
spbill_create_ip: can't be blank
I, [2010-11-08T16:25:46.817473 #5135]  INFO -- : total_fee: can't be blank
bargainor_id: can't be blank
return_url: can't be blank
transaction_id: can't be blank
desc: can't be blank
sp_billno: can't be blank
date: can't be blank
cmdno: can't be blank
sign: can't be blankinvalid sign
fee_type: can't be blank
bank_type: can't be blank
attach: can't be blank
spbill_create_ip: can't be blank
I, [2010-11-08T16:25:47.377369 #5135]  INFO -- : final: [21620002]您的请求无效，请重新操作
desc: can't be blank
transaction_id: 格式错误,transaction_id为28位长的数值,其中前10位为商户网站编号(SPID)，由财付通统一分配;之后8位为订单产生的日期,如20050415;最后10位商户需要保证一天内不同的事务(用户订购一次商品或购买一次服务),其ID不相同
sign: can't be blankinvalid sign
bank_type: can't be blank
I, [2010-11-08T16:25:47.954121 #5135]  INFO -- : final: [21620002]您的请求无效，请重新操作
desc: can't be blank
transaction_id: 格式错误,transaction_id为28位长的数值,其中前10位为商户网站编号(SPID)，由财付通统一分配;之后8位为订单产生的日期,如20050415;最后10位商户需要保证一天内不同的事务(用户订购一次商品或购买一次服务),其ID不相同
sign: can't be blankinvalid sign
bank_type: can't be blank
I, [2010-11-08T16:25:48.576566 #5135]  INFO -- : final: [21620002]您的请求无效，请重新操作
desc: can't be blank
transaction_id: 格式错误,transaction_id为28位长的数值,其中前10位为商户网站编号(SPID)，由财付通统一分配;之后8位为订单产生的日期,如20050415;最后10位商户需要保证一天内不同的事务(用户订购一次商品或购买一次服务),其ID不相同
sign: can't be blankinvalid sign
bank_type: can't be blank
I, [2010-11-08T16:25:48.934795 #5135]  INFO -- : bargainor_id: can't be blank
total_fee: can't be blank
return_url: can't be blank
final: 您的支付请求类型稍后支持,敬请期待
desc: can't be blank
transaction_id: can't be blank
sp_billno: can't be blank
cmdno: can't be blank
date: can't be blank
fee_type: can't be blank
sign: can't be blankinvalid sign
bank_type: can't be blank
attach: can't be blank
spbill_create_ip: can't be blank
I, [2010-11-08T16:25:49.479230 #5135]  INFO -- : final: [21620002]您的请求无效，请重新操作
desc: can't be blank
sign: can't be blankinvalid sign
bank_type: can't be blank
I, [2010-11-08T16:25:50.016373 #5135]  INFO -- : total_fee: 格式错误,只能为数字,以分为单位,不允许包含任何字符
final: [21620002]您的请求无效，请重新操作
desc: can't be blank
transaction_id: 格式错误,transaction_id为28位长的数值,其中前10位为商户网站编号(SPID)，由财付通统一分配;之后8位为订单产生的日期,如20050415;最后10位商户需要保证一天内不同的事务(用户订购一次商品或购买一次服务),其ID不相同
sign: can't be blankinvalid sign
bank_type: can't be blank
I, [2010-11-08T16:25:50.543099 #5135]  INFO -- : total_fee: 格式错误,只能为数字,以分为单位,不允许包含任何字符
final: [21620002]您的请求无效，请重新操作
desc: can't be blank
transaction_id: 格式错误,transaction_id为28位长的数值,其中前10位为商户网站编号(SPID)，由财付通统一分配;之后8位为订单产生的日期,如20050415;最后10位商户需要保证一天内不同的事务(用户订购一次商品或购买一次服务),其ID不相同
sign: can't be blankinvalid sign
bank_type: can't be blank
I, [2010-11-08T16:25:51.080373 #5135]  INFO -- : final: [21620002]您的请求无效，请重新操作
desc: can't be blank
transaction_id: 格式错误,transaction_id为28位长的数值,其中前10位为商户网站编号(SPID)，由财付通统一分配;之后8位为订单产生的日期,如20050415;最后10位商户需要保证一天内不同的事务(用户订购一次商品或购买一次服务),其ID不相同
sign: can't be blankinvalid sign
bank_type: can't be blank
I, [2010-11-08T16:25:51.673763 #5135]  INFO -- : final: [21620002]您的请求无效，请重新操作
desc: can't be blank
transaction_id: 格式错误,transaction_id为28位长的数值,其中前10位为商户网站编号(SPID)，由财付通统一分配;之后8位为订单产生的日期,如20050415;最后10位商户需要保证一天内不同的事务(用户订购一次商品或购买一次服务),其ID不相同
sign: can't be blankinvalid sign
fee_type: 目前只支持人民币,请填1
bank_type: can't be blank
I, [2010-11-08T16:25:52.214216 #5135]  INFO -- : final: [21620002]您的请求无效，请重新操作
desc: can't be blank
transaction_id: 格式错误,transaction_id为28位长的数值,其中前10位为商户网站编号(SPID)，由财付通统一分配;之后8位为订单产生的日期,如20050415;最后10位商户需要保证一天内不同的事务(用户订购一次商品或购买一次服务),其ID不相同
sign: can't be blankinvalid sign
bank_type: can't be blank
I, [2010-11-08T16:25:52.753461 #5135]  INFO -- : final: [21620002]您的请求无效，请重新操作
desc: can't be blank
transaction_id: 格式错误,transaction_id为28位长的数值,其中前10位为商户网站编号(SPID)，由财付通统一分配;之后8位为订单产生的日期,如20050415;最后10位商户需要保证一天内不同的事务(用户订购一次商品或购买一次服务),其ID不相同
sign: can't be blankinvalid sign
bank_type: can't be blank
spbill_create_ip: 格式错误
I, [2010-11-08T16:25:53.295027 #5135]  INFO -- : final: [21620002]您的请求无效，请重新操作
desc: can't be blank
transaction_id: 格式错误,transaction_id为28位长的数值,其中前10位为商户网站编号(SPID)，由财付通统一分配;之后8位为订单产生的日期,如20050415;最后10位商户需要保证一天内不同的事务(用户订购一次商品或购买一次服务),其ID不相同
sign: can't be blankinvalid sign
bank_type: can't be blank
spbill_create_ip: 格式错误
I, [2010-11-08T16:25:53.833245 #5135]  INFO -- : final: [21620002]您的请求无效，请重新操作
desc: can't be blank
transaction_id: 格式错误,transaction_id为28位长的数值,其中前10位为商户网站编号(SPID)，由财付通统一分配;之后8位为订单产生的日期,如20050415;最后10位商户需要保证一天内不同的事务(用户订购一次商品或购买一次服务),其ID不相同
sign: can't be blankinvalid sign
bank_type: can't be blank
I, [2010-11-08T16:25:54.431669 #5135]  INFO -- : final: [21620002]您的请求无效，请重新操作
desc: can't be blank
transaction_id: 格式错误,transaction_id为28位长的数值,其中前10位为商户网站编号(SPID)，由财付通统一分配;之后8位为订单产生的日期,如20050415;最后10位商户需要保证一天内不同的事务(用户订购一次商品或购买一次服务),其ID不相同
sp_billno: 长度错误,应该在28个字符内
sign: can't be blankinvalid sign
bank_type: can't be blank
I, [2010-11-08T16:25:54.794521 #5135]  INFO -- : bargainor_id: can't be blank
total_fee: can't be blank
return_url: can't be blank
final: 您的支付请求类型稍后支持,敬请期待
desc: can't be blank
transaction_id: can't be blank
sp_billno: can't be blank
cmdno: can't be blank
date: can't be blank
fee_type: can't be blank
sign: can't be blankinvalid sign
bank_type: can't be blank
attach: can't be blank
spbill_create_ip: can't be blank
I, [2010-11-08T16:25:55.566966 #5135]  INFO -- : bargainor_id: 商户号不存在
final: [21620002]您的请求无效，请重新操作
desc: can't be blank
transaction_id: 格式错误,transaction_id为28位长的数值,其中前10位为商户网站编号(SPID)，由财付通统一分配;之后8位为订单产生的日期,如20050415;最后10位商户需要保证一天内不同的事务(用户订购一次商品或购买一次服务),其ID不相同
sign: can't be blankinvalid sign
bank_type: can't be blank
I, [2010-11-08T16:25:56.109556 #5135]  INFO -- : bargainor_id: 商户号不存在
final: [21620002]您的请求无效，请重新操作
desc: can't be blank
transaction_id: 格式错误,transaction_id为28位长的数值,其中前10位为商户网站编号(SPID)，由财付通统一分配;之后8位为订单产生的日期,如20050415;最后10位商户需要保证一天内不同的事务(用户订购一次商品或购买一次服务),其ID不相同
sign: can't be blankinvalid sign
bank_type: can't be blank
I, [2010-11-08T16:25:56.497270 #5135]  INFO -- : bargainor_id: can't be blank
total_fee: can't be blank
return_url: can't be blank
final: 您的支付请求类型稍后支持,敬请期待
desc: can't be blank
transaction_id: can't be blank
sp_billno: can't be blank
cmdno: can't be blank
date: can't be blank
fee_type: can't be blank
sign: can't be blankinvalid sign
bank_type: can't be blank
attach: can't be blank
spbill_create_ip: can't be blank
I, [2010-11-08T16:25:57.058809 #5135]  INFO -- : final: 聽聽发生错误了！聽聽10000002|
desc: can't be blank
transaction_id: 格式错误,transaction_id为28位长的数值,其中前10位为商户网站编号(SPID)，由财付通统一分配;之后8位为订单产生的日期,如20050415;最后10位商户需要保证一天内不同的事务(用户订购一次商品或购买一次服务),其ID不相同
sign: sign签名必须大写invalid sign
bank_type: can't be blank
I, [2010-11-08T16:25:57.378177 #5135]  INFO -- : final: 聽聽发生错误了！聽聽10000002|
desc: can't be blank
transaction_id: 格式错误,transaction_id为28位长的数值,其中前10位为商户网站编号(SPID)，由财付通统一分配;之后8位为订单产生的日期,如20050415;最后10位商户需要保证一天内不同的事务(用户订购一次商品或购买一次服务),其ID不相同
sign: invalid sign
bank_type: can't be blank
I, [2010-11-08T16:25:57.922462 #5135]  INFO -- : final: [21620002]您的请求无效，请重新操作
desc: can't be blank
transaction_id: 格式错误,transaction_id为28位长的数值,其中前10位为商户网站编号(SPID)，由财付通统一分配;之后8位为订单产生的日期,如20050415;最后10位商户需要保证一天内不同的事务(用户订购一次商品或购买一次服务),其ID不相同
sign: invalid sign
bank_type: can't be blank
I, [2010-11-08T16:25:58.455490 #5135]  INFO -- : final: [21620002]您的请求无效，请重新操作
desc: can't be blank
transaction_id: 格式错误,transaction_id为28位长的数值,其中前10位为商户网站编号(SPID)，由财付通统一分配;之后8位为订单产生的日期,如20050415;最后10位商户需要保证一天内不同的事务(用户订购一次商品或购买一次服务),其ID不相同
bank_type: can't be blank
I, [2010-11-08T16:36:14.394298 #5310]  INFO -- : return_url: can't be blank
final: 错误代码 ILLEGAL_SERVICE
service: can't be blank
sign_type: can't be blank
subject: can't be blank
seller: seller_email and seller_id can not both be blank
sign: can't be blankinvalid sign
out_trade_no: can't be blank
partner: can't be blank
money: price and total_fee can not both be blank
payment_type: can't be blank
notify_url: can't be blank
I, [2010-11-08T16:36:14.711014 #5310]  INFO -- : return_url: can't be blank
final: 错误代码 ILLEGAL_PARTNER
sign_type: can't be blank
subject: can't be blank
seller: seller_email and seller_id can not both be blank
sign: can't be blankinvalid sign
out_trade_no: can't be blank
partner: can't be blank
money: price and total_fee can not both be blank
payment_type: can't be blank
notify_url: can't be blank
I, [2010-11-08T16:36:15.066717 #5310]  INFO -- : return_url: can't be blank
final: 错误代码 ILLEGAL_PARTNER
sign_type: can't be blank
_input_charset: should be utf-8 or gb2312
subject: can't be blank
seller: seller_email and seller_id can not both be blank
sign: can't be blankinvalid sign
out_trade_no: can't be blank
partner: can't be blank
money: price and total_fee can not both be blank
payment_type: can't be blank
notify_url: can't be blank
I, [2010-11-08T16:36:15.383581 #5310]  INFO -- : return_url: can't be blank
final: 错误代码 ILLEGAL_PARTNER
sign_type: can't be blank
subject: can't be blank
seller: seller_email and seller_id can not both be blank
sign: can't be blankinvalid sign
out_trade_no: can't be blank
partner: can't be blank
money: price and total_fee can not both be blank
payment_type: can't be blank
notify_url: can't be blank
I, [2010-11-08T16:36:15.697242 #5310]  INFO -- : return_url: can't be blank
final: 错误代码 ILLEGAL_PARTNER
sign_type: can't be blank
subject: can't be blank
seller: seller_email and seller_id can not both be blank
sign: can't be blankinvalid sign
out_trade_no: can't be blank
partner: can't be blank
money: price and total_fee can not both be blank
payment_type: can't be blank
notify_url: can't be blank
I, [2010-11-08T16:36:16.012897 #5310]  INFO -- : total_fee: format should be Number(13, 2)
return_url: can't be blank
final: 错误代码 ILLEGAL_PARTNER
sign_type: can't be blank
subject: can't be blank
seller: seller_email and seller_id can not both be blank
sign: can't be blankinvalid sign
quantity: if price is not blank, must input quantity
out_trade_no: can't be blank
price: format should be Number(13, 2)
partner: can't be blank
money: price和total_fee不能同时出现
payment_type: can't be blank
notify_url: can't be blank
I, [2010-11-08T16:36:16.332929 #5310]  INFO -- : return_url: can't be blank
final: 错误代码 ILLEGAL_PARTNER
sign_type: can't be blank
subject: can't be blank
seller: seller_email and seller_id can not both be blank
sign: can't be blankinvalid sign
quantity: if price is not blank, must input quantity
out_trade_no: can't be blank
partner: can't be blank
payment_type: can't be blank
notify_url: can't be blank
I, [2010-11-08T16:36:16.672924 #5310]  INFO -- : return_url: can't be blank
final: 错误代码 ILLEGAL_PARTNER
sign_type: can't be blank
subject: can't be blank
seller: seller_email and seller_id can not both be blank
sign: can't be blankinvalid sign
out_trade_no: can't be blank
partner: can't be blank
money: price and total_fee can not both be blank
payment_type: can't be blank
notify_url: can't be blank
I, [2010-11-08T16:36:16.993044 #5310]  INFO -- : return_url: can't be blank
final: 错误代码 ILLEGAL_PARTNER
sign_type: can't be blank
subject: can't be blank
seller: seller_email and seller_id can not both be blank
sign: can't be blankinvalid sign
out_trade_no: can't be blank
partner: is too long (maximum is 16 characters)not exist
money: price and total_fee can not both be blank
payment_type: is too long (maximum is 4 characters)
notify_url: can't be blank
I, [2010-11-08T16:36:17.312210 #5310]  INFO -- : return_url: can't be blank
final: 错误代码 ILLEGAL_PARTNER
sign_type: can't be blank
subject: can't be blank
seller: seller_email and seller_id can not both be blank
sign: can't be blankinvalid sign
quantity: should be integer and between 1~999999
out_trade_no: can't be blank
partner: can't be blank
money: price and total_fee can not both be blank
payment_type: can't be blank
notify_url: can't be blank
I, [2010-11-08T16:36:17.628656 #5310]  INFO -- : return_url: can't be blank
final: 错误代码 ILLEGAL_PARTNER
sign_type: can't be blank
subject: can't be blank
seller: seller_email and seller_id can not both be blank
sign: can't be blankinvalid sign
quantity: should be integer and between 1~999999
out_trade_no: can't be blank
partner: can't be blank
money: price and total_fee can not both be blank
payment_type: can't be blank
notify_url: can't be blank
I, [2010-11-08T16:36:17.947511 #5310]  INFO -- : return_url: can't be blank
final: 错误代码 ILLEGAL_PARTNER
sign_type: can't be blank
subject: can't be blank
seller: seller_email and seller_id can not both be blank
sign: can't be blankinvalid sign
quantity: should be integer and between 1~999999
out_trade_no: can't be blank
partner: can't be blank
money: price and total_fee can not both be blank
payment_type: can't be blank
notify_url: can't be blank
I, [2010-11-08T16:36:18.266579 #5310]  INFO -- : return_url: can't be blank
final: 错误代码 ILLEGAL_PARTNER
sign_type: can't be blank
subject: can't be blank
seller: seller_email and seller_id can not both be blank
sign: can't be blankinvalid sign
out_trade_no: can't be blank
money: price and total_fee can not both be blank
partner: not exist
payment_type: can't be blank
notify_url: can't be blank
I, [2010-11-08T16:36:18.585692 #5310]  INFO -- : return_url: can't be blank
final: 错误代码 ILLEGAL_PARTNER
sign_type: can't be blank
subject: can't be blank
seller: seller_email and seller_id can not both be blank
sign: can't be blankinvalid sign
out_trade_no: can't be blank
money: price and total_fee can not both be blank
payment_type: can't be blank
notify_url: can't be blank
I, [2010-11-08T16:36:18.904586 #5310]  INFO -- : return_url: can't be blank
final: 错误代码 ILLEGAL_SERVICE
service: can't be blank
sign_type: can't be blank
subject: can't be blank
seller: seller_email and seller_id can not both be blank
sign: can't be blankinvalid sign
out_trade_no: can't be blank
partner: can't be blank
money: price and total_fee can not both be blank
payment_type: can't be blank
notify_url: can't be blank
I, [2010-11-08T16:36:19.224878 #5310]  INFO -- : return_url: can't be blank
final: 错误代码 ILLEGAL_PARTNER
sign_type: can't be blank
subject: can't be blank
seller: seller_email and seller_id can not both be blank
sign: can't be blankinvalid sign
quantity: if price is not blank, must input quantity
out_trade_no: can't be blank
partner: can't be blank
money: price和total_fee不能同时出现
payment_type: can't be blank
notify_url: can't be blank
I, [2010-11-08T16:36:19.545884 #5310]  INFO -- : return_url: can't be blank
final: 错误代码 ILLEGAL_PARTNER
sign_type: can't be blank
subject: can't be blank
seller: seller_email and seller_id can not both be blank
sign: can't be blankinvalid sign
out_trade_no: can't be blank
partner: can't be blank
money: price and total_fee can not both be blank
payment_type: can't be blank
notify_url: can't be blank
I, [2010-11-08T16:36:19.864260 #5310]  INFO -- : return_url: can't be blank
final: 错误代码 ILLEGAL_PARTNER
sign_type: can't be blank
subject: can't be blank
seller: seller_email and seller_id can not both be blank
sign: invalid sign
out_trade_no: can't be blank
money: price and total_fee can not both be blank
payment_type: can't be blank
notify_url: can't be blank
I, [2010-11-08T16:36:20.184798 #5310]  INFO -- : return_url: can't be blank
final: 错误代码 ILLEGAL_PARTNER
sign_type: can't be blank
subject: can't be blank
seller: seller_email and seller_id can not both be blank
out_trade_no: can't be blank
money: price and total_fee can not both be blank
payment_type: can't be blank
notify_url: can't be blank
I, [2010-11-08T16:36:20.544870 #5310]  INFO -- : final: 出错了!200903数据签名验证未通过 
sign: invalid v_md5info
v_md5info: can't be blank
I, [2010-11-08T16:36:20.874675 #5310]  INFO -- : v_oid: is too long (maximum is 64 characters)
final: 出错了!500903参数错误,订单号过长 
sign: invalid v_md5info
v_url: is too long (maximum is 200 characters)
v_md5info: can't be blank
I, [2010-11-08T16:36:21.198358 #5310]  INFO -- : final: 出错了!501112参数错误,非法金额参数 
v_amount: format should be Number(6, 2)
sign: invalid v_md5info
v_md5info: can't be blank
I, [2010-11-08T16:36:26.525512 #5310]  INFO -- : final: 出错了!500708参数错误,该商户ID不存在 
sign: invalid v_md5info
v_md5info: can't be blank
v_mid: 商户编号不存在
I, [2010-11-08T16:36:26.840658 #5310]  INFO -- : final: 出错了!200903数据签名验证未通过 
sign: invalid v_md5info
v_md5info: can't be blank
I, [2010-11-08T16:36:27.110798 #5310]  INFO -- : v_oid: can't be blank
final: 出错了!500800错误的数据格式,不能解析 
v_amount: can't be blank
v_moneytype: can't be blank
v_url: can't be blank
sign: invalid v_md5info
v_md5info: can't be blank
v_mid: can't be blank
I, [2010-11-08T16:36:27.427751 #5310]  INFO -- : final: 出错了!200903数据签名验证未通过 
sign: invalid v_md5info
I, [2010-11-08T16:36:27.769218 #5310]  INFO -- : final: 出错了!200903数据签名验证未通过 
I, [2010-11-08T16:36:28.161653 #5310]  INFO -- : Mon Nov 08 16:36:28 +0800 2010:./test/../lib/magpie/rubber.rb:7}:./test/../lib/magpie/utils.rb:120:in `send_notify'
/usr/local/lib/ruby/1.8/timeout.rb:62:in `timeout'
/usr/local/lib/ruby/1.8/timeout.rb:93:in `timeout'
./test/../lib/magpie/utils.rb:112:in `send_notify'
./test/../lib/magpie/rubber.rb:5:in `try'
./test/../lib/magpie/utils.rb:111:in `send_notify'
./test/test_utils.rb:23:in `test_send_notify_code'
/usr/local/lib/ruby/1.8/test/unit/testcase.rb:78:in `__send__'
/usr/local/lib/ruby/1.8/test/unit/testcase.rb:78:in `run'
I, [2010-11-08T16:36:28.354640 #5310]  INFO -- : Mon Nov 08 16:36:28 +0800 2010:./test/../lib/magpie/rubber.rb:7}:./test/../lib/magpie/utils.rb:120:in `send_notify'
/usr/local/lib/ruby/1.8/timeout.rb:62:in `timeout'
/usr/local/lib/ruby/1.8/timeout.rb:93:in `timeout'
./test/../lib/magpie/utils.rb:112:in `send_notify'
./test/../lib/magpie/rubber.rb:5:in `try'
./test/../lib/magpie/utils.rb:111:in `send_notify'
./test/test_utils.rb:23:in `test_send_notify_code'
/usr/local/lib/ruby/1.8/test/unit/testcase.rb:78:in `__send__'
/usr/local/lib/ruby/1.8/test/unit/testcase.rb:78:in `run'
I, [2010-11-08T16:36:28.547950 #5310]  INFO -- : Mon Nov 08 16:36:28 +0800 2010:./test/../lib/magpie/rubber.rb:7}:./test/../lib/magpie/utils.rb:120:in `send_notify'
/usr/local/lib/ruby/1.8/timeout.rb:62:in `timeout'
/usr/local/lib/ruby/1.8/timeout.rb:93:in `timeout'
./test/../lib/magpie/utils.rb:112:in `send_notify'
./test/../lib/magpie/rubber.rb:5:in `try'
./test/../lib/magpie/utils.rb:111:in `send_notify'
./test/test_utils.rb:23:in `test_send_notify_code'
/usr/local/lib/ruby/1.8/test/unit/testcase.rb:78:in `__send__'
/usr/local/lib/ruby/1.8/test/unit/testcase.rb:78:in `run'
I, [2010-11-08T16:36:29.008231 #5310]  INFO -- : Mon Nov 08 16:36:29 +0800 2010:./test/../lib/magpie/rubber.rb:7}:./test/../lib/magpie/utils.rb:120:in `send_notify'
/usr/local/lib/ruby/1.8/timeout.rb:62:in `timeout'
/usr/local/lib/ruby/1.8/timeout.rb:93:in `timeout'
./test/../lib/magpie/utils.rb:112:in `send_notify'
./test/../lib/magpie/rubber.rb:5:in `try'
./test/../lib/magpie/utils.rb:111:in `send_notify'
./test/test_utils.rb:29:in `test_send_notify_code'
/usr/local/lib/ruby/1.8/test/unit/testcase.rb:78:in `__send__'
/usr/local/lib/ruby/1.8/test/unit/testcase.rb:78:in `run'
I, [2010-11-08T16:36:29.206960 #5310]  INFO -- : Mon Nov 08 16:36:29 +0800 2010:./test/../lib/magpie/rubber.rb:7}:./test/../lib/magpie/utils.rb:120:in `send_notify'
/usr/local/lib/ruby/1.8/timeout.rb:62:in `timeout'
/usr/local/lib/ruby/1.8/timeout.rb:93:in `timeout'
./test/../lib/magpie/utils.rb:112:in `send_notify'
./test/../lib/magpie/rubber.rb:5:in `try'
./test/../lib/magpie/utils.rb:111:in `send_notify'
./test/test_utils.rb:29:in `test_send_notify_code'
/usr/local/lib/ruby/1.8/test/unit/testcase.rb:78:in `__send__'
/usr/local/lib/ruby/1.8/test/unit/testcase.rb:78:in `run'
I, [2010-11-08T16:36:29.410386 #5310]  INFO -- : Mon Nov 08 16:36:29 +0800 2010:./test/../lib/magpie/rubber.rb:7}:./test/../lib/magpie/utils.rb:120:in `send_notify'
/usr/local/lib/ruby/1.8/timeout.rb:62:in `timeout'
/usr/local/lib/ruby/1.8/timeout.rb:93:in `timeout'
./test/../lib/magpie/utils.rb:112:in `send_notify'
./test/../lib/magpie/rubber.rb:5:in `try'
./test/../lib/magpie/utils.rb:111:in `send_notify'
./test/test_utils.rb:29:in `test_send_notify_code'
/usr/local/lib/ruby/1.8/test/unit/testcase.rb:78:in `__send__'
/usr/local/lib/ruby/1.8/test/unit/testcase.rb:78:in `run'
I, [2010-11-08T16:36:29.608539 #5310]  INFO -- : Mon Nov 08 16:36:29 +0800 2010:./test/../lib/magpie/rubber.rb:7}:/usr/local/lib/ruby/1.8/net/http.rb:560:in `initialize'
/usr/local/lib/ruby/1.8/net/http.rb:560:in `open'
/usr/local/lib/ruby/1.8/net/http.rb:560:in `connect'
/usr/local/lib/ruby/1.8/timeout.rb:53:in `timeout'
/usr/local/lib/ruby/1.8/timeout.rb:93:in `timeout'
/usr/local/lib/ruby/1.8/net/http.rb:560:in `connect'
/usr/local/lib/ruby/1.8/net/http.rb:553:in `do_start'
/usr/local/lib/ruby/1.8/net/http.rb:542:in `start'
./test/../lib/magpie/utils.rb:90:in `start_http'
I, [2010-11-08T16:36:29.609273 #5310]  INFO -- : Mon Nov 08 16:36:29 +0800 2010:./test/../lib/magpie/rubber.rb:7}:/usr/local/lib/ruby/1.8/net/http.rb:560:in `initialize'
/usr/local/lib/ruby/1.8/net/http.rb:560:in `open'
/usr/local/lib/ruby/1.8/net/http.rb:560:in `connect'
/usr/local/lib/ruby/1.8/timeout.rb:53:in `timeout'
/usr/local/lib/ruby/1.8/timeout.rb:93:in `timeout'
/usr/local/lib/ruby/1.8/net/http.rb:560:in `connect'
/usr/local/lib/ruby/1.8/net/http.rb:553:in `do_start'
/usr/local/lib/ruby/1.8/net/http.rb:542:in `start'
./test/../lib/magpie/utils.rb:90:in `start_http'
I, [2010-11-08T16:36:29.610004 #5310]  INFO -- : Mon Nov 08 16:36:29 +0800 2010:./test/../lib/magpie/rubber.rb:7}:/usr/local/lib/ruby/1.8/net/http.rb:560:in `initialize'
/usr/local/lib/ruby/1.8/net/http.rb:560:in `open'
/usr/local/lib/ruby/1.8/net/http.rb:560:in `connect'
/usr/local/lib/ruby/1.8/timeout.rb:53:in `timeout'
/usr/local/lib/ruby/1.8/timeout.rb:93:in `timeout'
/usr/local/lib/ruby/1.8/net/http.rb:560:in `connect'
/usr/local/lib/ruby/1.8/net/http.rb:553:in `do_start'
/usr/local/lib/ruby/1.8/net/http.rb:542:in `start'
./test/../lib/magpie/utils.rb:90:in `start_http'
I, [2010-11-08T16:36:29.614701 #5310]  INFO -- : return_url: can't be blank
sign_type: can't be blank
service: can't be blank
seller: seller_email and seller_id can not both be blank
subject: can't be blank
sign: can't be blankinvalid sign
out_trade_no: can't be blank
money: price and total_fee can not both be blank
partner: can't be blank
payment_type: can't be blank
notify_url: can't be blank
I, [2010-11-08T16:36:29.618451 #5310]  INFO -- : v_oid: can't be blank
v_amount: can't be blank
v_moneytype: can't be blank
sign: invalid v_md5info
v_url: can't be blank
v_md5info: can't be blank
v_mid: can't be blank
I, [2010-11-08T16:36:29.621804 #5310]  INFO -- : v_oid: can't be blank
v_amount: can't be blank
v_moneytype: can't be blank
sign: invalid v_md5info
v_url: can't be blank
v_md5info: can't be blank
v_mid: can't be blank
I, [2010-11-08T16:36:29.624263 #5310]  INFO -- : #<NoMethodError: private method `split' called for nil:NilClass>:
./test/../lib/middles/snake.rb:101:in `query_to_hash'
./test/../lib/middles/snake.rb:84:in `order_pay'
./test/../lib/middles/snake.rb:10:in `call'
./test/../lib/middles/snake.rb:10
./test/../lib/middles/snake.rb:24:in `call'
./test/../lib/middles/snake.rb:24:in `call'
./test/../lib/middles/snake.rb:22:in `each'
./test/../lib/middles/snake.rb:22:in `call'
/usr/local/lib/ruby/gems/1.8/gems/rack-1.2.1/lib/rack/static.rb:33:in `call'
I, [2010-11-08T16:36:29.625033 #5310]  INFO -- : return_url: can't be blank
sign_type: can't be blank
service: can't be blank
seller: seller_email and seller_id can not both be blank
subject: can't be blank
sign: can't be blankinvalid sign
out_trade_no: can't be blank
money: price and total_fee can not both be blank
partner: can't be blank
payment_type: can't be blank
notify_url: can't be blank
I, [2010-11-08T16:36:29.627372 #5310]  INFO -- : total_fee: can't be blank
bargainor_id: can't be blank
return_url: can't be blank
transaction_id: can't be blank
desc: can't be blank
sp_billno: can't be blank
date: can't be blank
cmdno: can't be blank
sign: can't be blankinvalid sign
fee_type: can't be blank
bank_type: can't be blank
attach: can't be blank
spbill_create_ip: can't be blank
I, [2010-11-08T16:36:29.629272 #5310]  INFO -- : total_fee: can't be blank
bargainor_id: can't be blank
return_url: can't be blank
transaction_id: can't be blank
desc: can't be blank
sp_billno: can't be blank
date: can't be blank
cmdno: can't be blank
sign: can't be blankinvalid sign
fee_type: can't be blank
bank_type: can't be blank
attach: can't be blank
spbill_create_ip: can't be blank
I, [2010-11-08T16:36:30.247021 #5310]  INFO -- : final: [21620002]您的请求无效，请重新操作
desc: can't be blank
transaction_id: 格式错误,transaction_id为28位长的数值,其中前10位为商户网站编号(SPID)，由财付通统一分配;之后8位为订单产生的日期,如20050415;最后10位商户需要保证一天内不同的事务(用户订购一次商品或购买一次服务),其ID不相同
sign: can't be blankinvalid sign
bank_type: can't be blank
I, [2010-11-08T16:36:30.814882 #5310]  INFO -- : final: [21620002]您的请求无效，请重新操作
desc: can't be blank
transaction_id: 格式错误,transaction_id为28位长的数值,其中前10位为商户网站编号(SPID)，由财付通统一分配;之后8位为订单产生的日期,如20050415;最后10位商户需要保证一天内不同的事务(用户订购一次商品或购买一次服务),其ID不相同
sign: can't be blankinvalid sign
bank_type: can't be blank
I, [2010-11-08T16:36:31.379747 #5310]  INFO -- : final: [21620002]您的请求无效，请重新操作
desc: can't be blank
transaction_id: 格式错误,transaction_id为28位长的数值,其中前10位为商户网站编号(SPID)，由财付通统一分配;之后8位为订单产生的日期,如20050415;最后10位商户需要保证一天内不同的事务(用户订购一次商品或购买一次服务),其ID不相同
sign: can't be blankinvalid sign
bank_type: can't be blank
I, [2010-11-08T16:36:31.743591 #5310]  INFO -- : bargainor_id: can't be blank
total_fee: can't be blank
return_url: can't be blank
final: 您的支付请求类型稍后支持,敬请期待
desc: can't be blank
transaction_id: can't be blank
sp_billno: can't be blank
cmdno: can't be blank
date: can't be blank
fee_type: can't be blank
sign: can't be blankinvalid sign
bank_type: can't be blank
attach: can't be blank
spbill_create_ip: can't be blank
I, [2010-11-08T16:36:32.324519 #5310]  INFO -- : final: [21620002]您的请求无效，请重新操作
desc: can't be blank
sign: can't be blankinvalid sign
bank_type: can't be blank
I, [2010-11-08T16:36:32.851510 #5310]  INFO -- : total_fee: 格式错误,只能为数字,以分为单位,不允许包含任何字符
final: [21620002]您的请求无效，请重新操作
desc: can't be blank
transaction_id: 格式错误,transaction_id为28位长的数值,其中前10位为商户网站编号(SPID)，由财付通统一分配;之后8位为订单产生的日期,如20050415;最后10位商户需要保证一天内不同的事务(用户订购一次商品或购买一次服务),其ID不相同
sign: can't be blankinvalid sign
bank_type: can't be blank
I, [2010-11-08T16:36:33.393894 #5310]  INFO -- : total_fee: 格式错误,只能为数字,以分为单位,不允许包含任何字符
final: [21620002]您的请求无效，请重新操作
desc: can't be blank
transaction_id: 格式错误,transaction_id为28位长的数值,其中前10位为商户网站编号(SPID)，由财付通统一分配;之后8位为订单产生的日期,如20050415;最后10位商户需要保证一天内不同的事务(用户订购一次商品或购买一次服务),其ID不相同
sign: can't be blankinvalid sign
bank_type: can't be blank
I, [2010-11-08T16:36:33.938073 #5310]  INFO -- : final: [21620002]您的请求无效，请重新操作
desc: can't be blank
transaction_id: 格式错误,transaction_id为28位长的数值,其中前10位为商户网站编号(SPID)，由财付通统一分配;之后8位为订单产生的日期,如20050415;最后10位商户需要保证一天内不同的事务(用户订购一次商品或购买一次服务),其ID不相同
sign: can't be blankinvalid sign
bank_type: can't be blank
I, [2010-11-08T16:36:34.466752 #5310]  INFO -- : final: [21620002]您的请求无效，请重新操作
desc: can't be blank
transaction_id: 格式错误,transaction_id为28位长的数值,其中前10位为商户网站编号(SPID)，由财付通统一分配;之后8位为订单产生的日期,如20050415;最后10位商户需要保证一天内不同的事务(用户订购一次商品或购买一次服务),其ID不相同
sign: can't be blankinvalid sign
fee_type: 目前只支持人民币,请填1
bank_type: can't be blank
I, [2010-11-08T16:36:35.053884 #5310]  INFO -- : final: [21620002]您的请求无效，请重新操作
desc: can't be blank
transaction_id: 格式错误,transaction_id为28位长的数值,其中前10位为商户网站编号(SPID)，由财付通统一分配;之后8位为订单产生的日期,如20050415;最后10位商户需要保证一天内不同的事务(用户订购一次商品或购买一次服务),其ID不相同
sign: can't be blankinvalid sign
bank_type: can't be blank
I, [2010-11-08T16:36:35.616390 #5310]  INFO -- : final: [21620002]您的请求无效，请重新操作
desc: can't be blank
transaction_id: 格式错误,transaction_id为28位长的数值,其中前10位为商户网站编号(SPID)，由财付通统一分配;之后8位为订单产生的日期,如20050415;最后10位商户需要保证一天内不同的事务(用户订购一次商品或购买一次服务),其ID不相同
sign: can't be blankinvalid sign
bank_type: can't be blank
spbill_create_ip: 格式错误
I, [2010-11-08T16:36:36.151366 #5310]  INFO -- : final: [21620002]您的请求无效，请重新操作
desc: can't be blank
transaction_id: 格式错误,transaction_id为28位长的数值,其中前10位为商户网站编号(SPID)，由财付通统一分配;之后8位为订单产生的日期,如20050415;最后10位商户需要保证一天内不同的事务(用户订购一次商品或购买一次服务),其ID不相同
sign: can't be blankinvalid sign
bank_type: can't be blank
spbill_create_ip: 格式错误
I, [2010-11-08T16:36:36.680697 #5310]  INFO -- : final: [21620002]您的请求无效，请重新操作
desc: can't be blank
transaction_id: 格式错误,transaction_id为28位长的数值,其中前10位为商户网站编号(SPID)，由财付通统一分配;之后8位为订单产生的日期,如20050415;最后10位商户需要保证一天内不同的事务(用户订购一次商品或购买一次服务),其ID不相同
sign: can't be blankinvalid sign
bank_type: can't be blank
I, [2010-11-08T16:36:37.213225 #5310]  INFO -- : final: [21620002]您的请求无效，请重新操作
desc: can't be blank
transaction_id: 格式错误,transaction_id为28位长的数值,其中前10位为商户网站编号(SPID)，由财付通统一分配;之后8位为订单产生的日期,如20050415;最后10位商户需要保证一天内不同的事务(用户订购一次商品或购买一次服务),其ID不相同
sp_billno: 长度错误,应该在28个字符内
sign: can't be blankinvalid sign
bank_type: can't be blank
I, [2010-11-08T16:36:42.573555 #5310]  INFO -- : bargainor_id: can't be blank
total_fee: can't be blank
return_url: can't be blank
final: 您的支付请求类型稍后支持,敬请期待
desc: can't be blank
transaction_id: can't be blank
sp_billno: can't be blank
cmdno: can't be blank
date: can't be blank
fee_type: can't be blank
sign: can't be blankinvalid sign
bank_type: can't be blank
attach: can't be blank
spbill_create_ip: can't be blank
I, [2010-11-08T16:36:43.089572 #5310]  INFO -- : bargainor_id: 商户号不存在
final: [21620002]您的请求无效，请重新操作
desc: can't be blank
transaction_id: 格式错误,transaction_id为28位长的数值,其中前10位为商户网站编号(SPID)，由财付通统一分配;之后8位为订单产生的日期,如20050415;最后10位商户需要保证一天内不同的事务(用户订购一次商品或购买一次服务),其ID不相同
sign: can't be blankinvalid sign
bank_type: can't be blank
I, [2010-11-08T16:36:43.630865 #5310]  INFO -- : bargainor_id: 商户号不存在
final: [21620002]您的请求无效，请重新操作
desc: can't be blank
transaction_id: 格式错误,transaction_id为28位长的数值,其中前10位为商户网站编号(SPID)，由财付通统一分配;之后8位为订单产生的日期,如20050415;最后10位商户需要保证一天内不同的事务(用户订购一次商品或购买一次服务),其ID不相同
sign: can't be blankinvalid sign
bank_type: can't be blank
I, [2010-11-08T16:36:43.987817 #5310]  INFO -- : bargainor_id: can't be blank
total_fee: can't be blank
return_url: can't be blank
final: 您的支付请求类型稍后支持,敬请期待
desc: can't be blank
transaction_id: can't be blank
sp_billno: can't be blank
cmdno: can't be blank
date: can't be blank
fee_type: can't be blank
sign: can't be blankinvalid sign
bank_type: can't be blank
attach: can't be blank
spbill_create_ip: can't be blank
I, [2010-11-08T16:36:44.330728 #5310]  INFO -- : final: 聽聽发生错误了！聽聽10000002|
desc: can't be blank
transaction_id: 格式错误,transaction_id为28位长的数值,其中前10位为商户网站编号(SPID)，由财付通统一分配;之后8位为订单产生的日期,如20050415;最后10位商户需要保证一天内不同的事务(用户订购一次商品或购买一次服务),其ID不相同
sign: sign签名必须大写invalid sign
bank_type: can't be blank
I, [2010-11-08T16:36:44.654780 #5310]  INFO -- : final: 聽聽发生错误了！聽聽10000002|
desc: can't be blank
transaction_id: 格式错误,transaction_id为28位长的数值,其中前10位为商户网站编号(SPID)，由财付通统一分配;之后8位为订单产生的日期,如20050415;最后10位商户需要保证一天内不同的事务(用户订购一次商品或购买一次服务),其ID不相同
sign: invalid sign
bank_type: can't be blank
I, [2010-11-08T16:36:45.255350 #5310]  INFO -- : final: [21620002]您的请求无效，请重新操作
desc: can't be blank
transaction_id: 格式错误,transaction_id为28位长的数值,其中前10位为商户网站编号(SPID)，由财付通统一分配;之后8位为订单产生的日期,如20050415;最后10位商户需要保证一天内不同的事务(用户订购一次商品或购买一次服务),其ID不相同
sign: invalid sign
bank_type: can't be blank
I, [2010-11-08T16:36:45.785915 #5310]  INFO -- : final: [21620002]您的请求无效，请重新操作
desc: can't be blank
transaction_id: 格式错误,transaction_id为28位长的数值,其中前10位为商户网站编号(SPID)，由财付通统一分配;之后8位为订单产生的日期,如20050415;最后10位商户需要保证一天内不同的事务(用户订购一次商品或购买一次服务),其ID不相同
bank_type: can't be blank
I, [2010-11-08T16:40:54.996199 #5348]  INFO -- : return_url: can't be blank
final: 错误代码 ILLEGAL_SERVICE
service: can't be blank
sign_type: can't be blank
subject: can't be blank
seller: seller_email and seller_id can not both be blank
sign: can't be blankinvalid sign
out_trade_no: can't be blank
partner: can't be blank
money: price and total_fee can not both be blank
payment_type: can't be blank
notify_url: can't be blank
I, [2010-11-08T16:40:55.359900 #5348]  INFO -- : return_url: can't be blank
final: 错误代码 ILLEGAL_PARTNER
sign_type: can't be blank
subject: can't be blank
seller: seller_email and seller_id can not both be blank
sign: can't be blankinvalid sign
out_trade_no: can't be blank
partner: can't be blank
money: price and total_fee can not both be blank
payment_type: can't be blank
notify_url: can't be blank
I, [2010-11-08T16:40:55.729979 #5348]  INFO -- : return_url: can't be blank
final: 错误代码 ILLEGAL_PARTNER
sign_type: can't be blank
_input_charset: should be utf-8 or gb2312
subject: can't be blank
seller: seller_email and seller_id can not both be blank
sign: can't be blankinvalid sign
out_trade_no: can't be blank
partner: can't be blank
money: price and total_fee can not both be blank
payment_type: can't be blank
notify_url: can't be blank
I, [2010-11-08T16:40:56.104319 #5348]  INFO -- : return_url: can't be blank
final: 错误代码 ILLEGAL_PARTNER
sign_type: can't be blank
subject: can't be blank
seller: seller_email and seller_id can not both be blank
sign: can't be blankinvalid sign
out_trade_no: can't be blank
partner: can't be blank
money: price and total_fee can not both be blank
payment_type: can't be blank
notify_url: can't be blank
I, [2010-11-08T16:40:59.472832 #5348]  INFO -- : return_url: can't be blank
final: 错误代码 ILLEGAL_PARTNER
sign_type: can't be blank
subject: can't be blank
seller: seller_email and seller_id can not both be blank
sign: can't be blankinvalid sign
out_trade_no: can't be blank
partner: can't be blank
money: price and total_fee can not both be blank
payment_type: can't be blank
notify_url: can't be blank
I, [2010-11-08T16:40:59.852965 #5348]  INFO -- : total_fee: format should be Number(13, 2)
return_url: can't be blank
final: 错误代码 ILLEGAL_PARTNER
sign_type: can't be blank
subject: can't be blank
seller: seller_email and seller_id can not both be blank
sign: can't be blankinvalid sign
quantity: if price is not blank, must input quantity
out_trade_no: can't be blank
price: format should be Number(13, 2)
partner: can't be blank
money: price和total_fee不能同时出现
payment_type: can't be blank
notify_url: can't be blank
I, [2010-11-08T16:41:00.225238 #5348]  INFO -- : return_url: can't be blank
final: 错误代码 ILLEGAL_PARTNER
sign_type: can't be blank
subject: can't be blank
seller: seller_email and seller_id can not both be blank
sign: can't be blankinvalid sign
quantity: if price is not blank, must input quantity
out_trade_no: can't be blank
partner: can't be blank
payment_type: can't be blank
notify_url: can't be blank
I, [2010-11-08T16:41:00.597078 #5348]  INFO -- : return_url: can't be blank
final: 错误代码 ILLEGAL_PARTNER
sign_type: can't be blank
subject: can't be blank
seller: seller_email and seller_id can not both be blank
sign: can't be blankinvalid sign
out_trade_no: can't be blank
partner: can't be blank
money: price and total_fee can not both be blank
payment_type: can't be blank
notify_url: can't be blank
I, [2010-11-08T16:41:00.979594 #5348]  INFO -- : return_url: can't be blank
final: 错误代码 ILLEGAL_PARTNER
sign_type: can't be blank
subject: can't be blank
seller: seller_email and seller_id can not both be blank
sign: can't be blankinvalid sign
out_trade_no: can't be blank
partner: is too long (maximum is 16 characters)not exist
money: price and total_fee can not both be blank
payment_type: is too long (maximum is 4 characters)
notify_url: can't be blank
I, [2010-11-08T16:41:01.609163 #5348]  INFO -- : return_url: can't be blank
final: 错误代码 ILLEGAL_PARTNER
sign_type: can't be blank
subject: can't be blank
seller: seller_email and seller_id can not both be blank
sign: can't be blankinvalid sign
quantity: should be integer and between 1~999999
out_trade_no: can't be blank
partner: can't be blank
money: price and total_fee can not both be blank
payment_type: can't be blank
notify_url: can't be blank
I, [2010-11-08T16:41:02.005353 #5348]  INFO -- : return_url: can't be blank
final: 错误代码 ILLEGAL_PARTNER
sign_type: can't be blank
subject: can't be blank
seller: seller_email and seller_id can not both be blank
sign: can't be blankinvalid sign
quantity: should be integer and between 1~999999
out_trade_no: can't be blank
partner: can't be blank
money: price and total_fee can not both be blank
payment_type: can't be blank
notify_url: can't be blank
I, [2010-11-08T16:41:02.395699 #5348]  INFO -- : return_url: can't be blank
final: 错误代码 ILLEGAL_PARTNER
sign_type: can't be blank
subject: can't be blank
seller: seller_email and seller_id can not both be blank
sign: can't be blankinvalid sign
quantity: should be integer and between 1~999999
out_trade_no: can't be blank
partner: can't be blank
money: price and total_fee can not both be blank
payment_type: can't be blank
notify_url: can't be blank
I, [2010-11-08T16:41:02.772787 #5348]  INFO -- : return_url: can't be blank
final: 错误代码 ILLEGAL_PARTNER
sign_type: can't be blank
subject: can't be blank
seller: seller_email and seller_id can not both be blank
sign: can't be blankinvalid sign
out_trade_no: can't be blank
money: price and total_fee can not both be blank
partner: not exist
payment_type: can't be blank
notify_url: can't be blank
I, [2010-11-08T16:41:03.149833 #5348]  INFO -- : return_url: can't be blank
final: 错误代码 ILLEGAL_PARTNER
sign_type: can't be blank
subject: can't be blank
seller: seller_email and seller_id can not both be blank
sign: can't be blankinvalid sign
out_trade_no: can't be blank
money: price and total_fee can not both be blank
payment_type: can't be blank
notify_url: can't be blank
I, [2010-11-08T16:41:03.578402 #5348]  INFO -- : return_url: can't be blank
final: 错误代码 ILLEGAL_SERVICE
service: can't be blank
sign_type: can't be blank
subject: can't be blank
seller: seller_email and seller_id can not both be blank
sign: can't be blankinvalid sign
out_trade_no: can't be blank
partner: can't be blank
money: price and total_fee can not both be blank
payment_type: can't be blank
notify_url: can't be blank
I, [2010-11-08T16:41:03.968370 #5348]  INFO -- : return_url: can't be blank
final: 错误代码 ILLEGAL_PARTNER
sign_type: can't be blank
subject: can't be blank
seller: seller_email and seller_id can not both be blank
sign: can't be blankinvalid sign
quantity: if price is not blank, must input quantity
out_trade_no: can't be blank
partner: can't be blank
money: price和total_fee不能同时出现
payment_type: can't be blank
notify_url: can't be blank
I, [2010-11-08T16:41:04.361431 #5348]  INFO -- : return_url: can't be blank
final: 错误代码 ILLEGAL_PARTNER
sign_type: can't be blank
subject: can't be blank
seller: seller_email and seller_id can not both be blank
sign: can't be blankinvalid sign
out_trade_no: can't be blank
partner: can't be blank
money: price and total_fee can not both be blank
payment_type: can't be blank
notify_url: can't be blank
I, [2010-11-08T16:41:04.741978 #5348]  INFO -- : return_url: can't be blank
final: 错误代码 ILLEGAL_PARTNER
sign_type: can't be blank
subject: can't be blank
seller: seller_email and seller_id can not both be blank
sign: invalid sign
out_trade_no: can't be blank
money: price and total_fee can not both be blank
payment_type: can't be blank
notify_url: can't be blank
I, [2010-11-08T16:41:05.162111 #5348]  INFO -- : return_url: can't be blank
final: 错误代码 ILLEGAL_PARTNER
sign_type: can't be blank
subject: can't be blank
seller: seller_email and seller_id can not both be blank
out_trade_no: can't be blank
money: price and total_fee can not both be blank
payment_type: can't be blank
notify_url: can't be blank
I, [2010-11-08T16:41:05.594669 #5348]  INFO -- : final: 出错了!200903数据签名验证未通过 
sign: invalid v_md5info
v_md5info: can't be blank
I, [2010-11-08T16:41:05.913039 #5348]  INFO -- : v_oid: is too long (maximum is 64 characters)
final: 出错了!500903参数错误,订单号过长 
sign: invalid v_md5info
v_url: is too long (maximum is 200 characters)
v_md5info: can't be blank
I, [2010-11-08T16:41:06.228083 #5348]  INFO -- : final: 出错了!501112参数错误,非法金额参数 
v_amount: format should be Number(6, 2)
sign: invalid v_md5info
v_md5info: can't be blank
I, [2010-11-08T16:41:06.542874 #5348]  INFO -- : final: 出错了!500708参数错误,该商户ID不存在 
sign: invalid v_md5info
v_md5info: can't be blank
v_mid: 商户编号不存在
I, [2010-11-08T16:41:06.874021 #5348]  INFO -- : final: 出错了!200903数据签名验证未通过 
sign: invalid v_md5info
v_md5info: can't be blank
I, [2010-11-08T16:41:07.148729 #5348]  INFO -- : v_oid: can't be blank
final: 出错了!500800错误的数据格式,不能解析 
v_amount: can't be blank
v_moneytype: can't be blank
v_url: can't be blank
sign: invalid v_md5info
v_md5info: can't be blank
v_mid: can't be blank
I, [2010-11-08T16:41:07.452953 #5348]  INFO -- : final: 出错了!200903数据签名验证未通过 
sign: invalid v_md5info
I, [2010-11-08T16:41:07.861174 #5348]  INFO -- : final: 出错了!200903数据签名验证未通过 
I, [2010-11-08T16:41:08.245457 #5348]  INFO -- : Mon Nov 08 16:41:08 +0800 2010:./test/../lib/magpie/rubber.rb:7}:./test/../lib/magpie/utils.rb:120:in `send_notify'
/usr/local/lib/ruby/1.8/timeout.rb:62:in `timeout'
/usr/local/lib/ruby/1.8/timeout.rb:93:in `timeout'
./test/../lib/magpie/utils.rb:112:in `send_notify'
./test/../lib/magpie/rubber.rb:5:in `try'
./test/../lib/magpie/utils.rb:111:in `send_notify'
./test/test_utils.rb:23:in `test_send_notify_code'
/usr/local/lib/ruby/1.8/test/unit/testcase.rb:78:in `__send__'
/usr/local/lib/ruby/1.8/test/unit/testcase.rb:78:in `run'
I, [2010-11-08T16:41:08.438571 #5348]  INFO -- : Mon Nov 08 16:41:08 +0800 2010:./test/../lib/magpie/rubber.rb:7}:./test/../lib/magpie/utils.rb:120:in `send_notify'
/usr/local/lib/ruby/1.8/timeout.rb:62:in `timeout'
/usr/local/lib/ruby/1.8/timeout.rb:93:in `timeout'
./test/../lib/magpie/utils.rb:112:in `send_notify'
./test/../lib/magpie/rubber.rb:5:in `try'
./test/../lib/magpie/utils.rb:111:in `send_notify'
./test/test_utils.rb:23:in `test_send_notify_code'
/usr/local/lib/ruby/1.8/test/unit/testcase.rb:78:in `__send__'
/usr/local/lib/ruby/1.8/test/unit/testcase.rb:78:in `run'
I, [2010-11-08T16:41:08.633287 #5348]  INFO -- : Mon Nov 08 16:41:08 +0800 2010:./test/../lib/magpie/rubber.rb:7}:./test/../lib/magpie/utils.rb:120:in `send_notify'
/usr/local/lib/ruby/1.8/timeout.rb:62:in `timeout'
/usr/local/lib/ruby/1.8/timeout.rb:93:in `timeout'
./test/../lib/magpie/utils.rb:112:in `send_notify'
./test/../lib/magpie/rubber.rb:5:in `try'
./test/../lib/magpie/utils.rb:111:in `send_notify'
./test/test_utils.rb:23:in `test_send_notify_code'
/usr/local/lib/ruby/1.8/test/unit/testcase.rb:78:in `__send__'
/usr/local/lib/ruby/1.8/test/unit/testcase.rb:78:in `run'
I, [2010-11-08T16:41:09.015073 #5348]  INFO -- : Mon Nov 08 16:41:09 +0800 2010:./test/../lib/magpie/rubber.rb:7}:./test/../lib/magpie/utils.rb:120:in `send_notify'
/usr/local/lib/ruby/1.8/timeout.rb:62:in `timeout'
/usr/local/lib/ruby/1.8/timeout.rb:93:in `timeout'
./test/../lib/magpie/utils.rb:112:in `send_notify'
./test/../lib/magpie/rubber.rb:5:in `try'
./test/../lib/magpie/utils.rb:111:in `send_notify'
./test/test_utils.rb:29:in `test_send_notify_code'
/usr/local/lib/ruby/1.8/test/unit/testcase.rb:78:in `__send__'
/usr/local/lib/ruby/1.8/test/unit/testcase.rb:78:in `run'
I, [2010-11-08T16:41:14.215581 #5348]  INFO -- : Mon Nov 08 16:41:14 +0800 2010:./test/../lib/magpie/rubber.rb:7}:./test/../lib/magpie/utils.rb:120:in `send_notify'
/usr/local/lib/ruby/1.8/timeout.rb:62:in `timeout'
/usr/local/lib/ruby/1.8/timeout.rb:93:in `timeout'
./test/../lib/magpie/utils.rb:112:in `send_notify'
./test/../lib/magpie/rubber.rb:5:in `try'
./test/../lib/magpie/utils.rb:111:in `send_notify'
./test/test_utils.rb:29:in `test_send_notify_code'
/usr/local/lib/ruby/1.8/test/unit/testcase.rb:78:in `__send__'
/usr/local/lib/ruby/1.8/test/unit/testcase.rb:78:in `run'
I, [2010-11-08T16:41:14.418782 #5348]  INFO -- : Mon Nov 08 16:41:14 +0800 2010:./test/../lib/magpie/rubber.rb:7}:./test/../lib/magpie/utils.rb:120:in `send_notify'
/usr/local/lib/ruby/1.8/timeout.rb:62:in `timeout'
/usr/local/lib/ruby/1.8/timeout.rb:93:in `timeout'
./test/../lib/magpie/utils.rb:112:in `send_notify'
./test/../lib/magpie/rubber.rb:5:in `try'
./test/../lib/magpie/utils.rb:111:in `send_notify'
./test/test_utils.rb:29:in `test_send_notify_code'
/usr/local/lib/ruby/1.8/test/unit/testcase.rb:78:in `__send__'
/usr/local/lib/ruby/1.8/test/unit/testcase.rb:78:in `run'
I, [2010-11-08T16:41:14.605713 #5348]  INFO -- : Mon Nov 08 16:41:14 +0800 2010:./test/../lib/magpie/rubber.rb:7}:/usr/local/lib/ruby/1.8/net/http.rb:560:in `initialize'
/usr/local/lib/ruby/1.8/net/http.rb:560:in `open'
/usr/local/lib/ruby/1.8/net/http.rb:560:in `connect'
/usr/local/lib/ruby/1.8/timeout.rb:53:in `timeout'
/usr/local/lib/ruby/1.8/timeout.rb:93:in `timeout'
/usr/local/lib/ruby/1.8/net/http.rb:560:in `connect'
/usr/local/lib/ruby/1.8/net/http.rb:553:in `do_start'
/usr/local/lib/ruby/1.8/net/http.rb:542:in `start'
./test/../lib/magpie/utils.rb:90:in `start_http'
I, [2010-11-08T16:41:14.606496 #5348]  INFO -- : Mon Nov 08 16:41:14 +0800 2010:./test/../lib/magpie/rubber.rb:7}:/usr/local/lib/ruby/1.8/net/http.rb:560:in `initialize'
/usr/local/lib/ruby/1.8/net/http.rb:560:in `open'
/usr/local/lib/ruby/1.8/net/http.rb:560:in `connect'
/usr/local/lib/ruby/1.8/timeout.rb:53:in `timeout'
/usr/local/lib/ruby/1.8/timeout.rb:93:in `timeout'
/usr/local/lib/ruby/1.8/net/http.rb:560:in `connect'
/usr/local/lib/ruby/1.8/net/http.rb:553:in `do_start'
/usr/local/lib/ruby/1.8/net/http.rb:542:in `start'
./test/../lib/magpie/utils.rb:90:in `start_http'
I, [2010-11-08T16:41:14.607225 #5348]  INFO -- : Mon Nov 08 16:41:14 +0800 2010:./test/../lib/magpie/rubber.rb:7}:/usr/local/lib/ruby/1.8/net/http.rb:560:in `initialize'
/usr/local/lib/ruby/1.8/net/http.rb:560:in `open'
/usr/local/lib/ruby/1.8/net/http.rb:560:in `connect'
/usr/local/lib/ruby/1.8/timeout.rb:53:in `timeout'
/usr/local/lib/ruby/1.8/timeout.rb:93:in `timeout'
/usr/local/lib/ruby/1.8/net/http.rb:560:in `connect'
/usr/local/lib/ruby/1.8/net/http.rb:553:in `do_start'
/usr/local/lib/ruby/1.8/net/http.rb:542:in `start'
./test/../lib/magpie/utils.rb:90:in `start_http'
I, [2010-11-08T16:41:14.611968 #5348]  INFO -- : return_url: can't be blank
sign_type: can't be blank
service: can't be blank
seller: seller_email and seller_id can not both be blank
subject: can't be blank
sign: can't be blankinvalid sign
out_trade_no: can't be blank
money: price and total_fee can not both be blank
partner: can't be blank
payment_type: can't be blank
notify_url: can't be blank
I, [2010-11-08T16:41:14.615492 #5348]  INFO -- : v_oid: can't be blank
v_amount: can't be blank
v_moneytype: can't be blank
sign: invalid v_md5info
v_url: can't be blank
v_md5info: can't be blank
v_mid: can't be blank
I, [2010-11-08T16:41:14.618770 #5348]  INFO -- : v_oid: can't be blank
v_amount: can't be blank
v_moneytype: can't be blank
sign: invalid v_md5info
v_url: can't be blank
v_md5info: can't be blank
v_mid: can't be blank
I, [2010-11-08T16:41:14.622355 #5348]  INFO -- : #<NoMethodError: private method `split' called for nil:NilClass>:
./test/../lib/middles/snake.rb:101:in `query_to_hash'
./test/../lib/middles/snake.rb:84:in `order_pay'
./test/../lib/middles/snake.rb:10:in `call'
./test/../lib/middles/snake.rb:10
./test/../lib/middles/snake.rb:24:in `call'
./test/../lib/middles/snake.rb:24:in `call'
./test/../lib/middles/snake.rb:22:in `each'
./test/../lib/middles/snake.rb:22:in `call'
/usr/local/lib/ruby/gems/1.8/gems/rack-1.2.1/lib/rack/static.rb:33:in `call'
I, [2010-11-08T16:41:14.623368 #5348]  INFO -- : return_url: can't be blank
sign_type: can't be blank
service: can't be blank
seller: seller_email and seller_id can not both be blank
subject: can't be blank
sign: can't be blankinvalid sign
out_trade_no: can't be blank
money: price and total_fee can not both be blank
partner: can't be blank
payment_type: can't be blank
notify_url: can't be blank
I, [2010-11-08T16:41:14.625899 #5348]  INFO -- : total_fee: can't be blank
bargainor_id: can't be blank
return_url: can't be blank
transaction_id: can't be blank
desc: can't be blank
sp_billno: can't be blank
date: can't be blank
cmdno: can't be blank
sign: can't be blankinvalid sign
fee_type: can't be blank
bank_type: can't be blank
attach: can't be blank
spbill_create_ip: can't be blank
I, [2010-11-08T16:41:14.627759 #5348]  INFO -- : total_fee: can't be blank
bargainor_id: can't be blank
return_url: can't be blank
transaction_id: can't be blank
desc: can't be blank
sp_billno: can't be blank
date: can't be blank
cmdno: can't be blank
sign: can't be blankinvalid sign
fee_type: can't be blank
bank_type: can't be blank
attach: can't be blank
spbill_create_ip: can't be blank
I, [2010-11-08T16:41:15.215157 #5348]  INFO -- : final: [21620002]您的请求无效，请重新操作
desc: can't be blank
transaction_id: 格式错误,transaction_id为28位长的数值,其中前10位为商户网站编号(SPID)，由财付通统一分配;之后8位为订单产生的日期,如20050415;最后10位商户需要保证一天内不同的事务(用户订购一次商品或购买一次服务),其ID不相同
sign: can't be blankinvalid sign
bank_type: can't be blank
I, [2010-11-08T16:41:15.755130 #5348]  INFO -- : final: [21620002]您的请求无效，请重新操作
desc: can't be blank
transaction_id: 格式错误,transaction_id为28位长的数值,其中前10位为商户网站编号(SPID)，由财付通统一分配;之后8位为订单产生的日期,如20050415;最后10位商户需要保证一天内不同的事务(用户订购一次商品或购买一次服务),其ID不相同
sign: can't be blankinvalid sign
bank_type: can't be blank
I, [2010-11-08T16:41:16.292657 #5348]  INFO -- : final: [21620002]您的请求无效，请重新操作
desc: can't be blank
transaction_id: 格式错误,transaction_id为28位长的数值,其中前10位为商户网站编号(SPID)，由财付通统一分配;之后8位为订单产生的日期,如20050415;最后10位商户需要保证一天内不同的事务(用户订购一次商品或购买一次服务),其ID不相同
sign: can't be blankinvalid sign
bank_type: can't be blank
I, [2010-11-08T16:41:16.666981 #5348]  INFO -- : bargainor_id: can't be blank
total_fee: can't be blank
return_url: can't be blank
final: 您的支付请求类型稍后支持,敬请期待
desc: can't be blank
transaction_id: can't be blank
sp_billno: can't be blank
cmdno: can't be blank
date: can't be blank
fee_type: can't be blank
sign: can't be blankinvalid sign
bank_type: can't be blank
attach: can't be blank
spbill_create_ip: can't be blank
I, [2010-11-08T16:41:17.201612 #5348]  INFO -- : final: [21620002]您的请求无效，请重新操作
desc: can't be blank
sign: can't be blankinvalid sign
bank_type: can't be blank
I, [2010-11-08T16:41:17.737227 #5348]  INFO -- : total_fee: 格式错误,只能为数字,以分为单位,不允许包含任何字符
final: [21620002]您的请求无效，请重新操作
desc: can't be blank
transaction_id: 格式错误,transaction_id为28位长的数值,其中前10位为商户网站编号(SPID)，由财付通统一分配;之后8位为订单产生的日期,如20050415;最后10位商户需要保证一天内不同的事务(用户订购一次商品或购买一次服务),其ID不相同
sign: can't be blankinvalid sign
bank_type: can't be blank
I, [2010-11-08T16:41:18.260202 #5348]  INFO -- : total_fee: 格式错误,只能为数字,以分为单位,不允许包含任何字符
final: [21620002]您的请求无效，请重新操作
desc: can't be blank
transaction_id: 格式错误,transaction_id为28位长的数值,其中前10位为商户网站编号(SPID)，由财付通统一分配;之后8位为订单产生的日期,如20050415;最后10位商户需要保证一天内不同的事务(用户订购一次商品或购买一次服务),其ID不相同
sign: can't be blankinvalid sign
bank_type: can't be blank
I, [2010-11-08T16:41:18.864158 #5348]  INFO -- : final: [21620002]您的请求无效，请重新操作
desc: can't be blank
transaction_id: 格式错误,transaction_id为28位长的数值,其中前10位为商户网站编号(SPID)，由财付通统一分配;之后8位为订单产生的日期,如20050415;最后10位商户需要保证一天内不同的事务(用户订购一次商品或购买一次服务),其ID不相同
sign: can't be blankinvalid sign
bank_type: can't be blank
I, [2010-11-08T16:41:19.406253 #5348]  INFO -- : final: [21620002]您的请求无效，请重新操作
desc: can't be blank
transaction_id: 格式错误,transaction_id为28位长的数值,其中前10位为商户网站编号(SPID)，由财付通统一分配;之后8位为订单产生的日期,如20050415;最后10位商户需要保证一天内不同的事务(用户订购一次商品或购买一次服务),其ID不相同
sign: can't be blankinvalid sign
fee_type: 目前只支持人民币,请填1
bank_type: can't be blank
I, [2010-11-08T16:41:24.947479 #5348]  INFO -- : final: [21620002]您的请求无效，请重新操作
desc: can't be blank
transaction_id: 格式错误,transaction_id为28位长的数值,其中前10位为商户网站编号(SPID)，由财付通统一分配;之后8位为订单产生的日期,如20050415;最后10位商户需要保证一天内不同的事务(用户订购一次商品或购买一次服务),其ID不相同
sign: can't be blankinvalid sign
bank_type: can't be blank
I, [2010-11-08T16:41:25.480546 #5348]  INFO -- : final: [21620002]您的请求无效，请重新操作
desc: can't be blank
transaction_id: 格式错误,transaction_id为28位长的数值,其中前10位为商户网站编号(SPID)，由财付通统一分配;之后8位为订单产生的日期,如20050415;最后10位商户需要保证一天内不同的事务(用户订购一次商品或购买一次服务),其ID不相同
sign: can't be blankinvalid sign
bank_type: can't be blank
spbill_create_ip: 格式错误
I, [2010-11-08T16:41:26.005883 #5348]  INFO -- : final: [21620002]您的请求无效，请重新操作
desc: can't be blank
transaction_id: 格式错误,transaction_id为28位长的数值,其中前10位为商户网站编号(SPID)，由财付通统一分配;之后8位为订单产生的日期,如20050415;最后10位商户需要保证一天内不同的事务(用户订购一次商品或购买一次服务),其ID不相同
sign: can't be blankinvalid sign
bank_type: can't be blank
spbill_create_ip: 格式错误
I, [2010-11-08T16:41:26.554193 #5348]  INFO -- : final: [21620002]您的请求无效，请重新操作
desc: can't be blank
transaction_id: 格式错误,transaction_id为28位长的数值,其中前10位为商户网站编号(SPID)，由财付通统一分配;之后8位为订单产生的日期,如20050415;最后10位商户需要保证一天内不同的事务(用户订购一次商品或购买一次服务),其ID不相同
sign: can't be blankinvalid sign
bank_type: can't be blank
I, [2010-11-08T16:41:27.097922 #5348]  INFO -- : final: [21620002]您的请求无效，请重新操作
desc: can't be blank
transaction_id: 格式错误,transaction_id为28位长的数值,其中前10位为商户网站编号(SPID)，由财付通统一分配;之后8位为订单产生的日期,如20050415;最后10位商户需要保证一天内不同的事务(用户订购一次商品或购买一次服务),其ID不相同
sp_billno: 长度错误,应该在28个字符内
sign: can't be blankinvalid sign
bank_type: can't be blank
I, [2010-11-08T16:41:27.456867 #5348]  INFO -- : bargainor_id: can't be blank
total_fee: can't be blank
return_url: can't be blank
final: 您的支付请求类型稍后支持,敬请期待
desc: can't be blank
transaction_id: can't be blank
sp_billno: can't be blank
cmdno: can't be blank
date: can't be blank
fee_type: can't be blank
sign: can't be blankinvalid sign
bank_type: can't be blank
attach: can't be blank
spbill_create_ip: can't be blank
I, [2010-11-08T16:41:28.024137 #5348]  INFO -- : bargainor_id: 商户号不存在
final: [21620002]您的请求无效，请重新操作
desc: can't be blank
transaction_id: 格式错误,transaction_id为28位长的数值,其中前10位为商户网站编号(SPID)，由财付通统一分配;之后8位为订单产生的日期,如20050415;最后10位商户需要保证一天内不同的事务(用户订购一次商品或购买一次服务),其ID不相同
sign: can't be blankinvalid sign
bank_type: can't be blank
I, [2010-11-08T16:41:28.581185 #5348]  INFO -- : bargainor_id: 商户号不存在
final: [21620002]您的请求无效，请重新操作
desc: can't be blank
transaction_id: 格式错误,transaction_id为28位长的数值,其中前10位为商户网站编号(SPID)，由财付通统一分配;之后8位为订单产生的日期,如20050415;最后10位商户需要保证一天内不同的事务(用户订购一次商品或购买一次服务),其ID不相同
sign: can't be blankinvalid sign
bank_type: can't be blank
I, [2010-11-08T16:41:28.941711 #5348]  INFO -- : bargainor_id: can't be blank
total_fee: can't be blank
return_url: can't be blank
final: 您的支付请求类型稍后支持,敬请期待
desc: can't be blank
transaction_id: can't be blank
sp_billno: can't be blank
cmdno: can't be blank
date: can't be blank
fee_type: can't be blank
sign: can't be blankinvalid sign
bank_type: can't be blank
attach: can't be blank
spbill_create_ip: can't be blank
I, [2010-11-08T16:41:34.262920 #5348]  INFO -- : final: 聽聽发生错误了！聽聽10000002|
desc: can't be blank
transaction_id: 格式错误,transaction_id为28位长的数值,其中前10位为商户网站编号(SPID)，由财付通统一分配;之后8位为订单产生的日期,如20050415;最后10位商户需要保证一天内不同的事务(用户订购一次商品或购买一次服务),其ID不相同
sign: sign签名必须大写invalid sign
bank_type: can't be blank
I, [2010-11-08T16:41:34.581209 #5348]  INFO -- : final: 聽聽发生错误了！聽聽10000002|
desc: can't be blank
transaction_id: 格式错误,transaction_id为28位长的数值,其中前10位为商户网站编号(SPID)，由财付通统一分配;之后8位为订单产生的日期,如20050415;最后10位商户需要保证一天内不同的事务(用户订购一次商品或购买一次服务),其ID不相同
sign: invalid sign
bank_type: can't be blank
I, [2010-11-08T16:41:35.173881 #5348]  INFO -- : final: [21620002]您的请求无效，请重新操作
desc: can't be blank
transaction_id: 格式错误,transaction_id为28位长的数值,其中前10位为商户网站编号(SPID)，由财付通统一分配;之后8位为订单产生的日期,如20050415;最后10位商户需要保证一天内不同的事务(用户订购一次商品或购买一次服务),其ID不相同
sign: invalid sign
bank_type: can't be blank
I, [2010-11-08T16:41:35.714738 #5348]  INFO -- : final: [21620002]您的请求无效，请重新操作
desc: can't be blank
transaction_id: 格式错误,transaction_id为28位长的数值,其中前10位为商户网站编号(SPID)，由财付通统一分配;之后8位为订单产生的日期,如20050415;最后10位商户需要保证一天内不同的事务(用户订购一次商品或购买一次服务),其ID不相同
bank_type: can't be blank
I, [2010-12-05T20:58:42.866100 #4649]  INFO -- : Sun Dec 05 20:58:42 +0800 2010:./test/../lib/magpie/rubber.rb:7}:/usr/lib/ruby/1.8/net/http.rb:560:in `initialize'
/usr/lib/ruby/1.8/net/http.rb:560:in `open'
/usr/lib/ruby/1.8/net/http.rb:560:in `connect'
/usr/lib/ruby/1.8/timeout.rb:53:in `timeout'
/usr/lib/ruby/1.8/timeout.rb:93:in `timeout'
/usr/lib/ruby/1.8/net/http.rb:560:in `connect'
/usr/lib/ruby/1.8/net/http.rb:553:in `do_start'
/usr/lib/ruby/1.8/net/http.rb:542:in `start'
./test/../lib/magpie/utils.rb:89:in `start_http'
I, [2010-12-05T20:58:42.891702 #4649]  INFO -- : Sun Dec 05 20:58:42 +0800 2010:./test/../lib/magpie/rubber.rb:7}:/usr/lib/ruby/1.8/net/http.rb:560:in `initialize'
/usr/lib/ruby/1.8/net/http.rb:560:in `open'
/usr/lib/ruby/1.8/net/http.rb:560:in `connect'
/usr/lib/ruby/1.8/timeout.rb:53:in `timeout'
/usr/lib/ruby/1.8/timeout.rb:93:in `timeout'
/usr/lib/ruby/1.8/net/http.rb:560:in `connect'
/usr/lib/ruby/1.8/net/http.rb:553:in `do_start'
/usr/lib/ruby/1.8/net/http.rb:542:in `start'
./test/../lib/magpie/utils.rb:89:in `start_http'
I, [2010-12-05T20:58:42.893546 #4649]  INFO -- : Sun Dec 05 20:58:42 +0800 2010:./test/../lib/magpie/rubber.rb:7}:/usr/lib/ruby/1.8/net/http.rb:560:in `initialize'
/usr/lib/ruby/1.8/net/http.rb:560:in `open'
/usr/lib/ruby/1.8/net/http.rb:560:in `connect'
/usr/lib/ruby/1.8/timeout.rb:53:in `timeout'
/usr/lib/ruby/1.8/timeout.rb:93:in `timeout'
/usr/lib/ruby/1.8/net/http.rb:560:in `connect'
/usr/lib/ruby/1.8/net/http.rb:553:in `do_start'
/usr/lib/ruby/1.8/net/http.rb:542:in `start'
./test/../lib/magpie/utils.rb:89:in `start_http'
I, [2010-12-05T20:58:42.905690 #4649]  INFO -- : Sun Dec 05 20:58:42 +0800 2010:./test/../lib/magpie/rubber.rb:7}:/usr/lib/ruby/1.8/net/http.rb:560:in `initialize'
/usr/lib/ruby/1.8/net/http.rb:560:in `open'
/usr/lib/ruby/1.8/net/http.rb:560:in `connect'
/usr/lib/ruby/1.8/timeout.rb:53:in `timeout'
/usr/lib/ruby/1.8/timeout.rb:93:in `timeout'
/usr/lib/ruby/1.8/net/http.rb:560:in `connect'
/usr/lib/ruby/1.8/net/http.rb:553:in `do_start'
/usr/lib/ruby/1.8/net/http.rb:542:in `start'
./test/../lib/magpie/utils.rb:89:in `start_http'
I, [2010-12-05T20:58:42.908416 #4649]  INFO -- : Sun Dec 05 20:58:42 +0800 2010:./test/../lib/magpie/rubber.rb:7}:/usr/lib/ruby/1.8/net/http.rb:560:in `initialize'
/usr/lib/ruby/1.8/net/http.rb:560:in `open'
/usr/lib/ruby/1.8/net/http.rb:560:in `connect'
/usr/lib/ruby/1.8/timeout.rb:53:in `timeout'
/usr/lib/ruby/1.8/timeout.rb:93:in `timeout'
/usr/lib/ruby/1.8/net/http.rb:560:in `connect'
/usr/lib/ruby/1.8/net/http.rb:553:in `do_start'
/usr/lib/ruby/1.8/net/http.rb:542:in `start'
./test/../lib/magpie/utils.rb:89:in `start_http'
I, [2010-12-05T20:58:42.910664 #4649]  INFO -- : Sun Dec 05 20:58:42 +0800 2010:./test/../lib/magpie/rubber.rb:7}:/usr/lib/ruby/1.8/net/http.rb:560:in `initialize'
/usr/lib/ruby/1.8/net/http.rb:560:in `open'
/usr/lib/ruby/1.8/net/http.rb:560:in `connect'
/usr/lib/ruby/1.8/timeout.rb:53:in `timeout'
/usr/lib/ruby/1.8/timeout.rb:93:in `timeout'
/usr/lib/ruby/1.8/net/http.rb:560:in `connect'
/usr/lib/ruby/1.8/net/http.rb:553:in `do_start'
/usr/lib/ruby/1.8/net/http.rb:542:in `start'
./test/../lib/magpie/utils.rb:89:in `start_http'
I, [2010-12-05T20:58:42.917249 #4649]  INFO -- : return_url: can't be blank
sign_type: can't be blank
subject: can't be blank
service: can't be blank
out_trade_no: can't be blank
seller: seller_email and seller_id can not both be blank
partner: can't be blank
payment_type: can't be blank
sign: can't be blankinvalid sign
notify_url: can't be blank
money: price and total_fee can not both be blank
I, [2010-12-05T20:58:42.933031 #4649]  INFO -- : v_url: can't be blank
v_md5info: can't be blank
v_mid: can't be blank
v_oid: can't be blank
v_amount: can't be blank
sign: invalid v_md5info
v_moneytype: can't be blank
I, [2010-12-05T20:58:42.938241 #4649]  INFO -- : v_url: can't be blank
v_md5info: can't be blank
v_mid: can't be blank
v_oid: can't be blank
v_amount: can't be blank
sign: invalid v_md5info
v_moneytype: can't be blank
I, [2010-12-05T20:58:42.943241 #4649]  INFO -- : #<NoMethodError: private method `split' called for nil:NilClass>:
./test/../lib/middles/snake.rb:101:in `query_to_hash'
./test/../lib/middles/snake.rb:84:in `order_pay'
./test/../lib/middles/snake.rb:10:in `call'
./test/../lib/middles/snake.rb:10
./test/../lib/middles/snake.rb:24:in `call'
./test/../lib/middles/snake.rb:24:in `call'
./test/../lib/middles/snake.rb:22:in `each'
./test/../lib/middles/snake.rb:22:in `call'
/usr/lib/ruby/gems/1.8/gems/rack-1.2.1/lib/rack/static.rb:33:in `call'
I, [2010-12-05T20:58:42.945336 #4649]  INFO -- : return_url: can't be blank
sign_type: can't be blank
subject: can't be blank
service: can't be blank
out_trade_no: can't be blank
seller: seller_email and seller_id can not both be blank
partner: can't be blank
payment_type: can't be blank
sign: can't be blankinvalid sign
notify_url: can't be blank
money: price and total_fee can not both be blank
I, [2010-12-05T20:58:42.952241 #4649]  INFO -- : attach: can't be blank
return_url: can't be blank
spbill_create_ip: can't be blank
total_fee: can't be blank
bargainor_id: can't be blank
desc: can't be blank
transaction_id: can't be blank
sp_billno: can't be blank
sign: can't be blankinvalid sign
cmdno: can't be blank
fee_type: can't be blank
bank_type: can't be blank
date: can't be blank
I, [2010-12-05T20:58:42.956849 #4649]  INFO -- : attach: can't be blank
return_url: can't be blank
spbill_create_ip: can't be blank
total_fee: can't be blank
bargainor_id: can't be blank
desc: can't be blank
transaction_id: can't be blank
sp_billno: can't be blank
sign: can't be blankinvalid sign
cmdno: can't be blank
fee_type: can't be blank
bank_type: can't be blank
date: can't be blank
I, [2010-12-30T16:02:57.810282 #11121]  INFO -- : Thu Dec 30 16:02:57 +0800 2010:./test/../lib/magpie/rubber.rb:7}:./test/../lib/magpie/utils.rb:119:in `send_notify'
/usr/lib/ruby/1.8/timeout.rb:62:in `timeout'
/usr/lib/ruby/1.8/timeout.rb:93:in `timeout'
./test/../lib/magpie/utils.rb:111:in `send_notify'
./test/../lib/magpie/rubber.rb:5:in `try'
./test/../lib/magpie/utils.rb:110:in `send_notify'
./test/test_utils.rb:23:in `test_send_notify_code'
/usr/lib/ruby/1.8/test/unit/testcase.rb:78:in `__send__'
/usr/lib/ruby/1.8/test/unit/testcase.rb:78:in `run'
I, [2010-12-30T16:02:58.001797 #11121]  INFO -- : Thu Dec 30 16:02:58 +0800 2010:./test/../lib/magpie/rubber.rb:7}:./test/../lib/magpie/utils.rb:119:in `send_notify'
/usr/lib/ruby/1.8/timeout.rb:62:in `timeout'
/usr/lib/ruby/1.8/timeout.rb:93:in `timeout'
./test/../lib/magpie/utils.rb:111:in `send_notify'
./test/../lib/magpie/rubber.rb:5:in `try'
./test/../lib/magpie/utils.rb:110:in `send_notify'
./test/test_utils.rb:23:in `test_send_notify_code'
/usr/lib/ruby/1.8/test/unit/testcase.rb:78:in `__send__'
/usr/lib/ruby/1.8/test/unit/testcase.rb:78:in `run'
I, [2010-12-30T16:02:58.220975 #11121]  INFO -- : Thu Dec 30 16:02:58 +0800 2010:./test/../lib/magpie/rubber.rb:7}:./test/../lib/magpie/utils.rb:119:in `send_notify'
/usr/lib/ruby/1.8/timeout.rb:62:in `timeout'
/usr/lib/ruby/1.8/timeout.rb:93:in `timeout'
./test/../lib/magpie/utils.rb:111:in `send_notify'
./test/../lib/magpie/rubber.rb:5:in `try'
./test/../lib/magpie/utils.rb:110:in `send_notify'
./test/test_utils.rb:23:in `test_send_notify_code'
/usr/lib/ruby/1.8/test/unit/testcase.rb:78:in `__send__'
/usr/lib/ruby/1.8/test/unit/testcase.rb:78:in `run'
I, [2010-12-30T16:02:58.586602 #11121]  INFO -- : Thu Dec 30 16:02:58 +0800 2010:./test/../lib/magpie/rubber.rb:7}:./test/../lib/magpie/utils.rb:119:in `send_notify'
/usr/lib/ruby/1.8/timeout.rb:62:in `timeout'
/usr/lib/ruby/1.8/timeout.rb:93:in `timeout'
./test/../lib/magpie/utils.rb:111:in `send_notify'
./test/../lib/magpie/rubber.rb:5:in `try'
./test/../lib/magpie/utils.rb:110:in `send_notify'
./test/test_utils.rb:29:in `test_send_notify_code'
/usr/lib/ruby/1.8/test/unit/testcase.rb:78:in `__send__'
/usr/lib/ruby/1.8/test/unit/testcase.rb:78:in `run'
I, [2010-12-30T16:02:58.798557 #11121]  INFO -- : Thu Dec 30 16:02:58 +0800 2010:./test/../lib/magpie/rubber.rb:7}:./test/../lib/magpie/utils.rb:119:in `send_notify'
/usr/lib/ruby/1.8/timeout.rb:62:in `timeout'
/usr/lib/ruby/1.8/timeout.rb:93:in `timeout'
./test/../lib/magpie/utils.rb:111:in `send_notify'
./test/../lib/magpie/rubber.rb:5:in `try'
./test/../lib/magpie/utils.rb:110:in `send_notify'
./test/test_utils.rb:29:in `test_send_notify_code'
/usr/lib/ruby/1.8/test/unit/testcase.rb:78:in `__send__'
/usr/lib/ruby/1.8/test/unit/testcase.rb:78:in `run'
I, [2010-12-30T16:02:58.980401 #11121]  INFO -- : Thu Dec 30 16:02:58 +0800 2010:./test/../lib/magpie/rubber.rb:7}:./test/../lib/magpie/utils.rb:119:in `send_notify'
/usr/lib/ruby/1.8/timeout.rb:62:in `timeout'
/usr/lib/ruby/1.8/timeout.rb:93:in `timeout'
./test/../lib/magpie/utils.rb:111:in `send_notify'
./test/../lib/magpie/rubber.rb:5:in `try'
./test/../lib/magpie/utils.rb:110:in `send_notify'
./test/test_utils.rb:29:in `test_send_notify_code'
/usr/lib/ruby/1.8/test/unit/testcase.rb:78:in `__send__'
/usr/lib/ruby/1.8/test/unit/testcase.rb:78:in `run'
I, [2010-12-30T16:02:59.164261 #11121]  INFO -- : Thu Dec 30 16:02:59 +0800 2010:./test/../lib/magpie/rubber.rb:7}:/usr/lib/ruby/1.8/net/http.rb:560:in `initialize'
/usr/lib/ruby/1.8/net/http.rb:560:in `open'
/usr/lib/ruby/1.8/net/http.rb:560:in `connect'
/usr/lib/ruby/1.8/timeout.rb:53:in `timeout'
/usr/lib/ruby/1.8/timeout.rb:93:in `timeout'
/usr/lib/ruby/1.8/net/http.rb:560:in `connect'
/usr/lib/ruby/1.8/net/http.rb:553:in `do_start'
/usr/lib/ruby/1.8/net/http.rb:542:in `start'
./test/../lib/magpie/utils.rb:89:in `start_http'
I, [2010-12-30T16:02:59.167383 #11121]  INFO -- : Thu Dec 30 16:02:59 +0800 2010:./test/../lib/magpie/rubber.rb:7}:/usr/lib/ruby/1.8/net/http.rb:560:in `initialize'
/usr/lib/ruby/1.8/net/http.rb:560:in `open'
/usr/lib/ruby/1.8/net/http.rb:560:in `connect'
/usr/lib/ruby/1.8/timeout.rb:53:in `timeout'
/usr/lib/ruby/1.8/timeout.rb:93:in `timeout'
/usr/lib/ruby/1.8/net/http.rb:560:in `connect'
/usr/lib/ruby/1.8/net/http.rb:553:in `do_start'
/usr/lib/ruby/1.8/net/http.rb:542:in `start'
./test/../lib/magpie/utils.rb:89:in `start_http'
I, [2010-12-30T16:02:59.170058 #11121]  INFO -- : Thu Dec 30 16:02:59 +0800 2010:./test/../lib/magpie/rubber.rb:7}:/usr/lib/ruby/1.8/net/http.rb:560:in `initialize'
/usr/lib/ruby/1.8/net/http.rb:560:in `open'
/usr/lib/ruby/1.8/net/http.rb:560:in `connect'
/usr/lib/ruby/1.8/timeout.rb:53:in `timeout'
/usr/lib/ruby/1.8/timeout.rb:93:in `timeout'
/usr/lib/ruby/1.8/net/http.rb:560:in `connect'
/usr/lib/ruby/1.8/net/http.rb:553:in `do_start'
/usr/lib/ruby/1.8/net/http.rb:542:in `start'
./test/../lib/magpie/utils.rb:89:in `start_http'
I, [2010-12-30T16:02:59.266332 #11121]  INFO -- : seller: seller_email and seller_id can not both be blank
partner: can't be blank
payment_type: can't be blank
notify_url: can't be blank
money: price and total_fee can not both be blank
return_url: can't be blank
sign_type: can't be blank
subject: can't be blank
sign: can't be blankinvalid sign
service: can't be blank
out_trade_no: can't be blank
I, [2010-12-30T16:02:59.274118 #11121]  INFO -- : v_amount: can't be blank
v_moneytype: can't be blank
v_url: can't be blank
v_md5info: can't be blank
v_mid: can't be blank
sign: invalid v_md5info
v_oid: can't be blank
I, [2010-12-30T16:02:59.281225 #11121]  INFO -- : v_amount: can't be blank
v_moneytype: can't be blank
v_url: can't be blank
v_md5info: can't be blank
v_mid: can't be blank
sign: invalid v_md5info
v_oid: can't be blank
I, [2010-12-30T16:02:59.288602 #11121]  INFO -- : #<NoMethodError: private method `split' called for nil:NilClass>:
./test/../lib/middles/snake.rb:101:in `query_to_hash'
./test/../lib/middles/snake.rb:84:in `order_pay'
./test/../lib/middles/snake.rb:10:in `call'
./test/../lib/middles/snake.rb:10
./test/../lib/middles/snake.rb:24:in `call'
./test/../lib/middles/snake.rb:24:in `call'
./test/../lib/middles/snake.rb:22:in `each'
./test/../lib/middles/snake.rb:22:in `call'
/usr/lib/ruby/gems/1.8/gems/rack-1.2.1/lib/rack/static.rb:33:in `call'
I, [2010-12-30T16:02:59.293155 #11121]  INFO -- : seller: seller_email and seller_id can not both be blank
partner: can't be blank
payment_type: can't be blank
notify_url: can't be blank
money: price and total_fee can not both be blank
return_url: can't be blank
sign_type: can't be blank
subject: can't be blank
sign: can't be blankinvalid sign
service: can't be blank
out_trade_no: can't be blank
I, [2010-12-30T16:02:59.308924 #11121]  INFO -- : sp_billno: can't be blank
desc: can't be blank
cmdno: can't be blank
fee_type: can't be blank
bank_type: can't be blank
attach: can't be blank
return_url: can't be blank
spbill_create_ip: can't be blank
total_fee: can't be blank
bargainor_id: can't be blank
sign: can't be blankinvalid sign
transaction_id: can't be blank
date: can't be blank
I, [2010-12-30T16:02:59.317421 #11121]  INFO -- : sp_billno: can't be blank
desc: can't be blank
cmdno: can't be blank
fee_type: can't be blank
bank_type: can't be blank
attach: can't be blank
return_url: can't be blank
spbill_create_ip: can't be blank
total_fee: can't be blank
bargainor_id: can't be blank
sign: can't be blankinvalid sign
transaction_id: can't be blank
date: can't be blank
I, [2010-12-30T16:04:59.589653 #11374]  INFO -- : Thu Dec 30 16:04:59 +0800 2010:./test/../lib/magpie/rubber.rb:7}:./test/../lib/magpie/utils.rb:119:in `send_notify'
/usr/lib/ruby/1.8/timeout.rb:62:in `timeout'
/usr/lib/ruby/1.8/timeout.rb:93:in `timeout'
./test/../lib/magpie/utils.rb:111:in `send_notify'
./test/../lib/magpie/rubber.rb:5:in `try'
./test/../lib/magpie/utils.rb:110:in `send_notify'
./test/test_utils.rb:23:in `test_send_notify_code'
/usr/lib/ruby/1.8/test/unit/testcase.rb:78:in `__send__'
/usr/lib/ruby/1.8/test/unit/testcase.rb:78:in `run'
I, [2010-12-30T16:04:59.775733 #11374]  INFO -- : Thu Dec 30 16:04:59 +0800 2010:./test/../lib/magpie/rubber.rb:7}:./test/../lib/magpie/utils.rb:119:in `send_notify'
/usr/lib/ruby/1.8/timeout.rb:62:in `timeout'
/usr/lib/ruby/1.8/timeout.rb:93:in `timeout'
./test/../lib/magpie/utils.rb:111:in `send_notify'
./test/../lib/magpie/rubber.rb:5:in `try'
./test/../lib/magpie/utils.rb:110:in `send_notify'
./test/test_utils.rb:23:in `test_send_notify_code'
/usr/lib/ruby/1.8/test/unit/testcase.rb:78:in `__send__'
/usr/lib/ruby/1.8/test/unit/testcase.rb:78:in `run'
I, [2010-12-30T16:05:00.043818 #11374]  INFO -- : Thu Dec 30 16:05:00 +0800 2010:./test/../lib/magpie/rubber.rb:7}:./test/../lib/magpie/utils.rb:119:in `send_notify'
/usr/lib/ruby/1.8/timeout.rb:62:in `timeout'
/usr/lib/ruby/1.8/timeout.rb:93:in `timeout'
./test/../lib/magpie/utils.rb:111:in `send_notify'
./test/../lib/magpie/rubber.rb:5:in `try'
./test/../lib/magpie/utils.rb:110:in `send_notify'
./test/test_utils.rb:23:in `test_send_notify_code'
/usr/lib/ruby/1.8/test/unit/testcase.rb:78:in `__send__'
/usr/lib/ruby/1.8/test/unit/testcase.rb:78:in `run'
I, [2010-12-30T16:05:00.420619 #11374]  INFO -- : Thu Dec 30 16:05:00 +0800 2010:./test/../lib/magpie/rubber.rb:7}:./test/../lib/magpie/utils.rb:119:in `send_notify'
/usr/lib/ruby/1.8/timeout.rb:62:in `timeout'
/usr/lib/ruby/1.8/timeout.rb:93:in `timeout'
./test/../lib/magpie/utils.rb:111:in `send_notify'
./test/../lib/magpie/rubber.rb:5:in `try'
./test/../lib/magpie/utils.rb:110:in `send_notify'
./test/test_utils.rb:29:in `test_send_notify_code'
/usr/lib/ruby/1.8/test/unit/testcase.rb:78:in `__send__'
/usr/lib/ruby/1.8/test/unit/testcase.rb:78:in `run'
I, [2010-12-30T16:05:00.612268 #11374]  INFO -- : Thu Dec 30 16:05:00 +0800 2010:./test/../lib/magpie/rubber.rb:7}:./test/../lib/magpie/utils.rb:119:in `send_notify'
/usr/lib/ruby/1.8/timeout.rb:62:in `timeout'
/usr/lib/ruby/1.8/timeout.rb:93:in `timeout'
./test/../lib/magpie/utils.rb:111:in `send_notify'
./test/../lib/magpie/rubber.rb:5:in `try'
./test/../lib/magpie/utils.rb:110:in `send_notify'
./test/test_utils.rb:29:in `test_send_notify_code'
/usr/lib/ruby/1.8/test/unit/testcase.rb:78:in `__send__'
/usr/lib/ruby/1.8/test/unit/testcase.rb:78:in `run'
I, [2010-12-30T16:05:00.799430 #11374]  INFO -- : Thu Dec 30 16:05:00 +0800 2010:./test/../lib/magpie/rubber.rb:7}:./test/../lib/magpie/utils.rb:119:in `send_notify'
/usr/lib/ruby/1.8/timeout.rb:62:in `timeout'
/usr/lib/ruby/1.8/timeout.rb:93:in `timeout'
./test/../lib/magpie/utils.rb:111:in `send_notify'
./test/../lib/magpie/rubber.rb:5:in `try'
./test/../lib/magpie/utils.rb:110:in `send_notify'
./test/test_utils.rb:29:in `test_send_notify_code'
/usr/lib/ruby/1.8/test/unit/testcase.rb:78:in `__send__'
/usr/lib/ruby/1.8/test/unit/testcase.rb:78:in `run'
I, [2010-12-30T16:05:00.982234 #11374]  INFO -- : Thu Dec 30 16:05:00 +0800 2010:./test/../lib/magpie/rubber.rb:7}:/usr/lib/ruby/1.8/net/http.rb:560:in `initialize'
/usr/lib/ruby/1.8/net/http.rb:560:in `open'
/usr/lib/ruby/1.8/net/http.rb:560:in `connect'
/usr/lib/ruby/1.8/timeout.rb:53:in `timeout'
/usr/lib/ruby/1.8/timeout.rb:93:in `timeout'
/usr/lib/ruby/1.8/net/http.rb:560:in `connect'
/usr/lib/ruby/1.8/net/http.rb:553:in `do_start'
/usr/lib/ruby/1.8/net/http.rb:542:in `start'
./test/../lib/magpie/utils.rb:89:in `start_http'
I, [2010-12-30T16:05:00.985382 #11374]  INFO -- : Thu Dec 30 16:05:00 +0800 2010:./test/../lib/magpie/rubber.rb:7}:/usr/lib/ruby/1.8/net/http.rb:560:in `initialize'
/usr/lib/ruby/1.8/net/http.rb:560:in `open'
/usr/lib/ruby/1.8/net/http.rb:560:in `connect'
/usr/lib/ruby/1.8/timeout.rb:53:in `timeout'
/usr/lib/ruby/1.8/timeout.rb:93:in `timeout'
/usr/lib/ruby/1.8/net/http.rb:560:in `connect'
/usr/lib/ruby/1.8/net/http.rb:553:in `do_start'
/usr/lib/ruby/1.8/net/http.rb:542:in `start'
./test/../lib/magpie/utils.rb:89:in `start_http'
I, [2010-12-30T16:05:00.988047 #11374]  INFO -- : Thu Dec 30 16:05:00 +0800 2010:./test/../lib/magpie/rubber.rb:7}:/usr/lib/ruby/1.8/net/http.rb:560:in `initialize'
/usr/lib/ruby/1.8/net/http.rb:560:in `open'
/usr/lib/ruby/1.8/net/http.rb:560:in `connect'
/usr/lib/ruby/1.8/timeout.rb:53:in `timeout'
/usr/lib/ruby/1.8/timeout.rb:93:in `timeout'
/usr/lib/ruby/1.8/net/http.rb:560:in `connect'
/usr/lib/ruby/1.8/net/http.rb:553:in `do_start'
/usr/lib/ruby/1.8/net/http.rb:542:in `start'
./test/../lib/magpie/utils.rb:89:in `start_http'
I, [2010-12-30T16:05:01.075668 #11374]  INFO -- : seller: seller_email and seller_id can not both be blank
partner: can't be blank
payment_type: can't be blank
notify_url: can't be blank
money: price and total_fee can not both be blank
return_url: can't be blank
sign_type: can't be blank
subject: can't be blank
sign: can't be blankinvalid sign
service: can't be blank
out_trade_no: can't be blank
I, [2010-12-30T16:05:01.083392 #11374]  INFO -- : v_amount: can't be blank
v_moneytype: can't be blank
v_url: can't be blank
v_md5info: can't be blank
v_mid: can't be blank
sign: invalid v_md5info
v_oid: can't be blank
I, [2010-12-30T16:05:01.090354 #11374]  INFO -- : v_amount: can't be blank
v_moneytype: can't be blank
v_url: can't be blank
v_md5info: can't be blank
v_mid: can't be blank
sign: invalid v_md5info
v_oid: can't be blank
I, [2010-12-30T16:05:01.099138 #11374]  INFO -- : #<NoMethodError: private method `split' called for nil:NilClass>:
./test/../lib/middles/snake.rb:101:in `query_to_hash'
./test/../lib/middles/snake.rb:84:in `order_pay'
./test/../lib/middles/snake.rb:10:in `call'
./test/../lib/middles/snake.rb:10
./test/../lib/middles/snake.rb:24:in `call'
./test/../lib/middles/snake.rb:24:in `call'
./test/../lib/middles/snake.rb:22:in `each'
./test/../lib/middles/snake.rb:22:in `call'
/usr/lib/ruby/gems/1.8/gems/rack-1.2.1/lib/rack/static.rb:33:in `call'
I, [2010-12-30T16:05:01.103761 #11374]  INFO -- : seller: seller_email and seller_id can not both be blank
partner: can't be blank
payment_type: can't be blank
notify_url: can't be blank
money: price and total_fee can not both be blank
return_url: can't be blank
sign_type: can't be blank
subject: can't be blank
sign: can't be blankinvalid sign
service: can't be blank
out_trade_no: can't be blank
I, [2010-12-30T16:05:01.117421 #11374]  INFO -- : sp_billno: can't be blank
desc: can't be blank
cmdno: can't be blank
fee_type: can't be blank
bank_type: can't be blank
attach: can't be blank
return_url: can't be blank
spbill_create_ip: can't be blank
total_fee: can't be blank
bargainor_id: can't be blank
sign: can't be blankinvalid sign
transaction_id: can't be blank
date: can't be blank
I, [2010-12-30T16:05:01.125995 #11374]  INFO -- : sp_billno: can't be blank
desc: can't be blank
cmdno: can't be blank
fee_type: can't be blank
bank_type: can't be blank
attach: can't be blank
return_url: can't be blank
spbill_create_ip: can't be blank
total_fee: can't be blank
bargainor_id: can't be blank
sign: can't be blankinvalid sign
transaction_id: can't be blank
date: can't be blank
I, [2010-12-30T16:07:40.806815 #11529]  INFO -- : service: can't be blank
out_trade_no: can't be blank
partner: can't be blank
seller: seller_email and seller_id can not both be blank
final: 错误代码 ILLEGAL_SERVICE
payment_type: can't be blank
notify_url: can't be blank
money: price and total_fee can not both be blank
return_url: can't be blank
sign: can't be blankinvalid sign
sign_type: can't be blank
subject: can't be blank
I, [2010-12-30T16:07:41.161208 #11529]  INFO -- : out_trade_no: can't be blank
partner: can't be blank
seller: seller_email and seller_id can not both be blank
final: 错误代码 ILLEGAL_PARTNER
payment_type: can't be blank
notify_url: can't be blank
money: price and total_fee can not both be blank
return_url: can't be blank
sign: can't be blankinvalid sign
sign_type: can't be blank
subject: can't be blank
I, [2010-12-30T16:07:41.536569 #11529]  INFO -- : out_trade_no: can't be blank
partner: can't be blank
seller: seller_email and seller_id can not both be blank
final: 错误代码 ILLEGAL_PARTNER
payment_type: can't be blank
notify_url: can't be blank
money: price and total_fee can not both be blank
return_url: can't be blank
_input_charset: should be utf-8 or gb2312
sign: can't be blankinvalid sign
sign_type: can't be blank
subject: can't be blank
I, [2010-12-30T16:07:41.888225 #11529]  INFO -- : out_trade_no: can't be blank
partner: can't be blank
seller: seller_email and seller_id can not both be blank
final: 错误代码 ILLEGAL_PARTNER
payment_type: can't be blank
notify_url: can't be blank
money: price and total_fee can not both be blank
return_url: can't be blank
sign: can't be blankinvalid sign
sign_type: can't be blank
subject: can't be blank
I, [2010-12-30T16:07:42.244326 #11529]  INFO -- : out_trade_no: can't be blank
partner: can't be blank
seller: seller_email and seller_id can not both be blank
final: 错误代码 ILLEGAL_PARTNER
payment_type: can't be blank
notify_url: can't be blank
money: price and total_fee can not both be blank
return_url: can't be blank
sign: can't be blankinvalid sign
sign_type: can't be blank
subject: can't be blank
I, [2010-12-30T16:07:42.611874 #11529]  INFO -- : quantity: if price is not blank, must input quantity
out_trade_no: can't be blank
partner: can't be blank
seller: seller_email and seller_id can not both be blank
final: 错误代码 ILLEGAL_PARTNER
payment_type: can't be blank
notify_url: can't be blank
money: price和total_fee不能同时出现
return_url: can't be blank
price: format should be Number(13, 2)
sign: can't be blankinvalid sign
sign_type: can't be blank
total_fee: format should be Number(13, 2)
subject: can't be blank
I, [2010-12-30T16:07:42.969318 #11529]  INFO -- : quantity: if price is not blank, must input quantity
out_trade_no: can't be blank
partner: can't be blank
seller: seller_email and seller_id can not both be blank
final: 错误代码 ILLEGAL_PARTNER
payment_type: can't be blank
notify_url: can't be blank
return_url: can't be blank
sign: can't be blankinvalid sign
sign_type: can't be blank
subject: can't be blank
I, [2010-12-30T16:07:43.321467 #11529]  INFO -- : out_trade_no: can't be blank
partner: can't be blank
seller: seller_email and seller_id can not both be blank
final: 错误代码 ILLEGAL_PARTNER
payment_type: can't be blank
notify_url: can't be blank
money: price and total_fee can not both be blank
return_url: can't be blank
sign: can't be blankinvalid sign
sign_type: can't be blank
subject: can't be blank
I, [2010-12-30T16:07:43.676484 #11529]  INFO -- : out_trade_no: can't be blank
partner: is too long (maximum is 16 characters)not exist
seller: seller_email and seller_id can not both be blank
final: 错误代码 ILLEGAL_PARTNER
payment_type: is too long (maximum is 4 characters)
notify_url: can't be blank
money: price and total_fee can not both be blank
return_url: can't be blank
sign: can't be blankinvalid sign
sign_type: can't be blank
subject: can't be blank
I, [2010-12-30T16:07:44.060304 #11529]  INFO -- : quantity: should be integer and between 1~999999
out_trade_no: can't be blank
partner: can't be blank
seller: seller_email and seller_id can not both be blank
final: 错误代码 ILLEGAL_PARTNER
payment_type: can't be blank
notify_url: can't be blank
money: price and total_fee can not both be blank
return_url: can't be blank
sign: can't be blankinvalid sign
sign_type: can't be blank
subject: can't be blank
I, [2010-12-30T16:07:44.494836 #11529]  INFO -- : quantity: should be integer and between 1~999999
out_trade_no: can't be blank
partner: can't be blank
seller: seller_email and seller_id can not both be blank
final: 错误代码 ILLEGAL_PARTNER
payment_type: can't be blank
notify_url: can't be blank
money: price and total_fee can not both be blank
return_url: can't be blank
sign: can't be blankinvalid sign
sign_type: can't be blank
subject: can't be blank
I, [2010-12-30T16:07:47.855306 #11529]  INFO -- : quantity: should be integer and between 1~999999
out_trade_no: can't be blank
partner: can't be blank
seller: seller_email and seller_id can not both be blank
final: 错误代码 ILLEGAL_PARTNER
payment_type: can't be blank
notify_url: can't be blank
money: price and total_fee can not both be blank
return_url: can't be blank
sign: can't be blankinvalid sign
sign_type: can't be blank
subject: can't be blank
I, [2010-12-30T16:07:48.220828 #11529]  INFO -- : out_trade_no: can't be blank
seller: seller_email and seller_id can not both be blank
partner: not exist
final: 错误代码 ILLEGAL_PARTNER
payment_type: can't be blank
notify_url: can't be blank
money: price and total_fee can not both be blank
return_url: can't be blank
sign: can't be blankinvalid sign
sign_type: can't be blank
subject: can't be blank
I, [2010-12-30T16:07:48.580338 #11529]  INFO -- : out_trade_no: can't be blank
seller: seller_email and seller_id can not both be blank
final: 错误代码 ILLEGAL_PARTNER
payment_type: can't be blank
notify_url: can't be blank
money: price and total_fee can not both be blank
return_url: can't be blank
sign: can't be blankinvalid sign
sign_type: can't be blank
subject: can't be blank
I, [2010-12-30T16:07:48.938859 #11529]  INFO -- : service: can't be blank
out_trade_no: can't be blank
partner: can't be blank
seller: seller_email and seller_id can not both be blank
final: 错误代码 ILLEGAL_SERVICE
payment_type: can't be blank
notify_url: can't be blank
money: price and total_fee can not both be blank
return_url: can't be blank
sign: can't be blankinvalid sign
sign_type: can't be blank
subject: can't be blank
I, [2010-12-30T16:07:49.307611 #11529]  INFO -- : quantity: if price is not blank, must input quantity
out_trade_no: can't be blank
partner: can't be blank
seller: seller_email and seller_id can not both be blank
final: 错误代码 ILLEGAL_PARTNER
payment_type: can't be blank
notify_url: can't be blank
money: price和total_fee不能同时出现
return_url: can't be blank
sign: can't be blankinvalid sign
sign_type: can't be blank
subject: can't be blank
I, [2010-12-30T16:07:49.893994 #11529]  INFO -- : out_trade_no: can't be blank
partner: can't be blank
seller: seller_email and seller_id can not both be blank
final: 错误代码 ILLEGAL_PARTNER
payment_type: can't be blank
notify_url: can't be blank
money: price and total_fee can not both be blank
return_url: can't be blank
sign: can't be blankinvalid sign
sign_type: can't be blank
subject: can't be blank
I, [2010-12-30T16:07:50.253830 #11529]  INFO -- : out_trade_no: can't be blank
seller: seller_email and seller_id can not both be blank
final: 错误代码 ILLEGAL_PARTNER
payment_type: can't be blank
notify_url: can't be blank
money: price and total_fee can not both be blank
return_url: can't be blank
sign_type: can't be blank
sign: invalid sign
subject: can't be blank
I, [2010-12-30T16:07:50.622581 #11529]  INFO -- : out_trade_no: can't be blank
seller: seller_email and seller_id can not both be blank
final: 错误代码 ILLEGAL_PARTNER
payment_type: can't be blank
notify_url: can't be blank
money: price and total_fee can not both be blank
return_url: can't be blank
sign_type: can't be blank
subject: can't be blank
I, [2010-12-30T16:07:51.025688 #11529]  INFO -- : v_md5info: can't be blank
final: 出错了!200903数据签名验证未通过 
sign: invalid v_md5info
I, [2010-12-30T16:07:51.403534 #11529]  INFO -- : v_url: is too long (maximum is 200 characters)
v_md5info: can't be blank
final: 出错了!500903参数错误,订单号过长 
v_oid: is too long (maximum is 64 characters)
sign: invalid v_md5info
I, [2010-12-30T16:07:51.776682 #11529]  INFO -- : v_md5info: can't be blank
final: 出错了!501112参数错误,非法金额参数 
v_amount: format should be Number(6, 2)
sign: invalid v_md5info
I, [2010-12-30T16:07:52.154213 #11529]  INFO -- : v_md5info: can't be blank
final: 出错了!500708参数错误,该商户ID不存在 
v_mid: 商户编号不存在
sign: invalid v_md5info
I, [2010-12-30T16:07:52.496053 #11529]  INFO -- : v_md5info: can't be blank
final: 出错了!200903数据签名验证未通过 
sign: invalid v_md5info
I, [2010-12-30T16:07:57.802745 #11529]  INFO -- : v_url: can't be blank
v_md5info: can't be blank
final: 出错了!500800错误的数据格式,不能解析 
v_mid: can't be blank
v_oid: can't be blank
v_amount: can't be blank
sign: invalid v_md5info
v_moneytype: can't be blank
I, [2010-12-30T16:07:58.153108 #11529]  INFO -- : final: 出错了!200903数据签名验证未通过 
sign: invalid v_md5info
I, [2010-12-30T16:07:58.571867 #11529]  INFO -- : final: 出错了!200903数据签名验证未通过 
I, [2010-12-30T16:07:58.954019 #11529]  INFO -- : Thu Dec 30 16:07:58 +0800 2010:./test/../lib/magpie/rubber.rb:7}:./test/../lib/magpie/utils.rb:119:in `send_notify'
/usr/lib/ruby/1.8/timeout.rb:62:in `timeout'
/usr/lib/ruby/1.8/timeout.rb:93:in `timeout'
./test/../lib/magpie/utils.rb:111:in `send_notify'
./test/../lib/magpie/rubber.rb:5:in `try'
./test/../lib/magpie/utils.rb:110:in `send_notify'
./test/test_utils.rb:23:in `test_send_notify_code'
/usr/lib/ruby/1.8/test/unit/testcase.rb:78:in `__send__'
/usr/lib/ruby/1.8/test/unit/testcase.rb:78:in `run'
I, [2010-12-30T16:08:09.120833 #11529]  INFO -- : Thu Dec 30 16:08:09 +0800 2010:./test/../lib/magpie/rubber.rb:7}:/usr/lib/ruby/1.8/timeout.rb:60:in `open'
/usr/lib/ruby/1.8/net/http.rb:560:in `connect'
/usr/lib/ruby/1.8/timeout.rb:53:in `timeout'
/usr/lib/ruby/1.8/timeout.rb:93:in `timeout'
/usr/lib/ruby/1.8/net/http.rb:560:in `connect'
/usr/lib/ruby/1.8/net/http.rb:553:in `do_start'
/usr/lib/ruby/1.8/net/http.rb:542:in `start'
./test/../lib/magpie/utils.rb:89:in `start_http'
./test/../lib/magpie/utils.rb:102:in `post_query'
I, [2010-12-30T16:08:09.310876 #11529]  INFO -- : Thu Dec 30 16:08:09 +0800 2010:./test/../lib/magpie/rubber.rb:7}:./test/../lib/magpie/utils.rb:119:in `send_notify'
/usr/lib/ruby/1.8/timeout.rb:62:in `timeout'
/usr/lib/ruby/1.8/timeout.rb:93:in `timeout'
./test/../lib/magpie/utils.rb:111:in `send_notify'
./test/../lib/magpie/rubber.rb:5:in `try'
./test/../lib/magpie/utils.rb:110:in `send_notify'
./test/test_utils.rb:23:in `test_send_notify_code'
/usr/lib/ruby/1.8/test/unit/testcase.rb:78:in `__send__'
/usr/lib/ruby/1.8/test/unit/testcase.rb:78:in `run'
I, [2010-12-30T16:08:09.676641 #11529]  INFO -- : Thu Dec 30 16:08:09 +0800 2010:./test/../lib/magpie/rubber.rb:7}:./test/../lib/magpie/utils.rb:119:in `send_notify'
/usr/lib/ruby/1.8/timeout.rb:62:in `timeout'
/usr/lib/ruby/1.8/timeout.rb:93:in `timeout'
./test/../lib/magpie/utils.rb:111:in `send_notify'
./test/../lib/magpie/rubber.rb:5:in `try'
./test/../lib/magpie/utils.rb:110:in `send_notify'
./test/test_utils.rb:29:in `test_send_notify_code'
/usr/lib/ruby/1.8/test/unit/testcase.rb:78:in `__send__'
/usr/lib/ruby/1.8/test/unit/testcase.rb:78:in `run'
I, [2010-12-30T16:08:09.864363 #11529]  INFO -- : Thu Dec 30 16:08:09 +0800 2010:./test/../lib/magpie/rubber.rb:7}:./test/../lib/magpie/utils.rb:119:in `send_notify'
/usr/lib/ruby/1.8/timeout.rb:62:in `timeout'
/usr/lib/ruby/1.8/timeout.rb:93:in `timeout'
./test/../lib/magpie/utils.rb:111:in `send_notify'
./test/../lib/magpie/rubber.rb:5:in `try'
./test/../lib/magpie/utils.rb:110:in `send_notify'
./test/test_utils.rb:29:in `test_send_notify_code'
/usr/lib/ruby/1.8/test/unit/testcase.rb:78:in `__send__'
/usr/lib/ruby/1.8/test/unit/testcase.rb:78:in `run'
I, [2010-12-30T16:08:10.052710 #11529]  INFO -- : Thu Dec 30 16:08:10 +0800 2010:./test/../lib/magpie/rubber.rb:7}:./test/../lib/magpie/utils.rb:119:in `send_notify'
/usr/lib/ruby/1.8/timeout.rb:62:in `timeout'
/usr/lib/ruby/1.8/timeout.rb:93:in `timeout'
./test/../lib/magpie/utils.rb:111:in `send_notify'
./test/../lib/magpie/rubber.rb:5:in `try'
./test/../lib/magpie/utils.rb:110:in `send_notify'
./test/test_utils.rb:29:in `test_send_notify_code'
/usr/lib/ruby/1.8/test/unit/testcase.rb:78:in `__send__'
/usr/lib/ruby/1.8/test/unit/testcase.rb:78:in `run'
I, [2010-12-30T16:08:10.238079 #11529]  INFO -- : Thu Dec 30 16:08:10 +0800 2010:./test/../lib/magpie/rubber.rb:7}:/usr/lib/ruby/1.8/net/http.rb:560:in `initialize'
/usr/lib/ruby/1.8/net/http.rb:560:in `open'
/usr/lib/ruby/1.8/net/http.rb:560:in `connect'
/usr/lib/ruby/1.8/timeout.rb:53:in `timeout'
/usr/lib/ruby/1.8/timeout.rb:93:in `timeout'
/usr/lib/ruby/1.8/net/http.rb:560:in `connect'
/usr/lib/ruby/1.8/net/http.rb:553:in `do_start'
/usr/lib/ruby/1.8/net/http.rb:542:in `start'
./test/../lib/magpie/utils.rb:89:in `start_http'
I, [2010-12-30T16:08:10.245939 #11529]  INFO -- : Thu Dec 30 16:08:10 +0800 2010:./test/../lib/magpie/rubber.rb:7}:/usr/lib/ruby/1.8/net/http.rb:560:in `initialize'
/usr/lib/ruby/1.8/net/http.rb:560:in `open'
/usr/lib/ruby/1.8/net/http.rb:560:in `connect'
/usr/lib/ruby/1.8/timeout.rb:53:in `timeout'
/usr/lib/ruby/1.8/timeout.rb:93:in `timeout'
/usr/lib/ruby/1.8/net/http.rb:560:in `connect'
/usr/lib/ruby/1.8/net/http.rb:553:in `do_start'
/usr/lib/ruby/1.8/net/http.rb:542:in `start'
./test/../lib/magpie/utils.rb:89:in `start_http'
I, [2010-12-30T16:08:10.249006 #11529]  INFO -- : Thu Dec 30 16:08:10 +0800 2010:./test/../lib/magpie/rubber.rb:7}:/usr/lib/ruby/1.8/net/http.rb:560:in `initialize'
/usr/lib/ruby/1.8/net/http.rb:560:in `open'
/usr/lib/ruby/1.8/net/http.rb:560:in `connect'
/usr/lib/ruby/1.8/timeout.rb:53:in `timeout'
/usr/lib/ruby/1.8/timeout.rb:93:in `timeout'
/usr/lib/ruby/1.8/net/http.rb:560:in `connect'
/usr/lib/ruby/1.8/net/http.rb:553:in `do_start'
/usr/lib/ruby/1.8/net/http.rb:542:in `start'
./test/../lib/magpie/utils.rb:89:in `start_http'
I, [2010-12-30T16:08:10.261833 #11529]  INFO -- : service: can't be blank
out_trade_no: can't be blank
seller: seller_email and seller_id can not both be blank
partner: can't be blank
payment_type: can't be blank
notify_url: can't be blank
money: price and total_fee can not both be blank
return_url: can't be blank
sign_type: can't be blank
sign: can't be blankinvalid sign
subject: can't be blank
I, [2010-12-30T16:08:10.269696 #11529]  INFO -- : v_url: can't be blank
v_md5info: can't be blank
v_mid: can't be blank
v_oid: can't be blank
v_amount: can't be blank
sign: invalid v_md5info
v_moneytype: can't be blank
I, [2010-12-30T16:08:10.278233 #11529]  INFO -- : v_url: can't be blank
v_md5info: can't be blank
v_mid: can't be blank
v_oid: can't be blank
v_amount: can't be blank
sign: invalid v_md5info
v_moneytype: can't be blank
I, [2010-12-30T16:08:10.286336 #11529]  INFO -- : #<NoMethodError: private method `split' called for nil:NilClass>:
./test/../lib/middles/snake.rb:101:in `query_to_hash'
./test/../lib/middles/snake.rb:84:in `order_pay'
./test/../lib/middles/snake.rb:10:in `call'
./test/../lib/middles/snake.rb:10
./test/../lib/middles/snake.rb:24:in `call'
./test/../lib/middles/snake.rb:24:in `call'
./test/../lib/middles/snake.rb:22:in `each'
./test/../lib/middles/snake.rb:22:in `call'
/usr/lib/ruby/gems/1.8/gems/rack-1.2.1/lib/rack/static.rb:33:in `call'
I, [2010-12-30T16:08:10.290673 #11529]  INFO -- : service: can't be blank
out_trade_no: can't be blank
seller: seller_email and seller_id can not both be blank
partner: can't be blank
payment_type: can't be blank
notify_url: can't be blank
money: price and total_fee can not both be blank
return_url: can't be blank
sign_type: can't be blank
sign: can't be blankinvalid sign
subject: can't be blank
I, [2010-12-30T16:08:10.300989 #11529]  INFO -- : attach: can't be blank
spbill_create_ip: can't be blank
bargainor_id: can't be blank
transaction_id: can't be blank
desc: can't be blank
return_url: can't be blank
sp_billno: can't be blank
sign: can't be blankinvalid sign
cmdno: can't be blank
fee_type: can't be blank
total_fee: can't be blank
bank_type: can't be blank
date: can't be blank
I, [2010-12-30T16:08:10.309251 #11529]  INFO -- : attach: can't be blank
spbill_create_ip: can't be blank
bargainor_id: can't be blank
transaction_id: can't be blank
desc: can't be blank
return_url: can't be blank
sp_billno: can't be blank
sign: can't be blankinvalid sign
cmdno: can't be blank
fee_type: can't be blank
total_fee: can't be blank
bank_type: can't be blank
date: can't be blank
I, [2010-12-30T16:08:10.656791 #11529]  INFO -- : final: 聽聽发生错误了！聽聽10000002|bargainor_id input error
desc: can't be blank
transaction_id: 格式错误,transaction_id为28位长的数值,其中前10位为商户网站编号(SPID)，由财付通统一分配;之后8位为订单产生的日期,如20050415;最后10位商户需要保证一天内不同的事务(用户订购一次商品或购买一次服务),其ID不相同
sign: can't be blankinvalid sign
bank_type: can't be blank
I, [2010-12-30T16:08:11.002145 #11529]  INFO -- : final: 聽聽发生错误了！聽聽10000002|bargainor_id input error
desc: can't be blank
transaction_id: 格式错误,transaction_id为28位长的数值,其中前10位为商户网站编号(SPID)，由财付通统一分配;之后8位为订单产生的日期,如20050415;最后10位商户需要保证一天内不同的事务(用户订购一次商品或购买一次服务),其ID不相同
sign: can't be blankinvalid sign
bank_type: can't be blank
I, [2010-12-30T16:08:14.345127 #11529]  INFO -- : final: 聽聽发生错误了！聽聽10000002|bargainor_id input error
desc: can't be blank
transaction_id: 格式错误,transaction_id为28位长的数值,其中前10位为商户网站编号(SPID)，由财付通统一分配;之后8位为订单产生的日期,如20050415;最后10位商户需要保证一天内不同的事务(用户订购一次商品或购买一次服务),其ID不相同
sign: can't be blankinvalid sign
bank_type: can't be blank
I, [2010-12-30T16:08:14.740212 #11529]  INFO -- : attach: can't be blank
spbill_create_ip: can't be blank
final: 您的支付请求类型稍后支持,敬请期待
bargainor_id: can't be blank
desc: can't be blank
transaction_id: can't be blank
return_url: can't be blank
sp_billno: can't be blank
cmdno: can't be blank
sign: can't be blankinvalid sign
total_fee: can't be blank
fee_type: can't be blank
date: can't be blank
bank_type: can't be blank
I, [2010-12-30T16:08:15.085268 #11529]  INFO -- : final: 聽聽发生错误了！聽聽10000002|bargainor_id input error
desc: can't be blank
sign: can't be blankinvalid sign
bank_type: can't be blank
I, [2010-12-30T16:08:15.427759 #11529]  INFO -- : final: 聽聽发生错误了！聽聽10000002|bargainor_id input error
desc: can't be blank
transaction_id: 格式错误,transaction_id为28位长的数值,其中前10位为商户网站编号(SPID)，由财付通统一分配;之后8位为订单产生的日期,如20050415;最后10位商户需要保证一天内不同的事务(用户订购一次商品或购买一次服务),其ID不相同
sign: can't be blankinvalid sign
total_fee: 格式错误,只能为数字,以分为单位,不允许包含任何字符
bank_type: can't be blank
I, [2010-12-30T16:08:15.994437 #11529]  INFO -- : final: 聽聽发生错误了！聽聽10000002|bargainor_id input error
desc: can't be blank
transaction_id: 格式错误,transaction_id为28位长的数值,其中前10位为商户网站编号(SPID)，由财付通统一分配;之后8位为订单产生的日期,如20050415;最后10位商户需要保证一天内不同的事务(用户订购一次商品或购买一次服务),其ID不相同
sign: can't be blankinvalid sign
total_fee: 格式错误,只能为数字,以分为单位,不允许包含任何字符
bank_type: can't be blank
I, [2010-12-30T16:08:16.336867 #11529]  INFO -- : final: 聽聽发生错误了！聽聽10000002|bargainor_id input error
desc: can't be blank
transaction_id: 格式错误,transaction_id为28位长的数值,其中前10位为商户网站编号(SPID)，由财付通统一分配;之后8位为订单产生的日期,如20050415;最后10位商户需要保证一天内不同的事务(用户订购一次商品或购买一次服务),其ID不相同
sign: can't be blankinvalid sign
bank_type: can't be blank
I, [2010-12-30T16:08:16.783137 #11529]  INFO -- : final: 聽聽发生错误了！聽聽10000002|bargainor_id input error
desc: can't be blank
transaction_id: 格式错误,transaction_id为28位长的数值,其中前10位为商户网站编号(SPID)，由财付通统一分配;之后8位为订单产生的日期,如20050415;最后10位商户需要保证一天内不同的事务(用户订购一次商品或购买一次服务),其ID不相同
sign: can't be blankinvalid sign
fee_type: 目前只支持人民币,请填1
bank_type: can't be blank
I, [2010-12-30T16:08:17.129135 #11529]  INFO -- : final: 聽聽发生错误了！聽聽10000002|bargainor_id input error
desc: can't be blank
transaction_id: 格式错误,transaction_id为28位长的数值,其中前10位为商户网站编号(SPID)，由财付通统一分配;之后8位为订单产生的日期,如20050415;最后10位商户需要保证一天内不同的事务(用户订购一次商品或购买一次服务),其ID不相同
sign: can't be blankinvalid sign
bank_type: can't be blank
I, [2010-12-30T16:08:20.469759 #11529]  INFO -- : spbill_create_ip: 格式错误
final: 聽聽发生错误了！聽聽10000002|bargainor_id input error
desc: can't be blank
transaction_id: 格式错误,transaction_id为28位长的数值,其中前10位为商户网站编号(SPID)，由财付通统一分配;之后8位为订单产生的日期,如20050415;最后10位商户需要保证一天内不同的事务(用户订购一次商品或购买一次服务),其ID不相同
sign: can't be blankinvalid sign
bank_type: can't be blank
I, [2010-12-30T16:08:20.816643 #11529]  INFO -- : spbill_create_ip: 格式错误
final: 聽聽发生错误了！聽聽10000002|bargainor_id input error
desc: can't be blank
transaction_id: 格式错误,transaction_id为28位长的数值,其中前10位为商户网站编号(SPID)，由财付通统一分配;之后8位为订单产生的日期,如20050415;最后10位商户需要保证一天内不同的事务(用户订购一次商品或购买一次服务),其ID不相同
sign: can't be blankinvalid sign
bank_type: can't be blank
I, [2010-12-30T16:08:21.160354 #11529]  INFO -- : final: 聽聽发生错误了！聽聽10000002|bargainor_id input error
desc: can't be blank
transaction_id: 格式错误,transaction_id为28位长的数值,其中前10位为商户网站编号(SPID)，由财付通统一分配;之后8位为订单产生的日期,如20050415;最后10位商户需要保证一天内不同的事务(用户订购一次商品或购买一次服务),其ID不相同
sign: can't be blankinvalid sign
bank_type: can't be blank
I, [2010-12-30T16:08:21.505490 #11529]  INFO -- : final: 聽聽发生错误了！聽聽10000002|bargainor_id input error
desc: can't be blank
transaction_id: 格式错误,transaction_id为28位长的数值,其中前10位为商户网站编号(SPID)，由财付通统一分配;之后8位为订单产生的日期,如20050415;最后10位商户需要保证一天内不同的事务(用户订购一次商品或购买一次服务),其ID不相同
sp_billno: 长度错误,应该在28个字符内
sign: can't be blankinvalid sign
bank_type: can't be blank
I, [2010-12-30T16:08:21.899276 #11529]  INFO -- : attach: can't be blank
spbill_create_ip: can't be blank
final: 您的支付请求类型稍后支持,敬请期待
bargainor_id: can't be blank
desc: can't be blank
transaction_id: can't be blank
return_url: can't be blank
sp_billno: can't be blank
cmdno: can't be blank
sign: can't be blankinvalid sign
total_fee: can't be blank
fee_type: can't be blank
date: can't be blank
bank_type: can't be blank
I, [2010-12-30T16:08:22.247474 #11529]  INFO -- : final: 聽聽发生错误了！聽聽10000002|bargainor_id input error
bargainor_id: 商户号不存在
desc: can't be blank
transaction_id: 格式错误,transaction_id为28位长的数值,其中前10位为商户网站编号(SPID)，由财付通统一分配;之后8位为订单产生的日期,如20050415;最后10位商户需要保证一天内不同的事务(用户订购一次商品或购买一次服务),其ID不相同
sign: can't be blankinvalid sign
bank_type: can't be blank
I, [2010-12-30T16:08:22.814491 #11529]  INFO -- : final: 聽聽发生错误了！聽聽10000002|bargainor_id input error
bargainor_id: 商户号不存在
desc: can't be blank
transaction_id: 格式错误,transaction_id为28位长的数值,其中前10位为商户网站编号(SPID)，由财付通统一分配;之后8位为订单产生的日期,如20050415;最后10位商户需要保证一天内不同的事务(用户订购一次商品或购买一次服务),其ID不相同
sign: can't be blankinvalid sign
bank_type: can't be blank
I, [2010-12-30T16:08:23.242317 #11529]  INFO -- : attach: can't be blank
spbill_create_ip: can't be blank
final: 您的支付请求类型稍后支持,敬请期待
bargainor_id: can't be blank
desc: can't be blank
transaction_id: can't be blank
return_url: can't be blank
sp_billno: can't be blank
cmdno: can't be blank
sign: can't be blankinvalid sign
total_fee: can't be blank
fee_type: can't be blank
date: can't be blank
bank_type: can't be blank
I, [2010-12-30T16:08:23.591910 #11529]  INFO -- : final: 聽聽发生错误了！聽聽10000002|bargainor_id input error
desc: can't be blank
transaction_id: 格式错误,transaction_id为28位长的数值,其中前10位为商户网站编号(SPID)，由财付通统一分配;之后8位为订单产生的日期,如20050415;最后10位商户需要保证一天内不同的事务(用户订购一次商品或购买一次服务),其ID不相同
sign: sign签名必须大写invalid sign
bank_type: can't be blank
I, [2010-12-30T16:08:23.940511 #11529]  INFO -- : final: 聽聽发生错误了！聽聽10000002|bargainor_id input error
desc: can't be blank
transaction_id: 格式错误,transaction_id为28位长的数值,其中前10位为商户网站编号(SPID)，由财付通统一分配;之后8位为订单产生的日期,如20050415;最后10位商户需要保证一天内不同的事务(用户订购一次商品或购买一次服务),其ID不相同
sign: invalid sign
bank_type: can't be blank
I, [2010-12-30T16:08:24.364200 #11529]  INFO -- : final: 聽聽发生错误了！聽聽10000002|bargainor_id input error
desc: can't be blank
transaction_id: 格式错误,transaction_id为28位长的数值,其中前10位为商户网站编号(SPID)，由财付通统一分配;之后8位为订单产生的日期,如20050415;最后10位商户需要保证一天内不同的事务(用户订购一次商品或购买一次服务),其ID不相同
sign: invalid sign
bank_type: can't be blank
I, [2010-12-30T16:08:24.713727 #11529]  INFO -- : final: 聽聽发生错误了！聽聽10000002|bargainor_id input error
desc: can't be blank
transaction_id: 格式错误,transaction_id为28位长的数值,其中前10位为商户网站编号(SPID)，由财付通统一分配;之后8位为订单产生的日期,如20050415;最后10位商户需要保证一天内不同的事务(用户订购一次商品或购买一次服务),其ID不相同
bank_type: can't be blank
I, [2012-01-13T21:06:51.021324 #11323]  INFO -- : 2012-01-13 21:06:51 +0800:/home/jim/workspace/magpie/lib/magpie/rubber.rb:7}:/home/jim/.rvm/rubies/ruby-1.9.2-p136/lib/ruby/1.9.1/net/http.rb:644:in `initialize'
/home/jim/.rvm/rubies/ruby-1.9.2-p136/lib/ruby/1.9.1/net/http.rb:644:in `open'
/home/jim/.rvm/rubies/ruby-1.9.2-p136/lib/ruby/1.9.1/net/http.rb:644:in `block in connect'
/home/jim/.rvm/rubies/ruby-1.9.2-p136/lib/ruby/1.9.1/timeout.rb:44:in `timeout'
/home/jim/.rvm/rubies/ruby-1.9.2-p136/lib/ruby/1.9.1/timeout.rb:87:in `timeout'
/home/jim/.rvm/rubies/ruby-1.9.2-p136/lib/ruby/1.9.1/net/http.rb:644:in `connect'
/home/jim/.rvm/rubies/ruby-1.9.2-p136/lib/ruby/1.9.1/net/http.rb:637:in `do_start'
/home/jim/.rvm/rubies/ruby-1.9.2-p136/lib/ruby/1.9.1/net/http.rb:626:in `start'
/home/jim/workspace/magpie/lib/magpie/utils.rb:89:in `start_http'
I, [2012-01-13T21:06:51.035824 #11323]  INFO -- : 2012-01-13 21:06:51 +0800:/home/jim/workspace/magpie/lib/magpie/rubber.rb:7}:/home/jim/.rvm/rubies/ruby-1.9.2-p136/lib/ruby/1.9.1/net/http.rb:644:in `initialize'
/home/jim/.rvm/rubies/ruby-1.9.2-p136/lib/ruby/1.9.1/net/http.rb:644:in `open'
/home/jim/.rvm/rubies/ruby-1.9.2-p136/lib/ruby/1.9.1/net/http.rb:644:in `block in connect'
/home/jim/.rvm/rubies/ruby-1.9.2-p136/lib/ruby/1.9.1/timeout.rb:44:in `timeout'
/home/jim/.rvm/rubies/ruby-1.9.2-p136/lib/ruby/1.9.1/timeout.rb:87:in `timeout'
/home/jim/.rvm/rubies/ruby-1.9.2-p136/lib/ruby/1.9.1/net/http.rb:644:in `connect'
/home/jim/.rvm/rubies/ruby-1.9.2-p136/lib/ruby/1.9.1/net/http.rb:637:in `do_start'
/home/jim/.rvm/rubies/ruby-1.9.2-p136/lib/ruby/1.9.1/net/http.rb:626:in `start'
/home/jim/workspace/magpie/lib/magpie/utils.rb:89:in `start_http'
I, [2012-01-13T21:06:51.048667 #11323]  INFO -- : 2012-01-13 21:06:51 +0800:/home/jim/workspace/magpie/lib/magpie/rubber.rb:7}:/home/jim/.rvm/rubies/ruby-1.9.2-p136/lib/ruby/1.9.1/net/http.rb:644:in `initialize'
/home/jim/.rvm/rubies/ruby-1.9.2-p136/lib/ruby/1.9.1/net/http.rb:644:in `open'
/home/jim/.rvm/rubies/ruby-1.9.2-p136/lib/ruby/1.9.1/net/http.rb:644:in `block in connect'
/home/jim/.rvm/rubies/ruby-1.9.2-p136/lib/ruby/1.9.1/timeout.rb:44:in `timeout'
/home/jim/.rvm/rubies/ruby-1.9.2-p136/lib/ruby/1.9.1/timeout.rb:87:in `timeout'
/home/jim/.rvm/rubies/ruby-1.9.2-p136/lib/ruby/1.9.1/net/http.rb:644:in `connect'
/home/jim/.rvm/rubies/ruby-1.9.2-p136/lib/ruby/1.9.1/net/http.rb:637:in `do_start'
/home/jim/.rvm/rubies/ruby-1.9.2-p136/lib/ruby/1.9.1/net/http.rb:626:in `start'
/home/jim/workspace/magpie/lib/magpie/utils.rb:89:in `start_http'
I, [2012-01-13T21:06:51.050547 #11323]  INFO -- : 2012-01-13 21:06:51 +0800:/home/jim/workspace/magpie/lib/magpie/rubber.rb:7}:/home/jim/.rvm/rubies/ruby-1.9.2-p136/lib/ruby/1.9.1/net/http.rb:1593:in `set_form_data'
/home/jim/workspace/magpie/lib/magpie/utils.rb:101:in `post_query'
/home/jim/workspace/magpie/lib/magpie/utils.rb:114:in `block (2 levels) in send_notify'
/home/jim/.rvm/rubies/ruby-1.9.2-p136/lib/ruby/1.9.1/timeout.rb:57:in `timeout'
/home/jim/.rvm/rubies/ruby-1.9.2-p136/lib/ruby/1.9.1/timeout.rb:87:in `timeout'
/home/jim/workspace/magpie/lib/magpie/utils.rb:111:in `block in send_notify'
/home/jim/workspace/magpie/lib/magpie/rubber.rb:5:in `try'
/home/jim/workspace/magpie/lib/magpie/utils.rb:110:in `send_notify'
/home/jim/workspace/magpie/test/test_utils.rb:13:in `test_send_notify_timeout'
I, [2012-01-13T21:06:51.051638 #11323]  INFO -- : 2012-01-13 21:06:51 +0800:/home/jim/workspace/magpie/lib/magpie/rubber.rb:7}:/home/jim/.rvm/rubies/ruby-1.9.2-p136/lib/ruby/1.9.1/net/http.rb:1593:in `set_form_data'
/home/jim/workspace/magpie/lib/magpie/utils.rb:101:in `post_query'
/home/jim/workspace/magpie/lib/magpie/utils.rb:114:in `block (2 levels) in send_notify'
/home/jim/.rvm/rubies/ruby-1.9.2-p136/lib/ruby/1.9.1/timeout.rb:57:in `timeout'
/home/jim/.rvm/rubies/ruby-1.9.2-p136/lib/ruby/1.9.1/timeout.rb:87:in `timeout'
/home/jim/workspace/magpie/lib/magpie/utils.rb:111:in `block in send_notify'
/home/jim/workspace/magpie/lib/magpie/rubber.rb:5:in `try'
/home/jim/workspace/magpie/lib/magpie/utils.rb:110:in `send_notify'
/home/jim/workspace/magpie/test/test_utils.rb:13:in `test_send_notify_timeout'
I, [2012-01-13T21:06:51.052524 #11323]  INFO -- : 2012-01-13 21:06:51 +0800:/home/jim/workspace/magpie/lib/magpie/rubber.rb:7}:/home/jim/.rvm/rubies/ruby-1.9.2-p136/lib/ruby/1.9.1/net/http.rb:1593:in `set_form_data'
/home/jim/workspace/magpie/lib/magpie/utils.rb:101:in `post_query'
/home/jim/workspace/magpie/lib/magpie/utils.rb:114:in `block (2 levels) in send_notify'
/home/jim/.rvm/rubies/ruby-1.9.2-p136/lib/ruby/1.9.1/timeout.rb:57:in `timeout'
/home/jim/.rvm/rubies/ruby-1.9.2-p136/lib/ruby/1.9.1/timeout.rb:87:in `timeout'
/home/jim/workspace/magpie/lib/magpie/utils.rb:111:in `block in send_notify'
/home/jim/workspace/magpie/lib/magpie/rubber.rb:5:in `try'
/home/jim/workspace/magpie/lib/magpie/utils.rb:110:in `send_notify'
/home/jim/workspace/magpie/test/test_utils.rb:13:in `test_send_notify_timeout'
I, [2012-01-13T21:06:51.102374 #11323]  INFO -- : service: ["can't be blank"]
partner: ["can't be blank"]
notify_url: ["can't be blank"]
return_url: ["can't be blank"]
sign: ["can't be blank", "invalid sign"]
sign_type: ["can't be blank"]
subject: ["can't be blank"]
out_trade_no: ["can't be blank"]
payment_type: ["can't be blank"]
money: ["price and total_fee can not both be blank"]
seller: ["seller_email and seller_id can not both be blank"]
I, [2012-01-13T21:06:51.114777 #11323]  INFO -- : v_mid: ["can't be blank"]
v_oid: ["can't be blank"]
v_amount: ["can't be blank"]
v_moneytype: ["can't be blank"]
v_url: ["can't be blank"]
v_md5info: ["can't be blank"]
sign: ["invalid v_md5info"]
I, [2012-01-13T21:06:51.126687 #11323]  INFO -- : v_mid: ["can't be blank"]
v_oid: ["can't be blank"]
v_amount: ["can't be blank"]
v_moneytype: ["can't be blank"]
v_url: ["can't be blank"]
v_md5info: ["can't be blank"]
sign: ["invalid v_md5info"]
I, [2012-01-13T21:06:51.140110 #11323]  INFO -- : #<NoMethodError: undefined method `split' for nil:NilClass>:
/home/jim/workspace/magpie/lib/middles/snake.rb:101:in `query_to_hash'
/home/jim/workspace/magpie/lib/middles/snake.rb:84:in `order_pay'
/home/jim/workspace/magpie/lib/middles/snake.rb:10:in `call'
/home/jim/workspace/magpie/lib/middles/snake.rb:10:in `block in reg'
/home/jim/workspace/magpie/lib/middles/snake.rb:24:in `call'
/home/jim/workspace/magpie/lib/middles/snake.rb:24:in `block in call'
/home/jim/workspace/magpie/lib/middles/snake.rb:22:in `each'
/home/jim/workspace/magpie/lib/middles/snake.rb:22:in `call'
/home/jim/.rvm/gems/ruby-1.9.2-p136/gems/rack-1.4.0/lib/rack/static.rb:66:in `call'
I, [2012-01-13T21:06:51.152379 #11323]  INFO -- : service: ["can't be blank"]
partner: ["can't be blank"]
notify_url: ["can't be blank"]
return_url: ["can't be blank"]
sign: ["can't be blank", "invalid sign"]
sign_type: ["can't be blank"]
subject: ["can't be blank"]
out_trade_no: ["can't be blank"]
payment_type: ["can't be blank"]
money: ["price and total_fee can not both be blank"]
seller: ["seller_email and seller_id can not both be blank"]
I, [2012-01-13T21:06:51.172281 #11323]  INFO -- : cmdno: ["can't be blank"]
date: ["can't be blank"]
bank_type: ["can't be blank"]
desc: ["can't be blank"]
bargainor_id: ["can't be blank"]
transaction_id: ["can't be blank"]
sp_billno: ["can't be blank"]
total_fee: ["can't be blank"]
fee_type: ["can't be blank"]
return_url: ["can't be blank"]
attach: ["can't be blank"]
spbill_create_ip: ["can't be blank"]
sign: ["can't be blank", "invalid sign"]
I, [2012-01-13T21:06:51.185489 #11323]  INFO -- : cmdno: ["can't be blank"]
date: ["can't be blank"]
bank_type: ["can't be blank"]
desc: ["can't be blank"]
bargainor_id: ["can't be blank"]
transaction_id: ["can't be blank"]
sp_billno: ["can't be blank"]
total_fee: ["can't be blank"]
fee_type: ["can't be blank"]
return_url: ["can't be blank"]
attach: ["can't be blank"]
spbill_create_ip: ["can't be blank"]
sign: ["can't be blank", "invalid sign"]
I, [2012-01-13T21:08:02.896623 #12288]  INFO -- : final: 错误代码 ILLEGAL_SERVICE
payment_type: can't be blank
notify_url: can't be blank
sign: can't be blankinvalid sign
money: price and total_fee can not both be blank
return_url: can't be blank
sign_type: can't be blank
subject: can't be blank
service: can't be blank
out_trade_no: can't be blank
partner: can't be blank
seller: seller_email and seller_id can not both be blank
I, [2012-01-13T21:08:08.118317 #12288]  INFO -- : final: 错误代码 ILLEGAL_PARTNER
payment_type: can't be blank
notify_url: can't be blank
sign: can't be blankinvalid sign
money: price and total_fee can not both be blank
return_url: can't be blank
sign_type: can't be blank
subject: can't be blank
out_trade_no: can't be blank
partner: can't be blank
seller: seller_email and seller_id can not both be blank
I, [2012-01-13T21:08:09.544472 #12288]  INFO -- : final: 错误代码 ILLEGAL_PARTNER
payment_type: can't be blank
notify_url: can't be blank
sign: can't be blankinvalid sign
money: price and total_fee can not both be blank
return_url: can't be blank
_input_charset: should be utf-8 or gb2312
sign_type: can't be blank
subject: can't be blank
out_trade_no: can't be blank
partner: can't be blank
seller: seller_email and seller_id can not both be blank
I, [2012-01-13T21:08:09.760371 #12288]  INFO -- : final: 错误代码 ILLEGAL_PARTNER
payment_type: can't be blank
notify_url: can't be blank
sign: can't be blankinvalid sign
money: price and total_fee can not both be blank
return_url: can't be blank
sign_type: can't be blank
subject: can't be blank
out_trade_no: can't be blank
partner: can't be blank
seller: seller_email and seller_id can not both be blank
I, [2012-01-13T21:08:13.120672 #12288]  INFO -- : final: 错误代码 ILLEGAL_PARTNER
payment_type: can't be blank
notify_url: can't be blank
sign: can't be blankinvalid sign
money: price and total_fee can not both be blank
return_url: can't be blank
sign_type: can't be blank
subject: can't be blank
out_trade_no: can't be blank
partner: can't be blank
seller: seller_email and seller_id can not both be blank
I, [2012-01-13T21:08:13.477153 #12288]  INFO -- : final: 错误代码 ILLEGAL_PARTNER
payment_type: can't be blank
notify_url: can't be blank
sign: can't be blankinvalid sign
money: price和total_fee不能同时出现
return_url: can't be blank
price: format should be Number(13, 2)
sign_type: can't be blank
total_fee: format should be Number(13, 2)
subject: can't be blank
quantity: if price is not blank, must input quantity
out_trade_no: can't be blank
partner: can't be blank
seller: seller_email and seller_id can not both be blank
I, [2012-01-13T21:08:14.786762 #12288]  INFO -- : final: 错误代码 ILLEGAL_PARTNER
payment_type: can't be blank
notify_url: can't be blank
sign: can't be blankinvalid sign
return_url: can't be blank
sign_type: can't be blank
subject: can't be blank
quantity: if price is not blank, must input quantity
out_trade_no: can't be blank
partner: can't be blank
seller: seller_email and seller_id can not both be blank
I, [2012-01-13T21:08:15.006015 #12288]  INFO -- : final: 错误代码 ILLEGAL_PARTNER
payment_type: can't be blank
notify_url: can't be blank
sign: can't be blankinvalid sign
money: price and total_fee can not both be blank
return_url: can't be blank
sign_type: can't be blank
subject: can't be blank
out_trade_no: can't be blank
partner: can't be blank
seller: seller_email and seller_id can not both be blank
I, [2012-01-13T21:08:15.246916 #12288]  INFO -- : final: 错误代码 ILLEGAL_PARTNER
payment_type: is too long (maximum is 4 characters)
notify_url: can't be blank
sign: can't be blankinvalid sign
money: price and total_fee can not both be blank
return_url: can't be blank
sign_type: can't be blank
subject: can't be blank
out_trade_no: can't be blank
partner: is too long (maximum is 16 characters)not exist
seller: seller_email and seller_id can not both be blank
I, [2012-01-13T21:08:15.472604 #12288]  INFO -- : final: 错误代码 ILLEGAL_PARTNER
payment_type: can't be blank
notify_url: can't be blank
sign: can't be blankinvalid sign
money: price and total_fee can not both be blank
return_url: can't be blank
sign_type: can't be blank
subject: can't be blank
quantity: should be integer and between 1~999999
out_trade_no: can't be blank
partner: can't be blank
seller: seller_email and seller_id can not both be blank
I, [2012-01-13T21:08:15.681266 #12288]  INFO -- : final: 错误代码 ILLEGAL_PARTNER
payment_type: can't be blank
notify_url: can't be blank
sign: can't be blankinvalid sign
money: price and total_fee can not both be blank
return_url: can't be blank
sign_type: can't be blank
subject: can't be blank
quantity: should be integer and between 1~999999
out_trade_no: can't be blank
partner: can't be blank
seller: seller_email and seller_id can not both be blank
I, [2012-01-13T21:08:15.901125 #12288]  INFO -- : final: 错误代码 ILLEGAL_PARTNER
payment_type: can't be blank
notify_url: can't be blank
sign: can't be blankinvalid sign
money: price and total_fee can not both be blank
return_url: can't be blank
sign_type: can't be blank
subject: can't be blank
quantity: should be integer and between 1~999999
out_trade_no: can't be blank
partner: can't be blank
seller: seller_email and seller_id can not both be blank
I, [2012-01-13T21:08:16.121716 #12288]  INFO -- : final: 错误代码 ILLEGAL_PARTNER
payment_type: can't be blank
notify_url: can't be blank
sign: can't be blankinvalid sign
money: price and total_fee can not both be blank
return_url: can't be blank
sign_type: can't be blank
subject: can't be blank
out_trade_no: can't be blank
seller: seller_email and seller_id can not both be blank
partner: not exist
I, [2012-01-13T21:08:17.424110 #12288]  INFO -- : final: 错误代码 ILLEGAL_PARTNER
payment_type: can't be blank
notify_url: can't be blank
sign: can't be blankinvalid sign
money: price and total_fee can not both be blank
return_url: can't be blank
sign_type: can't be blank
subject: can't be blank
out_trade_no: can't be blank
seller: seller_email and seller_id can not both be blank
I, [2012-01-13T21:08:17.780764 #12288]  INFO -- : final: 错误代码 ILLEGAL_SERVICE
payment_type: can't be blank
notify_url: can't be blank
sign: can't be blankinvalid sign
money: price and total_fee can not both be blank
return_url: can't be blank
sign_type: can't be blank
subject: can't be blank
service: can't be blank
out_trade_no: can't be blank
partner: can't be blank
seller: seller_email and seller_id can not both be blank
I, [2012-01-13T21:08:18.005520 #12288]  INFO -- : final: 错误代码 ILLEGAL_PARTNER
payment_type: can't be blank
notify_url: can't be blank
sign: can't be blankinvalid sign
money: price和total_fee不能同时出现
return_url: can't be blank
sign_type: can't be blank
subject: can't be blank
quantity: if price is not blank, must input quantity
out_trade_no: can't be blank
partner: can't be blank
seller: seller_email and seller_id can not both be blank
I, [2012-01-13T21:08:18.224911 #12288]  INFO -- : final: 错误代码 ILLEGAL_PARTNER
payment_type: can't be blank
notify_url: can't be blank
sign: can't be blankinvalid sign
money: price and total_fee can not both be blank
return_url: can't be blank
sign_type: can't be blank
subject: can't be blank
out_trade_no: can't be blank
partner: can't be blank
seller: seller_email and seller_id can not both be blank
I, [2012-01-13T21:08:21.456583 #12288]  INFO -- : final: 错误代码 ILLEGAL_PARTNER
payment_type: can't be blank
notify_url: can't be blank
money: price and total_fee can not both be blank
sign: invalid sign
return_url: can't be blank
sign_type: can't be blank
subject: can't be blank
out_trade_no: can't be blank
seller: seller_email and seller_id can not both be blank
I, [2012-01-13T21:08:22.759199 #12288]  INFO -- : final: 错误代码 ILLEGAL_PARTNER
payment_type: can't be blank
notify_url: can't be blank
money: price and total_fee can not both be blank
return_url: can't be blank
sign_type: can't be blank
subject: can't be blank
out_trade_no: can't be blank
seller: seller_email and seller_id can not both be blank
I, [2012-01-13T21:08:23.078392 #12288]  INFO -- : final: 出错了!200903数据签名验证未通过 
sign: invalid v_md5info
v_md5info: can't be blank
I, [2012-01-13T21:08:23.357808 #12288]  INFO -- : final: 出错了!500903参数错误,订单号过长 
v_oid: is too long (maximum is 64 characters)
sign: invalid v_md5info
v_url: is too long (maximum is 200 characters)
v_md5info: can't be blank
I, [2012-01-13T21:08:23.638258 #12288]  INFO -- : final: 出错了!501112参数错误,非法金额参数 
sign: invalid v_md5info
v_amount: format should be Number(6, 2)
v_md5info: can't be blank
I, [2012-01-13T21:08:24.147814 #12288]  INFO -- : final: 出错了!500708参数错误,该商户ID不存在 
sign: invalid v_md5info
v_md5info: can't be blank
v_mid: 商户编号不存在
I, [2012-01-13T21:08:24.410737 #12288]  INFO -- : final: 出错了!200903数据签名验证未通过 
sign: invalid v_md5info
v_md5info: can't be blank
I, [2012-01-13T21:08:24.646332 #12288]  INFO -- : final: 出错了!500800错误的数据格式,不能解析 
v_oid: can't be blank
sign: invalid v_md5info
v_amount: can't be blank
v_moneytype: can't be blank
v_url: can't be blank
v_md5info: can't be blank
v_mid: can't be blank
I, [2012-01-13T21:08:24.918327 #12288]  INFO -- : final: 出错了!200903数据签名验证未通过 
sign: invalid v_md5info
I, [2012-01-13T21:08:25.184211 #12288]  INFO -- : final: 出错了!200903数据签名验证未通过 
I, [2012-01-13T21:08:25.229340 #12288]  INFO -- : Fri Jan 13 21:08:25 +0800 2012:/home/jim/workspace/magpie/test/../lib/magpie/rubber.rb:7}:/usr/lib/ruby/1.8/net/http.rb:560:in `initialize'
/usr/lib/ruby/1.8/net/http.rb:560:in `open'
/usr/lib/ruby/1.8/net/http.rb:560:in `connect'
/usr/lib/ruby/1.8/timeout.rb:53:in `timeout'
/usr/lib/ruby/1.8/timeout.rb:93:in `timeout'
/usr/lib/ruby/1.8/net/http.rb:560:in `connect'
/usr/lib/ruby/1.8/net/http.rb:553:in `do_start'
/usr/lib/ruby/1.8/net/http.rb:542:in `start'
/home/jim/workspace/magpie/test/../lib/magpie/utils.rb:89:in `start_http'
I, [2012-01-13T21:08:25.265719 #12288]  INFO -- : Fri Jan 13 21:08:25 +0800 2012:/home/jim/workspace/magpie/test/../lib/magpie/rubber.rb:7}:/usr/lib/ruby/1.8/net/http.rb:560:in `initialize'
/usr/lib/ruby/1.8/net/http.rb:560:in `open'
/usr/lib/ruby/1.8/net/http.rb:560:in `connect'
/usr/lib/ruby/1.8/timeout.rb:53:in `timeout'
/usr/lib/ruby/1.8/timeout.rb:93:in `timeout'
/usr/lib/ruby/1.8/net/http.rb:560:in `connect'
/usr/lib/ruby/1.8/net/http.rb:553:in `do_start'
/usr/lib/ruby/1.8/net/http.rb:542:in `start'
/home/jim/workspace/magpie/test/../lib/magpie/utils.rb:89:in `start_http'
I, [2012-01-13T21:08:25.300200 #12288]  INFO -- : Fri Jan 13 21:08:25 +0800 2012:/home/jim/workspace/magpie/test/../lib/magpie/rubber.rb:7}:/usr/lib/ruby/1.8/net/http.rb:560:in `initialize'
/usr/lib/ruby/1.8/net/http.rb:560:in `open'
/usr/lib/ruby/1.8/net/http.rb:560:in `connect'
/usr/lib/ruby/1.8/timeout.rb:53:in `timeout'
/usr/lib/ruby/1.8/timeout.rb:93:in `timeout'
/usr/lib/ruby/1.8/net/http.rb:560:in `connect'
/usr/lib/ruby/1.8/net/http.rb:553:in `do_start'
/usr/lib/ruby/1.8/net/http.rb:542:in `start'
/home/jim/workspace/magpie/test/../lib/magpie/utils.rb:89:in `start_http'
I, [2012-01-13T21:08:25.306751 #12288]  INFO -- : Fri Jan 13 21:08:25 +0800 2012:/home/jim/workspace/magpie/test/../lib/magpie/rubber.rb:7}:/usr/lib/ruby/1.8/net/http.rb:560:in `initialize'
/usr/lib/ruby/1.8/net/http.rb:560:in `open'
/usr/lib/ruby/1.8/net/http.rb:560:in `connect'
/usr/lib/ruby/1.8/timeout.rb:53:in `timeout'
/usr/lib/ruby/1.8/timeout.rb:93:in `timeout'
/usr/lib/ruby/1.8/net/http.rb:560:in `connect'
/usr/lib/ruby/1.8/net/http.rb:553:in `do_start'
/usr/lib/ruby/1.8/net/http.rb:542:in `start'
/home/jim/workspace/magpie/test/../lib/magpie/utils.rb:89:in `start_http'
I, [2012-01-13T21:08:25.309381 #12288]  INFO -- : Fri Jan 13 21:08:25 +0800 2012:/home/jim/workspace/magpie/test/../lib/magpie/rubber.rb:7}:/usr/lib/ruby/1.8/net/http.rb:560:in `initialize'
/usr/lib/ruby/1.8/net/http.rb:560:in `open'
/usr/lib/ruby/1.8/net/http.rb:560:in `connect'
/usr/lib/ruby/1.8/timeout.rb:53:in `timeout'
/usr/lib/ruby/1.8/timeout.rb:93:in `timeout'
/usr/lib/ruby/1.8/net/http.rb:560:in `connect'
/usr/lib/ruby/1.8/net/http.rb:553:in `do_start'
/usr/lib/ruby/1.8/net/http.rb:542:in `start'
/home/jim/workspace/magpie/test/../lib/magpie/utils.rb:89:in `start_http'
I, [2012-01-13T21:08:25.312111 #12288]  INFO -- : Fri Jan 13 21:08:25 +0800 2012:/home/jim/workspace/magpie/test/../lib/magpie/rubber.rb:7}:/usr/lib/ruby/1.8/net/http.rb:560:in `initialize'
/usr/lib/ruby/1.8/net/http.rb:560:in `open'
/usr/lib/ruby/1.8/net/http.rb:560:in `connect'
/usr/lib/ruby/1.8/timeout.rb:53:in `timeout'
/usr/lib/ruby/1.8/timeout.rb:93:in `timeout'
/usr/lib/ruby/1.8/net/http.rb:560:in `connect'
/usr/lib/ruby/1.8/net/http.rb:553:in `do_start'
/usr/lib/ruby/1.8/net/http.rb:542:in `start'
/home/jim/workspace/magpie/test/../lib/magpie/utils.rb:89:in `start_http'
I, [2012-01-13T21:08:25.326870 #12288]  INFO -- : payment_type: can't be blank
notify_url: can't be blank
money: price and total_fee can not both be blank
sign: can't be blankinvalid sign
return_url: can't be blank
sign_type: can't be blank
subject: can't be blank
service: can't be blank
out_trade_no: can't be blank
seller: seller_email and seller_id can not both be blank
partner: can't be blank
I, [2012-01-13T21:08:25.335383 #12288]  INFO -- : v_oid: can't be blank
sign: invalid v_md5info
v_amount: can't be blank
v_moneytype: can't be blank
v_url: can't be blank
v_md5info: can't be blank
v_mid: can't be blank
I, [2012-01-13T21:08:25.343577 #12288]  INFO -- : v_oid: can't be blank
sign: invalid v_md5info
v_amount: can't be blank
v_moneytype: can't be blank
v_url: can't be blank
v_md5info: can't be blank
v_mid: can't be blank
I, [2012-01-13T21:08:25.351618 #12288]  INFO -- : #<NoMethodError: private method `split' called for nil:NilClass>:
/home/jim/workspace/magpie/test/../lib/middles/snake.rb:101:in `query_to_hash'
/home/jim/workspace/magpie/test/../lib/middles/snake.rb:84:in `order_pay'
/home/jim/workspace/magpie/test/../lib/middles/snake.rb:10:in `call'
/home/jim/workspace/magpie/test/../lib/middles/snake.rb:10
/home/jim/workspace/magpie/test/../lib/middles/snake.rb:24:in `call'
/home/jim/workspace/magpie/test/../lib/middles/snake.rb:24:in `call'
/home/jim/workspace/magpie/test/../lib/middles/snake.rb:22:in `each'
/home/jim/workspace/magpie/test/../lib/middles/snake.rb:22:in `call'
/usr/lib/ruby/gems/1.8/gems/rack-1.3.5/lib/rack/static.rb:53:in `call'
I, [2012-01-13T21:08:25.357138 #12288]  INFO -- : payment_type: can't be blank
notify_url: can't be blank
money: price and total_fee can not both be blank
sign: can't be blankinvalid sign
return_url: can't be blank
sign_type: can't be blank
subject: can't be blank
service: can't be blank
out_trade_no: can't be blank
seller: seller_email and seller_id can not both be blank
partner: can't be blank
I, [2012-01-13T21:08:25.369793 #12288]  INFO -- : transaction_id: can't be blank
sign: can't be blankinvalid sign
return_url: can't be blank
sp_billno: can't be blank
cmdno: can't be blank
fee_type: can't be blank
total_fee: can't be blank
bank_type: can't be blank
attach: can't be blank
date: can't be blank
spbill_create_ip: can't be blank
bargainor_id: can't be blank
desc: can't be blank
I, [2012-01-13T21:08:25.378610 #12288]  INFO -- : transaction_id: can't be blank
sign: can't be blankinvalid sign
return_url: can't be blank
sp_billno: can't be blank
cmdno: can't be blank
fee_type: can't be blank
total_fee: can't be blank
bank_type: can't be blank
attach: can't be blank
date: can't be blank
spbill_create_ip: can't be blank
bargainor_id: can't be blank
desc: can't be blank
I, [2012-01-13T21:08:25.594173 #12288]  INFO -- : final: 聽聽发生错误了......聽聽10000002|bargainor_id input error
transaction_id: 格式错误,transaction_id为28位长的数值,其中前10位为商户网站编号(SPID)，由财付通统一分配;之后8位为订单产生的日期,如20050415;最后10位商户需要保证一天内不同的事务(用户订购一次商品或购买一次服务),其ID不相同
sign: can't be blankinvalid sign
bank_type: can't be blank
desc: can't be blank
I, [2012-01-13T21:08:25.807284 #12288]  INFO -- : final: 聽聽发生错误了......聽聽10000002|bargainor_id input error
transaction_id: 格式错误,transaction_id为28位长的数值,其中前10位为商户网站编号(SPID)，由财付通统一分配;之后8位为订单产生的日期,如20050415;最后10位商户需要保证一天内不同的事务(用户订购一次商品或购买一次服务),其ID不相同
sign: can't be blankinvalid sign
bank_type: can't be blank
desc: can't be blank
I, [2012-01-13T21:08:35.850017 #12288]  INFO -- : final: 聽聽发生错误了......聽聽10000002|bargainor_id input error
transaction_id: 格式错误,transaction_id为28位长的数值,其中前10位为商户网站编号(SPID)，由财付通统一分配;之后8位为订单产生的日期,如20050415;最后10位商户需要保证一天内不同的事务(用户订购一次商品或购买一次服务),其ID不相同
sign: can't be blankinvalid sign
bank_type: can't be blank
desc: can't be blank
I, [2012-01-13T21:08:36.698512 #12288]  INFO -- : final: 您的支付请求类型稍后支持,敬请期待
transaction_id: can't be blank
sign: can't be blankinvalid sign
sp_billno: can't be blank
return_url: can't be blank
cmdno: can't be blank
fee_type: can't be blank
bank_type: can't be blank
total_fee: can't be blank
attach: can't be blank
date: can't be blank
spbill_create_ip: can't be blank
desc: can't be blank
bargainor_id: can't be blank
I, [2012-01-13T21:08:39.912206 #12288]  INFO -- : final: 聽聽发生错误了......聽聽10000002|bargainor_id input error
sign: can't be blankinvalid sign
bank_type: can't be blank
desc: can't be blank
I, [2012-01-13T21:08:40.448491 #12288]  INFO -- : final: 聽聽发生错误了......聽聽10000002|bargainor_id input error
transaction_id: 格式错误,transaction_id为28位长的数值,其中前10位为商户网站编号(SPID)，由财付通统一分配;之后8位为订单产生的日期,如20050415;最后10位商户需要保证一天内不同的事务(用户订购一次商品或购买一次服务),其ID不相同
sign: can't be blankinvalid sign
bank_type: can't be blank
total_fee: 格式错误,只能为数字,以分为单位,不允许包含任何字符
desc: can't be blank
I, [2012-01-13T21:08:40.663854 #12288]  INFO -- : final: 聽聽发生错误了......聽聽10000002|bargainor_id input error
transaction_id: 格式错误,transaction_id为28位长的数值,其中前10位为商户网站编号(SPID)，由财付通统一分配;之后8位为订单产生的日期,如20050415;最后10位商户需要保证一天内不同的事务(用户订购一次商品或购买一次服务),其ID不相同
sign: can't be blankinvalid sign
bank_type: can't be blank
total_fee: 格式错误,只能为数字,以分为单位,不允许包含任何字符
desc: can't be blank
I, [2012-01-13T21:08:40.876687 #12288]  INFO -- : final: 聽聽发生错误了......聽聽10000002|bargainor_id input error
transaction_id: 格式错误,transaction_id为28位长的数值,其中前10位为商户网站编号(SPID)，由财付通统一分配;之后8位为订单产生的日期,如20050415;最后10位商户需要保证一天内不同的事务(用户订购一次商品或购买一次服务),其ID不相同
sign: can't be blankinvalid sign
bank_type: can't be blank
desc: can't be blank
I, [2012-01-13T21:08:41.091463 #12288]  INFO -- : final: 聽聽发生错误了......聽聽10000002|bargainor_id input error
transaction_id: 格式错误,transaction_id为28位长的数值,其中前10位为商户网站编号(SPID)，由财付通统一分配;之后8位为订单产生的日期,如20050415;最后10位商户需要保证一天内不同的事务(用户订购一次商品或购买一次服务),其ID不相同
sign: can't be blankinvalid sign
fee_type: 目前只支持人民币,请填1
bank_type: can't be blank
desc: can't be blank
I, [2012-01-13T21:08:41.895409 #12288]  INFO -- : final: 聽聽发生错误了......聽聽10000002|bargainor_id input error
transaction_id: 格式错误,transaction_id为28位长的数值,其中前10位为商户网站编号(SPID)，由财付通统一分配;之后8位为订单产生的日期,如20050415;最后10位商户需要保证一天内不同的事务(用户订购一次商品或购买一次服务),其ID不相同
sign: can't be blankinvalid sign
bank_type: can't be blank
desc: can't be blank
I, [2012-01-13T21:08:42.961759 #12288]  INFO -- : final: 聽聽发生错误了......聽聽10000002|bargainor_id input error
transaction_id: 格式错误,transaction_id为28位长的数值,其中前10位为商户网站编号(SPID)，由财付通统一分配;之后8位为订单产生的日期,如20050415;最后10位商户需要保证一天内不同的事务(用户订购一次商品或购买一次服务),其ID不相同
sign: can't be blankinvalid sign
bank_type: can't be blank
spbill_create_ip: 格式错误
desc: can't be blank
I, [2012-01-13T21:08:43.187100 #12288]  INFO -- : final: 聽聽发生错误了......聽聽10000002|bargainor_id input error
transaction_id: 格式错误,transaction_id为28位长的数值,其中前10位为商户网站编号(SPID)，由财付通统一分配;之后8位为订单产生的日期,如20050415;最后10位商户需要保证一天内不同的事务(用户订购一次商品或购买一次服务),其ID不相同
sign: can't be blankinvalid sign
bank_type: can't be blank
spbill_create_ip: 格式错误
desc: can't be blank
I, [2012-01-13T21:08:43.413299 #12288]  INFO -- : final: 聽聽发生错误了......聽聽10000002|bargainor_id input error
transaction_id: 格式错误,transaction_id为28位长的数值,其中前10位为商户网站编号(SPID)，由财付通统一分配;之后8位为订单产生的日期,如20050415;最后10位商户需要保证一天内不同的事务(用户订购一次商品或购买一次服务),其ID不相同
sign: can't be blankinvalid sign
bank_type: can't be blank
desc: can't be blank
I, [2012-01-13T21:08:43.631170 #12288]  INFO -- : final: 聽聽发生错误了......聽聽10000002|bargainor_id input error
transaction_id: 格式错误,transaction_id为28位长的数值,其中前10位为商户网站编号(SPID)，由财付通统一分配;之后8位为订单产生的日期,如20050415;最后10位商户需要保证一天内不同的事务(用户订购一次商品或购买一次服务),其ID不相同
sign: can't be blankinvalid sign
sp_billno: 长度错误,应该在28个字符内
bank_type: can't be blank
desc: can't be blank
I, [2012-01-13T21:08:47.359010 #12288]  INFO -- : final: 您的支付请求类型稍后支持,敬请期待
transaction_id: can't be blank
sign: can't be blankinvalid sign
sp_billno: can't be blank
return_url: can't be blank
cmdno: can't be blank
fee_type: can't be blank
bank_type: can't be blank
total_fee: can't be blank
attach: can't be blank
date: can't be blank
spbill_create_ip: can't be blank
desc: can't be blank
bargainor_id: can't be blank
I, [2012-01-13T21:08:47.569821 #12288]  INFO -- : final: 聽聽发生错误了......聽聽10000002|bargainor_id input error
transaction_id: 格式错误,transaction_id为28位长的数值,其中前10位为商户网站编号(SPID)，由财付通统一分配;之后8位为订单产生的日期,如20050415;最后10位商户需要保证一天内不同的事务(用户订购一次商品或购买一次服务),其ID不相同
sign: can't be blankinvalid sign
bank_type: can't be blank
desc: can't be blank
bargainor_id: 商户号不存在
I, [2012-01-13T21:08:47.787943 #12288]  INFO -- : final: 聽聽发生错误了......聽聽10000002|bargainor_id input error
transaction_id: 格式错误,transaction_id为28位长的数值,其中前10位为商户网站编号(SPID)，由财付通统一分配;之后8位为订单产生的日期,如20050415;最后10位商户需要保证一天内不同的事务(用户订购一次商品或购买一次服务),其ID不相同
sign: can't be blankinvalid sign
bank_type: can't be blank
desc: can't be blank
bargainor_id: 商户号不存在
I, [2012-01-13T21:08:48.138284 #12288]  INFO -- : final: 您的支付请求类型稍后支持,敬请期待
transaction_id: can't be blank
sign: can't be blankinvalid sign
sp_billno: can't be blank
return_url: can't be blank
cmdno: can't be blank
fee_type: can't be blank
bank_type: can't be blank
total_fee: can't be blank
attach: can't be blank
date: can't be blank
spbill_create_ip: can't be blank
desc: can't be blank
bargainor_id: can't be blank
I, [2012-01-13T21:08:48.361058 #12288]  INFO -- : final: 聽聽发生错误了......聽聽10000002|bargainor_id input error
transaction_id: 格式错误,transaction_id为28位长的数值,其中前10位为商户网站编号(SPID)，由财付通统一分配;之后8位为订单产生的日期,如20050415;最后10位商户需要保证一天内不同的事务(用户订购一次商品或购买一次服务),其ID不相同
sign: sign签名必须大写invalid sign
bank_type: can't be blank
desc: can't be blank
I, [2012-01-13T21:08:48.911286 #12288]  INFO -- : final: 聽聽发生错误了......聽聽10000002|bargainor_id input error
transaction_id: 格式错误,transaction_id为28位长的数值,其中前10位为商户网站编号(SPID)，由财付通统一分配;之后8位为订单产生的日期,如20050415;最后10位商户需要保证一天内不同的事务(用户订购一次商品或购买一次服务),其ID不相同
sign: invalid sign
bank_type: can't be blank
desc: can't be blank
I, [2012-01-13T21:08:49.128235 #12288]  INFO -- : final: 聽聽发生错误了......聽聽10000002|bargainor_id input error
transaction_id: 格式错误,transaction_id为28位长的数值,其中前10位为商户网站编号(SPID)，由财付通统一分配;之后8位为订单产生的日期,如20050415;最后10位商户需要保证一天内不同的事务(用户订购一次商品或购买一次服务),其ID不相同
sign: invalid sign
bank_type: can't be blank
desc: can't be blank
I, [2012-01-13T21:08:49.343393 #12288]  INFO -- : final: 聽聽发生错误了......聽聽10000002|bargainor_id input error
transaction_id: 格式错误,transaction_id为28位长的数值,其中前10位为商户网站编号(SPID)，由财付通统一分配;之后8位为订单产生的日期,如20050415;最后10位商户需要保证一天内不同的事务(用户订购一次商品或购买一次服务),其ID不相同
bank_type: can't be blank
desc: can't be blank
I, [2012-01-13T21:11:31.070246 #14484]  INFO -- : 2012-01-13 21:11:31 +0800:/home/jim/workspace/magpie/lib/magpie/rubber.rb:7}:/home/jim/.rvm/rubies/ruby-1.9.2-p136/lib/ruby/1.9.1/net/http.rb:644:in `initialize'
/home/jim/.rvm/rubies/ruby-1.9.2-p136/lib/ruby/1.9.1/net/http.rb:644:in `open'
/home/jim/.rvm/rubies/ruby-1.9.2-p136/lib/ruby/1.9.1/net/http.rb:644:in `block in connect'
/home/jim/.rvm/rubies/ruby-1.9.2-p136/lib/ruby/1.9.1/timeout.rb:44:in `timeout'
/home/jim/.rvm/rubies/ruby-1.9.2-p136/lib/ruby/1.9.1/timeout.rb:87:in `timeout'
/home/jim/.rvm/rubies/ruby-1.9.2-p136/lib/ruby/1.9.1/net/http.rb:644:in `connect'
/home/jim/.rvm/rubies/ruby-1.9.2-p136/lib/ruby/1.9.1/net/http.rb:637:in `do_start'
/home/jim/.rvm/rubies/ruby-1.9.2-p136/lib/ruby/1.9.1/net/http.rb:626:in `start'
/home/jim/workspace/magpie/lib/magpie/utils.rb:89:in `start_http'
I, [2012-01-13T21:11:31.090844 #14484]  INFO -- : 2012-01-13 21:11:31 +0800:/home/jim/workspace/magpie/lib/magpie/rubber.rb:7}:/home/jim/.rvm/rubies/ruby-1.9.2-p136/lib/ruby/1.9.1/net/http.rb:644:in `initialize'
/home/jim/.rvm/rubies/ruby-1.9.2-p136/lib/ruby/1.9.1/net/http.rb:644:in `open'
/home/jim/.rvm/rubies/ruby-1.9.2-p136/lib/ruby/1.9.1/net/http.rb:644:in `block in connect'
/home/jim/.rvm/rubies/ruby-1.9.2-p136/lib/ruby/1.9.1/timeout.rb:44:in `timeout'
/home/jim/.rvm/rubies/ruby-1.9.2-p136/lib/ruby/1.9.1/timeout.rb:87:in `timeout'
/home/jim/.rvm/rubies/ruby-1.9.2-p136/lib/ruby/1.9.1/net/http.rb:644:in `connect'
/home/jim/.rvm/rubies/ruby-1.9.2-p136/lib/ruby/1.9.1/net/http.rb:637:in `do_start'
/home/jim/.rvm/rubies/ruby-1.9.2-p136/lib/ruby/1.9.1/net/http.rb:626:in `start'
/home/jim/workspace/magpie/lib/magpie/utils.rb:89:in `start_http'
I, [2012-01-13T21:11:31.104827 #14484]  INFO -- : 2012-01-13 21:11:31 +0800:/home/jim/workspace/magpie/lib/magpie/rubber.rb:7}:/home/jim/.rvm/rubies/ruby-1.9.2-p136/lib/ruby/1.9.1/net/http.rb:644:in `initialize'
/home/jim/.rvm/rubies/ruby-1.9.2-p136/lib/ruby/1.9.1/net/http.rb:644:in `open'
/home/jim/.rvm/rubies/ruby-1.9.2-p136/lib/ruby/1.9.1/net/http.rb:644:in `block in connect'
/home/jim/.rvm/rubies/ruby-1.9.2-p136/lib/ruby/1.9.1/timeout.rb:44:in `timeout'
/home/jim/.rvm/rubies/ruby-1.9.2-p136/lib/ruby/1.9.1/timeout.rb:87:in `timeout'
/home/jim/.rvm/rubies/ruby-1.9.2-p136/lib/ruby/1.9.1/net/http.rb:644:in `connect'
/home/jim/.rvm/rubies/ruby-1.9.2-p136/lib/ruby/1.9.1/net/http.rb:637:in `do_start'
/home/jim/.rvm/rubies/ruby-1.9.2-p136/lib/ruby/1.9.1/net/http.rb:626:in `start'
/home/jim/workspace/magpie/lib/magpie/utils.rb:89:in `start_http'
I, [2012-01-13T21:11:31.106590 #14484]  INFO -- : 2012-01-13 21:11:31 +0800:/home/jim/workspace/magpie/lib/magpie/rubber.rb:7}:/home/jim/.rvm/rubies/ruby-1.9.2-p136/lib/ruby/1.9.1/net/http.rb:1593:in `set_form_data'
/home/jim/workspace/magpie/lib/magpie/utils.rb:101:in `post_query'
/home/jim/workspace/magpie/lib/magpie/utils.rb:114:in `block (2 levels) in send_notify'
/home/jim/.rvm/rubies/ruby-1.9.2-p136/lib/ruby/1.9.1/timeout.rb:57:in `timeout'
/home/jim/.rvm/rubies/ruby-1.9.2-p136/lib/ruby/1.9.1/timeout.rb:87:in `timeout'
/home/jim/workspace/magpie/lib/magpie/utils.rb:111:in `block in send_notify'
/home/jim/workspace/magpie/lib/magpie/rubber.rb:5:in `try'
/home/jim/workspace/magpie/lib/magpie/utils.rb:110:in `send_notify'
/home/jim/workspace/magpie/test/test_utils.rb:13:in `test_send_notify_timeout'
I, [2012-01-13T21:11:31.107743 #14484]  INFO -- : 2012-01-13 21:11:31 +0800:/home/jim/workspace/magpie/lib/magpie/rubber.rb:7}:/home/jim/.rvm/rubies/ruby-1.9.2-p136/lib/ruby/1.9.1/net/http.rb:1593:in `set_form_data'
/home/jim/workspace/magpie/lib/magpie/utils.rb:101:in `post_query'
/home/jim/workspace/magpie/lib/magpie/utils.rb:114:in `block (2 levels) in send_notify'
/home/jim/.rvm/rubies/ruby-1.9.2-p136/lib/ruby/1.9.1/timeout.rb:57:in `timeout'
/home/jim/.rvm/rubies/ruby-1.9.2-p136/lib/ruby/1.9.1/timeout.rb:87:in `timeout'
/home/jim/workspace/magpie/lib/magpie/utils.rb:111:in `block in send_notify'
/home/jim/workspace/magpie/lib/magpie/rubber.rb:5:in `try'
/home/jim/workspace/magpie/lib/magpie/utils.rb:110:in `send_notify'
/home/jim/workspace/magpie/test/test_utils.rb:13:in `test_send_notify_timeout'
I, [2012-01-13T21:11:31.108622 #14484]  INFO -- : 2012-01-13 21:11:31 +0800:/home/jim/workspace/magpie/lib/magpie/rubber.rb:7}:/home/jim/.rvm/rubies/ruby-1.9.2-p136/lib/ruby/1.9.1/net/http.rb:1593:in `set_form_data'
/home/jim/workspace/magpie/lib/magpie/utils.rb:101:in `post_query'
/home/jim/workspace/magpie/lib/magpie/utils.rb:114:in `block (2 levels) in send_notify'
/home/jim/.rvm/rubies/ruby-1.9.2-p136/lib/ruby/1.9.1/timeout.rb:57:in `timeout'
/home/jim/.rvm/rubies/ruby-1.9.2-p136/lib/ruby/1.9.1/timeout.rb:87:in `timeout'
/home/jim/workspace/magpie/lib/magpie/utils.rb:111:in `block in send_notify'
/home/jim/workspace/magpie/lib/magpie/rubber.rb:5:in `try'
/home/jim/workspace/magpie/lib/magpie/utils.rb:110:in `send_notify'
/home/jim/workspace/magpie/test/test_utils.rb:13:in `test_send_notify_timeout'
I, [2012-01-13T21:11:31.142516 #14484]  INFO -- : service: ["can't be blank"]
partner: ["can't be blank"]
notify_url: ["can't be blank"]
return_url: ["can't be blank"]
sign: ["can't be blank", "invalid sign"]
sign_type: ["can't be blank"]
subject: ["can't be blank"]
out_trade_no: ["can't be blank"]
payment_type: ["can't be blank"]
money: ["price and total_fee can not both be blank"]
seller: ["seller_email and seller_id can not both be blank"]
I, [2012-01-13T21:11:31.154037 #14484]  INFO -- : v_mid: ["can't be blank"]
v_oid: ["can't be blank"]
v_amount: ["can't be blank"]
v_moneytype: ["can't be blank"]
v_url: ["can't be blank"]
v_md5info: ["can't be blank"]
sign: ["invalid v_md5info"]
I, [2012-01-13T21:11:31.165374 #14484]  INFO -- : v_mid: ["can't be blank"]
v_oid: ["can't be blank"]
v_amount: ["can't be blank"]
v_moneytype: ["can't be blank"]
v_url: ["can't be blank"]
v_md5info: ["can't be blank"]
sign: ["invalid v_md5info"]
I, [2012-01-13T21:11:31.176389 #14484]  INFO -- : #<NoMethodError: undefined method `split' for nil:NilClass>:
/home/jim/workspace/magpie/lib/middles/snake.rb:101:in `query_to_hash'
/home/jim/workspace/magpie/lib/middles/snake.rb:84:in `order_pay'
/home/jim/workspace/magpie/lib/middles/snake.rb:10:in `call'
/home/jim/workspace/magpie/lib/middles/snake.rb:10:in `block in reg'
/home/jim/workspace/magpie/lib/middles/snake.rb:24:in `call'
/home/jim/workspace/magpie/lib/middles/snake.rb:24:in `block in call'
/home/jim/workspace/magpie/lib/middles/snake.rb:22:in `each'
/home/jim/workspace/magpie/lib/middles/snake.rb:22:in `call'
/home/jim/.rvm/gems/ruby-1.9.2-p136/gems/rack-1.4.0/lib/rack/static.rb:66:in `call'
I, [2012-01-13T21:11:31.185860 #14484]  INFO -- : service: ["can't be blank"]
partner: ["can't be blank"]
notify_url: ["can't be blank"]
return_url: ["can't be blank"]
sign: ["can't be blank", "invalid sign"]
sign_type: ["can't be blank"]
subject: ["can't be blank"]
out_trade_no: ["can't be blank"]
payment_type: ["can't be blank"]
money: ["price and total_fee can not both be blank"]
seller: ["seller_email and seller_id can not both be blank"]
I, [2012-01-13T21:11:31.213255 #14484]  INFO -- : cmdno: ["can't be blank"]
date: ["can't be blank"]
bank_type: ["can't be blank"]
desc: ["can't be blank"]
bargainor_id: ["can't be blank"]
transaction_id: ["can't be blank"]
sp_billno: ["can't be blank"]
total_fee: ["can't be blank"]
fee_type: ["can't be blank"]
return_url: ["can't be blank"]
attach: ["can't be blank"]
spbill_create_ip: ["can't be blank"]
sign: ["can't be blank", "invalid sign"]
I, [2012-01-13T21:11:31.220052 #14484]  INFO -- : cmdno: ["can't be blank"]
date: ["can't be blank"]
bank_type: ["can't be blank"]
desc: ["can't be blank"]
bargainor_id: ["can't be blank"]
transaction_id: ["can't be blank"]
sp_billno: ["can't be blank"]
total_fee: ["can't be blank"]
fee_type: ["can't be blank"]
return_url: ["can't be blank"]
attach: ["can't be blank"]
spbill_create_ip: ["can't be blank"]
sign: ["can't be blank", "invalid sign"]
I, [2012-01-13T21:42:25.081909 #8785]  INFO -- : bank_type: ["can't be blank"]
desc: ["can't be blank"]
sign: ["can't be blank", "invalid sign"]
transaction_id: ["格式错误,transaction_id为28位长的数值,其中前10位为商户网站编号(SPID)，由财付通统一分配;之后8位为订单产生的日期,如20050415;最后10位商户需要保证一天内不同的事务(用户订购一次商品或购买一次服务),其ID不相同"]
I, [2012-01-13T21:42:25.092664 #8785]  INFO -- : bank_type: ["can't be blank"]
desc: ["can't be blank"]
sign: ["can't be blank", "invalid sign"]
transaction_id: ["格式错误,transaction_id为28位长的数值,其中前10位为商户网站编号(SPID)，由财付通统一分配;之后8位为订单产生的日期,如20050415;最后10位商户需要保证一天内不同的事务(用户订购一次商品或购买一次服务),其ID不相同"]
I, [2012-01-13T21:42:25.116533 #8785]  INFO -- : bank_type: ["can't be blank"]
desc: ["can't be blank"]
sign: ["can't be blank", "invalid sign"]
transaction_id: ["格式错误,transaction_id为28位长的数值,其中前10位为商户网站编号(SPID)，由财付通统一分配;之后8位为订单产生的日期,如20050415;最后10位商户需要保证一天内不同的事务(用户订购一次商品或购买一次服务),其ID不相同"]
I, [2012-01-13T21:42:25.123848 #8785]  INFO -- : bank_type: ["can't be blank"]
desc: ["can't be blank"]
sign: ["can't be blank", "invalid sign"]
transaction_id: ["格式错误,transaction_id为28位长的数值,其中前10位为商户网站编号(SPID)，由财付通统一分配;之后8位为订单产生的日期,如20050415;最后10位商户需要保证一天内不同的事务(用户订购一次商品或购买一次服务),其ID不相同"]
sp_billno: ["长度错误,应该在28个字符内"]
I, [2012-01-13T21:42:25.129416 #8785]  INFO -- : cmdno: ["can't be blank"]
date: ["can't be blank"]
bank_type: ["can't be blank"]
desc: ["can't be blank"]
bargainor_id: ["can't be blank"]
transaction_id: ["can't be blank"]
sp_billno: ["can't be blank"]
total_fee: ["can't be blank"]
fee_type: ["can't be blank"]
return_url: ["can't be blank"]
attach: ["can't be blank"]
spbill_create_ip: ["can't be blank"]
sign: ["can't be blank", "invalid sign"]
I, [2012-01-13T21:42:25.136253 #8785]  INFO -- : bank_type: ["can't be blank"]
desc: ["can't be blank"]
sign: ["can't be blank", "invalid sign"]
transaction_id: ["格式错误,transaction_id为28位长的数值,其中前10位为商户网站编号(SPID)，由财付通统一分配;之后8位为订单产生的日期,如20050415;最后10位商户需要保证一天内不同的事务(用户订购一次商品或购买一次服务),其ID不相同"]
bargainor_id: ["商户号不存在"]
I, [2012-01-13T21:42:25.142740 #8785]  INFO -- : cmdno: ["can't be blank"]
date: ["can't be blank"]
bank_type: ["can't be blank"]
desc: ["can't be blank"]
bargainor_id: ["can't be blank"]
transaction_id: ["can't be blank"]
sp_billno: ["can't be blank"]
total_fee: ["can't be blank"]
fee_type: ["can't be blank"]
return_url: ["can't be blank"]
attach: ["can't be blank"]
spbill_create_ip: ["can't be blank"]
sign: ["can't be blank", "invalid sign"]
I, [2012-01-13T21:42:25.149229 #8785]  INFO -- : bank_type: ["can't be blank"]
desc: ["can't be blank"]
transaction_id: ["格式错误,transaction_id为28位长的数值,其中前10位为商户网站编号(SPID)，由财付通统一分配;之后8位为订单产生的日期,如20050415;最后10位商户需要保证一天内不同的事务(用户订购一次商品或购买一次服务),其ID不相同"]
sign: ["sign签名必须大写", "invalid sign"]
I, [2012-01-13T21:51:06.420128 #17639]  INFO -- : bank_type: ["can't be blank"]
desc: ["can't be blank"]
sign: ["can't be blank", "invalid sign"]
transaction_id: ["格式错误,transaction_id为28位长的数值,其中前10位为商户网站编号(SPID)，由财付通统一分配;之后8位为订单产生的日期,如20050415;最后10位商户需要保证一天内不同的事务(用户订购一次商品或购买一次服务),其ID不相同"]
I, [2012-01-13T21:51:06.430555 #17639]  INFO -- : bank_type: ["can't be blank"]
desc: ["can't be blank"]
sign: ["can't be blank", "invalid sign"]
transaction_id: ["格式错误,transaction_id为28位长的数值,其中前10位为商户网站编号(SPID)，由财付通统一分配;之后8位为订单产生的日期,如20050415;最后10位商户需要保证一天内不同的事务(用户订购一次商品或购买一次服务),其ID不相同"]
I, [2012-01-13T21:51:06.460721 #17639]  INFO -- : bank_type: ["can't be blank"]
desc: ["can't be blank"]
sign: ["can't be blank", "invalid sign"]
transaction_id: ["格式错误,transaction_id为28位长的数值,其中前10位为商户网站编号(SPID)，由财付通统一分配;之后8位为订单产生的日期,如20050415;最后10位商户需要保证一天内不同的事务(用户订购一次商品或购买一次服务),其ID不相同"]
I, [2012-01-13T21:51:06.467309 #17639]  INFO -- : cmdno: ["can't be blank"]
date: ["can't be blank"]
bank_type: ["can't be blank"]
desc: ["can't be blank"]
bargainor_id: ["can't be blank"]
transaction_id: ["can't be blank"]
sp_billno: ["can't be blank"]
total_fee: ["can't be blank"]
fee_type: ["can't be blank"]
return_url: ["can't be blank"]
attach: ["can't be blank"]
spbill_create_ip: ["can't be blank"]
sign: ["can't be blank", "invalid sign"]
I, [2012-01-13T21:51:06.473340 #17639]  INFO -- : bank_type: ["can't be blank"]
desc: ["can't be blank"]
sign: ["can't be blank", "invalid sign"]
I, [2012-01-13T21:51:06.479520 #17639]  INFO -- : bank_type: ["can't be blank"]
desc: ["can't be blank"]
sign: ["can't be blank", "invalid sign"]
transaction_id: ["格式错误,transaction_id为28位长的数值,其中前10位为商户网站编号(SPID)，由财付通统一分配;之后8位为订单产生的日期,如20050415;最后10位商户需要保证一天内不同的事务(用户订购一次商品或购买一次服务),其ID不相同"]
total_fee: ["格式错误,只能为数字,以分为单位,不允许包含任何字符"]
I, [2012-01-13T21:51:06.485903 #17639]  INFO -- : bank_type: ["can't be blank"]
desc: ["can't be blank"]
sign: ["can't be blank", "invalid sign"]
transaction_id: ["格式错误,transaction_id为28位长的数值,其中前10位为商户网站编号(SPID)，由财付通统一分配;之后8位为订单产生的日期,如20050415;最后10位商户需要保证一天内不同的事务(用户订购一次商品或购买一次服务),其ID不相同"]
total_fee: ["格式错误,只能为数字,以分为单位,不允许包含任何字符"]
I, [2012-01-13T21:51:06.492203 #17639]  INFO -- : bank_type: ["can't be blank"]
desc: ["can't be blank"]
sign: ["can't be blank", "invalid sign"]
transaction_id: ["格式错误,transaction_id为28位长的数值,其中前10位为商户网站编号(SPID)，由财付通统一分配;之后8位为订单产生的日期,如20050415;最后10位商户需要保证一天内不同的事务(用户订购一次商品或购买一次服务),其ID不相同"]
I, [2012-01-13T21:51:06.498067 #17639]  INFO -- : bank_type: ["can't be blank"]
desc: ["can't be blank"]
sign: ["can't be blank", "invalid sign"]
transaction_id: ["格式错误,transaction_id为28位长的数值,其中前10位为商户网站编号(SPID)，由财付通统一分配;之后8位为订单产生的日期,如20050415;最后10位商户需要保证一天内不同的事务(用户订购一次商品或购买一次服务),其ID不相同"]
fee_type: ["目前只支持人民币,请填1"]
I, [2012-01-13T21:51:06.504605 #17639]  INFO -- : bank_type: ["can't be blank"]
desc: ["can't be blank"]
sign: ["can't be blank", "invalid sign"]
transaction_id: ["格式错误,transaction_id为28位长的数值,其中前10位为商户网站编号(SPID)，由财付通统一分配;之后8位为订单产生的日期,如20050415;最后10位商户需要保证一天内不同的事务(用户订购一次商品或购买一次服务),其ID不相同"]
I, [2012-01-13T21:51:06.510609 #17639]  INFO -- : bank_type: ["can't be blank"]
desc: ["can't be blank"]
sign: ["can't be blank", "invalid sign"]
transaction_id: ["格式错误,transaction_id为28位长的数值,其中前10位为商户网站编号(SPID)，由财付通统一分配;之后8位为订单产生的日期,如20050415;最后10位商户需要保证一天内不同的事务(用户订购一次商品或购买一次服务),其ID不相同"]
spbill_create_ip: ["格式错误"]
I, [2012-01-13T21:51:06.516863 #17639]  INFO -- : bank_type: ["can't be blank"]
desc: ["can't be blank"]
sign: ["can't be blank", "invalid sign"]
transaction_id: ["格式错误,transaction_id为28位长的数值,其中前10位为商户网站编号(SPID)，由财付通统一分配;之后8位为订单产生的日期,如20050415;最后10位商户需要保证一天内不同的事务(用户订购一次商品或购买一次服务),其ID不相同"]
spbill_create_ip: ["格式错误"]
I, [2012-01-13T21:51:06.523309 #17639]  INFO -- : bank_type: ["can't be blank"]
desc: ["can't be blank"]
sign: ["can't be blank", "invalid sign"]
transaction_id: ["格式错误,transaction_id为28位长的数值,其中前10位为商户网站编号(SPID)，由财付通统一分配;之后8位为订单产生的日期,如20050415;最后10位商户需要保证一天内不同的事务(用户订购一次商品或购买一次服务),其ID不相同"]
I, [2012-01-13T21:51:06.529758 #17639]  INFO -- : bank_type: ["can't be blank"]
desc: ["can't be blank"]
sign: ["can't be blank", "invalid sign"]
transaction_id: ["格式错误,transaction_id为28位长的数值,其中前10位为商户网站编号(SPID)，由财付通统一分配;之后8位为订单产生的日期,如20050415;最后10位商户需要保证一天内不同的事务(用户订购一次商品或购买一次服务),其ID不相同"]
sp_billno: ["长度错误,应该在28个字符内"]
I, [2012-01-13T21:51:06.535298 #17639]  INFO -- : cmdno: ["can't be blank"]
date: ["can't be blank"]
bank_type: ["can't be blank"]
desc: ["can't be blank"]
bargainor_id: ["can't be blank"]
transaction_id: ["can't be blank"]
sp_billno: ["can't be blank"]
total_fee: ["can't be blank"]
fee_type: ["can't be blank"]
return_url: ["can't be blank"]
attach: ["can't be blank"]
spbill_create_ip: ["can't be blank"]
sign: ["can't be blank", "invalid sign"]
I, [2012-01-13T21:51:06.541569 #17639]  INFO -- : bank_type: ["can't be blank"]
desc: ["can't be blank"]
sign: ["can't be blank", "invalid sign"]
transaction_id: ["格式错误,transaction_id为28位长的数值,其中前10位为商户网站编号(SPID)，由财付通统一分配;之后8位为订单产生的日期,如20050415;最后10位商户需要保证一天内不同的事务(用户订购一次商品或购买一次服务),其ID不相同"]
bargainor_id: ["商户号不存在"]
I, [2012-01-13T21:51:06.547863 #17639]  INFO -- : cmdno: ["can't be blank"]
date: ["can't be blank"]
bank_type: ["can't be blank"]
desc: ["can't be blank"]
bargainor_id: ["can't be blank"]
transaction_id: ["can't be blank"]
sp_billno: ["can't be blank"]
total_fee: ["can't be blank"]
fee_type: ["can't be blank"]
return_url: ["can't be blank"]
attach: ["can't be blank"]
spbill_create_ip: ["can't be blank"]
sign: ["can't be blank", "invalid sign"]
I, [2012-01-13T21:51:06.554194 #17639]  INFO -- : bank_type: ["can't be blank"]
desc: ["can't be blank"]
transaction_id: ["格式错误,transaction_id为28位长的数值,其中前10位为商户网站编号(SPID)，由财付通统一分配;之后8位为订单产生的日期,如20050415;最后10位商户需要保证一天内不同的事务(用户订购一次商品或购买一次服务),其ID不相同"]
sign: ["sign签名必须大写", "invalid sign"]
I, [2012-01-13T21:51:06.579041 #17639]  INFO -- : bank_type: ["can't be blank"]
desc: ["can't be blank"]
transaction_id: ["格式错误,transaction_id为28位长的数值,其中前10位为商户网站编号(SPID)，由财付通统一分配;之后8位为订单产生的日期,如20050415;最后10位商户需要保证一天内不同的事务(用户订购一次商品或购买一次服务),其ID不相同"]
sign: ["invalid sign"]
I, [2012-01-13T21:51:06.585301 #17639]  INFO -- : bank_type: ["can't be blank"]
desc: ["can't be blank"]
transaction_id: ["格式错误,transaction_id为28位长的数值,其中前10位为商户网站编号(SPID)，由财付通统一分配;之后8位为订单产生的日期,如20050415;最后10位商户需要保证一天内不同的事务(用户订购一次商品或购买一次服务),其ID不相同"]
sign: ["invalid sign"]
I, [2012-01-13T21:54:16.681943 #20880]  INFO -- : bank_type: ["can't be blank"]
desc: ["can't be blank"]
sign: ["can't be blank", "invalid sign"]
transaction_id: ["格式错误,transaction_id为28位长的数值,其中前10位为商户网站编号(SPID)，由财付通统一分配;之后8位为订单产生的日期,如20050415;最后10位商户需要保证一天内不同的事务(用户订购一次商品或购买一次服务),其ID不相同"]
I, [2012-01-13T21:54:16.694185 #20880]  INFO -- : bank_type: ["can't be blank"]
desc: ["can't be blank"]
sign: ["can't be blank", "invalid sign"]
transaction_id: ["格式错误,transaction_id为28位长的数值,其中前10位为商户网站编号(SPID)，由财付通统一分配;之后8位为订单产生的日期,如20050415;最后10位商户需要保证一天内不同的事务(用户订购一次商品或购买一次服务),其ID不相同"]
I, [2012-01-13T21:54:16.723653 #20880]  INFO -- : bank_type: ["can't be blank"]
desc: ["can't be blank"]
sign: ["can't be blank", "invalid sign"]
transaction_id: ["格式错误,transaction_id为28位长的数值,其中前10位为商户网站编号(SPID)，由财付通统一分配;之后8位为订单产生的日期,如20050415;最后10位商户需要保证一天内不同的事务(用户订购一次商品或购买一次服务),其ID不相同"]
I, [2012-01-13T21:54:16.729566 #20880]  INFO -- : cmdno: ["can't be blank"]
date: ["can't be blank"]
bank_type: ["can't be blank"]
desc: ["can't be blank"]
bargainor_id: ["can't be blank"]
transaction_id: ["can't be blank"]
sp_billno: ["can't be blank"]
total_fee: ["can't be blank"]
fee_type: ["can't be blank"]
return_url: ["can't be blank"]
attach: ["can't be blank"]
spbill_create_ip: ["can't be blank"]
sign: ["can't be blank", "invalid sign"]
I, [2012-01-13T21:54:16.735640 #20880]  INFO -- : bank_type: ["can't be blank"]
desc: ["can't be blank"]
sign: ["can't be blank", "invalid sign"]
I, [2012-01-13T21:54:16.741731 #20880]  INFO -- : bank_type: ["can't be blank"]
desc: ["can't be blank"]
sign: ["can't be blank", "invalid sign"]
transaction_id: ["格式错误,transaction_id为28位长的数值,其中前10位为商户网站编号(SPID)，由财付通统一分配;之后8位为订单产生的日期,如20050415;最后10位商户需要保证一天内不同的事务(用户订购一次商品或购买一次服务),其ID不相同"]
total_fee: ["格式错误,只能为数字,以分为单位,不允许包含任何字符"]
I, [2012-01-13T21:54:16.748598 #20880]  INFO -- : bank_type: ["can't be blank"]
desc: ["can't be blank"]
sign: ["can't be blank", "invalid sign"]
transaction_id: ["格式错误,transaction_id为28位长的数值,其中前10位为商户网站编号(SPID)，由财付通统一分配;之后8位为订单产生的日期,如20050415;最后10位商户需要保证一天内不同的事务(用户订购一次商品或购买一次服务),其ID不相同"]
total_fee: ["格式错误,只能为数字,以分为单位,不允许包含任何字符"]
I, [2012-01-13T21:54:16.754424 #20880]  INFO -- : bank_type: ["can't be blank"]
desc: ["can't be blank"]
sign: ["can't be blank", "invalid sign"]
transaction_id: ["格式错误,transaction_id为28位长的数值,其中前10位为商户网站编号(SPID)，由财付通统一分配;之后8位为订单产生的日期,如20050415;最后10位商户需要保证一天内不同的事务(用户订购一次商品或购买一次服务),其ID不相同"]
I, [2012-01-13T21:54:16.760331 #20880]  INFO -- : bank_type: ["can't be blank"]
desc: ["can't be blank"]
sign: ["can't be blank", "invalid sign"]
transaction_id: ["格式错误,transaction_id为28位长的数值,其中前10位为商户网站编号(SPID)，由财付通统一分配;之后8位为订单产生的日期,如20050415;最后10位商户需要保证一天内不同的事务(用户订购一次商品或购买一次服务),其ID不相同"]
fee_type: ["目前只支持人民币,请填1"]
I, [2012-01-13T21:54:16.766272 #20880]  INFO -- : bank_type: ["can't be blank"]
desc: ["can't be blank"]
sign: ["can't be blank", "invalid sign"]
transaction_id: ["格式错误,transaction_id为28位长的数值,其中前10位为商户网站编号(SPID)，由财付通统一分配;之后8位为订单产生的日期,如20050415;最后10位商户需要保证一天内不同的事务(用户订购一次商品或购买一次服务),其ID不相同"]
I, [2012-01-13T21:54:16.772029 #20880]  INFO -- : bank_type: ["can't be blank"]
desc: ["can't be blank"]
sign: ["can't be blank", "invalid sign"]
transaction_id: ["格式错误,transaction_id为28位长的数值,其中前10位为商户网站编号(SPID)，由财付通统一分配;之后8位为订单产生的日期,如20050415;最后10位商户需要保证一天内不同的事务(用户订购一次商品或购买一次服务),其ID不相同"]
spbill_create_ip: ["格式错误"]
I, [2012-01-13T21:54:16.777970 #20880]  INFO -- : bank_type: ["can't be blank"]
desc: ["can't be blank"]
sign: ["can't be blank", "invalid sign"]
transaction_id: ["格式错误,transaction_id为28位长的数值,其中前10位为商户网站编号(SPID)，由财付通统一分配;之后8位为订单产生的日期,如20050415;最后10位商户需要保证一天内不同的事务(用户订购一次商品或购买一次服务),其ID不相同"]
spbill_create_ip: ["格式错误"]
I, [2012-01-13T21:54:16.783752 #20880]  INFO -- : bank_type: ["can't be blank"]
desc: ["can't be blank"]
sign: ["can't be blank", "invalid sign"]
transaction_id: ["格式错误,transaction_id为28位长的数值,其中前10位为商户网站编号(SPID)，由财付通统一分配;之后8位为订单产生的日期,如20050415;最后10位商户需要保证一天内不同的事务(用户订购一次商品或购买一次服务),其ID不相同"]
I, [2012-01-13T21:54:16.790380 #20880]  INFO -- : bank_type: ["can't be blank"]
desc: ["can't be blank"]
sign: ["can't be blank", "invalid sign"]
transaction_id: ["格式错误,transaction_id为28位长的数值,其中前10位为商户网站编号(SPID)，由财付通统一分配;之后8位为订单产生的日期,如20050415;最后10位商户需要保证一天内不同的事务(用户订购一次商品或购买一次服务),其ID不相同"]
sp_billno: ["长度错误,应该在28个字符内"]
I, [2012-01-13T21:54:16.795830 #20880]  INFO -- : cmdno: ["can't be blank"]
date: ["can't be blank"]
bank_type: ["can't be blank"]
desc: ["can't be blank"]
bargainor_id: ["can't be blank"]
transaction_id: ["can't be blank"]
sp_billno: ["can't be blank"]
total_fee: ["can't be blank"]
fee_type: ["can't be blank"]
return_url: ["can't be blank"]
attach: ["can't be blank"]
spbill_create_ip: ["can't be blank"]
sign: ["can't be blank", "invalid sign"]
I, [2012-01-13T21:54:16.802345 #20880]  INFO -- : bank_type: ["can't be blank"]
desc: ["can't be blank"]
sign: ["can't be blank", "invalid sign"]
transaction_id: ["格式错误,transaction_id为28位长的数值,其中前10位为商户网站编号(SPID)，由财付通统一分配;之后8位为订单产生的日期,如20050415;最后10位商户需要保证一天内不同的事务(用户订购一次商品或购买一次服务),其ID不相同"]
bargainor_id: ["商户号不存在"]
I, [2012-01-13T21:54:16.809101 #20880]  INFO -- : cmdno: ["can't be blank"]
date: ["can't be blank"]
bank_type: ["can't be blank"]
desc: ["can't be blank"]
bargainor_id: ["can't be blank"]
transaction_id: ["can't be blank"]
sp_billno: ["can't be blank"]
total_fee: ["can't be blank"]
fee_type: ["can't be blank"]
return_url: ["can't be blank"]
attach: ["can't be blank"]
spbill_create_ip: ["can't be blank"]
sign: ["can't be blank", "invalid sign"]
I, [2012-01-13T21:54:16.815871 #20880]  INFO -- : bank_type: ["can't be blank"]
desc: ["can't be blank"]
transaction_id: ["格式错误,transaction_id为28位长的数值,其中前10位为商户网站编号(SPID)，由财付通统一分配;之后8位为订单产生的日期,如20050415;最后10位商户需要保证一天内不同的事务(用户订购一次商品或购买一次服务),其ID不相同"]
sign: ["sign签名必须大写", "invalid sign"]
I, [2012-01-13T21:54:16.840409 #20880]  INFO -- : bank_type: ["can't be blank"]
desc: ["can't be blank"]
transaction_id: ["格式错误,transaction_id为28位长的数值,其中前10位为商户网站编号(SPID)，由财付通统一分配;之后8位为订单产生的日期,如20050415;最后10位商户需要保证一天内不同的事务(用户订购一次商品或购买一次服务),其ID不相同"]
sign: ["invalid sign"]
I, [2012-01-13T21:54:16.846842 #20880]  INFO -- : bank_type: ["can't be blank"]
desc: ["can't be blank"]
transaction_id: ["格式错误,transaction_id为28位长的数值,其中前10位为商户网站编号(SPID)，由财付通统一分配;之后8位为订单产生的日期,如20050415;最后10位商户需要保证一天内不同的事务(用户订购一次商品或购买一次服务),其ID不相同"]
sign: ["invalid sign"]
I, [2012-01-13T21:59:03.551012 #25632]  INFO -- : bank_type: ["can't be blank"]
desc: ["can't be blank"]
sign: ["can't be blank", "invalid sign"]
transaction_id: ["格式错误,transaction_id为28位长的数值,其中前10位为商户网站编号(SPID)，由财付通统一分配;之后8位为订单产生的日期,如20050415;最后10位商户需要保证一天内不同的事务(用户订购一次商品或购买一次服务),其ID不相同"]
I, [2012-01-13T21:59:03.570199 #25632]  INFO -- : bank_type: ["can't be blank"]
desc: ["can't be blank"]
sign: ["can't be blank", "invalid sign"]
transaction_id: ["格式错误,transaction_id为28位长的数值,其中前10位为商户网站编号(SPID)，由财付通统一分配;之后8位为订单产生的日期,如20050415;最后10位商户需要保证一天内不同的事务(用户订购一次商品或购买一次服务),其ID不相同"]
I, [2012-01-13T21:59:03.600481 #25632]  INFO -- : bank_type: ["can't be blank"]
desc: ["can't be blank"]
sign: ["can't be blank", "invalid sign"]
transaction_id: ["格式错误,transaction_id为28位长的数值,其中前10位为商户网站编号(SPID)，由财付通统一分配;之后8位为订单产生的日期,如20050415;最后10位商户需要保证一天内不同的事务(用户订购一次商品或购买一次服务),其ID不相同"]
I, [2012-01-13T21:59:03.605991 #25632]  INFO -- : cmdno: ["can't be blank"]
date: ["can't be blank"]
bank_type: ["can't be blank"]
desc: ["can't be blank"]
bargainor_id: ["can't be blank"]
transaction_id: ["can't be blank"]
sp_billno: ["can't be blank"]
total_fee: ["can't be blank"]
fee_type: ["can't be blank"]
return_url: ["can't be blank"]
attach: ["can't be blank"]
spbill_create_ip: ["can't be blank"]
sign: ["can't be blank", "invalid sign"]
I, [2012-01-13T21:59:03.612053 #25632]  INFO -- : bank_type: ["can't be blank"]
desc: ["can't be blank"]
sign: ["can't be blank", "invalid sign"]
I, [2012-01-13T21:59:03.618236 #25632]  INFO -- : bank_type: ["can't be blank"]
desc: ["can't be blank"]
sign: ["can't be blank", "invalid sign"]
transaction_id: ["格式错误,transaction_id为28位长的数值,其中前10位为商户网站编号(SPID)，由财付通统一分配;之后8位为订单产生的日期,如20050415;最后10位商户需要保证一天内不同的事务(用户订购一次商品或购买一次服务),其ID不相同"]
total_fee: ["格式错误,只能为数字,以分为单位,不允许包含任何字符"]
I, [2012-01-13T21:59:03.624595 #25632]  INFO -- : bank_type: ["can't be blank"]
desc: ["can't be blank"]
sign: ["can't be blank", "invalid sign"]
transaction_id: ["格式错误,transaction_id为28位长的数值,其中前10位为商户网站编号(SPID)，由财付通统一分配;之后8位为订单产生的日期,如20050415;最后10位商户需要保证一天内不同的事务(用户订购一次商品或购买一次服务),其ID不相同"]
total_fee: ["格式错误,只能为数字,以分为单位,不允许包含任何字符"]
I, [2012-01-13T21:59:03.631175 #25632]  INFO -- : bank_type: ["can't be blank"]
desc: ["can't be blank"]
sign: ["can't be blank", "invalid sign"]
transaction_id: ["格式错误,transaction_id为28位长的数值,其中前10位为商户网站编号(SPID)，由财付通统一分配;之后8位为订单产生的日期,如20050415;最后10位商户需要保证一天内不同的事务(用户订购一次商品或购买一次服务),其ID不相同"]
I, [2012-01-13T21:59:03.637374 #25632]  INFO -- : bank_type: ["can't be blank"]
desc: ["can't be blank"]
sign: ["can't be blank", "invalid sign"]
transaction_id: ["格式错误,transaction_id为28位长的数值,其中前10位为商户网站编号(SPID)，由财付通统一分配;之后8位为订单产生的日期,如20050415;最后10位商户需要保证一天内不同的事务(用户订购一次商品或购买一次服务),其ID不相同"]
fee_type: ["目前只支持人民币,请填1"]
I, [2012-01-13T21:59:03.644053 #25632]  INFO -- : bank_type: ["can't be blank"]
desc: ["can't be blank"]
sign: ["can't be blank", "invalid sign"]
transaction_id: ["格式错误,transaction_id为28位长的数值,其中前10位为商户网站编号(SPID)，由财付通统一分配;之后8位为订单产生的日期,如20050415;最后10位商户需要保证一天内不同的事务(用户订购一次商品或购买一次服务),其ID不相同"]
I, [2012-01-13T21:59:03.650004 #25632]  INFO -- : bank_type: ["can't be blank"]
desc: ["can't be blank"]
sign: ["can't be blank", "invalid sign"]
transaction_id: ["格式错误,transaction_id为28位长的数值,其中前10位为商户网站编号(SPID)，由财付通统一分配;之后8位为订单产生的日期,如20050415;最后10位商户需要保证一天内不同的事务(用户订购一次商品或购买一次服务),其ID不相同"]
spbill_create_ip: ["格式错误"]
I, [2012-01-13T21:59:03.655955 #25632]  INFO -- : bank_type: ["can't be blank"]
desc: ["can't be blank"]
sign: ["can't be blank", "invalid sign"]
transaction_id: ["格式错误,transaction_id为28位长的数值,其中前10位为商户网站编号(SPID)，由财付通统一分配;之后8位为订单产生的日期,如20050415;最后10位商户需要保证一天内不同的事务(用户订购一次商品或购买一次服务),其ID不相同"]
spbill_create_ip: ["格式错误"]
I, [2012-01-13T21:59:03.661966 #25632]  INFO -- : bank_type: ["can't be blank"]
desc: ["can't be blank"]
sign: ["can't be blank", "invalid sign"]
transaction_id: ["格式错误,transaction_id为28位长的数值,其中前10位为商户网站编号(SPID)，由财付通统一分配;之后8位为订单产生的日期,如20050415;最后10位商户需要保证一天内不同的事务(用户订购一次商品或购买一次服务),其ID不相同"]
I, [2012-01-13T21:59:03.668559 #25632]  INFO -- : bank_type: ["can't be blank"]
desc: ["can't be blank"]
sign: ["can't be blank", "invalid sign"]
transaction_id: ["格式错误,transaction_id为28位长的数值,其中前10位为商户网站编号(SPID)，由财付通统一分配;之后8位为订单产生的日期,如20050415;最后10位商户需要保证一天内不同的事务(用户订购一次商品或购买一次服务),其ID不相同"]
sp_billno: ["长度错误,应该在28个字符内"]
I, [2012-01-13T21:59:03.674075 #25632]  INFO -- : cmdno: ["can't be blank"]
date: ["can't be blank"]
bank_type: ["can't be blank"]
desc: ["can't be blank"]
bargainor_id: ["can't be blank"]
transaction_id: ["can't be blank"]
sp_billno: ["can't be blank"]
total_fee: ["can't be blank"]
fee_type: ["can't be blank"]
return_url: ["can't be blank"]
attach: ["can't be blank"]
spbill_create_ip: ["can't be blank"]
sign: ["can't be blank", "invalid sign"]
I, [2012-01-13T21:59:03.680396 #25632]  INFO -- : bank_type: ["can't be blank"]
desc: ["can't be blank"]
sign: ["can't be blank", "invalid sign"]
transaction_id: ["格式错误,transaction_id为28位长的数值,其中前10位为商户网站编号(SPID)，由财付通统一分配;之后8位为订单产生的日期,如20050415;最后10位商户需要保证一天内不同的事务(用户订购一次商品或购买一次服务),其ID不相同"]
bargainor_id: ["商户号不存在"]
I, [2012-01-13T21:59:03.686243 #25632]  INFO -- : cmdno: ["can't be blank"]
date: ["can't be blank"]
bank_type: ["can't be blank"]
desc: ["can't be blank"]
bargainor_id: ["can't be blank"]
transaction_id: ["can't be blank"]
sp_billno: ["can't be blank"]
total_fee: ["can't be blank"]
fee_type: ["can't be blank"]
return_url: ["can't be blank"]
attach: ["can't be blank"]
spbill_create_ip: ["can't be blank"]
sign: ["can't be blank", "invalid sign"]
I, [2012-01-13T21:59:03.692904 #25632]  INFO -- : bank_type: ["can't be blank"]
desc: ["can't be blank"]
transaction_id: ["格式错误,transaction_id为28位长的数值,其中前10位为商户网站编号(SPID)，由财付通统一分配;之后8位为订单产生的日期,如20050415;最后10位商户需要保证一天内不同的事务(用户订购一次商品或购买一次服务),其ID不相同"]
sign: ["sign签名必须大写", "invalid sign"]
I, [2012-01-13T21:59:03.721102 #25632]  INFO -- : bank_type: ["can't be blank"]
desc: ["can't be blank"]
transaction_id: ["格式错误,transaction_id为28位长的数值,其中前10位为商户网站编号(SPID)，由财付通统一分配;之后8位为订单产生的日期,如20050415;最后10位商户需要保证一天内不同的事务(用户订购一次商品或购买一次服务),其ID不相同"]
sign: ["invalid sign"]
I, [2012-01-13T21:59:03.727400 #25632]  INFO -- : bank_type: ["can't be blank"]
desc: ["can't be blank"]
transaction_id: ["格式错误,transaction_id为28位长的数值,其中前10位为商户网站编号(SPID)，由财付通统一分配;之后8位为订单产生的日期,如20050415;最后10位商户需要保证一天内不同的事务(用户订购一次商品或购买一次服务),其ID不相同"]
sign: ["invalid sign"]
I, [2012-01-13T22:00:00.999526 #26598]  INFO -- : bank_type: ["can't be blank"]
desc: ["can't be blank"]
sign: ["can't be blank", "invalid sign"]
transaction_id: ["格式错误,transaction_id为28位长的数值,其中前10位为商户网站编号(SPID)，由财付通统一分配;之后8位为订单产生的日期,如20050415;最后10位商户需要保证一天内不同的事务(用户订购一次商品或购买一次服务),其ID不相同"]
I, [2012-01-13T22:00:01.009832 #26598]  INFO -- : bank_type: ["can't be blank"]
desc: ["can't be blank"]
sign: ["can't be blank", "invalid sign"]
transaction_id: ["格式错误,transaction_id为28位长的数值,其中前10位为商户网站编号(SPID)，由财付通统一分配;之后8位为订单产生的日期,如20050415;最后10位商户需要保证一天内不同的事务(用户订购一次商品或购买一次服务),其ID不相同"]
I, [2012-01-13T22:00:01.039855 #26598]  INFO -- : bank_type: ["can't be blank"]
desc: ["can't be blank"]
sign: ["can't be blank", "invalid sign"]
transaction_id: ["格式错误,transaction_id为28位长的数值,其中前10位为商户网站编号(SPID)，由财付通统一分配;之后8位为订单产生的日期,如20050415;最后10位商户需要保证一天内不同的事务(用户订购一次商品或购买一次服务),其ID不相同"]
I, [2012-01-13T22:00:01.046409 #26598]  INFO -- : cmdno: ["can't be blank"]
date: ["can't be blank"]
bank_type: ["can't be blank"]
desc: ["can't be blank"]
bargainor_id: ["can't be blank"]
transaction_id: ["can't be blank"]
sp_billno: ["can't be blank"]
total_fee: ["can't be blank"]
fee_type: ["can't be blank"]
return_url: ["can't be blank"]
attach: ["can't be blank"]
spbill_create_ip: ["can't be blank"]
sign: ["can't be blank", "invalid sign"]
I, [2012-01-13T22:00:01.052498 #26598]  INFO -- : bank_type: ["can't be blank"]
desc: ["can't be blank"]
sign: ["can't be blank", "invalid sign"]
I, [2012-01-13T22:00:01.059036 #26598]  INFO -- : bank_type: ["can't be blank"]
desc: ["can't be blank"]
sign: ["can't be blank", "invalid sign"]
transaction_id: ["格式错误,transaction_id为28位长的数值,其中前10位为商户网站编号(SPID)，由财付通统一分配;之后8位为订单产生的日期,如20050415;最后10位商户需要保证一天内不同的事务(用户订购一次商品或购买一次服务),其ID不相同"]
total_fee: ["格式错误,只能为数字,以分为单位,不允许包含任何字符"]
I, [2012-01-13T22:00:01.065866 #26598]  INFO -- : bank_type: ["can't be blank"]
desc: ["can't be blank"]
sign: ["can't be blank", "invalid sign"]
transaction_id: ["格式错误,transaction_id为28位长的数值,其中前10位为商户网站编号(SPID)，由财付通统一分配;之后8位为订单产生的日期,如20050415;最后10位商户需要保证一天内不同的事务(用户订购一次商品或购买一次服务),其ID不相同"]
total_fee: ["格式错误,只能为数字,以分为单位,不允许包含任何字符"]
I, [2012-01-13T22:00:01.072210 #26598]  INFO -- : bank_type: ["can't be blank"]
desc: ["can't be blank"]
sign: ["can't be blank", "invalid sign"]
transaction_id: ["格式错误,transaction_id为28位长的数值,其中前10位为商户网站编号(SPID)，由财付通统一分配;之后8位为订单产生的日期,如20050415;最后10位商户需要保证一天内不同的事务(用户订购一次商品或购买一次服务),其ID不相同"]
I, [2012-01-13T22:00:01.078851 #26598]  INFO -- : bank_type: ["can't be blank"]
desc: ["can't be blank"]
sign: ["can't be blank", "invalid sign"]
transaction_id: ["格式错误,transaction_id为28位长的数值,其中前10位为商户网站编号(SPID)，由财付通统一分配;之后8位为订单产生的日期,如20050415;最后10位商户需要保证一天内不同的事务(用户订购一次商品或购买一次服务),其ID不相同"]
fee_type: ["目前只支持人民币,请填1"]
I, [2012-01-13T22:00:01.084859 #26598]  INFO -- : bank_type: ["can't be blank"]
desc: ["can't be blank"]
sign: ["can't be blank", "invalid sign"]
transaction_id: ["格式错误,transaction_id为28位长的数值,其中前10位为商户网站编号(SPID)，由财付通统一分配;之后8位为订单产生的日期,如20050415;最后10位商户需要保证一天内不同的事务(用户订购一次商品或购买一次服务),其ID不相同"]
I, [2012-01-13T22:00:01.090842 #26598]  INFO -- : bank_type: ["can't be blank"]
desc: ["can't be blank"]
sign: ["can't be blank", "invalid sign"]
transaction_id: ["格式错误,transaction_id为28位长的数值,其中前10位为商户网站编号(SPID)，由财付通统一分配;之后8位为订单产生的日期,如20050415;最后10位商户需要保证一天内不同的事务(用户订购一次商品或购买一次服务),其ID不相同"]
spbill_create_ip: ["格式错误"]
I, [2012-01-13T22:00:01.096937 #26598]  INFO -- : bank_type: ["can't be blank"]
desc: ["can't be blank"]
sign: ["can't be blank", "invalid sign"]
transaction_id: ["格式错误,transaction_id为28位长的数值,其中前10位为商户网站编号(SPID)，由财付通统一分配;之后8位为订单产生的日期,如20050415;最后10位商户需要保证一天内不同的事务(用户订购一次商品或购买一次服务),其ID不相同"]
spbill_create_ip: ["格式错误"]
I, [2012-01-13T22:00:01.102900 #26598]  INFO -- : bank_type: ["can't be blank"]
desc: ["can't be blank"]
sign: ["can't be blank", "invalid sign"]
transaction_id: ["格式错误,transaction_id为28位长的数值,其中前10位为商户网站编号(SPID)，由财付通统一分配;之后8位为订单产生的日期,如20050415;最后10位商户需要保证一天内不同的事务(用户订购一次商品或购买一次服务),其ID不相同"]
I, [2012-01-13T22:00:01.109395 #26598]  INFO -- : bank_type: ["can't be blank"]
desc: ["can't be blank"]
sign: ["can't be blank", "invalid sign"]
transaction_id: ["格式错误,transaction_id为28位长的数值,其中前10位为商户网站编号(SPID)，由财付通统一分配;之后8位为订单产生的日期,如20050415;最后10位商户需要保证一天内不同的事务(用户订购一次商品或购买一次服务),其ID不相同"]
sp_billno: ["长度错误,应该在28个字符内"]
I, [2012-01-13T22:00:01.114792 #26598]  INFO -- : cmdno: ["can't be blank"]
date: ["can't be blank"]
bank_type: ["can't be blank"]
desc: ["can't be blank"]
bargainor_id: ["can't be blank"]
transaction_id: ["can't be blank"]
sp_billno: ["can't be blank"]
total_fee: ["can't be blank"]
fee_type: ["can't be blank"]
return_url: ["can't be blank"]
attach: ["can't be blank"]
spbill_create_ip: ["can't be blank"]
sign: ["can't be blank", "invalid sign"]
I, [2012-01-13T22:00:01.121135 #26598]  INFO -- : bank_type: ["can't be blank"]
desc: ["can't be blank"]
sign: ["can't be blank", "invalid sign"]
transaction_id: ["格式错误,transaction_id为28位长的数值,其中前10位为商户网站编号(SPID)，由财付通统一分配;之后8位为订单产生的日期,如20050415;最后10位商户需要保证一天内不同的事务(用户订购一次商品或购买一次服务),其ID不相同"]
bargainor_id: ["商户编号不存在"]
I, [2012-01-13T22:00:01.128187 #26598]  INFO -- : bank_type: ["can't be blank"]
desc: ["can't be blank"]
sign: ["can't be blank", "invalid sign"]
transaction_id: ["格式错误,transaction_id为28位长的数值,其中前10位为商户网站编号(SPID)，由财付通统一分配;之后8位为订单产生的日期,如20050415;最后10位商户需要保证一天内不同的事务(用户订购一次商品或购买一次服务),其ID不相同"]
bargainor_id: ["商户编号不存在"]
I, [2012-01-13T22:00:01.136010 #26598]  INFO -- : cmdno: ["can't be blank"]
date: ["can't be blank"]
bank_type: ["can't be blank"]
desc: ["can't be blank"]
bargainor_id: ["can't be blank"]
transaction_id: ["can't be blank"]
sp_billno: ["can't be blank"]
total_fee: ["can't be blank"]
fee_type: ["can't be blank"]
return_url: ["can't be blank"]
attach: ["can't be blank"]
spbill_create_ip: ["can't be blank"]
sign: ["can't be blank", "invalid sign"]
I, [2012-01-13T22:00:01.161190 #26598]  INFO -- : bank_type: ["can't be blank"]
desc: ["can't be blank"]
transaction_id: ["格式错误,transaction_id为28位长的数值,其中前10位为商户网站编号(SPID)，由财付通统一分配;之后8位为订单产生的日期,如20050415;最后10位商户需要保证一天内不同的事务(用户订购一次商品或购买一次服务),其ID不相同"]
sign: ["sign签名必须大写", "invalid sign"]
I, [2012-01-13T22:00:01.167886 #26598]  INFO -- : bank_type: ["can't be blank"]
desc: ["can't be blank"]
transaction_id: ["格式错误,transaction_id为28位长的数值,其中前10位为商户网站编号(SPID)，由财付通统一分配;之后8位为订单产生的日期,如20050415;最后10位商户需要保证一天内不同的事务(用户订购一次商品或购买一次服务),其ID不相同"]
sign: ["invalid sign"]
I, [2012-01-13T22:00:01.174000 #26598]  INFO -- : bank_type: ["can't be blank"]
desc: ["can't be blank"]
transaction_id: ["格式错误,transaction_id为28位长的数值,其中前10位为商户网站编号(SPID)，由财付通统一分配;之后8位为订单产生的日期,如20050415;最后10位商户需要保证一天内不同的事务(用户订购一次商品或购买一次服务),其ID不相同"]
sign: ["invalid sign"]
I, [2012-01-13T22:01:00.431936 #27627]  INFO -- : bank_type: ["can't be blank"]
desc: ["can't be blank"]
sign: ["can't be blank", "invalid sign"]
transaction_id: ["格式错误,transaction_id为28位长的数值,其中前10位为商户网站编号(SPID)，由财付通统一分配;之后8位为订单产生的日期,如20050415;最后10位商户需要保证一天内不同的事务(用户订购一次商品或购买一次服务),其ID不相同"]
I, [2012-01-13T22:01:00.442460 #27627]  INFO -- : bank_type: ["can't be blank"]
desc: ["can't be blank"]
sign: ["can't be blank", "invalid sign"]
transaction_id: ["格式错误,transaction_id为28位长的数值,其中前10位为商户网站编号(SPID)，由财付通统一分配;之后8位为订单产生的日期,如20050415;最后10位商户需要保证一天内不同的事务(用户订购一次商品或购买一次服务),其ID不相同"]
I, [2012-01-13T22:01:00.471197 #27627]  INFO -- : bank_type: ["can't be blank"]
desc: ["can't be blank"]
sign: ["can't be blank", "invalid sign"]
transaction_id: ["格式错误,transaction_id为28位长的数值,其中前10位为商户网站编号(SPID)，由财付通统一分配;之后8位为订单产生的日期,如20050415;最后10位商户需要保证一天内不同的事务(用户订购一次商品或购买一次服务),其ID不相同"]
I, [2012-01-13T22:01:00.476749 #27627]  INFO -- : cmdno: ["can't be blank"]
date: ["can't be blank"]
bank_type: ["can't be blank"]
desc: ["can't be blank"]
bargainor_id: ["can't be blank"]
transaction_id: ["can't be blank"]
sp_billno: ["can't be blank"]
total_fee: ["can't be blank"]
fee_type: ["can't be blank"]
return_url: ["can't be blank"]
attach: ["can't be blank"]
spbill_create_ip: ["can't be blank"]
sign: ["can't be blank", "invalid sign"]
I, [2012-01-13T22:01:00.482916 #27627]  INFO -- : bank_type: ["can't be blank"]
desc: ["can't be blank"]
sign: ["can't be blank", "invalid sign"]
I, [2012-01-13T22:01:00.489057 #27627]  INFO -- : bank_type: ["can't be blank"]
desc: ["can't be blank"]
sign: ["can't be blank", "invalid sign"]
transaction_id: ["格式错误,transaction_id为28位长的数值,其中前10位为商户网站编号(SPID)，由财付通统一分配;之后8位为订单产生的日期,如20050415;最后10位商户需要保证一天内不同的事务(用户订购一次商品或购买一次服务),其ID不相同"]
total_fee: ["格式错误,只能为数字,以分为单位,不允许包含任何字符"]
I, [2012-01-13T22:01:00.495315 #27627]  INFO -- : bank_type: ["can't be blank"]
desc: ["can't be blank"]
sign: ["can't be blank", "invalid sign"]
transaction_id: ["格式错误,transaction_id为28位长的数值,其中前10位为商户网站编号(SPID)，由财付通统一分配;之后8位为订单产生的日期,如20050415;最后10位商户需要保证一天内不同的事务(用户订购一次商品或购买一次服务),其ID不相同"]
total_fee: ["格式错误,只能为数字,以分为单位,不允许包含任何字符"]
I, [2012-01-13T22:01:00.501501 #27627]  INFO -- : bank_type: ["can't be blank"]
desc: ["can't be blank"]
sign: ["can't be blank", "invalid sign"]
transaction_id: ["格式错误,transaction_id为28位长的数值,其中前10位为商户网站编号(SPID)，由财付通统一分配;之后8位为订单产生的日期,如20050415;最后10位商户需要保证一天内不同的事务(用户订购一次商品或购买一次服务),其ID不相同"]
I, [2012-01-13T22:01:00.508312 #27627]  INFO -- : bank_type: ["can't be blank"]
desc: ["can't be blank"]
sign: ["can't be blank", "invalid sign"]
transaction_id: ["格式错误,transaction_id为28位长的数值,其中前10位为商户网站编号(SPID)，由财付通统一分配;之后8位为订单产生的日期,如20050415;最后10位商户需要保证一天内不同的事务(用户订购一次商品或购买一次服务),其ID不相同"]
fee_type: ["目前只支持人民币,请填1"]
I, [2012-01-13T22:01:00.514956 #27627]  INFO -- : bank_type: ["can't be blank"]
desc: ["can't be blank"]
sign: ["can't be blank", "invalid sign"]
transaction_id: ["格式错误,transaction_id为28位长的数值,其中前10位为商户网站编号(SPID)，由财付通统一分配;之后8位为订单产生的日期,如20050415;最后10位商户需要保证一天内不同的事务(用户订购一次商品或购买一次服务),其ID不相同"]
I, [2012-01-13T22:01:00.521049 #27627]  INFO -- : bank_type: ["can't be blank"]
desc: ["can't be blank"]
sign: ["can't be blank", "invalid sign"]
transaction_id: ["格式错误,transaction_id为28位长的数值,其中前10位为商户网站编号(SPID)，由财付通统一分配;之后8位为订单产生的日期,如20050415;最后10位商户需要保证一天内不同的事务(用户订购一次商品或购买一次服务),其ID不相同"]
spbill_create_ip: ["格式错误"]
I, [2012-01-13T22:01:00.527184 #27627]  INFO -- : bank_type: ["can't be blank"]
desc: ["can't be blank"]
sign: ["can't be blank", "invalid sign"]
transaction_id: ["格式错误,transaction_id为28位长的数值,其中前10位为商户网站编号(SPID)，由财付通统一分配;之后8位为订单产生的日期,如20050415;最后10位商户需要保证一天内不同的事务(用户订购一次商品或购买一次服务),其ID不相同"]
spbill_create_ip: ["格式错误"]
I, [2012-01-13T22:01:00.534017 #27627]  INFO -- : bank_type: ["can't be blank"]
desc: ["can't be blank"]
sign: ["can't be blank", "invalid sign"]
transaction_id: ["格式错误,transaction_id为28位长的数值,其中前10位为商户网站编号(SPID)，由财付通统一分配;之后8位为订单产生的日期,如20050415;最后10位商户需要保证一天内不同的事务(用户订购一次商品或购买一次服务),其ID不相同"]
I, [2012-01-13T22:01:00.540700 #27627]  INFO -- : bank_type: ["can't be blank"]
desc: ["can't be blank"]
sign: ["can't be blank", "invalid sign"]
transaction_id: ["格式错误,transaction_id为28位长的数值,其中前10位为商户网站编号(SPID)，由财付通统一分配;之后8位为订单产生的日期,如20050415;最后10位商户需要保证一天内不同的事务(用户订购一次商品或购买一次服务),其ID不相同"]
sp_billno: ["长度错误,应该在28个字符内"]
I, [2012-01-13T22:01:00.546114 #27627]  INFO -- : cmdno: ["can't be blank"]
date: ["can't be blank"]
bank_type: ["can't be blank"]
desc: ["can't be blank"]
bargainor_id: ["can't be blank"]
transaction_id: ["can't be blank"]
sp_billno: ["can't be blank"]
total_fee: ["can't be blank"]
fee_type: ["can't be blank"]
return_url: ["can't be blank"]
attach: ["can't be blank"]
spbill_create_ip: ["can't be blank"]
sign: ["can't be blank", "invalid sign"]
I, [2012-01-13T22:01:00.552543 #27627]  INFO -- : bank_type: ["can't be blank"]
desc: ["can't be blank"]
sign: ["can't be blank", "invalid sign"]
transaction_id: ["格式错误,transaction_id为28位长的数值,其中前10位为商户网站编号(SPID)，由财付通统一分配;之后8位为订单产生的日期,如20050415;最后10位商户需要保证一天内不同的事务(用户订购一次商品或购买一次服务),其ID不相同"]
bargainor_id: ["商户编号不存在"]
I, [2012-01-13T22:01:00.559182 #27627]  INFO -- : bank_type: ["can't be blank"]
desc: ["can't be blank"]
sign: ["can't be blank", "invalid sign"]
transaction_id: ["格式错误,transaction_id为28位长的数值,其中前10位为商户网站编号(SPID)，由财付通统一分配;之后8位为订单产生的日期,如20050415;最后10位商户需要保证一天内不同的事务(用户订购一次商品或购买一次服务),其ID不相同"]
bargainor_id: ["商户编号不存在"]
I, [2012-01-13T22:01:00.565270 #27627]  INFO -- : cmdno: ["can't be blank"]
date: ["can't be blank"]
bank_type: ["can't be blank"]
desc: ["can't be blank"]
bargainor_id: ["can't be blank"]
transaction_id: ["can't be blank"]
sp_billno: ["can't be blank"]
total_fee: ["can't be blank"]
fee_type: ["can't be blank"]
return_url: ["can't be blank"]
attach: ["can't be blank"]
spbill_create_ip: ["can't be blank"]
sign: ["can't be blank", "invalid sign"]
I, [2012-01-13T22:01:00.588885 #27627]  INFO -- : bank_type: ["can't be blank"]
desc: ["can't be blank"]
transaction_id: ["格式错误,transaction_id为28位长的数值,其中前10位为商户网站编号(SPID)，由财付通统一分配;之后8位为订单产生的日期,如20050415;最后10位商户需要保证一天内不同的事务(用户订购一次商品或购买一次服务),其ID不相同"]
sign: ["sign签名必须大写", "invalid sign"]
I, [2012-01-13T22:01:00.596229 #27627]  INFO -- : bank_type: ["can't be blank"]
desc: ["can't be blank"]
transaction_id: ["格式错误,transaction_id为28位长的数值,其中前10位为商户网站编号(SPID)，由财付通统一分配;之后8位为订单产生的日期,如20050415;最后10位商户需要保证一天内不同的事务(用户订购一次商品或购买一次服务),其ID不相同"]
sign: ["invalid sign"]
I, [2012-01-13T22:01:00.602464 #27627]  INFO -- : bank_type: ["can't be blank"]
desc: ["can't be blank"]
transaction_id: ["格式错误,transaction_id为28位长的数值,其中前10位为商户网站编号(SPID)，由财付通统一分配;之后8位为订单产生的日期,如20050415;最后10位商户需要保证一天内不同的事务(用户订购一次商品或购买一次服务),其ID不相同"]
sign: ["invalid sign"]
I, [2012-01-13T22:02:26.127972 #29143]  INFO -- : bank_type: ["can't be blank"]
desc: ["can't be blank"]
sign: ["can't be blank", "invalid sign"]
transaction_id: ["格式错误,transaction_id为28位长的数值,其中前10位为商户网站编号(SPID)，由财付通统一分配;之后8位为订单产生的日期,如20050415;最后10位商户需要保证一天内不同的事务(用户订购一次商品或购买一次服务),其ID不相同"]
I, [2012-01-13T22:02:26.139373 #29143]  INFO -- : bank_type: ["can't be blank"]
desc: ["can't be blank"]
sign: ["can't be blank", "invalid sign"]
transaction_id: ["格式错误,transaction_id为28位长的数值,其中前10位为商户网站编号(SPID)，由财付通统一分配;之后8位为订单产生的日期,如20050415;最后10位商户需要保证一天内不同的事务(用户订购一次商品或购买一次服务),其ID不相同"]
I, [2012-01-13T22:02:26.168387 #29143]  INFO -- : bank_type: ["can't be blank"]
desc: ["can't be blank"]
sign: ["can't be blank", "invalid sign"]
transaction_id: ["格式错误,transaction_id为28位长的数值,其中前10位为商户网站编号(SPID)，由财付通统一分配;之后8位为订单产生的日期,如20050415;最后10位商户需要保证一天内不同的事务(用户订购一次商品或购买一次服务),其ID不相同"]
I, [2012-01-13T22:02:26.175547 #29143]  INFO -- : cmdno: ["can't be blank"]
date: ["can't be blank"]
bank_type: ["can't be blank"]
desc: ["can't be blank"]
bargainor_id: ["can't be blank"]
transaction_id: ["can't be blank"]
sp_billno: ["can't be blank"]
total_fee: ["can't be blank"]
fee_type: ["can't be blank"]
return_url: ["can't be blank"]
attach: ["can't be blank"]
spbill_create_ip: ["can't be blank"]
sign: ["can't be blank", "invalid sign"]
I, [2012-01-13T22:02:26.181796 #29143]  INFO -- : bank_type: ["can't be blank"]
desc: ["can't be blank"]
sign: ["can't be blank", "invalid sign"]
I, [2012-01-13T22:02:26.188292 #29143]  INFO -- : bank_type: ["can't be blank"]
desc: ["can't be blank"]
sign: ["can't be blank", "invalid sign"]
transaction_id: ["格式错误,transaction_id为28位长的数值,其中前10位为商户网站编号(SPID)，由财付通统一分配;之后8位为订单产生的日期,如20050415;最后10位商户需要保证一天内不同的事务(用户订购一次商品或购买一次服务),其ID不相同"]
total_fee: ["格式错误,只能为数字,以分为单位,不允许包含任何字符"]
I, [2012-01-13T22:02:26.195089 #29143]  INFO -- : bank_type: ["can't be blank"]
desc: ["can't be blank"]
sign: ["can't be blank", "invalid sign"]
transaction_id: ["格式错误,transaction_id为28位长的数值,其中前10位为商户网站编号(SPID)，由财付通统一分配;之后8位为订单产生的日期,如20050415;最后10位商户需要保证一天内不同的事务(用户订购一次商品或购买一次服务),其ID不相同"]
total_fee: ["格式错误,只能为数字,以分为单位,不允许包含任何字符"]
I, [2012-01-13T22:02:26.201201 #29143]  INFO -- : bank_type: ["can't be blank"]
desc: ["can't be blank"]
sign: ["can't be blank", "invalid sign"]
transaction_id: ["格式错误,transaction_id为28位长的数值,其中前10位为商户网站编号(SPID)，由财付通统一分配;之后8位为订单产生的日期,如20050415;最后10位商户需要保证一天内不同的事务(用户订购一次商品或购买一次服务),其ID不相同"]
I, [2012-01-13T22:02:26.207565 #29143]  INFO -- : bank_type: ["can't be blank"]
desc: ["can't be blank"]
sign: ["can't be blank", "invalid sign"]
transaction_id: ["格式错误,transaction_id为28位长的数值,其中前10位为商户网站编号(SPID)，由财付通统一分配;之后8位为订单产生的日期,如20050415;最后10位商户需要保证一天内不同的事务(用户订购一次商品或购买一次服务),其ID不相同"]
fee_type: ["目前只支持人民币,请填1"]
I, [2012-01-13T22:02:26.213784 #29143]  INFO -- : bank_type: ["can't be blank"]
desc: ["can't be blank"]
sign: ["can't be blank", "invalid sign"]
transaction_id: ["格式错误,transaction_id为28位长的数值,其中前10位为商户网站编号(SPID)，由财付通统一分配;之后8位为订单产生的日期,如20050415;最后10位商户需要保证一天内不同的事务(用户订购一次商品或购买一次服务),其ID不相同"]
I, [2012-01-13T22:02:26.219812 #29143]  INFO -- : bank_type: ["can't be blank"]
desc: ["can't be blank"]
sign: ["can't be blank", "invalid sign"]
transaction_id: ["格式错误,transaction_id为28位长的数值,其中前10位为商户网站编号(SPID)，由财付通统一分配;之后8位为订单产生的日期,如20050415;最后10位商户需要保证一天内不同的事务(用户订购一次商品或购买一次服务),其ID不相同"]
spbill_create_ip: ["格式错误"]
I, [2012-01-13T22:02:26.225762 #29143]  INFO -- : bank_type: ["can't be blank"]
desc: ["can't be blank"]
sign: ["can't be blank", "invalid sign"]
transaction_id: ["格式错误,transaction_id为28位长的数值,其中前10位为商户网站编号(SPID)，由财付通统一分配;之后8位为订单产生的日期,如20050415;最后10位商户需要保证一天内不同的事务(用户订购一次商品或购买一次服务),其ID不相同"]
spbill_create_ip: ["格式错误"]
I, [2012-01-13T22:02:26.231865 #29143]  INFO -- : bank_type: ["can't be blank"]
desc: ["can't be blank"]
sign: ["can't be blank", "invalid sign"]
transaction_id: ["格式错误,transaction_id为28位长的数值,其中前10位为商户网站编号(SPID)，由财付通统一分配;之后8位为订单产生的日期,如20050415;最后10位商户需要保证一天内不同的事务(用户订购一次商品或购买一次服务),其ID不相同"]
I, [2012-01-13T22:02:26.238387 #29143]  INFO -- : bank_type: ["can't be blank"]
desc: ["can't be blank"]
sign: ["can't be blank", "invalid sign"]
transaction_id: ["格式错误,transaction_id为28位长的数值,其中前10位为商户网站编号(SPID)，由财付通统一分配;之后8位为订单产生的日期,如20050415;最后10位商户需要保证一天内不同的事务(用户订购一次商品或购买一次服务),其ID不相同"]
sp_billno: ["长度错误,应该在28个字符内"]
I, [2012-01-13T22:02:26.244159 #29143]  INFO -- : cmdno: ["can't be blank"]
date: ["can't be blank"]
bank_type: ["can't be blank"]
desc: ["can't be blank"]
bargainor_id: ["can't be blank"]
transaction_id: ["can't be blank"]
sp_billno: ["can't be blank"]
total_fee: ["can't be blank"]
fee_type: ["can't be blank"]
return_url: ["can't be blank"]
attach: ["can't be blank"]
spbill_create_ip: ["can't be blank"]
sign: ["can't be blank", "invalid sign"]
I, [2012-01-13T22:02:26.250710 #29143]  INFO -- : bank_type: ["can't be blank"]
desc: ["can't be blank"]
sign: ["can't be blank", "invalid sign"]
transaction_id: ["格式错误,transaction_id为28位长的数值,其中前10位为商户网站编号(SPID)，由财付通统一分配;之后8位为订单产生的日期,如20050415;最后10位商户需要保证一天内不同的事务(用户订购一次商品或购买一次服务),其ID不相同"]
bargainor_id: ["商户编号不存在"]
I, [2012-01-13T22:02:26.256799 #29143]  INFO -- : bank_type: ["can't be blank"]
desc: ["can't be blank"]
sign: ["can't be blank", "invalid sign"]
transaction_id: ["格式错误,transaction_id为28位长的数值,其中前10位为商户网站编号(SPID)，由财付通统一分配;之后8位为订单产生的日期,如20050415;最后10位商户需要保证一天内不同的事务(用户订购一次商品或购买一次服务),其ID不相同"]
bargainor_id: ["商户编号不存在"]
I, [2012-01-13T22:02:26.262838 #29143]  INFO -- : cmdno: ["can't be blank"]
date: ["can't be blank"]
bank_type: ["can't be blank"]
desc: ["can't be blank"]
bargainor_id: ["can't be blank"]
transaction_id: ["can't be blank"]
sp_billno: ["can't be blank"]
total_fee: ["can't be blank"]
fee_type: ["can't be blank"]
return_url: ["can't be blank"]
attach: ["can't be blank"]
spbill_create_ip: ["can't be blank"]
sign: ["can't be blank", "invalid sign"]
I, [2012-01-13T22:02:26.287192 #29143]  INFO -- : bank_type: ["can't be blank"]
desc: ["can't be blank"]
transaction_id: ["格式错误,transaction_id为28位长的数值,其中前10位为商户网站编号(SPID)，由财付通统一分配;之后8位为订单产生的日期,如20050415;最后10位商户需要保证一天内不同的事务(用户订购一次商品或购买一次服务),其ID不相同"]
sign: ["sign签名必须大写", "invalid sign"]
I, [2012-01-13T22:02:26.293836 #29143]  INFO -- : bank_type: ["can't be blank"]
desc: ["can't be blank"]
transaction_id: ["格式错误,transaction_id为28位长的数值,其中前10位为商户网站编号(SPID)，由财付通统一分配;之后8位为订单产生的日期,如20050415;最后10位商户需要保证一天内不同的事务(用户订购一次商品或购买一次服务),其ID不相同"]
sign: ["invalid sign"]
I, [2012-01-13T22:02:26.300228 #29143]  INFO -- : bank_type: ["can't be blank"]
desc: ["can't be blank"]
transaction_id: ["格式错误,transaction_id为28位长的数值,其中前10位为商户网站编号(SPID)，由财付通统一分配;之后8位为订单产生的日期,如20050415;最后10位商户需要保证一天内不同的事务(用户订购一次商品或购买一次服务),其ID不相同"]
sign: ["invalid sign"]
I, [2012-01-13T22:03:37.859550 #30395]  INFO -- : bank_type: ["can't be blank"]
desc: ["can't be blank"]
sign: ["can't be blank", "invalid sign"]
transaction_id: ["格式错误,transaction_id为28位长的数值,其中前10位为商户网站编号(SPID)，由财付通统一分配;之后8位为订单产生的日期,如20050415;最后10位商户需要保证一天内不同的事务(用户订购一次商品或购买一次服务),其ID不相同"]
I, [2012-01-13T22:03:37.870281 #30395]  INFO -- : bank_type: ["can't be blank"]
desc: ["can't be blank"]
sign: ["can't be blank", "invalid sign"]
transaction_id: ["格式错误,transaction_id为28位长的数值,其中前10位为商户网站编号(SPID)，由财付通统一分配;之后8位为订单产生的日期,如20050415;最后10位商户需要保证一天内不同的事务(用户订购一次商品或购买一次服务),其ID不相同"]
I, [2012-01-13T22:03:37.903254 #30395]  INFO -- : bank_type: ["can't be blank"]
desc: ["can't be blank"]
sign: ["can't be blank", "invalid sign"]
transaction_id: ["格式错误,transaction_id为28位长的数值,其中前10位为商户网站编号(SPID)，由财付通统一分配;之后8位为订单产生的日期,如20050415;最后10位商户需要保证一天内不同的事务(用户订购一次商品或购买一次服务),其ID不相同"]
I, [2012-01-13T22:03:37.909257 #30395]  INFO -- : cmdno: ["can't be blank"]
date: ["can't be blank"]
bank_type: ["can't be blank"]
desc: ["can't be blank"]
bargainor_id: ["can't be blank"]
transaction_id: ["can't be blank"]
sp_billno: ["can't be blank"]
total_fee: ["can't be blank"]
fee_type: ["can't be blank"]
return_url: ["can't be blank"]
attach: ["can't be blank"]
spbill_create_ip: ["can't be blank"]
sign: ["can't be blank", "invalid sign"]
I, [2012-01-13T22:03:37.916015 #30395]  INFO -- : bank_type: ["can't be blank"]
desc: ["can't be blank"]
sign: ["can't be blank", "invalid sign"]
I, [2012-01-13T22:03:37.922113 #30395]  INFO -- : bank_type: ["can't be blank"]
desc: ["can't be blank"]
sign: ["can't be blank", "invalid sign"]
transaction_id: ["格式错误,transaction_id为28位长的数值,其中前10位为商户网站编号(SPID)，由财付通统一分配;之后8位为订单产生的日期,如20050415;最后10位商户需要保证一天内不同的事务(用户订购一次商品或购买一次服务),其ID不相同"]
total_fee: ["格式错误,只能为数字,以分为单位,不允许包含任何字符"]
I, [2012-01-13T22:03:37.928589 #30395]  INFO -- : bank_type: ["can't be blank"]
desc: ["can't be blank"]
sign: ["can't be blank", "invalid sign"]
transaction_id: ["格式错误,transaction_id为28位长的数值,其中前10位为商户网站编号(SPID)，由财付通统一分配;之后8位为订单产生的日期,如20050415;最后10位商户需要保证一天内不同的事务(用户订购一次商品或购买一次服务),其ID不相同"]
total_fee: ["格式错误,只能为数字,以分为单位,不允许包含任何字符"]
I, [2012-01-13T22:03:37.935175 #30395]  INFO -- : bank_type: ["can't be blank"]
desc: ["can't be blank"]
sign: ["can't be blank", "invalid sign"]
transaction_id: ["格式错误,transaction_id为28位长的数值,其中前10位为商户网站编号(SPID)，由财付通统一分配;之后8位为订单产生的日期,如20050415;最后10位商户需要保证一天内不同的事务(用户订购一次商品或购买一次服务),其ID不相同"]
I, [2012-01-13T22:03:37.941183 #30395]  INFO -- : bank_type: ["can't be blank"]
desc: ["can't be blank"]
sign: ["can't be blank", "invalid sign"]
transaction_id: ["格式错误,transaction_id为28位长的数值,其中前10位为商户网站编号(SPID)，由财付通统一分配;之后8位为订单产生的日期,如20050415;最后10位商户需要保证一天内不同的事务(用户订购一次商品或购买一次服务),其ID不相同"]
fee_type: ["目前只支持人民币,请填1"]
I, [2012-01-13T22:03:37.947127 #30395]  INFO -- : bank_type: ["can't be blank"]
desc: ["can't be blank"]
sign: ["can't be blank", "invalid sign"]
transaction_id: ["格式错误,transaction_id为28位长的数值,其中前10位为商户网站编号(SPID)，由财付通统一分配;之后8位为订单产生的日期,如20050415;最后10位商户需要保证一天内不同的事务(用户订购一次商品或购买一次服务),其ID不相同"]
I, [2012-01-13T22:03:37.953115 #30395]  INFO -- : bank_type: ["can't be blank"]
desc: ["can't be blank"]
sign: ["can't be blank", "invalid sign"]
transaction_id: ["格式错误,transaction_id为28位长的数值,其中前10位为商户网站编号(SPID)，由财付通统一分配;之后8位为订单产生的日期,如20050415;最后10位商户需要保证一天内不同的事务(用户订购一次商品或购买一次服务),其ID不相同"]
spbill_create_ip: ["格式错误"]
I, [2012-01-13T22:03:37.959193 #30395]  INFO -- : bank_type: ["can't be blank"]
desc: ["can't be blank"]
sign: ["can't be blank", "invalid sign"]
transaction_id: ["格式错误,transaction_id为28位长的数值,其中前10位为商户网站编号(SPID)，由财付通统一分配;之后8位为订单产生的日期,如20050415;最后10位商户需要保证一天内不同的事务(用户订购一次商品或购买一次服务),其ID不相同"]
spbill_create_ip: ["格式错误"]
I, [2012-01-13T22:03:37.965102 #30395]  INFO -- : bank_type: ["can't be blank"]
desc: ["can't be blank"]
sign: ["can't be blank", "invalid sign"]
transaction_id: ["格式错误,transaction_id为28位长的数值,其中前10位为商户网站编号(SPID)，由财付通统一分配;之后8位为订单产生的日期,如20050415;最后10位商户需要保证一天内不同的事务(用户订购一次商品或购买一次服务),其ID不相同"]
I, [2012-01-13T22:03:37.972395 #30395]  INFO -- : bank_type: ["can't be blank"]
desc: ["can't be blank"]
sign: ["can't be blank", "invalid sign"]
transaction_id: ["格式错误,transaction_id为28位长的数值,其中前10位为商户网站编号(SPID)，由财付通统一分配;之后8位为订单产生的日期,如20050415;最后10位商户需要保证一天内不同的事务(用户订购一次商品或购买一次服务),其ID不相同"]
sp_billno: ["长度错误,应该在28个字符内"]
I, [2012-01-13T22:03:37.979367 #30395]  INFO -- : cmdno: ["can't be blank"]
date: ["can't be blank"]
bank_type: ["can't be blank"]
desc: ["can't be blank"]
bargainor_id: ["can't be blank"]
transaction_id: ["can't be blank"]
sp_billno: ["can't be blank"]
total_fee: ["can't be blank"]
fee_type: ["can't be blank"]
return_url: ["can't be blank"]
attach: ["can't be blank"]
spbill_create_ip: ["can't be blank"]
sign: ["can't be blank", "invalid sign"]
I, [2012-01-13T22:03:37.986051 #30395]  INFO -- : bank_type: ["can't be blank"]
desc: ["can't be blank"]
sign: ["can't be blank", "invalid sign"]
transaction_id: ["格式错误,transaction_id为28位长的数值,其中前10位为商户网站编号(SPID)，由财付通统一分配;之后8位为订单产生的日期,如20050415;最后10位商户需要保证一天内不同的事务(用户订购一次商品或购买一次服务),其ID不相同"]
bargainor_id: ["商户编号不存在"]
I, [2012-01-13T22:03:37.992600 #30395]  INFO -- : bank_type: ["can't be blank"]
desc: ["can't be blank"]
sign: ["can't be blank", "invalid sign"]
transaction_id: ["格式错误,transaction_id为28位长的数值,其中前10位为商户网站编号(SPID)，由财付通统一分配;之后8位为订单产生的日期,如20050415;最后10位商户需要保证一天内不同的事务(用户订购一次商品或购买一次服务),其ID不相同"]
bargainor_id: ["商户编号不存在"]
I, [2012-01-13T22:03:37.999449 #30395]  INFO -- : cmdno: ["can't be blank"]
date: ["can't be blank"]
bank_type: ["can't be blank"]
desc: ["can't be blank"]
bargainor_id: ["can't be blank"]
transaction_id: ["can't be blank"]
sp_billno: ["can't be blank"]
total_fee: ["can't be blank"]
fee_type: ["can't be blank"]
return_url: ["can't be blank"]
attach: ["can't be blank"]
spbill_create_ip: ["can't be blank"]
sign: ["can't be blank", "invalid sign"]
I, [2012-01-13T22:03:38.025611 #30395]  INFO -- : bank_type: ["can't be blank"]
desc: ["can't be blank"]
transaction_id: ["格式错误,transaction_id为28位长的数值,其中前10位为商户网站编号(SPID)，由财付通统一分配;之后8位为订单产生的日期,如20050415;最后10位商户需要保证一天内不同的事务(用户订购一次商品或购买一次服务),其ID不相同"]
sign: ["sign签名必须大写", "invalid sign"]
I, [2012-01-13T22:03:38.033015 #30395]  INFO -- : bank_type: ["can't be blank"]
desc: ["can't be blank"]
transaction_id: ["格式错误,transaction_id为28位长的数值,其中前10位为商户网站编号(SPID)，由财付通统一分配;之后8位为订单产生的日期,如20050415;最后10位商户需要保证一天内不同的事务(用户订购一次商品或购买一次服务),其ID不相同"]
sign: ["invalid sign"]
I, [2012-01-13T22:03:38.039940 #30395]  INFO -- : bank_type: ["can't be blank"]
desc: ["can't be blank"]
transaction_id: ["格式错误,transaction_id为28位长的数值,其中前10位为商户网站编号(SPID)，由财付通统一分配;之后8位为订单产生的日期,如20050415;最后10位商户需要保证一天内不同的事务(用户订购一次商品或购买一次服务),其ID不相同"]
sign: ["invalid sign"]
I, [2012-01-13T22:04:26.776261 #31262]  INFO -- : bank_type: ["can't be blank"]
desc: ["can't be blank"]
sign: ["can't be blank", "invalid sign"]
transaction_id: ["格式错误,transaction_id为28位长的数值,其中前10位为商户网站编号(SPID)，由财付通统一分配;之后8位为订单产生的日期,如20050415;最后10位商户需要保证一天内不同的事务(用户订购一次商品或购买一次服务),其ID不相同"]
I, [2012-01-13T22:04:26.788877 #31262]  INFO -- : bank_type: ["can't be blank"]
desc: ["can't be blank"]
sign: ["can't be blank", "invalid sign"]
transaction_id: ["格式错误,transaction_id为28位长的数值,其中前10位为商户网站编号(SPID)，由财付通统一分配;之后8位为订单产生的日期,如20050415;最后10位商户需要保证一天内不同的事务(用户订购一次商品或购买一次服务),其ID不相同"]
I, [2012-01-13T22:04:26.819821 #31262]  INFO -- : bank_type: ["can't be blank"]
desc: ["can't be blank"]
sign: ["can't be blank", "invalid sign"]
transaction_id: ["格式错误,transaction_id为28位长的数值,其中前10位为商户网站编号(SPID)，由财付通统一分配;之后8位为订单产生的日期,如20050415;最后10位商户需要保证一天内不同的事务(用户订购一次商品或购买一次服务),其ID不相同"]
I, [2012-01-13T22:04:26.825234 #31262]  INFO -- : cmdno: ["can't be blank"]
date: ["can't be blank"]
bank_type: ["can't be blank"]
desc: ["can't be blank"]
bargainor_id: ["can't be blank"]
transaction_id: ["can't be blank"]
sp_billno: ["can't be blank"]
total_fee: ["can't be blank"]
fee_type: ["can't be blank"]
return_url: ["can't be blank"]
attach: ["can't be blank"]
spbill_create_ip: ["can't be blank"]
sign: ["can't be blank", "invalid sign"]
I, [2012-01-13T22:04:26.831406 #31262]  INFO -- : bank_type: ["can't be blank"]
desc: ["can't be blank"]
sign: ["can't be blank", "invalid sign"]
I, [2012-01-13T22:04:26.837609 #31262]  INFO -- : bank_type: ["can't be blank"]
desc: ["can't be blank"]
sign: ["can't be blank", "invalid sign"]
transaction_id: ["格式错误,transaction_id为28位长的数值,其中前10位为商户网站编号(SPID)，由财付通统一分配;之后8位为订单产生的日期,如20050415;最后10位商户需要保证一天内不同的事务(用户订购一次商品或购买一次服务),其ID不相同"]
total_fee: ["格式错误,只能为数字,以分为单位,不允许包含任何字符"]
I, [2012-01-13T22:04:26.844385 #31262]  INFO -- : bank_type: ["can't be blank"]
desc: ["can't be blank"]
sign: ["can't be blank", "invalid sign"]
transaction_id: ["格式错误,transaction_id为28位长的数值,其中前10位为商户网站编号(SPID)，由财付通统一分配;之后8位为订单产生的日期,如20050415;最后10位商户需要保证一天内不同的事务(用户订购一次商品或购买一次服务),其ID不相同"]
total_fee: ["格式错误,只能为数字,以分为单位,不允许包含任何字符"]
I, [2012-01-13T22:04:26.850418 #31262]  INFO -- : bank_type: ["can't be blank"]
desc: ["can't be blank"]
sign: ["can't be blank", "invalid sign"]
transaction_id: ["格式错误,transaction_id为28位长的数值,其中前10位为商户网站编号(SPID)，由财付通统一分配;之后8位为订单产生的日期,如20050415;最后10位商户需要保证一天内不同的事务(用户订购一次商品或购买一次服务),其ID不相同"]
I, [2012-01-13T22:04:26.856642 #31262]  INFO -- : bank_type: ["can't be blank"]
desc: ["can't be blank"]
sign: ["can't be blank", "invalid sign"]
transaction_id: ["格式错误,transaction_id为28位长的数值,其中前10位为商户网站编号(SPID)，由财付通统一分配;之后8位为订单产生的日期,如20050415;最后10位商户需要保证一天内不同的事务(用户订购一次商品或购买一次服务),其ID不相同"]
fee_type: ["目前只支持人民币,请填1"]
I, [2012-01-13T22:04:26.863022 #31262]  INFO -- : bank_type: ["can't be blank"]
desc: ["can't be blank"]
sign: ["can't be blank", "invalid sign"]
transaction_id: ["格式错误,transaction_id为28位长的数值,其中前10位为商户网站编号(SPID)，由财付通统一分配;之后8位为订单产生的日期,如20050415;最后10位商户需要保证一天内不同的事务(用户订购一次商品或购买一次服务),其ID不相同"]
I, [2012-01-13T22:04:26.869092 #31262]  INFO -- : bank_type: ["can't be blank"]
desc: ["can't be blank"]
sign: ["can't be blank", "invalid sign"]
transaction_id: ["格式错误,transaction_id为28位长的数值,其中前10位为商户网站编号(SPID)，由财付通统一分配;之后8位为订单产生的日期,如20050415;最后10位商户需要保证一天内不同的事务(用户订购一次商品或购买一次服务),其ID不相同"]
spbill_create_ip: ["格式错误"]
I, [2012-01-13T22:04:26.875025 #31262]  INFO -- : bank_type: ["can't be blank"]
desc: ["can't be blank"]
sign: ["can't be blank", "invalid sign"]
transaction_id: ["格式错误,transaction_id为28位长的数值,其中前10位为商户网站编号(SPID)，由财付通统一分配;之后8位为订单产生的日期,如20050415;最后10位商户需要保证一天内不同的事务(用户订购一次商品或购买一次服务),其ID不相同"]
spbill_create_ip: ["格式错误"]
I, [2012-01-13T22:04:26.881019 #31262]  INFO -- : bank_type: ["can't be blank"]
desc: ["can't be blank"]
sign: ["can't be blank", "invalid sign"]
transaction_id: ["格式错误,transaction_id为28位长的数值,其中前10位为商户网站编号(SPID)，由财付通统一分配;之后8位为订单产生的日期,如20050415;最后10位商户需要保证一天内不同的事务(用户订购一次商品或购买一次服务),其ID不相同"]
I, [2012-01-13T22:04:26.887469 #31262]  INFO -- : bank_type: ["can't be blank"]
desc: ["can't be blank"]
sign: ["can't be blank", "invalid sign"]
transaction_id: ["格式错误,transaction_id为28位长的数值,其中前10位为商户网站编号(SPID)，由财付通统一分配;之后8位为订单产生的日期,如20050415;最后10位商户需要保证一天内不同的事务(用户订购一次商品或购买一次服务),其ID不相同"]
sp_billno: ["长度错误,应该在28个字符内"]
I, [2012-01-13T22:04:26.892945 #31262]  INFO -- : cmdno: ["can't be blank"]
date: ["can't be blank"]
bank_type: ["can't be blank"]
desc: ["can't be blank"]
bargainor_id: ["can't be blank"]
transaction_id: ["can't be blank"]
sp_billno: ["can't be blank"]
total_fee: ["can't be blank"]
fee_type: ["can't be blank"]
return_url: ["can't be blank"]
attach: ["can't be blank"]
spbill_create_ip: ["can't be blank"]
sign: ["can't be blank", "invalid sign"]
I, [2012-01-13T22:04:26.899229 #31262]  INFO -- : bank_type: ["can't be blank"]
desc: ["can't be blank"]
sign: ["can't be blank", "invalid sign"]
transaction_id: ["格式错误,transaction_id为28位长的数值,其中前10位为商户网站编号(SPID)，由财付通统一分配;之后8位为订单产生的日期,如20050415;最后10位商户需要保证一天内不同的事务(用户订购一次商品或购买一次服务),其ID不相同"]
bargainor_id: ["商户编号不存在"]
I, [2012-01-13T22:04:26.905409 #31262]  INFO -- : bank_type: ["can't be blank"]
desc: ["can't be blank"]
sign: ["can't be blank", "invalid sign"]
transaction_id: ["格式错误,transaction_id为28位长的数值,其中前10位为商户网站编号(SPID)，由财付通统一分配;之后8位为订单产生的日期,如20050415;最后10位商户需要保证一天内不同的事务(用户订购一次商品或购买一次服务),其ID不相同"]
bargainor_id: ["商户编号不存在"]
I, [2012-01-13T22:04:26.911460 #31262]  INFO -- : cmdno: ["can't be blank"]
date: ["can't be blank"]
bank_type: ["can't be blank"]
desc: ["can't be blank"]
bargainor_id: ["can't be blank"]
transaction_id: ["can't be blank"]
sp_billno: ["can't be blank"]
total_fee: ["can't be blank"]
fee_type: ["can't be blank"]
return_url: ["can't be blank"]
attach: ["can't be blank"]
spbill_create_ip: ["can't be blank"]
sign: ["can't be blank", "invalid sign"]
I, [2012-01-13T22:04:26.935933 #31262]  INFO -- : bank_type: ["can't be blank"]
desc: ["can't be blank"]
transaction_id: ["格式错误,transaction_id为28位长的数值,其中前10位为商户网站编号(SPID)，由财付通统一分配;之后8位为订单产生的日期,如20050415;最后10位商户需要保证一天内不同的事务(用户订购一次商品或购买一次服务),其ID不相同"]
sign: ["sign签名必须大写", "invalid sign"]
I, [2012-01-13T22:04:26.942553 #31262]  INFO -- : bank_type: ["can't be blank"]
desc: ["can't be blank"]
transaction_id: ["格式错误,transaction_id为28位长的数值,其中前10位为商户网站编号(SPID)，由财付通统一分配;之后8位为订单产生的日期,如20050415;最后10位商户需要保证一天内不同的事务(用户订购一次商品或购买一次服务),其ID不相同"]
sign: ["invalid sign"]
I, [2012-01-13T22:04:26.948842 #31262]  INFO -- : bank_type: ["can't be blank"]
desc: ["can't be blank"]
transaction_id: ["格式错误,transaction_id为28位长的数值,其中前10位为商户网站编号(SPID)，由财付通统一分配;之后8位为订单产生的日期,如20050415;最后10位商户需要保证一天内不同的事务(用户订购一次商品或购买一次服务),其ID不相同"]
sign: ["invalid sign"]
I, [2012-01-13T22:09:18.793629 #4264]  INFO -- : bank_type: ["can't be blank"]
desc: ["can't be blank"]
sign: ["can't be blank", "invalid sign"]
transaction_id: ["格式错误,transaction_id为28位长的数值,其中前10位为商户网站编号(SPID)，由财付通统一分配;之后8位为订单产生的日期,如20050415;最后10位商户需要保证一天内不同的事务(用户订购一次商品或购买一次服务),其ID不相同"]
I, [2012-01-13T22:09:18.804434 #4264]  INFO -- : bank_type: ["can't be blank"]
desc: ["can't be blank"]
sign: ["can't be blank", "invalid sign"]
transaction_id: ["格式错误,transaction_id为28位长的数值,其中前10位为商户网站编号(SPID)，由财付通统一分配;之后8位为订单产生的日期,如20050415;最后10位商户需要保证一天内不同的事务(用户订购一次商品或购买一次服务),其ID不相同"]
I, [2012-01-13T22:09:18.828690 #4264]  INFO -- : bank_type: ["can't be blank"]
desc: ["can't be blank"]
sign: ["can't be blank", "invalid sign"]
transaction_id: ["格式错误,transaction_id为28位长的数值,其中前10位为商户网站编号(SPID)，由财付通统一分配;之后8位为订单产生的日期,如20050415;最后10位商户需要保证一天内不同的事务(用户订购一次商品或购买一次服务),其ID不相同"]
I, [2012-01-13T22:09:18.834620 #4264]  INFO -- : cmdno: ["can't be blank"]
date: ["can't be blank"]
bank_type: ["can't be blank"]
desc: ["can't be blank"]
bargainor_id: ["can't be blank"]
transaction_id: ["can't be blank"]
sp_billno: ["can't be blank"]
total_fee: ["can't be blank"]
fee_type: ["can't be blank"]
return_url: ["can't be blank"]
attach: ["can't be blank"]
spbill_create_ip: ["can't be blank"]
sign: ["can't be blank", "invalid sign"]
I, [2012-01-13T22:09:18.844352 #4264]  INFO -- : bank_type: ["can't be blank"]
desc: ["can't be blank"]
sign: ["can't be blank", "invalid sign"]
I, [2012-01-13T22:09:18.856415 #4264]  INFO -- : bank_type: ["can't be blank"]
desc: ["can't be blank"]
sign: ["can't be blank", "invalid sign"]
transaction_id: ["格式错误,transaction_id为28位长的数值,其中前10位为商户网站编号(SPID)，由财付通统一分配;之后8位为订单产生的日期,如20050415;最后10位商户需要保证一天内不同的事务(用户订购一次商品或购买一次服务),其ID不相同"]
total_fee: ["格式错误,只能为数字,以分为单位,不允许包含任何字符"]
I, [2012-01-13T22:09:18.862768 #4264]  INFO -- : bank_type: ["can't be blank"]
desc: ["can't be blank"]
sign: ["can't be blank", "invalid sign"]
transaction_id: ["格式错误,transaction_id为28位长的数值,其中前10位为商户网站编号(SPID)，由财付通统一分配;之后8位为订单产生的日期,如20050415;最后10位商户需要保证一天内不同的事务(用户订购一次商品或购买一次服务),其ID不相同"]
total_fee: ["格式错误,只能为数字,以分为单位,不允许包含任何字符"]
I, [2012-01-13T22:09:18.868959 #4264]  INFO -- : bank_type: ["can't be blank"]
desc: ["can't be blank"]
sign: ["can't be blank", "invalid sign"]
transaction_id: ["格式错误,transaction_id为28位长的数值,其中前10位为商户网站编号(SPID)，由财付通统一分配;之后8位为订单产生的日期,如20050415;最后10位商户需要保证一天内不同的事务(用户订购一次商品或购买一次服务),其ID不相同"]
I, [2012-01-13T22:09:18.875445 #4264]  INFO -- : bank_type: ["can't be blank"]
desc: ["can't be blank"]
sign: ["can't be blank", "invalid sign"]
transaction_id: ["格式错误,transaction_id为28位长的数值,其中前10位为商户网站编号(SPID)，由财付通统一分配;之后8位为订单产生的日期,如20050415;最后10位商户需要保证一天内不同的事务(用户订购一次商品或购买一次服务),其ID不相同"]
fee_type: ["目前只支持人民币,请填1"]
I, [2012-01-13T22:09:18.882185 #4264]  INFO -- : bank_type: ["can't be blank"]
desc: ["can't be blank"]
sign: ["can't be blank", "invalid sign"]
transaction_id: ["格式错误,transaction_id为28位长的数值,其中前10位为商户网站编号(SPID)，由财付通统一分配;之后8位为订单产生的日期,如20050415;最后10位商户需要保证一天内不同的事务(用户订购一次商品或购买一次服务),其ID不相同"]
I, [2012-01-13T22:09:18.888273 #4264]  INFO -- : bank_type: ["can't be blank"]
desc: ["can't be blank"]
sign: ["can't be blank", "invalid sign"]
transaction_id: ["格式错误,transaction_id为28位长的数值,其中前10位为商户网站编号(SPID)，由财付通统一分配;之后8位为订单产生的日期,如20050415;最后10位商户需要保证一天内不同的事务(用户订购一次商品或购买一次服务),其ID不相同"]
spbill_create_ip: ["格式错误"]
I, [2012-01-13T22:09:18.894828 #4264]  INFO -- : bank_type: ["can't be blank"]
desc: ["can't be blank"]
sign: ["can't be blank", "invalid sign"]
transaction_id: ["格式错误,transaction_id为28位长的数值,其中前10位为商户网站编号(SPID)，由财付通统一分配;之后8位为订单产生的日期,如20050415;最后10位商户需要保证一天内不同的事务(用户订购一次商品或购买一次服务),其ID不相同"]
spbill_create_ip: ["格式错误"]
I, [2012-01-13T22:09:18.901022 #4264]  INFO -- : bank_type: ["can't be blank"]
desc: ["can't be blank"]
sign: ["can't be blank", "invalid sign"]
transaction_id: ["格式错误,transaction_id为28位长的数值,其中前10位为商户网站编号(SPID)，由财付通统一分配;之后8位为订单产生的日期,如20050415;最后10位商户需要保证一天内不同的事务(用户订购一次商品或购买一次服务),其ID不相同"]
I, [2012-01-13T22:09:18.907709 #4264]  INFO -- : bank_type: ["can't be blank"]
desc: ["can't be blank"]
sign: ["can't be blank", "invalid sign"]
transaction_id: ["格式错误,transaction_id为28位长的数值,其中前10位为商户网站编号(SPID)，由财付通统一分配;之后8位为订单产生的日期,如20050415;最后10位商户需要保证一天内不同的事务(用户订购一次商品或购买一次服务),其ID不相同"]
sp_billno: ["长度错误,应该在28个字符内"]
I, [2012-01-13T22:09:18.913072 #4264]  INFO -- : cmdno: ["can't be blank"]
date: ["can't be blank"]
bank_type: ["can't be blank"]
desc: ["can't be blank"]
bargainor_id: ["can't be blank"]
transaction_id: ["can't be blank"]
sp_billno: ["can't be blank"]
total_fee: ["can't be blank"]
fee_type: ["can't be blank"]
return_url: ["can't be blank"]
attach: ["can't be blank"]
spbill_create_ip: ["can't be blank"]
sign: ["can't be blank", "invalid sign"]
I, [2012-01-13T22:09:18.919434 #4264]  INFO -- : bank_type: ["can't be blank"]
desc: ["can't be blank"]
sign: ["can't be blank", "invalid sign"]
transaction_id: ["格式错误,transaction_id为28位长的数值,其中前10位为商户网站编号(SPID)，由财付通统一分配;之后8位为订单产生的日期,如20050415;最后10位商户需要保证一天内不同的事务(用户订购一次商品或购买一次服务),其ID不相同"]
bargainor_id: ["商户编号不存在"]
I, [2012-01-13T22:09:18.925480 #4264]  INFO -- : bank_type: ["can't be blank"]
desc: ["can't be blank"]
sign: ["can't be blank", "invalid sign"]
transaction_id: ["格式错误,transaction_id为28位长的数值,其中前10位为商户网站编号(SPID)，由财付通统一分配;之后8位为订单产生的日期,如20050415;最后10位商户需要保证一天内不同的事务(用户订购一次商品或购买一次服务),其ID不相同"]
I, [2012-01-13T22:09:18.931248 #4264]  INFO -- : cmdno: ["can't be blank"]
date: ["can't be blank"]
bank_type: ["can't be blank"]
desc: ["can't be blank"]
bargainor_id: ["can't be blank"]
transaction_id: ["can't be blank"]
sp_billno: ["can't be blank"]
total_fee: ["can't be blank"]
fee_type: ["can't be blank"]
return_url: ["can't be blank"]
attach: ["can't be blank"]
spbill_create_ip: ["can't be blank"]
sign: ["can't be blank", "invalid sign"]
I, [2012-01-13T22:09:18.955680 #4264]  INFO -- : bank_type: ["can't be blank"]
desc: ["can't be blank"]
transaction_id: ["格式错误,transaction_id为28位长的数值,其中前10位为商户网站编号(SPID)，由财付通统一分配;之后8位为订单产生的日期,如20050415;最后10位商户需要保证一天内不同的事务(用户订购一次商品或购买一次服务),其ID不相同"]
sign: ["sign签名必须大写", "invalid sign"]
I, [2012-01-13T22:09:18.961691 #4264]  INFO -- : bank_type: ["can't be blank"]
desc: ["can't be blank"]
transaction_id: ["格式错误,transaction_id为28位长的数值,其中前10位为商户网站编号(SPID)，由财付通统一分配;之后8位为订单产生的日期,如20050415;最后10位商户需要保证一天内不同的事务(用户订购一次商品或购买一次服务),其ID不相同"]
sign: ["invalid sign"]
I, [2012-01-13T22:09:18.968378 #4264]  INFO -- : bank_type: ["can't be blank"]
desc: ["can't be blank"]
transaction_id: ["格式错误,transaction_id为28位长的数值,其中前10位为商户网站编号(SPID)，由财付通统一分配;之后8位为订单产生的日期,如20050415;最后10位商户需要保证一天内不同的事务(用户订购一次商品或购买一次服务),其ID不相同"]
sign: ["invalid sign"]
I, [2012-01-13T22:13:08.662882 #8345]  INFO -- : bank_type: ["can't be blank"]
desc: ["can't be blank"]
sign: ["can't be blank", "invalid sign"]
transaction_id: ["格式错误,transaction_id为28位长的数值,其中前10位为商户网站编号(SPID)，由财付通统一分配;之后8位为订单产生的日期,如20050415;最后10位商户需要保证一天内不同的事务(用户订购一次商品或购买一次服务),其ID不相同"]
I, [2012-01-13T22:13:08.674441 #8345]  INFO -- : bank_type: ["can't be blank"]
desc: ["can't be blank"]
sign: ["can't be blank", "invalid sign"]
transaction_id: ["格式错误,transaction_id为28位长的数值,其中前10位为商户网站编号(SPID)，由财付通统一分配;之后8位为订单产生的日期,如20050415;最后10位商户需要保证一天内不同的事务(用户订购一次商品或购买一次服务),其ID不相同"]
I, [2012-01-13T22:13:08.701303 #8345]  INFO -- : bank_type: ["can't be blank"]
desc: ["can't be blank"]
sign: ["can't be blank", "invalid sign"]
transaction_id: ["格式错误,transaction_id为28位长的数值,其中前10位为商户网站编号(SPID)，由财付通统一分配;之后8位为订单产生的日期,如20050415;最后10位商户需要保证一天内不同的事务(用户订购一次商品或购买一次服务),其ID不相同"]
I, [2012-01-13T22:13:08.707345 #8345]  INFO -- : cmdno: ["can't be blank"]
date: ["can't be blank"]
bank_type: ["can't be blank"]
desc: ["can't be blank"]
bargainor_id: ["can't be blank"]
transaction_id: ["can't be blank"]
sp_billno: ["can't be blank"]
total_fee: ["can't be blank"]
fee_type: ["can't be blank"]
return_url: ["can't be blank"]
attach: ["can't be blank"]
spbill_create_ip: ["can't be blank"]
sign: ["can't be blank", "invalid sign"]
I, [2012-01-13T22:13:08.713987 #8345]  INFO -- : bank_type: ["can't be blank"]
desc: ["can't be blank"]
sign: ["can't be blank", "invalid sign"]
I, [2012-01-13T22:13:08.720241 #8345]  INFO -- : bank_type: ["can't be blank"]
desc: ["can't be blank"]
sign: ["can't be blank", "invalid sign"]
transaction_id: ["格式错误,transaction_id为28位长的数值,其中前10位为商户网站编号(SPID)，由财付通统一分配;之后8位为订单产生的日期,如20050415;最后10位商户需要保证一天内不同的事务(用户订购一次商品或购买一次服务),其ID不相同"]
total_fee: ["格式错误,只能为数字,以分为单位,不允许包含任何字符"]
I, [2012-01-13T22:13:08.726376 #8345]  INFO -- : bank_type: ["can't be blank"]
desc: ["can't be blank"]
sign: ["can't be blank", "invalid sign"]
transaction_id: ["格式错误,transaction_id为28位长的数值,其中前10位为商户网站编号(SPID)，由财付通统一分配;之后8位为订单产生的日期,如20050415;最后10位商户需要保证一天内不同的事务(用户订购一次商品或购买一次服务),其ID不相同"]
total_fee: ["格式错误,只能为数字,以分为单位,不允许包含任何字符"]
I, [2012-01-13T22:13:08.733061 #8345]  INFO -- : bank_type: ["can't be blank"]
desc: ["can't be blank"]
sign: ["can't be blank", "invalid sign"]
transaction_id: ["格式错误,transaction_id为28位长的数值,其中前10位为商户网站编号(SPID)，由财付通统一分配;之后8位为订单产生的日期,如20050415;最后10位商户需要保证一天内不同的事务(用户订购一次商品或购买一次服务),其ID不相同"]
I, [2012-01-13T22:13:08.739325 #8345]  INFO -- : bank_type: ["can't be blank"]
desc: ["can't be blank"]
sign: ["can't be blank", "invalid sign"]
transaction_id: ["格式错误,transaction_id为28位长的数值,其中前10位为商户网站编号(SPID)，由财付通统一分配;之后8位为订单产生的日期,如20050415;最后10位商户需要保证一天内不同的事务(用户订购一次商品或购买一次服务),其ID不相同"]
fee_type: ["目前只支持人民币,请填1"]
I, [2012-01-13T22:13:08.745819 #8345]  INFO -- : bank_type: ["can't be blank"]
desc: ["can't be blank"]
sign: ["can't be blank", "invalid sign"]
transaction_id: ["格式错误,transaction_id为28位长的数值,其中前10位为商户网站编号(SPID)，由财付通统一分配;之后8位为订单产生的日期,如20050415;最后10位商户需要保证一天内不同的事务(用户订购一次商品或购买一次服务),其ID不相同"]
I, [2012-01-13T22:13:08.752318 #8345]  INFO -- : bank_type: ["can't be blank"]
desc: ["can't be blank"]
sign: ["can't be blank", "invalid sign"]
transaction_id: ["格式错误,transaction_id为28位长的数值,其中前10位为商户网站编号(SPID)，由财付通统一分配;之后8位为订单产生的日期,如20050415;最后10位商户需要保证一天内不同的事务(用户订购一次商品或购买一次服务),其ID不相同"]
spbill_create_ip: ["格式错误"]
I, [2012-01-13T22:13:08.758317 #8345]  INFO -- : bank_type: ["can't be blank"]
desc: ["can't be blank"]
sign: ["can't be blank", "invalid sign"]
transaction_id: ["格式错误,transaction_id为28位长的数值,其中前10位为商户网站编号(SPID)，由财付通统一分配;之后8位为订单产生的日期,如20050415;最后10位商户需要保证一天内不同的事务(用户订购一次商品或购买一次服务),其ID不相同"]
spbill_create_ip: ["格式错误"]
I, [2012-01-13T22:13:08.764460 #8345]  INFO -- : bank_type: ["can't be blank"]
desc: ["can't be blank"]
sign: ["can't be blank", "invalid sign"]
transaction_id: ["格式错误,transaction_id为28位长的数值,其中前10位为商户网站编号(SPID)，由财付通统一分配;之后8位为订单产生的日期,如20050415;最后10位商户需要保证一天内不同的事务(用户订购一次商品或购买一次服务),其ID不相同"]
I, [2012-01-13T22:13:08.771314 #8345]  INFO -- : bank_type: ["can't be blank"]
desc: ["can't be blank"]
sign: ["can't be blank", "invalid sign"]
transaction_id: ["格式错误,transaction_id为28位长的数值,其中前10位为商户网站编号(SPID)，由财付通统一分配;之后8位为订单产生的日期,如20050415;最后10位商户需要保证一天内不同的事务(用户订购一次商品或购买一次服务),其ID不相同"]
sp_billno: ["长度错误,应该在28个字符内"]
I, [2012-01-13T22:13:08.776850 #8345]  INFO -- : cmdno: ["can't be blank"]
date: ["can't be blank"]
bank_type: ["can't be blank"]
desc: ["can't be blank"]
bargainor_id: ["can't be blank"]
transaction_id: ["can't be blank"]
sp_billno: ["can't be blank"]
total_fee: ["can't be blank"]
fee_type: ["can't be blank"]
return_url: ["can't be blank"]
attach: ["can't be blank"]
spbill_create_ip: ["can't be blank"]
sign: ["can't be blank", "invalid sign"]
I, [2012-01-13T22:13:08.783363 #8345]  INFO -- : bank_type: ["can't be blank"]
desc: ["can't be blank"]
sign: ["can't be blank", "invalid sign"]
transaction_id: ["格式错误,transaction_id为28位长的数值,其中前10位为商户网站编号(SPID)，由财付通统一分配;之后8位为订单产生的日期,如20050415;最后10位商户需要保证一天内不同的事务(用户订购一次商品或购买一次服务),其ID不相同"]
bargainor_id: ["商户编号不存在"]
I, [2012-01-13T22:13:08.789974 #8345]  INFO -- : bank_type: ["can't be blank"]
desc: ["can't be blank"]
sign: ["can't be blank", "invalid sign"]
transaction_id: ["格式错误,transaction_id为28位长的数值,其中前10位为商户网站编号(SPID)，由财付通统一分配;之后8位为订单产生的日期,如20050415;最后10位商户需要保证一天内不同的事务(用户订购一次商品或购买一次服务),其ID不相同"]
I, [2012-01-13T22:13:08.795913 #8345]  INFO -- : cmdno: ["can't be blank"]
date: ["can't be blank"]
bank_type: ["can't be blank"]
desc: ["can't be blank"]
bargainor_id: ["can't be blank"]
transaction_id: ["can't be blank"]
sp_billno: ["can't be blank"]
total_fee: ["can't be blank"]
fee_type: ["can't be blank"]
return_url: ["can't be blank"]
attach: ["can't be blank"]
spbill_create_ip: ["can't be blank"]
sign: ["can't be blank", "invalid sign"]
I, [2012-01-13T22:13:08.820547 #8345]  INFO -- : bank_type: ["can't be blank"]
desc: ["can't be blank"]
transaction_id: ["格式错误,transaction_id为28位长的数值,其中前10位为商户网站编号(SPID)，由财付通统一分配;之后8位为订单产生的日期,如20050415;最后10位商户需要保证一天内不同的事务(用户订购一次商品或购买一次服务),其ID不相同"]
sign: ["sign签名必须大写", "invalid sign"]
I, [2012-01-13T22:13:08.826658 #8345]  INFO -- : bank_type: ["can't be blank"]
desc: ["can't be blank"]
transaction_id: ["格式错误,transaction_id为28位长的数值,其中前10位为商户网站编号(SPID)，由财付通统一分配;之后8位为订单产生的日期,如20050415;最后10位商户需要保证一天内不同的事务(用户订购一次商品或购买一次服务),其ID不相同"]
sign: ["invalid sign"]
I, [2012-01-13T22:13:08.833075 #8345]  INFO -- : bank_type: ["can't be blank"]
desc: ["can't be blank"]
transaction_id: ["格式错误,transaction_id为28位长的数值,其中前10位为商户网站编号(SPID)，由财付通统一分配;之后8位为订单产生的日期,如20050415;最后10位商户需要保证一天内不同的事务(用户订购一次商品或购买一次服务),其ID不相同"]
sign: ["invalid sign"]
I, [2012-01-13T22:13:31.297463 #8757]  INFO -- : bank_type: ["can't be blank"]
desc: ["can't be blank"]
sign: ["can't be blank", "invalid sign"]
transaction_id: ["格式错误,transaction_id为28位长的数值,其中前10位为商户网站编号(SPID)，由财付通统一分配;之后8位为订单产生的日期,如20050415;最后10位商户需要保证一天内不同的事务(用户订购一次商品或购买一次服务),其ID不相同"]
I, [2012-01-13T22:13:31.308211 #8757]  INFO -- : bank_type: ["can't be blank"]
desc: ["can't be blank"]
sign: ["can't be blank", "invalid sign"]
transaction_id: ["格式错误,transaction_id为28位长的数值,其中前10位为商户网站编号(SPID)，由财付通统一分配;之后8位为订单产生的日期,如20050415;最后10位商户需要保证一天内不同的事务(用户订购一次商品或购买一次服务),其ID不相同"]
I, [2012-01-13T22:13:31.339593 #8757]  INFO -- : bank_type: ["can't be blank"]
desc: ["can't be blank"]
sign: ["can't be blank", "invalid sign"]
transaction_id: ["格式错误,transaction_id为28位长的数值,其中前10位为商户网站编号(SPID)，由财付通统一分配;之后8位为订单产生的日期,如20050415;最后10位商户需要保证一天内不同的事务(用户订购一次商品或购买一次服务),其ID不相同"]
I, [2012-01-13T22:13:31.345070 #8757]  INFO -- : cmdno: ["can't be blank"]
date: ["can't be blank"]
bank_type: ["can't be blank"]
desc: ["can't be blank"]
bargainor_id: ["can't be blank"]
transaction_id: ["can't be blank"]
sp_billno: ["can't be blank"]
total_fee: ["can't be blank"]
fee_type: ["can't be blank"]
return_url: ["can't be blank"]
attach: ["can't be blank"]
spbill_create_ip: ["can't be blank"]
sign: ["can't be blank", "invalid sign"]
I, [2012-01-13T22:13:31.351477 #8757]  INFO -- : bank_type: ["can't be blank"]
desc: ["can't be blank"]
sign: ["can't be blank", "invalid sign"]
I, [2012-01-13T22:13:31.358368 #8757]  INFO -- : bank_type: ["can't be blank"]
desc: ["can't be blank"]
sign: ["can't be blank", "invalid sign"]
transaction_id: ["格式错误,transaction_id为28位长的数值,其中前10位为商户网站编号(SPID)，由财付通统一分配;之后8位为订单产生的日期,如20050415;最后10位商户需要保证一天内不同的事务(用户订购一次商品或购买一次服务),其ID不相同"]
total_fee: ["格式错误,只能为数字,以分为单位,不允许包含任何字符"]
I, [2012-01-13T22:13:31.364510 #8757]  INFO -- : bank_type: ["can't be blank"]
desc: ["can't be blank"]
sign: ["can't be blank", "invalid sign"]
transaction_id: ["格式错误,transaction_id为28位长的数值,其中前10位为商户网站编号(SPID)，由财付通统一分配;之后8位为订单产生的日期,如20050415;最后10位商户需要保证一天内不同的事务(用户订购一次商品或购买一次服务),其ID不相同"]
total_fee: ["格式错误,只能为数字,以分为单位,不允许包含任何字符"]
I, [2012-01-13T22:13:31.370995 #8757]  INFO -- : bank_type: ["can't be blank"]
desc: ["can't be blank"]
sign: ["can't be blank", "invalid sign"]
transaction_id: ["格式错误,transaction_id为28位长的数值,其中前10位为商户网站编号(SPID)，由财付通统一分配;之后8位为订单产生的日期,如20050415;最后10位商户需要保证一天内不同的事务(用户订购一次商品或购买一次服务),其ID不相同"]
I, [2012-01-13T22:13:31.377762 #8757]  INFO -- : bank_type: ["can't be blank"]
desc: ["can't be blank"]
sign: ["can't be blank", "invalid sign"]
transaction_id: ["格式错误,transaction_id为28位长的数值,其中前10位为商户网站编号(SPID)，由财付通统一分配;之后8位为订单产生的日期,如20050415;最后10位商户需要保证一天内不同的事务(用户订购一次商品或购买一次服务),其ID不相同"]
fee_type: ["目前只支持人民币,请填1"]
I, [2012-01-13T22:13:31.384076 #8757]  INFO -- : bank_type: ["can't be blank"]
desc: ["can't be blank"]
sign: ["can't be blank", "invalid sign"]
transaction_id: ["格式错误,transaction_id为28位长的数值,其中前10位为商户网站编号(SPID)，由财付通统一分配;之后8位为订单产生的日期,如20050415;最后10位商户需要保证一天内不同的事务(用户订购一次商品或购买一次服务),其ID不相同"]
I, [2012-01-13T22:13:31.390843 #8757]  INFO -- : bank_type: ["can't be blank"]
desc: ["can't be blank"]
sign: ["can't be blank", "invalid sign"]
transaction_id: ["格式错误,transaction_id为28位长的数值,其中前10位为商户网站编号(SPID)，由财付通统一分配;之后8位为订单产生的日期,如20050415;最后10位商户需要保证一天内不同的事务(用户订购一次商品或购买一次服务),其ID不相同"]
spbill_create_ip: ["格式错误"]
I, [2012-01-13T22:13:31.396962 #8757]  INFO -- : bank_type: ["can't be blank"]
desc: ["can't be blank"]
sign: ["can't be blank", "invalid sign"]
transaction_id: ["格式错误,transaction_id为28位长的数值,其中前10位为商户网站编号(SPID)，由财付通统一分配;之后8位为订单产生的日期,如20050415;最后10位商户需要保证一天内不同的事务(用户订购一次商品或购买一次服务),其ID不相同"]
spbill_create_ip: ["格式错误"]
I, [2012-01-13T22:13:31.403096 #8757]  INFO -- : bank_type: ["can't be blank"]
desc: ["can't be blank"]
sign: ["can't be blank", "invalid sign"]
transaction_id: ["格式错误,transaction_id为28位长的数值,其中前10位为商户网站编号(SPID)，由财付通统一分配;之后8位为订单产生的日期,如20050415;最后10位商户需要保证一天内不同的事务(用户订购一次商品或购买一次服务),其ID不相同"]
I, [2012-01-13T22:13:31.411028 #8757]  INFO -- : bank_type: ["can't be blank"]
desc: ["can't be blank"]
sign: ["can't be blank", "invalid sign"]
transaction_id: ["格式错误,transaction_id为28位长的数值,其中前10位为商户网站编号(SPID)，由财付通统一分配;之后8位为订单产生的日期,如20050415;最后10位商户需要保证一天内不同的事务(用户订购一次商品或购买一次服务),其ID不相同"]
sp_billno: ["长度错误,应该在28个字符内"]
I, [2012-01-13T22:13:31.416503 #8757]  INFO -- : cmdno: ["can't be blank"]
date: ["can't be blank"]
bank_type: ["can't be blank"]
desc: ["can't be blank"]
bargainor_id: ["can't be blank"]
transaction_id: ["can't be blank"]
sp_billno: ["can't be blank"]
total_fee: ["can't be blank"]
fee_type: ["can't be blank"]
return_url: ["can't be blank"]
attach: ["can't be blank"]
spbill_create_ip: ["can't be blank"]
sign: ["can't be blank", "invalid sign"]
I, [2012-01-13T22:13:31.424687 #8757]  INFO -- : bank_type: ["can't be blank"]
desc: ["can't be blank"]
sign: ["can't be blank", "invalid sign"]
transaction_id: ["格式错误,transaction_id为28位长的数值,其中前10位为商户网站编号(SPID)，由财付通统一分配;之后8位为订单产生的日期,如20050415;最后10位商户需要保证一天内不同的事务(用户订购一次商品或购买一次服务),其ID不相同"]
bargainor_id: ["商户编号不存在"]
I, [2012-01-13T22:13:31.431331 #8757]  INFO -- : bank_type: ["can't be blank"]
desc: ["can't be blank"]
sign: ["can't be blank", "invalid sign"]
transaction_id: ["格式错误,transaction_id为28位长的数值,其中前10位为商户网站编号(SPID)，由财付通统一分配;之后8位为订单产生的日期,如20050415;最后10位商户需要保证一天内不同的事务(用户订购一次商品或购买一次服务),其ID不相同"]
I, [2012-01-13T22:13:31.437575 #8757]  INFO -- : cmdno: ["can't be blank"]
date: ["can't be blank"]
bank_type: ["can't be blank"]
desc: ["can't be blank"]
bargainor_id: ["can't be blank"]
transaction_id: ["can't be blank"]
sp_billno: ["can't be blank"]
total_fee: ["can't be blank"]
fee_type: ["can't be blank"]
return_url: ["can't be blank"]
attach: ["can't be blank"]
spbill_create_ip: ["can't be blank"]
sign: ["can't be blank", "invalid sign"]
I, [2012-01-13T22:13:31.461581 #8757]  INFO -- : bank_type: ["can't be blank"]
desc: ["can't be blank"]
transaction_id: ["格式错误,transaction_id为28位长的数值,其中前10位为商户网站编号(SPID)，由财付通统一分配;之后8位为订单产生的日期,如20050415;最后10位商户需要保证一天内不同的事务(用户订购一次商品或购买一次服务),其ID不相同"]
sign: ["sign签名必须大写", "invalid sign"]
I, [2012-01-13T22:13:31.467824 #8757]  INFO -- : bank_type: ["can't be blank"]
desc: ["can't be blank"]
transaction_id: ["格式错误,transaction_id为28位长的数值,其中前10位为商户网站编号(SPID)，由财付通统一分配;之后8位为订单产生的日期,如20050415;最后10位商户需要保证一天内不同的事务(用户订购一次商品或购买一次服务),其ID不相同"]
sign: ["invalid sign"]
I, [2012-01-13T22:13:31.474238 #8757]  INFO -- : bank_type: ["can't be blank"]
desc: ["can't be blank"]
transaction_id: ["格式错误,transaction_id为28位长的数值,其中前10位为商户网站编号(SPID)，由财付通统一分配;之后8位为订单产生的日期,如20050415;最后10位商户需要保证一天内不同的事务(用户订购一次商品或购买一次服务),其ID不相同"]
sign: ["invalid sign"]
I, [2012-01-13T22:13:50.008956 #9099]  INFO -- : bank_type: ["can't be blank"]
desc: ["can't be blank"]
sign: ["can't be blank", "invalid sign"]
transaction_id: ["格式错误,transaction_id为28位长的数值,其中前10位为商户网站编号(SPID)，由财付通统一分配;之后8位为订单产生的日期,如20050415;最后10位商户需要保证一天内不同的事务(用户订购一次商品或购买一次服务),其ID不相同"]
I, [2012-01-13T22:13:50.022158 #9099]  INFO -- : bank_type: ["can't be blank"]
desc: ["can't be blank"]
sign: ["can't be blank", "invalid sign"]
transaction_id: ["格式错误,transaction_id为28位长的数值,其中前10位为商户网站编号(SPID)，由财付通统一分配;之后8位为订单产生的日期,如20050415;最后10位商户需要保证一天内不同的事务(用户订购一次商品或购买一次服务),其ID不相同"]
I, [2012-01-13T22:13:50.056465 #9099]  INFO -- : bank_type: ["can't be blank"]
desc: ["can't be blank"]
sign: ["can't be blank", "invalid sign"]
transaction_id: ["格式错误,transaction_id为28位长的数值,其中前10位为商户网站编号(SPID)，由财付通统一分配;之后8位为订单产生的日期,如20050415;最后10位商户需要保证一天内不同的事务(用户订购一次商品或购买一次服务),其ID不相同"]
I, [2012-01-13T22:13:50.063232 #9099]  INFO -- : cmdno: ["can't be blank"]
date: ["can't be blank"]
bank_type: ["can't be blank"]
desc: ["can't be blank"]
bargainor_id: ["can't be blank"]
transaction_id: ["can't be blank"]
sp_billno: ["can't be blank"]
total_fee: ["can't be blank"]
fee_type: ["can't be blank"]
return_url: ["can't be blank"]
attach: ["can't be blank"]
spbill_create_ip: ["can't be blank"]
sign: ["can't be blank", "invalid sign"]
I, [2012-01-13T22:13:50.071465 #9099]  INFO -- : bank_type: ["can't be blank"]
desc: ["can't be blank"]
sign: ["can't be blank", "invalid sign"]
transaction_id: ["格式错误,transaction_id为28位长的数值,其中前10位为商户网站编号(SPID)，由财付通统一分配;之后8位为订单产生的日期,如20050415;最后10位商户需要保证一天内不同的事务(用户订购一次商品或购买一次服务),其ID不相同"]
sp_billno: ["长度错误,应该在28个字符内"]
I, [2012-01-13T22:13:50.076886 #9099]  INFO -- : cmdno: ["can't be blank"]
date: ["can't be blank"]
bank_type: ["can't be blank"]
desc: ["can't be blank"]
bargainor_id: ["can't be blank"]
transaction_id: ["can't be blank"]
sp_billno: ["can't be blank"]
total_fee: ["can't be blank"]
fee_type: ["can't be blank"]
return_url: ["can't be blank"]
attach: ["can't be blank"]
spbill_create_ip: ["can't be blank"]
sign: ["can't be blank", "invalid sign"]
I, [2012-01-13T22:13:50.083952 #9099]  INFO -- : bank_type: ["can't be blank"]
desc: ["can't be blank"]
sign: ["can't be blank", "invalid sign"]
transaction_id: ["格式错误,transaction_id为28位长的数值,其中前10位为商户网站编号(SPID)，由财付通统一分配;之后8位为订单产生的日期,如20050415;最后10位商户需要保证一天内不同的事务(用户订购一次商品或购买一次服务),其ID不相同"]
bargainor_id: ["商户编号不存在"]
I, [2012-01-13T22:13:50.090052 #9099]  INFO -- : bank_type: ["can't be blank"]
desc: ["can't be blank"]
sign: ["can't be blank", "invalid sign"]
transaction_id: ["格式错误,transaction_id为28位长的数值,其中前10位为商户网站编号(SPID)，由财付通统一分配;之后8位为订单产生的日期,如20050415;最后10位商户需要保证一天内不同的事务(用户订购一次商品或购买一次服务),其ID不相同"]
I, [2012-01-13T22:13:50.095923 #9099]  INFO -- : cmdno: ["can't be blank"]
date: ["can't be blank"]
bank_type: ["can't be blank"]
desc: ["can't be blank"]
bargainor_id: ["can't be blank"]
transaction_id: ["can't be blank"]
sp_billno: ["can't be blank"]
total_fee: ["can't be blank"]
fee_type: ["can't be blank"]
return_url: ["can't be blank"]
attach: ["can't be blank"]
spbill_create_ip: ["can't be blank"]
sign: ["can't be blank", "invalid sign"]
I, [2012-01-13T22:13:50.102503 #9099]  INFO -- : bank_type: ["can't be blank"]
desc: ["can't be blank"]
transaction_id: ["格式错误,transaction_id为28位长的数值,其中前10位为商户网站编号(SPID)，由财付通统一分配;之后8位为订单产生的日期,如20050415;最后10位商户需要保证一天内不同的事务(用户订购一次商品或购买一次服务),其ID不相同"]
sign: ["sign签名必须大写", "invalid sign"]
I, [2012-01-13T22:13:50.108549 #9099]  INFO -- : bank_type: ["can't be blank"]
desc: ["can't be blank"]
transaction_id: ["格式错误,transaction_id为28位长的数值,其中前10位为商户网站编号(SPID)，由财付通统一分配;之后8位为订单产生的日期,如20050415;最后10位商户需要保证一天内不同的事务(用户订购一次商品或购买一次服务),其ID不相同"]
sign: ["invalid sign"]
I, [2012-01-13T22:13:50.115454 #9099]  INFO -- : bank_type: ["can't be blank"]
desc: ["can't be blank"]
transaction_id: ["格式错误,transaction_id为28位长的数值,其中前10位为商户网站编号(SPID)，由财付通统一分配;之后8位为订单产生的日期,如20050415;最后10位商户需要保证一天内不同的事务(用户订购一次商品或购买一次服务),其ID不相同"]
sign: ["invalid sign"]
I, [2012-01-13T22:14:16.349874 #9564]  INFO -- : bank_type: ["can't be blank"]
desc: ["can't be blank"]
sign: ["can't be blank", "invalid sign"]
transaction_id: ["格式错误,transaction_id为28位长的数值,其中前10位为商户网站编号(SPID)，由财付通统一分配;之后8位为订单产生的日期,如20050415;最后10位商户需要保证一天内不同的事务(用户订购一次商品或购买一次服务),其ID不相同"]
I, [2012-01-13T22:14:16.360933 #9564]  INFO -- : bank_type: ["can't be blank"]
desc: ["can't be blank"]
sign: ["can't be blank", "invalid sign"]
transaction_id: ["格式错误,transaction_id为28位长的数值,其中前10位为商户网站编号(SPID)，由财付通统一分配;之后8位为订单产生的日期,如20050415;最后10位商户需要保证一天内不同的事务(用户订购一次商品或购买一次服务),其ID不相同"]
I, [2012-01-13T22:14:16.389807 #9564]  INFO -- : bank_type: ["can't be blank"]
desc: ["can't be blank"]
sign: ["can't be blank", "invalid sign"]
transaction_id: ["格式错误,transaction_id为28位长的数值,其中前10位为商户网站编号(SPID)，由财付通统一分配;之后8位为订单产生的日期,如20050415;最后10位商户需要保证一天内不同的事务(用户订购一次商品或购买一次服务),其ID不相同"]
I, [2012-01-13T22:14:16.395493 #9564]  INFO -- : cmdno: ["can't be blank"]
date: ["can't be blank"]
bank_type: ["can't be blank"]
desc: ["can't be blank"]
bargainor_id: ["can't be blank"]
transaction_id: ["can't be blank"]
sp_billno: ["can't be blank"]
total_fee: ["can't be blank"]
fee_type: ["can't be blank"]
return_url: ["can't be blank"]
attach: ["can't be blank"]
spbill_create_ip: ["can't be blank"]
sign: ["can't be blank", "invalid sign"]
I, [2012-01-13T22:14:16.402487 #9564]  INFO -- : bank_type: ["can't be blank"]
desc: ["can't be blank"]
sign: ["can't be blank", "invalid sign"]
I, [2012-01-13T22:14:16.408633 #9564]  INFO -- : bank_type: ["can't be blank"]
desc: ["can't be blank"]
sign: ["can't be blank", "invalid sign"]
transaction_id: ["格式错误,transaction_id为28位长的数值,其中前10位为商户网站编号(SPID)，由财付通统一分配;之后8位为订单产生的日期,如20050415;最后10位商户需要保证一天内不同的事务(用户订购一次商品或购买一次服务),其ID不相同"]
total_fee: ["格式错误,只能为数字,以分为单位,不允许包含任何字符"]
I, [2012-01-13T22:14:16.415087 #9564]  INFO -- : bank_type: ["can't be blank"]
desc: ["can't be blank"]
sign: ["can't be blank", "invalid sign"]
transaction_id: ["格式错误,transaction_id为28位长的数值,其中前10位为商户网站编号(SPID)，由财付通统一分配;之后8位为订单产生的日期,如20050415;最后10位商户需要保证一天内不同的事务(用户订购一次商品或购买一次服务),其ID不相同"]
total_fee: ["格式错误,只能为数字,以分为单位,不允许包含任何字符"]
I, [2012-01-13T22:14:16.421858 #9564]  INFO -- : bank_type: ["can't be blank"]
desc: ["can't be blank"]
sign: ["can't be blank", "invalid sign"]
transaction_id: ["格式错误,transaction_id为28位长的数值,其中前10位为商户网站编号(SPID)，由财付通统一分配;之后8位为订单产生的日期,如20050415;最后10位商户需要保证一天内不同的事务(用户订购一次商品或购买一次服务),其ID不相同"]
I, [2012-01-13T22:14:16.428036 #9564]  INFO -- : bank_type: ["can't be blank"]
desc: ["can't be blank"]
sign: ["can't be blank", "invalid sign"]
transaction_id: ["格式错误,transaction_id为28位长的数值,其中前10位为商户网站编号(SPID)，由财付通统一分配;之后8位为订单产生的日期,如20050415;最后10位商户需要保证一天内不同的事务(用户订购一次商品或购买一次服务),其ID不相同"]
fee_type: ["目前只支持人民币,请填1"]
I, [2012-01-13T22:14:16.433991 #9564]  INFO -- : bank_type: ["can't be blank"]
desc: ["can't be blank"]
sign: ["can't be blank", "invalid sign"]
transaction_id: ["格式错误,transaction_id为28位长的数值,其中前10位为商户网站编号(SPID)，由财付通统一分配;之后8位为订单产生的日期,如20050415;最后10位商户需要保证一天内不同的事务(用户订购一次商品或购买一次服务),其ID不相同"]
I, [2012-01-13T22:14:16.440271 #9564]  INFO -- : bank_type: ["can't be blank"]
desc: ["can't be blank"]
sign: ["can't be blank", "invalid sign"]
transaction_id: ["格式错误,transaction_id为28位长的数值,其中前10位为商户网站编号(SPID)，由财付通统一分配;之后8位为订单产生的日期,如20050415;最后10位商户需要保证一天内不同的事务(用户订购一次商品或购买一次服务),其ID不相同"]
spbill_create_ip: ["格式错误"]
I, [2012-01-13T22:14:16.446398 #9564]  INFO -- : bank_type: ["can't be blank"]
desc: ["can't be blank"]
sign: ["can't be blank", "invalid sign"]
transaction_id: ["格式错误,transaction_id为28位长的数值,其中前10位为商户网站编号(SPID)，由财付通统一分配;之后8位为订单产生的日期,如20050415;最后10位商户需要保证一天内不同的事务(用户订购一次商品或购买一次服务),其ID不相同"]
spbill_create_ip: ["格式错误"]
I, [2012-01-13T22:14:16.452478 #9564]  INFO -- : bank_type: ["can't be blank"]
desc: ["can't be blank"]
sign: ["can't be blank", "invalid sign"]
transaction_id: ["格式错误,transaction_id为28位长的数值,其中前10位为商户网站编号(SPID)，由财付通统一分配;之后8位为订单产生的日期,如20050415;最后10位商户需要保证一天内不同的事务(用户订购一次商品或购买一次服务),其ID不相同"]
I, [2012-01-13T22:14:16.460135 #9564]  INFO -- : bank_type: ["can't be blank"]
desc: ["can't be blank"]
sign: ["can't be blank", "invalid sign"]
transaction_id: ["格式错误,transaction_id为28位长的数值,其中前10位为商户网站编号(SPID)，由财付通统一分配;之后8位为订单产生的日期,如20050415;最后10位商户需要保证一天内不同的事务(用户订购一次商品或购买一次服务),其ID不相同"]
sp_billno: ["长度错误,应该在28个字符内"]
I, [2012-01-13T22:14:16.465667 #9564]  INFO -- : cmdno: ["can't be blank"]
date: ["can't be blank"]
bank_type: ["can't be blank"]
desc: ["can't be blank"]
bargainor_id: ["can't be blank"]
transaction_id: ["can't be blank"]
sp_billno: ["can't be blank"]
total_fee: ["can't be blank"]
fee_type: ["can't be blank"]
return_url: ["can't be blank"]
attach: ["can't be blank"]
spbill_create_ip: ["can't be blank"]
sign: ["can't be blank", "invalid sign"]
I, [2012-01-13T22:14:16.472178 #9564]  INFO -- : bank_type: ["can't be blank"]
desc: ["can't be blank"]
sign: ["can't be blank", "invalid sign"]
transaction_id: ["格式错误,transaction_id为28位长的数值,其中前10位为商户网站编号(SPID)，由财付通统一分配;之后8位为订单产生的日期,如20050415;最后10位商户需要保证一天内不同的事务(用户订购一次商品或购买一次服务),其ID不相同"]
bargainor_id: ["商户编号不存在"]
I, [2012-01-13T22:14:16.478258 #9564]  INFO -- : bank_type: ["can't be blank"]
desc: ["can't be blank"]
sign: ["can't be blank", "invalid sign"]
transaction_id: ["格式错误,transaction_id为28位长的数值,其中前10位为商户网站编号(SPID)，由财付通统一分配;之后8位为订单产生的日期,如20050415;最后10位商户需要保证一天内不同的事务(用户订购一次商品或购买一次服务),其ID不相同"]
I, [2012-01-13T22:14:16.484371 #9564]  INFO -- : cmdno: ["can't be blank"]
date: ["can't be blank"]
bank_type: ["can't be blank"]
desc: ["can't be blank"]
bargainor_id: ["can't be blank"]
transaction_id: ["can't be blank"]
sp_billno: ["can't be blank"]
total_fee: ["can't be blank"]
fee_type: ["can't be blank"]
return_url: ["can't be blank"]
attach: ["can't be blank"]
spbill_create_ip: ["can't be blank"]
sign: ["can't be blank", "invalid sign"]
I, [2012-01-13T22:14:16.510804 #9564]  INFO -- : bank_type: ["can't be blank"]
desc: ["can't be blank"]
transaction_id: ["格式错误,transaction_id为28位长的数值,其中前10位为商户网站编号(SPID)，由财付通统一分配;之后8位为订单产生的日期,如20050415;最后10位商户需要保证一天内不同的事务(用户订购一次商品或购买一次服务),其ID不相同"]
sign: ["sign签名必须大写", "invalid sign"]
I, [2012-01-13T22:14:16.517237 #9564]  INFO -- : bank_type: ["can't be blank"]
desc: ["can't be blank"]
transaction_id: ["格式错误,transaction_id为28位长的数值,其中前10位为商户网站编号(SPID)，由财付通统一分配;之后8位为订单产生的日期,如20050415;最后10位商户需要保证一天内不同的事务(用户订购一次商品或购买一次服务),其ID不相同"]
sign: ["invalid sign"]
I, [2012-01-13T22:14:16.524185 #9564]  INFO -- : bank_type: ["can't be blank"]
desc: ["can't be blank"]
transaction_id: ["格式错误,transaction_id为28位长的数值,其中前10位为商户网站编号(SPID)，由财付通统一分配;之后8位为订单产生的日期,如20050415;最后10位商户需要保证一天内不同的事务(用户订购一次商品或购买一次服务),其ID不相同"]
sign: ["invalid sign"]
I, [2012-01-13T22:14:28.235329 #9781]  INFO -- : bank_type: ["can't be blank"]
desc: ["can't be blank"]
sign: ["can't be blank", "invalid sign"]
transaction_id: ["格式错误,transaction_id为28位长的数值,其中前10位为商户网站编号(SPID)，由财付通统一分配;之后8位为订单产生的日期,如20050415;最后10位商户需要保证一天内不同的事务(用户订购一次商品或购买一次服务),其ID不相同"]
I, [2012-01-13T22:14:28.245883 #9781]  INFO -- : bank_type: ["can't be blank"]
desc: ["can't be blank"]
sign: ["can't be blank", "invalid sign"]
transaction_id: ["格式错误,transaction_id为28位长的数值,其中前10位为商户网站编号(SPID)，由财付通统一分配;之后8位为订单产生的日期,如20050415;最后10位商户需要保证一天内不同的事务(用户订购一次商品或购买一次服务),其ID不相同"]
I, [2012-01-13T22:14:28.275493 #9781]  INFO -- : bank_type: ["can't be blank"]
desc: ["can't be blank"]
sign: ["can't be blank", "invalid sign"]
transaction_id: ["格式错误,transaction_id为28位长的数值,其中前10位为商户网站编号(SPID)，由财付通统一分配;之后8位为订单产生的日期,如20050415;最后10位商户需要保证一天内不同的事务(用户订购一次商品或购买一次服务),其ID不相同"]
I, [2012-01-13T22:14:28.281457 #9781]  INFO -- : cmdno: ["can't be blank"]
date: ["can't be blank"]
bank_type: ["can't be blank"]
desc: ["can't be blank"]
bargainor_id: ["can't be blank"]
transaction_id: ["can't be blank"]
sp_billno: ["can't be blank"]
total_fee: ["can't be blank"]
fee_type: ["can't be blank"]
return_url: ["can't be blank"]
attach: ["can't be blank"]
spbill_create_ip: ["can't be blank"]
sign: ["can't be blank", "invalid sign"]
I, [2012-01-13T22:14:28.287590 #9781]  INFO -- : bank_type: ["can't be blank"]
desc: ["can't be blank"]
sign: ["can't be blank", "invalid sign"]
I, [2012-01-13T22:14:28.293469 #9781]  INFO -- : bank_type: ["can't be blank"]
desc: ["can't be blank"]
sign: ["can't be blank", "invalid sign"]
transaction_id: ["格式错误,transaction_id为28位长的数值,其中前10位为商户网站编号(SPID)，由财付通统一分配;之后8位为订单产生的日期,如20050415;最后10位商户需要保证一天内不同的事务(用户订购一次商品或购买一次服务),其ID不相同"]
total_fee: ["格式错误,只能为数字,以分为单位,不允许包含任何字符"]
I, [2012-01-13T22:14:28.300235 #9781]  INFO -- : bank_type: ["can't be blank"]
desc: ["can't be blank"]
sign: ["can't be blank", "invalid sign"]
transaction_id: ["格式错误,transaction_id为28位长的数值,其中前10位为商户网站编号(SPID)，由财付通统一分配;之后8位为订单产生的日期,如20050415;最后10位商户需要保证一天内不同的事务(用户订购一次商品或购买一次服务),其ID不相同"]
total_fee: ["格式错误,只能为数字,以分为单位,不允许包含任何字符"]
I, [2012-01-13T22:14:28.306469 #9781]  INFO -- : bank_type: ["can't be blank"]
desc: ["can't be blank"]
sign: ["can't be blank", "invalid sign"]
transaction_id: ["格式错误,transaction_id为28位长的数值,其中前10位为商户网站编号(SPID)，由财付通统一分配;之后8位为订单产生的日期,如20050415;最后10位商户需要保证一天内不同的事务(用户订购一次商品或购买一次服务),其ID不相同"]
I, [2012-01-13T22:14:28.312748 #9781]  INFO -- : bank_type: ["can't be blank"]
desc: ["can't be blank"]
sign: ["can't be blank", "invalid sign"]
transaction_id: ["格式错误,transaction_id为28位长的数值,其中前10位为商户网站编号(SPID)，由财付通统一分配;之后8位为订单产生的日期,如20050415;最后10位商户需要保证一天内不同的事务(用户订购一次商品或购买一次服务),其ID不相同"]
fee_type: ["目前只支持人民币,请填1"]
I, [2012-01-13T22:14:28.319044 #9781]  INFO -- : bank_type: ["can't be blank"]
desc: ["can't be blank"]
sign: ["can't be blank", "invalid sign"]
transaction_id: ["格式错误,transaction_id为28位长的数值,其中前10位为商户网站编号(SPID)，由财付通统一分配;之后8位为订单产生的日期,如20050415;最后10位商户需要保证一天内不同的事务(用户订购一次商品或购买一次服务),其ID不相同"]
I, [2012-01-13T22:14:28.324907 #9781]  INFO -- : bank_type: ["can't be blank"]
desc: ["can't be blank"]
sign: ["can't be blank", "invalid sign"]
transaction_id: ["格式错误,transaction_id为28位长的数值,其中前10位为商户网站编号(SPID)，由财付通统一分配;之后8位为订单产生的日期,如20050415;最后10位商户需要保证一天内不同的事务(用户订购一次商品或购买一次服务),其ID不相同"]
spbill_create_ip: ["格式错误"]
I, [2012-01-13T22:14:28.330842 #9781]  INFO -- : bank_type: ["can't be blank"]
desc: ["can't be blank"]
sign: ["can't be blank", "invalid sign"]
transaction_id: ["格式错误,transaction_id为28位长的数值,其中前10位为商户网站编号(SPID)，由财付通统一分配;之后8位为订单产生的日期,如20050415;最后10位商户需要保证一天内不同的事务(用户订购一次商品或购买一次服务),其ID不相同"]
spbill_create_ip: ["格式错误"]
I, [2012-01-13T22:14:28.336748 #9781]  INFO -- : bank_type: ["can't be blank"]
desc: ["can't be blank"]
sign: ["can't be blank", "invalid sign"]
transaction_id: ["格式错误,transaction_id为28位长的数值,其中前10位为商户网站编号(SPID)，由财付通统一分配;之后8位为订单产生的日期,如20050415;最后10位商户需要保证一天内不同的事务(用户订购一次商品或购买一次服务),其ID不相同"]
I, [2012-01-13T22:14:28.343239 #9781]  INFO -- : bank_type: ["can't be blank"]
desc: ["can't be blank"]
sign: ["can't be blank", "invalid sign"]
transaction_id: ["格式错误,transaction_id为28位长的数值,其中前10位为商户网站编号(SPID)，由财付通统一分配;之后8位为订单产生的日期,如20050415;最后10位商户需要保证一天内不同的事务(用户订购一次商品或购买一次服务),其ID不相同"]
sp_billno: ["长度错误,应该在28个字符内"]
I, [2012-01-13T22:14:28.348545 #9781]  INFO -- : cmdno: ["can't be blank"]
date: ["can't be blank"]
bank_type: ["can't be blank"]
desc: ["can't be blank"]
bargainor_id: ["can't be blank"]
transaction_id: ["can't be blank"]
sp_billno: ["can't be blank"]
total_fee: ["can't be blank"]
fee_type: ["can't be blank"]
return_url: ["can't be blank"]
attach: ["can't be blank"]
spbill_create_ip: ["can't be blank"]
sign: ["can't be blank", "invalid sign"]
I, [2012-01-13T22:14:28.355478 #9781]  INFO -- : bank_type: ["can't be blank"]
desc: ["can't be blank"]
sign: ["can't be blank", "invalid sign"]
transaction_id: ["格式错误,transaction_id为28位长的数值,其中前10位为商户网站编号(SPID)，由财付通统一分配;之后8位为订单产生的日期,如20050415;最后10位商户需要保证一天内不同的事务(用户订购一次商品或购买一次服务),其ID不相同"]
bargainor_id: ["商户编号不存在"]
I, [2012-01-13T22:14:28.361854 #9781]  INFO -- : bank_type: ["can't be blank"]
desc: ["can't be blank"]
sign: ["can't be blank", "invalid sign"]
transaction_id: ["格式错误,transaction_id为28位长的数值,其中前10位为商户网站编号(SPID)，由财付通统一分配;之后8位为订单产生的日期,如20050415;最后10位商户需要保证一天内不同的事务(用户订购一次商品或购买一次服务),其ID不相同"]
I, [2012-01-13T22:14:28.367680 #9781]  INFO -- : cmdno: ["can't be blank"]
date: ["can't be blank"]
bank_type: ["can't be blank"]
desc: ["can't be blank"]
bargainor_id: ["can't be blank"]
transaction_id: ["can't be blank"]
sp_billno: ["can't be blank"]
total_fee: ["can't be blank"]
fee_type: ["can't be blank"]
return_url: ["can't be blank"]
attach: ["can't be blank"]
spbill_create_ip: ["can't be blank"]
sign: ["can't be blank", "invalid sign"]
I, [2012-01-13T22:14:28.394194 #9781]  INFO -- : bank_type: ["can't be blank"]
desc: ["can't be blank"]
transaction_id: ["格式错误,transaction_id为28位长的数值,其中前10位为商户网站编号(SPID)，由财付通统一分配;之后8位为订单产生的日期,如20050415;最后10位商户需要保证一天内不同的事务(用户订购一次商品或购买一次服务),其ID不相同"]
sign: ["sign签名必须大写", "invalid sign"]
I, [2012-01-13T22:14:28.400455 #9781]  INFO -- : bank_type: ["can't be blank"]
desc: ["can't be blank"]
transaction_id: ["格式错误,transaction_id为28位长的数值,其中前10位为商户网站编号(SPID)，由财付通统一分配;之后8位为订单产生的日期,如20050415;最后10位商户需要保证一天内不同的事务(用户订购一次商品或购买一次服务),其ID不相同"]
sign: ["invalid sign"]
I, [2012-01-13T22:14:28.407472 #9781]  INFO -- : bank_type: ["can't be blank"]
desc: ["can't be blank"]
transaction_id: ["格式错误,transaction_id为28位长的数值,其中前10位为商户网站编号(SPID)，由财付通统一分配;之后8位为订单产生的日期,如20050415;最后10位商户需要保证一天内不同的事务(用户订购一次商品或购买一次服务),其ID不相同"]
sign: ["invalid sign"]
I, [2012-01-13T22:14:47.054590 #10125]  INFO -- : bank_type: ["can't be blank"]
desc: ["can't be blank"]
sign: ["can't be blank", "invalid sign"]
transaction_id: ["格式错误,transaction_id为28位长的数值,其中前10位为商户网站编号(SPID)，由财付通统一分配;之后8位为订单产生的日期,如20050415;最后10位商户需要保证一天内不同的事务(用户订购一次商品或购买一次服务),其ID不相同"]
I, [2012-01-13T22:14:47.066041 #10125]  INFO -- : bank_type: ["can't be blank"]
desc: ["can't be blank"]
sign: ["can't be blank", "invalid sign"]
transaction_id: ["格式错误,transaction_id为28位长的数值,其中前10位为商户网站编号(SPID)，由财付通统一分配;之后8位为订单产生的日期,如20050415;最后10位商户需要保证一天内不同的事务(用户订购一次商品或购买一次服务),其ID不相同"]
I, [2012-01-13T22:14:47.092183 #10125]  INFO -- : bank_type: ["can't be blank"]
desc: ["can't be blank"]
sign: ["can't be blank", "invalid sign"]
transaction_id: ["格式错误,transaction_id为28位长的数值,其中前10位为商户网站编号(SPID)，由财付通统一分配;之后8位为订单产生的日期,如20050415;最后10位商户需要保证一天内不同的事务(用户订购一次商品或购买一次服务),其ID不相同"]
I, [2012-01-13T22:14:47.097751 #10125]  INFO -- : cmdno: ["can't be blank"]
date: ["can't be blank"]
bank_type: ["can't be blank"]
desc: ["can't be blank"]
bargainor_id: ["can't be blank"]
transaction_id: ["can't be blank"]
sp_billno: ["can't be blank"]
total_fee: ["can't be blank"]
fee_type: ["can't be blank"]
return_url: ["can't be blank"]
attach: ["can't be blank"]
spbill_create_ip: ["can't be blank"]
sign: ["can't be blank", "invalid sign"]
I, [2012-01-13T22:14:47.103959 #10125]  INFO -- : bank_type: ["can't be blank"]
desc: ["can't be blank"]
sign: ["can't be blank", "invalid sign"]
I, [2012-01-13T22:14:47.110106 #10125]  INFO -- : bank_type: ["can't be blank"]
desc: ["can't be blank"]
sign: ["can't be blank", "invalid sign"]
transaction_id: ["格式错误,transaction_id为28位长的数值,其中前10位为商户网站编号(SPID)，由财付通统一分配;之后8位为订单产生的日期,如20050415;最后10位商户需要保证一天内不同的事务(用户订购一次商品或购买一次服务),其ID不相同"]
total_fee: ["格式错误,只能为数字,以分为单位,不允许包含任何字符"]
I, [2012-01-13T22:14:47.116593 #10125]  INFO -- : bank_type: ["can't be blank"]
desc: ["can't be blank"]
sign: ["can't be blank", "invalid sign"]
transaction_id: ["格式错误,transaction_id为28位长的数值,其中前10位为商户网站编号(SPID)，由财付通统一分配;之后8位为订单产生的日期,如20050415;最后10位商户需要保证一天内不同的事务(用户订购一次商品或购买一次服务),其ID不相同"]
total_fee: ["格式错误,只能为数字,以分为单位,不允许包含任何字符"]
I, [2012-01-13T22:14:47.123305 #10125]  INFO -- : bank_type: ["can't be blank"]
desc: ["can't be blank"]
sign: ["can't be blank", "invalid sign"]
transaction_id: ["格式错误,transaction_id为28位长的数值,其中前10位为商户网站编号(SPID)，由财付通统一分配;之后8位为订单产生的日期,如20050415;最后10位商户需要保证一天内不同的事务(用户订购一次商品或购买一次服务),其ID不相同"]
I, [2012-01-13T22:14:47.129348 #10125]  INFO -- : bank_type: ["can't be blank"]
desc: ["can't be blank"]
sign: ["can't be blank", "invalid sign"]
transaction_id: ["格式错误,transaction_id为28位长的数值,其中前10位为商户网站编号(SPID)，由财付通统一分配;之后8位为订单产生的日期,如20050415;最后10位商户需要保证一天内不同的事务(用户订购一次商品或购买一次服务),其ID不相同"]
fee_type: ["目前只支持人民币,请填1"]
I, [2012-01-13T22:14:47.136035 #10125]  INFO -- : bank_type: ["can't be blank"]
desc: ["can't be blank"]
sign: ["can't be blank", "invalid sign"]
transaction_id: ["格式错误,transaction_id为28位长的数值,其中前10位为商户网站编号(SPID)，由财付通统一分配;之后8位为订单产生的日期,如20050415;最后10位商户需要保证一天内不同的事务(用户订购一次商品或购买一次服务),其ID不相同"]
I, [2012-01-13T22:14:47.142502 #10125]  INFO -- : bank_type: ["can't be blank"]
desc: ["can't be blank"]
sign: ["can't be blank", "invalid sign"]
transaction_id: ["格式错误,transaction_id为28位长的数值,其中前10位为商户网站编号(SPID)，由财付通统一分配;之后8位为订单产生的日期,如20050415;最后10位商户需要保证一天内不同的事务(用户订购一次商品或购买一次服务),其ID不相同"]
spbill_create_ip: ["格式错误"]
I, [2012-01-13T22:14:47.148845 #10125]  INFO -- : bank_type: ["can't be blank"]
desc: ["can't be blank"]
sign: ["can't be blank", "invalid sign"]
transaction_id: ["格式错误,transaction_id为28位长的数值,其中前10位为商户网站编号(SPID)，由财付通统一分配;之后8位为订单产生的日期,如20050415;最后10位商户需要保证一天内不同的事务(用户订购一次商品或购买一次服务),其ID不相同"]
spbill_create_ip: ["格式错误"]
I, [2012-01-13T22:14:47.155297 #10125]  INFO -- : bank_type: ["can't be blank"]
desc: ["can't be blank"]
sign: ["can't be blank", "invalid sign"]
transaction_id: ["格式错误,transaction_id为28位长的数值,其中前10位为商户网站编号(SPID)，由财付通统一分配;之后8位为订单产生的日期,如20050415;最后10位商户需要保证一天内不同的事务(用户订购一次商品或购买一次服务),其ID不相同"]
I, [2012-01-13T22:14:47.161841 #10125]  INFO -- : bank_type: ["can't be blank"]
desc: ["can't be blank"]
sign: ["can't be blank", "invalid sign"]
transaction_id: ["格式错误,transaction_id为28位长的数值,其中前10位为商户网站编号(SPID)，由财付通统一分配;之后8位为订单产生的日期,如20050415;最后10位商户需要保证一天内不同的事务(用户订购一次商品或购买一次服务),其ID不相同"]
sp_billno: ["长度错误,应该在28个字符内"]
I, [2012-01-13T22:14:47.167478 #10125]  INFO -- : cmdno: ["can't be blank"]
date: ["can't be blank"]
bank_type: ["can't be blank"]
desc: ["can't be blank"]
bargainor_id: ["can't be blank"]
transaction_id: ["can't be blank"]
sp_billno: ["can't be blank"]
total_fee: ["can't be blank"]
fee_type: ["can't be blank"]
return_url: ["can't be blank"]
attach: ["can't be blank"]
spbill_create_ip: ["can't be blank"]
sign: ["can't be blank", "invalid sign"]
I, [2012-01-13T22:14:47.173952 #10125]  INFO -- : bank_type: ["can't be blank"]
desc: ["can't be blank"]
sign: ["can't be blank", "invalid sign"]
transaction_id: ["格式错误,transaction_id为28位长的数值,其中前10位为商户网站编号(SPID)，由财付通统一分配;之后8位为订单产生的日期,如20050415;最后10位商户需要保证一天内不同的事务(用户订购一次商品或购买一次服务),其ID不相同"]
bargainor_id: ["商户编号不存在"]
I, [2012-01-13T22:14:47.180073 #10125]  INFO -- : bank_type: ["can't be blank"]
desc: ["can't be blank"]
sign: ["can't be blank", "invalid sign"]
transaction_id: ["格式错误,transaction_id为28位长的数值,其中前10位为商户网站编号(SPID)，由财付通统一分配;之后8位为订单产生的日期,如20050415;最后10位商户需要保证一天内不同的事务(用户订购一次商品或购买一次服务),其ID不相同"]
I, [2012-01-13T22:14:47.186790 #10125]  INFO -- : cmdno: ["can't be blank"]
date: ["can't be blank"]
bank_type: ["can't be blank"]
desc: ["can't be blank"]
bargainor_id: ["can't be blank"]
transaction_id: ["can't be blank"]
sp_billno: ["can't be blank"]
total_fee: ["can't be blank"]
fee_type: ["can't be blank"]
return_url: ["can't be blank"]
attach: ["can't be blank"]
spbill_create_ip: ["can't be blank"]
sign: ["can't be blank", "invalid sign"]
I, [2012-01-13T22:14:47.212192 #10125]  INFO -- : bank_type: ["can't be blank"]
desc: ["can't be blank"]
transaction_id: ["格式错误,transaction_id为28位长的数值,其中前10位为商户网站编号(SPID)，由财付通统一分配;之后8位为订单产生的日期,如20050415;最后10位商户需要保证一天内不同的事务(用户订购一次商品或购买一次服务),其ID不相同"]
sign: ["sign签名必须大写", "invalid sign"]
I, [2012-01-13T22:14:47.218780 #10125]  INFO -- : bank_type: ["can't be blank"]
desc: ["can't be blank"]
transaction_id: ["格式错误,transaction_id为28位长的数值,其中前10位为商户网站编号(SPID)，由财付通统一分配;之后8位为订单产生的日期,如20050415;最后10位商户需要保证一天内不同的事务(用户订购一次商品或购买一次服务),其ID不相同"]
sign: ["invalid sign"]
I, [2012-01-13T22:14:47.225094 #10125]  INFO -- : bank_type: ["can't be blank"]
desc: ["can't be blank"]
transaction_id: ["格式错误,transaction_id为28位长的数值,其中前10位为商户网站编号(SPID)，由财付通统一分配;之后8位为订单产生的日期,如20050415;最后10位商户需要保证一天内不同的事务(用户订购一次商品或购买一次服务),其ID不相同"]
sign: ["invalid sign"]
I, [2012-01-13T22:17:24.705428 #12935]  INFO -- : bank_type: ["can't be blank"]
desc: ["can't be blank"]
sign: ["can't be blank", "invalid sign"]
transaction_id: ["格式错误,transaction_id为28位长的数值,其中前10位为商户网站编号(SPID)，由财付通统一分配;之后8位为订单产生的日期,如20050415;最后10位商户需要保证一天内不同的事务(用户订购一次商品或购买一次服务),其ID不相同"]
I, [2012-01-13T22:17:24.716497 #12935]  INFO -- : bank_type: ["can't be blank"]
desc: ["can't be blank"]
sign: ["can't be blank", "invalid sign"]
transaction_id: ["格式错误,transaction_id为28位长的数值,其中前10位为商户网站编号(SPID)，由财付通统一分配;之后8位为订单产生的日期,如20050415;最后10位商户需要保证一天内不同的事务(用户订购一次商品或购买一次服务),其ID不相同"]
I, [2012-01-13T22:17:24.745114 #12935]  INFO -- : bank_type: ["can't be blank"]
desc: ["can't be blank"]
sign: ["can't be blank", "invalid sign"]
transaction_id: ["格式错误,transaction_id为28位长的数值,其中前10位为商户网站编号(SPID)，由财付通统一分配;之后8位为订单产生的日期,如20050415;最后10位商户需要保证一天内不同的事务(用户订购一次商品或购买一次服务),其ID不相同"]
I, [2012-01-13T22:17:24.751038 #12935]  INFO -- : cmdno: ["can't be blank"]
date: ["can't be blank"]
bank_type: ["can't be blank"]
desc: ["can't be blank"]
bargainor_id: ["can't be blank"]
transaction_id: ["can't be blank"]
sp_billno: ["can't be blank"]
total_fee: ["can't be blank"]
fee_type: ["can't be blank"]
return_url: ["can't be blank"]
attach: ["can't be blank"]
spbill_create_ip: ["can't be blank"]
sign: ["can't be blank", "invalid sign"]
I, [2012-01-13T22:17:24.757143 #12935]  INFO -- : bank_type: ["can't be blank"]
desc: ["can't be blank"]
sign: ["can't be blank", "invalid sign"]
I, [2012-01-13T22:17:24.763155 #12935]  INFO -- : bank_type: ["can't be blank"]
desc: ["can't be blank"]
sign: ["can't be blank", "invalid sign"]
transaction_id: ["格式错误,transaction_id为28位长的数值,其中前10位为商户网站编号(SPID)，由财付通统一分配;之后8位为订单产生的日期,如20050415;最后10位商户需要保证一天内不同的事务(用户订购一次商品或购买一次服务),其ID不相同"]
total_fee: ["格式错误,只能为数字,以分为单位,不允许包含任何字符"]
I, [2012-01-13T22:17:24.769810 #12935]  INFO -- : bank_type: ["can't be blank"]
desc: ["can't be blank"]
sign: ["can't be blank", "invalid sign"]
transaction_id: ["格式错误,transaction_id为28位长的数值,其中前10位为商户网站编号(SPID)，由财付通统一分配;之后8位为订单产生的日期,如20050415;最后10位商户需要保证一天内不同的事务(用户订购一次商品或购买一次服务),其ID不相同"]
total_fee: ["格式错误,只能为数字,以分为单位,不允许包含任何字符"]
I, [2012-01-13T22:17:24.776391 #12935]  INFO -- : bank_type: ["can't be blank"]
desc: ["can't be blank"]
sign: ["can't be blank", "invalid sign"]
transaction_id: ["格式错误,transaction_id为28位长的数值,其中前10位为商户网站编号(SPID)，由财付通统一分配;之后8位为订单产生的日期,如20050415;最后10位商户需要保证一天内不同的事务(用户订购一次商品或购买一次服务),其ID不相同"]
I, [2012-01-13T22:17:24.782566 #12935]  INFO -- : bank_type: ["can't be blank"]
desc: ["can't be blank"]
sign: ["can't be blank", "invalid sign"]
transaction_id: ["格式错误,transaction_id为28位长的数值,其中前10位为商户网站编号(SPID)，由财付通统一分配;之后8位为订单产生的日期,如20050415;最后10位商户需要保证一天内不同的事务(用户订购一次商品或购买一次服务),其ID不相同"]
fee_type: ["目前只支持人民币,请填1"]
I, [2012-01-13T22:17:24.788668 #12935]  INFO -- : bank_type: ["can't be blank"]
desc: ["can't be blank"]
sign: ["can't be blank", "invalid sign"]
transaction_id: ["格式错误,transaction_id为28位长的数值,其中前10位为商户网站编号(SPID)，由财付通统一分配;之后8位为订单产生的日期,如20050415;最后10位商户需要保证一天内不同的事务(用户订购一次商品或购买一次服务),其ID不相同"]
I, [2012-01-13T22:17:24.794941 #12935]  INFO -- : bank_type: ["can't be blank"]
desc: ["can't be blank"]
sign: ["can't be blank", "invalid sign"]
transaction_id: ["格式错误,transaction_id为28位长的数值,其中前10位为商户网站编号(SPID)，由财付通统一分配;之后8位为订单产生的日期,如20050415;最后10位商户需要保证一天内不同的事务(用户订购一次商品或购买一次服务),其ID不相同"]
spbill_create_ip: ["ip地址格式错误"]
I, [2012-01-13T22:17:24.800981 #12935]  INFO -- : bank_type: ["can't be blank"]
desc: ["can't be blank"]
sign: ["can't be blank", "invalid sign"]
transaction_id: ["格式错误,transaction_id为28位长的数值,其中前10位为商户网站编号(SPID)，由财付通统一分配;之后8位为订单产生的日期,如20050415;最后10位商户需要保证一天内不同的事务(用户订购一次商品或购买一次服务),其ID不相同"]
spbill_create_ip: ["ip地址格式错误"]
I, [2012-01-13T22:17:24.806881 #12935]  INFO -- : bank_type: ["can't be blank"]
desc: ["can't be blank"]
sign: ["can't be blank", "invalid sign"]
transaction_id: ["格式错误,transaction_id为28位长的数值,其中前10位为商户网站编号(SPID)，由财付通统一分配;之后8位为订单产生的日期,如20050415;最后10位商户需要保证一天内不同的事务(用户订购一次商品或购买一次服务),其ID不相同"]
I, [2012-01-13T22:17:24.813476 #12935]  INFO -- : bank_type: ["can't be blank"]
desc: ["can't be blank"]
sign: ["can't be blank", "invalid sign"]
transaction_id: ["格式错误,transaction_id为28位长的数值,其中前10位为商户网站编号(SPID)，由财付通统一分配;之后8位为订单产生的日期,如20050415;最后10位商户需要保证一天内不同的事务(用户订购一次商品或购买一次服务),其ID不相同"]
sp_billno: ["长度错误,应该在28个字符内"]
I, [2012-01-13T22:17:24.819568 #12935]  INFO -- : cmdno: ["can't be blank"]
date: ["can't be blank"]
bank_type: ["can't be blank"]
desc: ["can't be blank"]
bargainor_id: ["can't be blank"]
transaction_id: ["can't be blank"]
sp_billno: ["can't be blank"]
total_fee: ["can't be blank"]
fee_type: ["can't be blank"]
return_url: ["can't be blank"]
attach: ["can't be blank"]
spbill_create_ip: ["can't be blank"]
sign: ["can't be blank", "invalid sign"]
I, [2012-01-13T22:17:24.826056 #12935]  INFO -- : bank_type: ["can't be blank"]
desc: ["can't be blank"]
sign: ["can't be blank", "invalid sign"]
transaction_id: ["格式错误,transaction_id为28位长的数值,其中前10位为商户网站编号(SPID)，由财付通统一分配;之后8位为订单产生的日期,如20050415;最后10位商户需要保证一天内不同的事务(用户订购一次商品或购买一次服务),其ID不相同"]
bargainor_id: ["商户编号不存在"]
I, [2012-01-13T22:17:24.832349 #12935]  INFO -- : bank_type: ["can't be blank"]
desc: ["can't be blank"]
sign: ["can't be blank", "invalid sign"]
transaction_id: ["格式错误,transaction_id为28位长的数值,其中前10位为商户网站编号(SPID)，由财付通统一分配;之后8位为订单产生的日期,如20050415;最后10位商户需要保证一天内不同的事务(用户订购一次商品或购买一次服务),其ID不相同"]
I, [2012-01-13T22:17:24.838115 #12935]  INFO -- : cmdno: ["can't be blank"]
date: ["can't be blank"]
bank_type: ["can't be blank"]
desc: ["can't be blank"]
bargainor_id: ["can't be blank"]
transaction_id: ["can't be blank"]
sp_billno: ["can't be blank"]
total_fee: ["can't be blank"]
fee_type: ["can't be blank"]
return_url: ["can't be blank"]
attach: ["can't be blank"]
spbill_create_ip: ["can't be blank"]
sign: ["can't be blank", "invalid sign"]
I, [2012-01-13T22:17:24.862497 #12935]  INFO -- : bank_type: ["can't be blank"]
desc: ["can't be blank"]
transaction_id: ["格式错误,transaction_id为28位长的数值,其中前10位为商户网站编号(SPID)，由财付通统一分配;之后8位为订单产生的日期,如20050415;最后10位商户需要保证一天内不同的事务(用户订购一次商品或购买一次服务),其ID不相同"]
sign: ["sign签名必须大写", "invalid sign"]
I, [2012-01-13T22:17:24.868697 #12935]  INFO -- : bank_type: ["can't be blank"]
desc: ["can't be blank"]
transaction_id: ["格式错误,transaction_id为28位长的数值,其中前10位为商户网站编号(SPID)，由财付通统一分配;之后8位为订单产生的日期,如20050415;最后10位商户需要保证一天内不同的事务(用户订购一次商品或购买一次服务),其ID不相同"]
sign: ["invalid sign"]
I, [2012-01-13T22:17:24.875303 #12935]  INFO -- : bank_type: ["can't be blank"]
desc: ["can't be blank"]
transaction_id: ["格式错误,transaction_id为28位长的数值,其中前10位为商户网站编号(SPID)，由财付通统一分配;之后8位为订单产生的日期,如20050415;最后10位商户需要保证一天内不同的事务(用户订购一次商品或购买一次服务),其ID不相同"]
sign: ["invalid sign"]
I, [2012-01-13T22:18:54.578937 #14532]  INFO -- : bank_type: ["can't be blank"]
desc: ["can't be blank"]
sign: ["can't be blank", "invalid sign"]
transaction_id: ["格式错误,transaction_id为28位长的数值,其中前10位为商户网站编号(SPID)，由财付通统一分配;之后8位为订单产生的日期,如20050415;最后10位商户需要保证一天内不同的事务(用户订购一次商品或购买一次服务),其ID不相同"]
I, [2012-01-13T22:18:54.590764 #14532]  INFO -- : bank_type: ["can't be blank"]
desc: ["can't be blank"]
sign: ["can't be blank", "invalid sign"]
transaction_id: ["格式错误,transaction_id为28位长的数值,其中前10位为商户网站编号(SPID)，由财付通统一分配;之后8位为订单产生的日期,如20050415;最后10位商户需要保证一天内不同的事务(用户订购一次商品或购买一次服务),其ID不相同"]
I, [2012-01-13T22:18:54.615963 #14532]  INFO -- : bank_type: ["can't be blank"]
desc: ["can't be blank"]
sign: ["can't be blank", "invalid sign"]
transaction_id: ["格式错误,transaction_id为28位长的数值,其中前10位为商户网站编号(SPID)，由财付通统一分配;之后8位为订单产生的日期,如20050415;最后10位商户需要保证一天内不同的事务(用户订购一次商品或购买一次服务),其ID不相同"]
I, [2012-01-13T22:18:54.621565 #14532]  INFO -- : cmdno: ["can't be blank"]
date: ["can't be blank"]
bank_type: ["can't be blank"]
desc: ["can't be blank"]
bargainor_id: ["can't be blank"]
transaction_id: ["can't be blank"]
sp_billno: ["can't be blank"]
total_fee: ["can't be blank"]
fee_type: ["can't be blank"]
return_url: ["can't be blank"]
attach: ["can't be blank"]
spbill_create_ip: ["can't be blank"]
sign: ["can't be blank", "invalid sign"]
I, [2012-01-13T22:18:54.628208 #14532]  INFO -- : bank_type: ["can't be blank"]
desc: ["can't be blank"]
sign: ["can't be blank", "invalid sign"]
I, [2012-01-13T22:18:54.634521 #14532]  INFO -- : bank_type: ["can't be blank"]
desc: ["can't be blank"]
sign: ["can't be blank", "invalid sign"]
transaction_id: ["格式错误,transaction_id为28位长的数值,其中前10位为商户网站编号(SPID)，由财付通统一分配;之后8位为订单产生的日期,如20050415;最后10位商户需要保证一天内不同的事务(用户订购一次商品或购买一次服务),其ID不相同"]
total_fee: ["格式错误,只能为数字,以分为单位,不允许包含任何字符"]
I, [2012-01-13T22:18:54.640760 #14532]  INFO -- : bank_type: ["can't be blank"]
desc: ["can't be blank"]
sign: ["can't be blank", "invalid sign"]
transaction_id: ["格式错误,transaction_id为28位长的数值,其中前10位为商户网站编号(SPID)，由财付通统一分配;之后8位为订单产生的日期,如20050415;最后10位商户需要保证一天内不同的事务(用户订购一次商品或购买一次服务),其ID不相同"]
total_fee: ["格式错误,只能为数字,以分为单位,不允许包含任何字符"]
I, [2012-01-13T22:18:54.647539 #14532]  INFO -- : bank_type: ["can't be blank"]
desc: ["can't be blank"]
sign: ["can't be blank", "invalid sign"]
transaction_id: ["格式错误,transaction_id为28位长的数值,其中前10位为商户网站编号(SPID)，由财付通统一分配;之后8位为订单产生的日期,如20050415;最后10位商户需要保证一天内不同的事务(用户订购一次商品或购买一次服务),其ID不相同"]
I, [2012-01-13T22:18:54.653500 #14532]  INFO -- : bank_type: ["can't be blank"]
desc: ["can't be blank"]
sign: ["can't be blank", "invalid sign"]
transaction_id: ["格式错误,transaction_id为28位长的数值,其中前10位为商户网站编号(SPID)，由财付通统一分配;之后8位为订单产生的日期,如20050415;最后10位商户需要保证一天内不同的事务(用户订购一次商品或购买一次服务),其ID不相同"]
fee_type: ["目前只支持人民币,请填1"]
I, [2012-01-13T22:18:54.659443 #14532]  INFO -- : bank_type: ["can't be blank"]
desc: ["can't be blank"]
sign: ["can't be blank", "invalid sign"]
transaction_id: ["格式错误,transaction_id为28位长的数值,其中前10位为商户网站编号(SPID)，由财付通统一分配;之后8位为订单产生的日期,如20050415;最后10位商户需要保证一天内不同的事务(用户订购一次商品或购买一次服务),其ID不相同"]
I, [2012-01-13T22:18:54.665435 #14532]  INFO -- : bank_type: ["can't be blank"]
desc: ["can't be blank"]
sign: ["can't be blank", "invalid sign"]
transaction_id: ["格式错误,transaction_id为28位长的数值,其中前10位为商户网站编号(SPID)，由财付通统一分配;之后8位为订单产生的日期,如20050415;最后10位商户需要保证一天内不同的事务(用户订购一次商品或购买一次服务),其ID不相同"]
spbill_create_ip: ["ip地址格式错误"]
I, [2012-01-13T22:18:54.671412 #14532]  INFO -- : bank_type: ["can't be blank"]
desc: ["can't be blank"]
sign: ["can't be blank", "invalid sign"]
transaction_id: ["格式错误,transaction_id为28位长的数值,其中前10位为商户网站编号(SPID)，由财付通统一分配;之后8位为订单产生的日期,如20050415;最后10位商户需要保证一天内不同的事务(用户订购一次商品或购买一次服务),其ID不相同"]
spbill_create_ip: ["ip地址格式错误"]
I, [2012-01-13T22:18:54.677341 #14532]  INFO -- : bank_type: ["can't be blank"]
desc: ["can't be blank"]
sign: ["can't be blank", "invalid sign"]
transaction_id: ["格式错误,transaction_id为28位长的数值,其中前10位为商户网站编号(SPID)，由财付通统一分配;之后8位为订单产生的日期,如20050415;最后10位商户需要保证一天内不同的事务(用户订购一次商品或购买一次服务),其ID不相同"]
I, [2012-01-13T22:18:54.683548 #14532]  INFO -- : bank_type: ["can't be blank"]
desc: ["can't be blank"]
sign: ["can't be blank", "invalid sign"]
transaction_id: ["格式错误,transaction_id为28位长的数值,其中前10位为商户网站编号(SPID)，由财付通统一分配;之后8位为订单产生的日期,如20050415;最后10位商户需要保证一天内不同的事务(用户订购一次商品或购买一次服务),其ID不相同"]
sp_billno: ["长度错误,应该在28个字符内"]
I, [2012-01-13T22:18:54.689505 #14532]  INFO -- : cmdno: ["can't be blank"]
date: ["can't be blank"]
bank_type: ["can't be blank"]
desc: ["can't be blank"]
bargainor_id: ["can't be blank"]
transaction_id: ["can't be blank"]
sp_billno: ["can't be blank"]
total_fee: ["can't be blank"]
fee_type: ["can't be blank"]
return_url: ["can't be blank"]
attach: ["can't be blank"]
spbill_create_ip: ["can't be blank"]
sign: ["can't be blank", "invalid sign"]
I, [2012-01-13T22:18:54.695749 #14532]  INFO -- : bank_type: ["can't be blank"]
desc: ["can't be blank"]
sign: ["can't be blank", "invalid sign"]
transaction_id: ["格式错误,transaction_id为28位长的数值,其中前10位为商户网站编号(SPID)，由财付通统一分配;之后8位为订单产生的日期,如20050415;最后10位商户需要保证一天内不同的事务(用户订购一次商品或购买一次服务),其ID不相同"]
bargainor_id: ["商户编号不存在"]
I, [2012-01-13T22:18:54.701705 #14532]  INFO -- : bank_type: ["can't be blank"]
desc: ["can't be blank"]
sign: ["can't be blank", "invalid sign"]
transaction_id: ["格式错误,transaction_id为28位长的数值,其中前10位为商户网站编号(SPID)，由财付通统一分配;之后8位为订单产生的日期,如20050415;最后10位商户需要保证一天内不同的事务(用户订购一次商品或购买一次服务),其ID不相同"]
I, [2012-01-13T22:18:54.708489 #14532]  INFO -- : cmdno: ["can't be blank"]
date: ["can't be blank"]
bank_type: ["can't be blank"]
desc: ["can't be blank"]
bargainor_id: ["can't be blank"]
transaction_id: ["can't be blank"]
sp_billno: ["can't be blank"]
total_fee: ["can't be blank"]
fee_type: ["can't be blank"]
return_url: ["can't be blank"]
attach: ["can't be blank"]
spbill_create_ip: ["can't be blank"]
sign: ["can't be blank", "invalid sign"]
I, [2012-01-13T22:18:54.734219 #14532]  INFO -- : bank_type: ["can't be blank"]
desc: ["can't be blank"]
transaction_id: ["格式错误,transaction_id为28位长的数值,其中前10位为商户网站编号(SPID)，由财付通统一分配;之后8位为订单产生的日期,如20050415;最后10位商户需要保证一天内不同的事务(用户订购一次商品或购买一次服务),其ID不相同"]
sign: ["sign签名必须大写", "invalid sign"]
I, [2012-01-13T22:18:54.740599 #14532]  INFO -- : bank_type: ["can't be blank"]
desc: ["can't be blank"]
transaction_id: ["格式错误,transaction_id为28位长的数值,其中前10位为商户网站编号(SPID)，由财付通统一分配;之后8位为订单产生的日期,如20050415;最后10位商户需要保证一天内不同的事务(用户订购一次商品或购买一次服务),其ID不相同"]
sign: ["invalid sign"]
I, [2012-01-13T22:18:54.747225 #14532]  INFO -- : bank_type: ["can't be blank"]
desc: ["can't be blank"]
transaction_id: ["格式错误,transaction_id为28位长的数值,其中前10位为商户网站编号(SPID)，由财付通统一分配;之后8位为订单产生的日期,如20050415;最后10位商户需要保证一天内不同的事务(用户订购一次商品或购买一次服务),其ID不相同"]
sign: ["invalid sign"]
I, [2012-01-13T22:18:54.753251 #14532]  INFO -- : bank_type: ["can't be blank"]
desc: ["can't be blank"]
transaction_id: ["格式错误,transaction_id为28位长的数值,其中前10位为商户网站编号(SPID)，由财付通统一分配;之后8位为订单产生的日期,如20050415;最后10位商户需要保证一天内不同的事务(用户订购一次商品或购买一次服务),其ID不相同"]
I, [2012-01-13T22:29:47.405484 #26201]  INFO -- : partner: ["can't be blank"]
notify_url: ["can't be blank"]
return_url: ["can't be blank"]
sign: ["can't be blank", "invalid sign"]
sign_type: ["can't be blank"]
subject: ["can't be blank"]
out_trade_no: ["can't be blank"]
payment_type: ["can't be blank"]
money: ["price and total_fee can not both be blank"]
seller: ["seller_email and seller_id can not both be blank"]
I, [2012-01-13T22:29:47.412629 #26201]  INFO -- : partner: ["can't be blank"]
notify_url: ["can't be blank"]
return_url: ["can't be blank"]
sign: ["can't be blank", "invalid sign"]
sign_type: ["can't be blank"]
subject: ["can't be blank"]
out_trade_no: ["can't be blank"]
payment_type: ["can't be blank"]
money: ["price and total_fee can not both be blank"]
seller: ["seller_email and seller_id can not both be blank"]
_input_charset: ["should be utf-8 or gb2312"]
I, [2012-01-13T22:29:47.420959 #26201]  INFO -- : partner: ["can't be blank"]
notify_url: ["can't be blank"]
return_url: ["can't be blank"]
sign: ["can't be blank", "invalid sign"]
sign_type: ["can't be blank"]
subject: ["can't be blank"]
out_trade_no: ["can't be blank"]
payment_type: ["can't be blank"]
price: ["format should be Number(13, 2)"]
total_fee: ["format should be Number(13, 2)"]
money: ["price和total_fee不能同时出现"]
quantity: ["if price is not blank, must input quantity"]
seller: ["seller_email and seller_id can not both be blank"]
I, [2012-01-13T22:29:47.447989 #26201]  INFO -- : partner: ["can't be blank"]
notify_url: ["can't be blank"]
return_url: ["can't be blank"]
sign: ["can't be blank", "invalid sign"]
sign_type: ["can't be blank"]
subject: ["can't be blank"]
out_trade_no: ["can't be blank"]
payment_type: ["can't be blank"]
quantity: ["if price is not blank, must input quantity"]
seller: ["seller_email and seller_id can not both be blank"]
I, [2012-01-13T22:29:47.454565 #26201]  INFO -- : partner: ["can't be blank"]
notify_url: ["can't be blank"]
return_url: ["can't be blank"]
sign: ["can't be blank", "invalid sign"]
sign_type: ["can't be blank"]
subject: ["can't be blank"]
out_trade_no: ["can't be blank"]
payment_type: ["can't be blank"]
money: ["price and total_fee can not both be blank"]
seller: ["seller_email and seller_id can not both be blank"]
I, [2012-01-13T22:29:47.460931 #26201]  INFO -- : notify_url: ["can't be blank"]
return_url: ["can't be blank"]
sign: ["can't be blank", "invalid sign"]
sign_type: ["can't be blank"]
subject: ["can't be blank"]
out_trade_no: ["can't be blank"]
partner: ["is too long (maximum is 16 characters)", "not exist"]
payment_type: ["is too long (maximum is 4 characters)"]
money: ["price and total_fee can not both be blank"]
seller: ["seller_email and seller_id can not both be blank"]
I, [2012-01-13T22:29:47.467147 #26201]  INFO -- : partner: ["can't be blank"]
notify_url: ["can't be blank"]
return_url: ["can't be blank"]
sign: ["can't be blank", "invalid sign"]
sign_type: ["can't be blank"]
subject: ["can't be blank"]
out_trade_no: ["can't be blank"]
payment_type: ["can't be blank"]
quantity: ["should be integer and between 1~999999"]
money: ["price and total_fee can not both be blank"]
seller: ["seller_email and seller_id can not both be blank"]
I, [2012-01-13T22:29:47.473438 #26201]  INFO -- : partner: ["can't be blank"]
notify_url: ["can't be blank"]
return_url: ["can't be blank"]
sign: ["can't be blank", "invalid sign"]
sign_type: ["can't be blank"]
subject: ["can't be blank"]
out_trade_no: ["can't be blank"]
payment_type: ["can't be blank"]
quantity: ["should be integer and between 1~999999"]
money: ["price and total_fee can not both be blank"]
seller: ["seller_email and seller_id can not both be blank"]
I, [2012-01-13T22:29:47.479287 #26201]  INFO -- : partner: ["can't be blank"]
notify_url: ["can't be blank"]
return_url: ["can't be blank"]
sign: ["can't be blank", "invalid sign"]
sign_type: ["can't be blank"]
subject: ["can't be blank"]
out_trade_no: ["can't be blank"]
payment_type: ["can't be blank"]
quantity: ["should be integer and between 1~999999"]
money: ["price and total_fee can not both be blank"]
seller: ["seller_email and seller_id can not both be blank"]
I, [2012-01-13T22:29:47.485413 #26201]  INFO -- : notify_url: ["can't be blank"]
return_url: ["can't be blank"]
sign: ["can't be blank", "invalid sign"]
sign_type: ["can't be blank"]
subject: ["can't be blank"]
out_trade_no: ["can't be blank"]
payment_type: ["can't be blank"]
money: ["price and total_fee can not both be blank"]
seller: ["seller_email and seller_id can not both be blank"]
partner: ["not exist"]
I, [2012-01-13T22:29:47.492561 #26201]  INFO -- : service: ["can't be blank"]
partner: ["can't be blank"]
notify_url: ["can't be blank"]
return_url: ["can't be blank"]
sign: ["can't be blank", "invalid sign"]
sign_type: ["can't be blank"]
subject: ["can't be blank"]
out_trade_no: ["can't be blank"]
payment_type: ["can't be blank"]
money: ["price and total_fee can not both be blank"]
seller: ["seller_email and seller_id can not both be blank"]
I, [2012-01-13T22:29:47.499461 #26201]  INFO -- : partner: ["can't be blank"]
notify_url: ["can't be blank"]
return_url: ["can't be blank"]
sign: ["can't be blank", "invalid sign"]
sign_type: ["can't be blank"]
subject: ["can't be blank"]
out_trade_no: ["can't be blank"]
payment_type: ["can't be blank"]
money: ["price和total_fee不能同时出现"]
quantity: ["if price is not blank, must input quantity"]
seller: ["seller_email and seller_id can not both be blank"]
I, [2012-01-13T22:29:47.506263 #26201]  INFO -- : partner: ["can't be blank"]
notify_url: ["can't be blank"]
return_url: ["can't be blank"]
sign: ["can't be blank", "invalid sign"]
sign_type: ["can't be blank"]
subject: ["can't be blank"]
out_trade_no: ["can't be blank"]
payment_type: ["can't be blank"]
money: ["price and total_fee can not both be blank"]
seller: ["seller_email and seller_id can not both be blank"]
I, [2012-01-13T22:29:47.512753 #26201]  INFO -- : notify_url: ["can't be blank"]
return_url: ["can't be blank"]
sign_type: ["can't be blank"]
subject: ["can't be blank"]
out_trade_no: ["can't be blank"]
payment_type: ["can't be blank"]
money: ["price and total_fee can not both be blank"]
seller: ["seller_email and seller_id can not both be blank"]
sign: ["invalid sign"]
I, [2012-01-13T22:32:04.941256 #28654]  INFO -- : partner: ["can't be blank"]
notify_url: ["can't be blank"]
return_url: ["can't be blank"]
sign: ["can't be blank", "invalid sign"]
sign_type: ["can't be blank"]
subject: ["can't be blank"]
out_trade_no: ["can't be blank"]
payment_type: ["can't be blank"]
money: ["price and total_fee can not both be blank"]
seller: ["seller_email and seller_id can not both be blank"]
I, [2012-01-13T22:32:04.949258 #28654]  INFO -- : partner: ["can't be blank"]
notify_url: ["can't be blank"]
return_url: ["can't be blank"]
sign: ["can't be blank", "invalid sign"]
sign_type: ["can't be blank"]
subject: ["can't be blank"]
out_trade_no: ["can't be blank"]
payment_type: ["can't be blank"]
money: ["price and total_fee can not both be blank"]
seller: ["seller_email and seller_id can not both be blank"]
_input_charset: ["should be utf-8 or gb2312"]
I, [2012-01-13T22:32:04.958680 #28654]  INFO -- : partner: ["can't be blank"]
notify_url: ["can't be blank"]
return_url: ["can't be blank"]
sign: ["can't be blank", "invalid sign"]
sign_type: ["can't be blank"]
subject: ["can't be blank"]
out_trade_no: ["can't be blank"]
payment_type: ["can't be blank"]
price: ["format should be Number(13, 2)"]
total_fee: ["format should be Number(13, 2)"]
money: ["price和total_fee不能同时出现"]
quantity: ["if price is not blank, must input quantity"]
seller: ["seller_email and seller_id can not both be blank"]
I, [2012-01-13T22:32:04.988996 #28654]  INFO -- : partner: ["can't be blank"]
notify_url: ["can't be blank"]
return_url: ["can't be blank"]
sign: ["can't be blank", "invalid sign"]
sign_type: ["can't be blank"]
subject: ["can't be blank"]
out_trade_no: ["can't be blank"]
payment_type: ["can't be blank"]
quantity: ["if price is not blank, must input quantity"]
seller: ["seller_email and seller_id can not both be blank"]
I, [2012-01-13T22:32:04.997259 #28654]  INFO -- : partner: ["can't be blank"]
notify_url: ["can't be blank"]
return_url: ["can't be blank"]
sign: ["can't be blank", "invalid sign"]
sign_type: ["can't be blank"]
subject: ["can't be blank"]
out_trade_no: ["can't be blank"]
payment_type: ["can't be blank"]
money: ["price and total_fee can not both be blank"]
seller: ["seller_email and seller_id can not both be blank"]
I, [2012-01-13T22:32:05.003586 #28654]  INFO -- : notify_url: ["can't be blank"]
return_url: ["can't be blank"]
sign: ["can't be blank", "invalid sign"]
sign_type: ["can't be blank"]
subject: ["can't be blank"]
out_trade_no: ["can't be blank"]
partner: ["is too long (maximum is 16 characters)", "not exist"]
payment_type: ["is too long (maximum is 4 characters)"]
money: ["price and total_fee can not both be blank"]
seller: ["seller_email and seller_id can not both be blank"]
I, [2012-01-13T22:32:05.013949 #28654]  INFO -- : partner: ["can't be blank"]
notify_url: ["can't be blank"]
return_url: ["can't be blank"]
sign: ["can't be blank", "invalid sign"]
sign_type: ["can't be blank"]
subject: ["can't be blank"]
out_trade_no: ["can't be blank"]
payment_type: ["can't be blank"]
quantity: ["should be integer and between 1~999999"]
money: ["price and total_fee can not both be blank"]
seller: ["seller_email and seller_id can not both be blank"]
I, [2012-01-13T22:32:05.020320 #28654]  INFO -- : partner: ["can't be blank"]
notify_url: ["can't be blank"]
return_url: ["can't be blank"]
sign: ["can't be blank", "invalid sign"]
sign_type: ["can't be blank"]
subject: ["can't be blank"]
out_trade_no: ["can't be blank"]
payment_type: ["can't be blank"]
quantity: ["should be integer and between 1~999999"]
money: ["price and total_fee can not both be blank"]
seller: ["seller_email and seller_id can not both be blank"]
I, [2012-01-13T22:32:05.026550 #28654]  INFO -- : partner: ["can't be blank"]
notify_url: ["can't be blank"]
return_url: ["can't be blank"]
sign: ["can't be blank", "invalid sign"]
sign_type: ["can't be blank"]
subject: ["can't be blank"]
out_trade_no: ["can't be blank"]
payment_type: ["can't be blank"]
quantity: ["should be integer and between 1~999999"]
money: ["price and total_fee can not both be blank"]
seller: ["seller_email and seller_id can not both be blank"]
I, [2012-01-13T22:32:05.034317 #28654]  INFO -- : notify_url: ["can't be blank"]
return_url: ["can't be blank"]
sign: ["can't be blank", "invalid sign"]
sign_type: ["can't be blank"]
subject: ["can't be blank"]
out_trade_no: ["can't be blank"]
payment_type: ["can't be blank"]
money: ["price and total_fee can not both be blank"]
seller: ["seller_email and seller_id can not both be blank"]
partner: ["not exist"]
I, [2012-01-13T22:32:05.041332 #28654]  INFO -- : service: ["can't be blank"]
partner: ["can't be blank"]
notify_url: ["can't be blank"]
return_url: ["can't be blank"]
sign: ["can't be blank", "invalid sign"]
sign_type: ["can't be blank"]
subject: ["can't be blank"]
out_trade_no: ["can't be blank"]
payment_type: ["can't be blank"]
money: ["price and total_fee can not both be blank"]
seller: ["seller_email and seller_id can not both be blank"]
I, [2012-01-13T22:32:05.047392 #28654]  INFO -- : partner: ["can't be blank"]
notify_url: ["can't be blank"]
return_url: ["can't be blank"]
sign: ["can't be blank", "invalid sign"]
sign_type: ["can't be blank"]
subject: ["can't be blank"]
out_trade_no: ["can't be blank"]
payment_type: ["can't be blank"]
money: ["price和total_fee不能同时出现"]
quantity: ["if price is not blank, must input quantity"]
seller: ["seller_email and seller_id can not both be blank"]
I, [2012-01-13T22:32:05.053617 #28654]  INFO -- : partner: ["can't be blank"]
notify_url: ["can't be blank"]
return_url: ["can't be blank"]
sign: ["can't be blank", "invalid sign"]
sign_type: ["can't be blank"]
subject: ["can't be blank"]
out_trade_no: ["can't be blank"]
payment_type: ["can't be blank"]
money: ["price and total_fee can not both be blank"]
seller: ["seller_email and seller_id can not both be blank"]
I, [2012-01-13T22:32:05.060939 #28654]  INFO -- : notify_url: ["can't be blank"]
return_url: ["can't be blank"]
sign_type: ["can't be blank"]
subject: ["can't be blank"]
out_trade_no: ["can't be blank"]
payment_type: ["can't be blank"]
money: ["price and total_fee can not both be blank"]
seller: ["seller_email and seller_id can not both be blank"]
sign: ["invalid sign"]
I, [2012-01-13T22:34:16.925747 #31029]  INFO -- : partner: ["can't be blank"]
notify_url: ["can't be blank"]
return_url: ["can't be blank"]
sign: ["can't be blank", "invalid sign"]
sign_type: ["can't be blank"]
subject: ["can't be blank"]
out_trade_no: ["can't be blank"]
payment_type: ["can't be blank"]
money: ["price and total_fee can not both be blank"]
seller: ["seller_email and seller_id can not both be blank"]
I, [2012-01-13T22:34:16.932539 #31029]  INFO -- : partner: ["can't be blank"]
notify_url: ["can't be blank"]
return_url: ["can't be blank"]
sign: ["can't be blank", "invalid sign"]
sign_type: ["can't be blank"]
subject: ["can't be blank"]
out_trade_no: ["can't be blank"]
payment_type: ["can't be blank"]
money: ["price and total_fee can not both be blank"]
seller: ["seller_email and seller_id can not both be blank"]
_input_charset: ["should be utf-8 or gb2312"]
I, [2012-01-13T22:34:16.940096 #31029]  INFO -- : partner: ["can't be blank"]
notify_url: ["can't be blank"]
return_url: ["can't be blank"]
sign: ["can't be blank", "invalid sign"]
sign_type: ["can't be blank"]
subject: ["can't be blank"]
out_trade_no: ["can't be blank"]
payment_type: ["can't be blank"]
price: ["format should be Number(13, 2)"]
total_fee: ["format should be Number(13, 2)"]
money: ["price和total_fee不能同时出现"]
quantity: ["if price is not blank, must input quantity"]
seller: ["seller_email and seller_id can not both be blank"]
I, [2012-01-13T22:34:16.967338 #31029]  INFO -- : partner: ["can't be blank"]
notify_url: ["can't be blank"]
return_url: ["can't be blank"]
sign: ["can't be blank", "invalid sign"]
sign_type: ["can't be blank"]
subject: ["can't be blank"]
out_trade_no: ["can't be blank"]
payment_type: ["can't be blank"]
quantity: ["if price is not blank, must input quantity"]
seller: ["seller_email and seller_id can not both be blank"]
I, [2012-01-13T22:34:16.973712 #31029]  INFO -- : partner: ["can't be blank"]
notify_url: ["can't be blank"]
return_url: ["can't be blank"]
sign: ["can't be blank", "invalid sign"]
sign_type: ["can't be blank"]
subject: ["can't be blank"]
out_trade_no: ["can't be blank"]
payment_type: ["can't be blank"]
money: ["price and total_fee can not both be blank"]
seller: ["seller_email and seller_id can not both be blank"]
I, [2012-01-13T22:34:16.980993 #31029]  INFO -- : notify_url: ["can't be blank"]
return_url: ["can't be blank"]
sign: ["can't be blank", "invalid sign"]
sign_type: ["can't be blank"]
subject: ["can't be blank"]
out_trade_no: ["can't be blank"]
partner: ["is too long (maximum is 16 characters)", "not exist"]
payment_type: ["is too long (maximum is 4 characters)"]
money: ["price and total_fee can not both be blank"]
seller: ["seller_email and seller_id can not both be blank"]
I, [2012-01-13T22:34:16.987479 #31029]  INFO -- : partner: ["can't be blank"]
notify_url: ["can't be blank"]
return_url: ["can't be blank"]
sign: ["can't be blank", "invalid sign"]
sign_type: ["can't be blank"]
subject: ["can't be blank"]
out_trade_no: ["can't be blank"]
payment_type: ["can't be blank"]
quantity: ["should be integer and between 1~999999"]
money: ["price and total_fee can not both be blank"]
seller: ["seller_email and seller_id can not both be blank"]
I, [2012-01-13T22:34:16.993667 #31029]  INFO -- : partner: ["can't be blank"]
notify_url: ["can't be blank"]
return_url: ["can't be blank"]
sign: ["can't be blank", "invalid sign"]
sign_type: ["can't be blank"]
subject: ["can't be blank"]
out_trade_no: ["can't be blank"]
payment_type: ["can't be blank"]
quantity: ["should be integer and between 1~999999"]
money: ["price and total_fee can not both be blank"]
seller: ["seller_email and seller_id can not both be blank"]
I, [2012-01-13T22:34:16.999988 #31029]  INFO -- : partner: ["can't be blank"]
notify_url: ["can't be blank"]
return_url: ["can't be blank"]
sign: ["can't be blank", "invalid sign"]
sign_type: ["can't be blank"]
subject: ["can't be blank"]
out_trade_no: ["can't be blank"]
payment_type: ["can't be blank"]
quantity: ["should be integer and between 1~999999"]
money: ["price and total_fee can not both be blank"]
seller: ["seller_email and seller_id can not both be blank"]
I, [2012-01-13T22:34:17.006159 #31029]  INFO -- : notify_url: ["can't be blank"]
return_url: ["can't be blank"]
sign: ["can't be blank", "invalid sign"]
sign_type: ["can't be blank"]
subject: ["can't be blank"]
out_trade_no: ["can't be blank"]
payment_type: ["can't be blank"]
money: ["price and total_fee can not both be blank"]
seller: ["seller_email and seller_id can not both be blank"]
partner: ["not exist"]
I, [2012-01-13T22:34:17.014044 #31029]  INFO -- : service: ["can't be blank"]
partner: ["can't be blank"]
notify_url: ["can't be blank"]
return_url: ["can't be blank"]
sign: ["can't be blank", "invalid sign"]
sign_type: ["can't be blank"]
subject: ["can't be blank"]
out_trade_no: ["can't be blank"]
payment_type: ["can't be blank"]
money: ["price and total_fee can not both be blank"]
seller: ["seller_email and seller_id can not both be blank"]
I, [2012-01-13T22:34:17.020453 #31029]  INFO -- : partner: ["can't be blank"]
notify_url: ["can't be blank"]
return_url: ["can't be blank"]
sign: ["can't be blank", "invalid sign"]
sign_type: ["can't be blank"]
subject: ["can't be blank"]
out_trade_no: ["can't be blank"]
payment_type: ["can't be blank"]
money: ["price和total_fee不能同时出现"]
quantity: ["if price is not blank, must input quantity"]
seller: ["seller_email and seller_id can not both be blank"]
I, [2012-01-13T22:34:17.026892 #31029]  INFO -- : partner: ["can't be blank"]
notify_url: ["can't be blank"]
return_url: ["can't be blank"]
sign: ["can't be blank", "invalid sign"]
sign_type: ["can't be blank"]
subject: ["can't be blank"]
out_trade_no: ["can't be blank"]
payment_type: ["can't be blank"]
money: ["price and total_fee can not both be blank"]
seller: ["seller_email and seller_id can not both be blank"]
I, [2012-01-13T22:34:17.033279 #31029]  INFO -- : notify_url: ["can't be blank"]
return_url: ["can't be blank"]
sign_type: ["can't be blank"]
subject: ["can't be blank"]
out_trade_no: ["can't be blank"]
payment_type: ["can't be blank"]
money: ["price and total_fee can not both be blank"]
seller: ["seller_email and seller_id can not both be blank"]
sign: ["invalid sign"]
I, [2012-01-13T22:41:43.738724 #6618]  INFO -- : partner: ["can't be blank"]
notify_url: ["can't be blank"]
return_url: ["can't be blank"]
sign: ["can't be blank", "invalid sign"]
sign_type: ["can't be blank"]
subject: ["can't be blank"]
out_trade_no: ["can't be blank"]
payment_type: ["can't be blank"]
money: ["price and total_fee can not both be blank"]
seller: ["seller_email and seller_id can not both be blank"]
I, [2012-01-13T22:41:43.745494 #6618]  INFO -- : partner: ["can't be blank"]
notify_url: ["can't be blank"]
return_url: ["can't be blank"]
sign: ["can't be blank", "invalid sign"]
sign_type: ["can't be blank"]
subject: ["can't be blank"]
out_trade_no: ["can't be blank"]
payment_type: ["can't be blank"]
money: ["price and total_fee can not both be blank"]
seller: ["seller_email and seller_id can not both be blank"]
_input_charset: ["should be utf-8 or gb2312"]
I, [2012-01-13T22:41:43.751460 #6618]  INFO -- : partner: ["can't be blank"]
notify_url: ["can't be blank"]
return_url: ["can't be blank"]
sign: ["can't be blank", "invalid sign"]
sign_type: ["can't be blank"]
subject: ["can't be blank"]
out_trade_no: ["can't be blank"]
payment_type: ["can't be blank"]
money: ["price and total_fee can not both be blank"]
seller: ["seller_email and seller_id can not both be blank"]
I, [2012-01-13T22:41:43.784254 #6618]  INFO -- : partner: ["can't be blank"]
notify_url: ["can't be blank"]
return_url: ["can't be blank"]
sign: ["can't be blank", "invalid sign"]
sign_type: ["can't be blank"]
subject: ["can't be blank"]
out_trade_no: ["can't be blank"]
payment_type: ["can't be blank"]
money: ["price and total_fee can not both be blank"]
seller: ["seller_email and seller_id can not both be blank"]
I, [2012-01-13T22:41:43.791962 #6618]  INFO -- : partner: ["can't be blank"]
notify_url: ["can't be blank"]
return_url: ["can't be blank"]
sign: ["can't be blank", "invalid sign"]
sign_type: ["can't be blank"]
subject: ["can't be blank"]
out_trade_no: ["can't be blank"]
payment_type: ["can't be blank"]
price: ["format should be Number(13, 2)"]
total_fee: ["format should be Number(13, 2)"]
money: ["price和total_fee不能同时出现"]
quantity: ["if price is not blank, must input quantity"]
seller: ["seller_email and seller_id can not both be blank"]
I, [2012-01-13T22:41:43.803390 #6618]  INFO -- : partner: ["can't be blank"]
notify_url: ["can't be blank"]
return_url: ["can't be blank"]
sign: ["can't be blank", "invalid sign"]
sign_type: ["can't be blank"]
subject: ["can't be blank"]
out_trade_no: ["can't be blank"]
payment_type: ["can't be blank"]
quantity: ["if price is not blank, must input quantity"]
seller: ["seller_email and seller_id can not both be blank"]
I, [2012-01-13T22:41:43.810946 #6618]  INFO -- : partner: ["can't be blank"]
notify_url: ["can't be blank"]
return_url: ["can't be blank"]
sign: ["can't be blank", "invalid sign"]
sign_type: ["can't be blank"]
subject: ["can't be blank"]
out_trade_no: ["can't be blank"]
payment_type: ["can't be blank"]
money: ["price and total_fee can not both be blank"]
seller: ["seller_email and seller_id can not both be blank"]
I, [2012-01-13T22:41:43.819098 #6618]  INFO -- : notify_url: ["can't be blank"]
return_url: ["can't be blank"]
sign: ["can't be blank", "invalid sign"]
sign_type: ["can't be blank"]
subject: ["can't be blank"]
out_trade_no: ["can't be blank"]
partner: ["is too long (maximum is 16 characters)", "not exist"]
payment_type: ["is too long (maximum is 4 characters)"]
money: ["price and total_fee can not both be blank"]
seller: ["seller_email and seller_id can not both be blank"]
I, [2012-01-13T22:41:43.826091 #6618]  INFO -- : partner: ["can't be blank"]
notify_url: ["can't be blank"]
return_url: ["can't be blank"]
sign: ["can't be blank", "invalid sign"]
sign_type: ["can't be blank"]
subject: ["can't be blank"]
out_trade_no: ["can't be blank"]
payment_type: ["can't be blank"]
quantity: ["should be integer and between 1~999999"]
money: ["price and total_fee can not both be blank"]
seller: ["seller_email and seller_id can not both be blank"]
I, [2012-01-13T22:41:43.831982 #6618]  INFO -- : partner: ["can't be blank"]
notify_url: ["can't be blank"]
return_url: ["can't be blank"]
sign: ["can't be blank", "invalid sign"]
sign_type: ["can't be blank"]
subject: ["can't be blank"]
out_trade_no: ["can't be blank"]
payment_type: ["can't be blank"]
quantity: ["should be integer and between 1~999999"]
money: ["price and total_fee can not both be blank"]
seller: ["seller_email and seller_id can not both be blank"]
I, [2012-01-13T22:41:43.837961 #6618]  INFO -- : partner: ["can't be blank"]
notify_url: ["can't be blank"]
return_url: ["can't be blank"]
sign: ["can't be blank", "invalid sign"]
sign_type: ["can't be blank"]
subject: ["can't be blank"]
out_trade_no: ["can't be blank"]
payment_type: ["can't be blank"]
quantity: ["should be integer and between 1~999999"]
money: ["price and total_fee can not both be blank"]
seller: ["seller_email and seller_id can not both be blank"]
I, [2012-01-13T22:41:43.844066 #6618]  INFO -- : notify_url: ["can't be blank"]
return_url: ["can't be blank"]
sign: ["can't be blank", "invalid sign"]
sign_type: ["can't be blank"]
subject: ["can't be blank"]
out_trade_no: ["can't be blank"]
payment_type: ["can't be blank"]
money: ["price and total_fee can not both be blank"]
seller: ["seller_email and seller_id can not both be blank"]
partner: ["not exist"]
I, [2012-01-13T22:41:43.849655 #6618]  INFO -- : notify_url: ["can't be blank"]
return_url: ["can't be blank"]
sign: ["can't be blank", "invalid sign"]
sign_type: ["can't be blank"]
subject: ["can't be blank"]
out_trade_no: ["can't be blank"]
payment_type: ["can't be blank"]
money: ["price and total_fee can not both be blank"]
seller: ["seller_email and seller_id can not both be blank"]
I, [2012-01-13T22:41:43.856675 #6618]  INFO -- : service: ["can't be blank"]
partner: ["can't be blank"]
notify_url: ["can't be blank"]
return_url: ["can't be blank"]
sign: ["can't be blank", "invalid sign"]
sign_type: ["can't be blank"]
subject: ["can't be blank"]
out_trade_no: ["can't be blank"]
payment_type: ["can't be blank"]
money: ["price and total_fee can not both be blank"]
seller: ["seller_email and seller_id can not both be blank"]
I, [2012-01-13T22:41:43.862912 #6618]  INFO -- : partner: ["can't be blank"]
notify_url: ["can't be blank"]
return_url: ["can't be blank"]
sign: ["can't be blank", "invalid sign"]
sign_type: ["can't be blank"]
subject: ["can't be blank"]
out_trade_no: ["can't be blank"]
payment_type: ["can't be blank"]
money: ["price和total_fee不能同时出现"]
quantity: ["if price is not blank, must input quantity"]
seller: ["seller_email and seller_id can not both be blank"]
I, [2012-01-13T22:41:43.869657 #6618]  INFO -- : partner: ["can't be blank"]
notify_url: ["can't be blank"]
return_url: ["can't be blank"]
sign: ["can't be blank", "invalid sign"]
sign_type: ["can't be blank"]
subject: ["can't be blank"]
out_trade_no: ["can't be blank"]
payment_type: ["can't be blank"]
money: ["price and total_fee can not both be blank"]
seller: ["seller_email and seller_id can not both be blank"]
I, [2012-01-13T22:41:43.875382 #6618]  INFO -- : notify_url: ["can't be blank"]
return_url: ["can't be blank"]
sign_type: ["can't be blank"]
subject: ["can't be blank"]
out_trade_no: ["can't be blank"]
payment_type: ["can't be blank"]
money: ["price and total_fee can not both be blank"]
seller: ["seller_email and seller_id can not both be blank"]
sign: ["invalid sign"]
I, [2012-01-13T22:41:43.881050 #6618]  INFO -- : notify_url: ["can't be blank"]
return_url: ["can't be blank"]
sign_type: ["can't be blank"]
subject: ["can't be blank"]
out_trade_no: ["can't be blank"]
payment_type: ["can't be blank"]
money: ["price and total_fee can not both be blank"]
seller: ["seller_email and seller_id can not both be blank"]
I, [2012-01-13T22:42:11.141269 #7115]  INFO -- : partner: ["can't be blank"]
notify_url: ["can't be blank"]
return_url: ["can't be blank"]
sign: ["can't be blank", "invalid sign"]
sign_type: ["can't be blank"]
subject: ["can't be blank"]
out_trade_no: ["can't be blank"]
payment_type: ["can't be blank"]
money: ["price and total_fee can not both be blank"]
seller: ["seller_email and seller_id can not both be blank"]
I, [2012-01-13T22:42:11.148555 #7115]  INFO -- : partner: ["can't be blank"]
notify_url: ["can't be blank"]
return_url: ["can't be blank"]
sign: ["can't be blank", "invalid sign"]
sign_type: ["can't be blank"]
subject: ["can't be blank"]
out_trade_no: ["can't be blank"]
payment_type: ["can't be blank"]
money: ["price and total_fee can not both be blank"]
seller: ["seller_email and seller_id can not both be blank"]
_input_charset: ["should be utf-8 or gb2312"]
I, [2012-01-13T22:42:11.155101 #7115]  INFO -- : partner: ["can't be blank"]
notify_url: ["can't be blank"]
return_url: ["can't be blank"]
sign: ["can't be blank", "invalid sign"]
sign_type: ["can't be blank"]
subject: ["can't be blank"]
out_trade_no: ["can't be blank"]
payment_type: ["can't be blank"]
money: ["price and total_fee can not both be blank"]
seller: ["seller_email and seller_id can not both be blank"]
I, [2012-01-13T22:42:11.180649 #7115]  INFO -- : partner: ["can't be blank"]
notify_url: ["can't be blank"]
return_url: ["can't be blank"]
sign: ["can't be blank", "invalid sign"]
sign_type: ["can't be blank"]
subject: ["can't be blank"]
out_trade_no: ["can't be blank"]
payment_type: ["can't be blank"]
money: ["price and total_fee can not both be blank"]
seller: ["seller_email and seller_id can not both be blank"]
I, [2012-01-13T22:42:11.187571 #7115]  INFO -- : partner: ["can't be blank"]
notify_url: ["can't be blank"]
return_url: ["can't be blank"]
sign: ["can't be blank", "invalid sign"]
sign_type: ["can't be blank"]
subject: ["can't be blank"]
out_trade_no: ["can't be blank"]
payment_type: ["can't be blank"]
price: ["format should be Number(13, 2)"]
total_fee: ["format should be Number(13, 2)"]
money: ["price和total_fee不能同时出现"]
quantity: ["if price is not blank, must input quantity"]
seller: ["seller_email and seller_id can not both be blank"]
I, [2012-01-13T22:42:11.193660 #7115]  INFO -- : partner: ["can't be blank"]
notify_url: ["can't be blank"]
return_url: ["can't be blank"]
sign: ["can't be blank", "invalid sign"]
sign_type: ["can't be blank"]
subject: ["can't be blank"]
out_trade_no: ["can't be blank"]
payment_type: ["can't be blank"]
quantity: ["if price is not blank, must input quantity"]
seller: ["seller_email and seller_id can not both be blank"]
I, [2012-01-13T22:42:11.200062 #7115]  INFO -- : partner: ["can't be blank"]
notify_url: ["can't be blank"]
return_url: ["can't be blank"]
sign: ["can't be blank", "invalid sign"]
sign_type: ["can't be blank"]
subject: ["can't be blank"]
out_trade_no: ["can't be blank"]
payment_type: ["can't be blank"]
money: ["price and total_fee can not both be blank"]
seller: ["seller_email and seller_id can not both be blank"]
I, [2012-01-13T22:42:11.206738 #7115]  INFO -- : notify_url: ["can't be blank"]
return_url: ["can't be blank"]
sign: ["can't be blank", "invalid sign"]
sign_type: ["can't be blank"]
subject: ["can't be blank"]
out_trade_no: ["can't be blank"]
partner: ["is too long (maximum is 16 characters)", "not exist"]
payment_type: ["is too long (maximum is 4 characters)"]
money: ["price and total_fee can not both be blank"]
seller: ["seller_email and seller_id can not both be blank"]
I, [2012-01-13T22:42:11.212876 #7115]  INFO -- : partner: ["can't be blank"]
notify_url: ["can't be blank"]
return_url: ["can't be blank"]
sign: ["can't be blank", "invalid sign"]
sign_type: ["can't be blank"]
subject: ["can't be blank"]
out_trade_no: ["can't be blank"]
payment_type: ["can't be blank"]
quantity: ["should be integer and between 1~999999"]
money: ["price and total_fee can not both be blank"]
seller: ["seller_email and seller_id can not both be blank"]
I, [2012-01-13T22:42:11.219046 #7115]  INFO -- : partner: ["can't be blank"]
notify_url: ["can't be blank"]
return_url: ["can't be blank"]
sign: ["can't be blank", "invalid sign"]
sign_type: ["can't be blank"]
subject: ["can't be blank"]
out_trade_no: ["can't be blank"]
payment_type: ["can't be blank"]
quantity: ["should be integer and between 1~999999"]
money: ["price and total_fee can not both be blank"]
seller: ["seller_email and seller_id can not both be blank"]
I, [2012-01-13T22:42:11.224747 #7115]  INFO -- : partner: ["can't be blank"]
notify_url: ["can't be blank"]
return_url: ["can't be blank"]
sign: ["can't be blank", "invalid sign"]
sign_type: ["can't be blank"]
subject: ["can't be blank"]
out_trade_no: ["can't be blank"]
payment_type: ["can't be blank"]
quantity: ["should be integer and between 1~999999"]
money: ["price and total_fee can not both be blank"]
seller: ["seller_email and seller_id can not both be blank"]
I, [2012-01-13T22:42:11.230737 #7115]  INFO -- : notify_url: ["can't be blank"]
return_url: ["can't be blank"]
sign: ["can't be blank", "invalid sign"]
sign_type: ["can't be blank"]
subject: ["can't be blank"]
out_trade_no: ["can't be blank"]
payment_type: ["can't be blank"]
money: ["price and total_fee can not both be blank"]
seller: ["seller_email and seller_id can not both be blank"]
partner: ["not exist"]
I, [2012-01-13T22:42:11.236344 #7115]  INFO -- : notify_url: ["can't be blank"]
return_url: ["can't be blank"]
sign: ["can't be blank", "invalid sign"]
sign_type: ["can't be blank"]
subject: ["can't be blank"]
out_trade_no: ["can't be blank"]
payment_type: ["can't be blank"]
money: ["price and total_fee can not both be blank"]
seller: ["seller_email and seller_id can not both be blank"]
I, [2012-01-13T22:42:11.243347 #7115]  INFO -- : service: ["can't be blank"]
partner: ["can't be blank"]
notify_url: ["can't be blank"]
return_url: ["can't be blank"]
sign: ["can't be blank", "invalid sign"]
sign_type: ["can't be blank"]
subject: ["can't be blank"]
out_trade_no: ["can't be blank"]
payment_type: ["can't be blank"]
money: ["price and total_fee can not both be blank"]
seller: ["seller_email and seller_id can not both be blank"]
I, [2012-01-13T22:42:11.250019 #7115]  INFO -- : partner: ["can't be blank"]
notify_url: ["can't be blank"]
return_url: ["can't be blank"]
sign: ["can't be blank", "invalid sign"]
sign_type: ["can't be blank"]
subject: ["can't be blank"]
out_trade_no: ["can't be blank"]
payment_type: ["can't be blank"]
money: ["price和total_fee不能同时出现"]
quantity: ["if price is not blank, must input quantity"]
seller: ["seller_email and seller_id can not both be blank"]
I, [2012-01-13T22:42:11.256288 #7115]  INFO -- : partner: ["can't be blank"]
notify_url: ["can't be blank"]
return_url: ["can't be blank"]
sign: ["can't be blank", "invalid sign"]
sign_type: ["can't be blank"]
subject: ["can't be blank"]
out_trade_no: ["can't be blank"]
payment_type: ["can't be blank"]
money: ["price and total_fee can not both be blank"]
seller: ["seller_email and seller_id can not both be blank"]
I, [2012-01-13T22:42:11.263157 #7115]  INFO -- : notify_url: ["can't be blank"]
return_url: ["can't be blank"]
sign_type: ["can't be blank"]
subject: ["can't be blank"]
out_trade_no: ["can't be blank"]
payment_type: ["can't be blank"]
money: ["price and total_fee can not both be blank"]
seller: ["seller_email and seller_id can not both be blank"]
sign: ["invalid sign"]
I, [2012-01-13T22:42:11.269171 #7115]  INFO -- : notify_url: ["can't be blank"]
return_url: ["can't be blank"]
sign_type: ["can't be blank"]
subject: ["can't be blank"]
out_trade_no: ["can't be blank"]
payment_type: ["can't be blank"]
money: ["price and total_fee can not both be blank"]
seller: ["seller_email and seller_id can not both be blank"]
I, [2012-01-13T22:42:35.317144 #7549]  INFO -- : partner: ["can't be blank"]
notify_url: ["can't be blank"]
return_url: ["can't be blank"]
sign: ["can't be blank", "invalid sign"]
sign_type: ["can't be blank"]
subject: ["can't be blank"]
out_trade_no: ["can't be blank"]
payment_type: ["can't be blank"]
money: ["price and total_fee can not both be blank"]
seller: ["seller_email and seller_id can not both be blank"]
I, [2012-01-13T22:42:35.323541 #7549]  INFO -- : partner: ["can't be blank"]
notify_url: ["can't be blank"]
return_url: ["can't be blank"]
sign: ["can't be blank", "invalid sign"]
sign_type: ["can't be blank"]
subject: ["can't be blank"]
out_trade_no: ["can't be blank"]
payment_type: ["can't be blank"]
money: ["price and total_fee can not both be blank"]
seller: ["seller_email and seller_id can not both be blank"]
_input_charset: ["should be utf-8 or gb2312"]
I, [2012-01-13T22:42:35.329446 #7549]  INFO -- : partner: ["can't be blank"]
notify_url: ["can't be blank"]
return_url: ["can't be blank"]
sign: ["can't be blank", "invalid sign"]
sign_type: ["can't be blank"]
subject: ["can't be blank"]
out_trade_no: ["can't be blank"]
payment_type: ["can't be blank"]
money: ["price and total_fee can not both be blank"]
seller: ["seller_email and seller_id can not both be blank"]
I, [2012-01-13T22:42:35.357666 #7549]  INFO -- : partner: ["can't be blank"]
notify_url: ["can't be blank"]
return_url: ["can't be blank"]
sign: ["can't be blank", "invalid sign"]
sign_type: ["can't be blank"]
subject: ["can't be blank"]
out_trade_no: ["can't be blank"]
payment_type: ["can't be blank"]
money: ["price and total_fee can not both be blank"]
seller: ["seller_email and seller_id can not both be blank"]
I, [2012-01-13T22:42:35.364599 #7549]  INFO -- : partner: ["can't be blank"]
notify_url: ["can't be blank"]
return_url: ["can't be blank"]
sign: ["can't be blank", "invalid sign"]
sign_type: ["can't be blank"]
subject: ["can't be blank"]
out_trade_no: ["can't be blank"]
payment_type: ["can't be blank"]
price: ["format should be Number(13, 2)"]
total_fee: ["format should be Number(13, 2)"]
money: ["price和total_fee不能同时出现"]
quantity: ["if price is not blank, must input quantity"]
seller: ["seller_email and seller_id can not both be blank"]
I, [2012-01-13T22:42:35.370972 #7549]  INFO -- : partner: ["can't be blank"]
notify_url: ["can't be blank"]
return_url: ["can't be blank"]
sign: ["can't be blank", "invalid sign"]
sign_type: ["can't be blank"]
subject: ["can't be blank"]
out_trade_no: ["can't be blank"]
payment_type: ["can't be blank"]
quantity: ["if price is not blank, must input quantity"]
seller: ["seller_email and seller_id can not both be blank"]
I, [2012-01-13T22:42:35.377275 #7549]  INFO -- : partner: ["can't be blank"]
notify_url: ["can't be blank"]
return_url: ["can't be blank"]
sign: ["can't be blank", "invalid sign"]
sign_type: ["can't be blank"]
subject: ["can't be blank"]
out_trade_no: ["can't be blank"]
payment_type: ["can't be blank"]
money: ["price and total_fee can not both be blank"]
seller: ["seller_email and seller_id can not both be blank"]
I, [2012-01-13T22:42:35.384193 #7549]  INFO -- : notify_url: ["can't be blank"]
return_url: ["can't be blank"]
sign: ["can't be blank", "invalid sign"]
sign_type: ["can't be blank"]
subject: ["can't be blank"]
out_trade_no: ["can't be blank"]
partner: ["is too long (maximum is 16 characters)", "not exist"]
payment_type: ["is too long (maximum is 4 characters)"]
money: ["price and total_fee can not both be blank"]
seller: ["seller_email and seller_id can not both be blank"]
I, [2012-01-13T22:42:35.390350 #7549]  INFO -- : partner: ["can't be blank"]
notify_url: ["can't be blank"]
return_url: ["can't be blank"]
sign: ["can't be blank", "invalid sign"]
sign_type: ["can't be blank"]
subject: ["can't be blank"]
out_trade_no: ["can't be blank"]
payment_type: ["can't be blank"]
quantity: ["should be integer and between 1~999999"]
money: ["price and total_fee can not both be blank"]
seller: ["seller_email and seller_id can not both be blank"]
I, [2012-01-13T22:42:35.396387 #7549]  INFO -- : partner: ["can't be blank"]
notify_url: ["can't be blank"]
return_url: ["can't be blank"]
sign: ["can't be blank", "invalid sign"]
sign_type: ["can't be blank"]
subject: ["can't be blank"]
out_trade_no: ["can't be blank"]
payment_type: ["can't be blank"]
quantity: ["should be integer and between 1~999999"]
money: ["price and total_fee can not both be blank"]
seller: ["seller_email and seller_id can not both be blank"]
I, [2012-01-13T22:42:35.402462 #7549]  INFO -- : partner: ["can't be blank"]
notify_url: ["can't be blank"]
return_url: ["can't be blank"]
sign: ["can't be blank", "invalid sign"]
sign_type: ["can't be blank"]
subject: ["can't be blank"]
out_trade_no: ["can't be blank"]
payment_type: ["can't be blank"]
quantity: ["should be integer and between 1~999999"]
money: ["price and total_fee can not both be blank"]
seller: ["seller_email and seller_id can not both be blank"]
I, [2012-01-13T22:42:35.408396 #7549]  INFO -- : notify_url: ["can't be blank"]
return_url: ["can't be blank"]
sign: ["can't be blank", "invalid sign"]
sign_type: ["can't be blank"]
subject: ["can't be blank"]
out_trade_no: ["can't be blank"]
payment_type: ["can't be blank"]
money: ["price and total_fee can not both be blank"]
seller: ["seller_email and seller_id can not both be blank"]
partner: ["not exist"]
I, [2012-01-13T22:42:35.414208 #7549]  INFO -- : notify_url: ["can't be blank"]
return_url: ["can't be blank"]
sign: ["can't be blank", "invalid sign"]
sign_type: ["can't be blank"]
subject: ["can't be blank"]
out_trade_no: ["can't be blank"]
payment_type: ["can't be blank"]
money: ["price and total_fee can not both be blank"]
seller: ["seller_email and seller_id can not both be blank"]
I, [2012-01-13T22:42:35.421065 #7549]  INFO -- : service: ["can't be blank"]
partner: ["can't be blank"]
notify_url: ["can't be blank"]
return_url: ["can't be blank"]
sign: ["can't be blank", "invalid sign"]
sign_type: ["can't be blank"]
subject: ["can't be blank"]
out_trade_no: ["can't be blank"]
payment_type: ["can't be blank"]
money: ["price and total_fee can not both be blank"]
seller: ["seller_email and seller_id can not both be blank"]
I, [2012-01-13T22:42:35.427114 #7549]  INFO -- : partner: ["can't be blank"]
notify_url: ["can't be blank"]
return_url: ["can't be blank"]
sign: ["can't be blank", "invalid sign"]
sign_type: ["can't be blank"]
subject: ["can't be blank"]
out_trade_no: ["can't be blank"]
payment_type: ["can't be blank"]
money: ["price和total_fee不能同时出现"]
quantity: ["if price is not blank, must input quantity"]
seller: ["seller_email and seller_id can not both be blank"]
I, [2012-01-13T22:42:35.433216 #7549]  INFO -- : partner: ["can't be blank"]
notify_url: ["can't be blank"]
return_url: ["can't be blank"]
sign: ["can't be blank", "invalid sign"]
sign_type: ["can't be blank"]
subject: ["can't be blank"]
out_trade_no: ["can't be blank"]
payment_type: ["can't be blank"]
money: ["price and total_fee can not both be blank"]
seller: ["seller_email and seller_id can not both be blank"]
I, [2012-01-13T22:42:35.439369 #7549]  INFO -- : notify_url: ["can't be blank"]
return_url: ["can't be blank"]
sign_type: ["can't be blank"]
subject: ["can't be blank"]
out_trade_no: ["can't be blank"]
payment_type: ["can't be blank"]
money: ["price and total_fee can not both be blank"]
seller: ["seller_email and seller_id can not both be blank"]
sign: ["invalid sign"]
I, [2012-01-13T22:42:35.445262 #7549]  INFO -- : notify_url: ["can't be blank"]
return_url: ["can't be blank"]
sign_type: ["can't be blank"]
subject: ["can't be blank"]
out_trade_no: ["can't be blank"]
payment_type: ["can't be blank"]
money: ["price and total_fee can not both be blank"]
seller: ["seller_email and seller_id can not both be blank"]
I, [2012-01-13T22:50:25.986048 #16030]  INFO -- : v_md5info: ["can't be blank"]
sign: ["invalid v_md5info"]
I, [2012-01-13T22:50:25.993436 #16030]  INFO -- : v_md5info: ["can't be blank"]
sign: ["invalid v_md5info"]
v_oid: ["is too long (maximum is 64 characters)"]
v_url: ["is too long (maximum is 200 characters)"]
I, [2012-01-13T22:50:26.023949 #16030]  INFO -- : v_md5info: ["can't be blank"]
sign: ["invalid v_md5info"]
v_amount: ["format should be Number(6, 2)"]
I, [2012-01-13T22:50:26.030898 #16030]  INFO -- : v_md5info: ["can't be blank"]
sign: ["invalid v_md5info"]
v_mid: ["商户编号不存在"]
I, [2012-01-13T22:50:26.036825 #16030]  INFO -- : v_md5info: ["can't be blank"]
sign: ["invalid v_md5info"]
I, [2012-01-13T22:50:26.042463 #16030]  INFO -- : v_mid: ["can't be blank"]
v_oid: ["can't be blank"]
v_amount: ["can't be blank"]
v_moneytype: ["can't be blank"]
v_url: ["can't be blank"]
v_md5info: ["can't be blank"]
sign: ["invalid v_md5info"]
I, [2012-01-13T22:50:26.048511 #16030]  INFO -- : sign: ["invalid v_md5info"]
I, [2012-01-13T22:50:52.714820 #16501]  INFO -- : partner: ["can't be blank"]
notify_url: ["can't be blank"]
return_url: ["can't be blank"]
sign: ["can't be blank", "invalid sign"]
sign_type: ["can't be blank"]
subject: ["can't be blank"]
out_trade_no: ["can't be blank"]
payment_type: ["can't be blank"]
money: ["price and total_fee can not both be blank"]
seller: ["seller_email and seller_id can not both be blank"]
I, [2012-01-13T22:50:52.744720 #16501]  INFO -- : partner: ["can't be blank"]
notify_url: ["can't be blank"]
return_url: ["can't be blank"]
sign: ["can't be blank", "invalid sign"]
sign_type: ["can't be blank"]
subject: ["can't be blank"]
out_trade_no: ["can't be blank"]
payment_type: ["can't be blank"]
money: ["price and total_fee can not both be blank"]
seller: ["seller_email and seller_id can not both be blank"]
_input_charset: ["should be utf-8 or gb2312"]
I, [2012-01-13T22:50:52.751230 #16501]  INFO -- : partner: ["can't be blank"]
notify_url: ["can't be blank"]
return_url: ["can't be blank"]
sign: ["can't be blank", "invalid sign"]
sign_type: ["can't be blank"]
subject: ["can't be blank"]
out_trade_no: ["can't be blank"]
payment_type: ["can't be blank"]
money: ["price and total_fee can not both be blank"]
seller: ["seller_email and seller_id can not both be blank"]
I, [2012-01-13T22:50:52.757189 #16501]  INFO -- : partner: ["can't be blank"]
notify_url: ["can't be blank"]
return_url: ["can't be blank"]
sign: ["can't be blank", "invalid sign"]
sign_type: ["can't be blank"]
subject: ["can't be blank"]
out_trade_no: ["can't be blank"]
payment_type: ["can't be blank"]
money: ["price and total_fee can not both be blank"]
seller: ["seller_email and seller_id can not both be blank"]
I, [2012-01-13T22:50:52.765190 #16501]  INFO -- : partner: ["can't be blank"]
notify_url: ["can't be blank"]
return_url: ["can't be blank"]
sign: ["can't be blank", "invalid sign"]
sign_type: ["can't be blank"]
subject: ["can't be blank"]
out_trade_no: ["can't be blank"]
payment_type: ["can't be blank"]
price: ["format should be Number(13, 2)"]
total_fee: ["format should be Number(13, 2)"]
money: ["price和total_fee不能同时出现"]
quantity: ["if price is not blank, must input quantity"]
seller: ["seller_email and seller_id can not both be blank"]
I, [2012-01-13T22:50:52.773009 #16501]  INFO -- : partner: ["can't be blank"]
notify_url: ["can't be blank"]
return_url: ["can't be blank"]
sign: ["can't be blank", "invalid sign"]
sign_type: ["can't be blank"]
subject: ["can't be blank"]
out_trade_no: ["can't be blank"]
payment_type: ["can't be blank"]
quantity: ["if price is not blank, must input quantity"]
seller: ["seller_email and seller_id can not both be blank"]
I, [2012-01-13T22:50:52.785243 #16501]  INFO -- : partner: ["can't be blank"]
notify_url: ["can't be blank"]
return_url: ["can't be blank"]
sign: ["can't be blank", "invalid sign"]
sign_type: ["can't be blank"]
subject: ["can't be blank"]
out_trade_no: ["can't be blank"]
payment_type: ["can't be blank"]
money: ["price and total_fee can not both be blank"]
seller: ["seller_email and seller_id can not both be blank"]
I, [2012-01-13T22:50:52.792104 #16501]  INFO -- : notify_url: ["can't be blank"]
return_url: ["can't be blank"]
sign: ["can't be blank", "invalid sign"]
sign_type: ["can't be blank"]
subject: ["can't be blank"]
out_trade_no: ["can't be blank"]
partner: ["is too long (maximum is 16 characters)", "not exist"]
payment_type: ["is too long (maximum is 4 characters)"]
money: ["price and total_fee can not both be blank"]
seller: ["seller_email and seller_id can not both be blank"]
I, [2012-01-13T22:50:52.798657 #16501]  INFO -- : partner: ["can't be blank"]
notify_url: ["can't be blank"]
return_url: ["can't be blank"]
sign: ["can't be blank", "invalid sign"]
sign_type: ["can't be blank"]
subject: ["can't be blank"]
out_trade_no: ["can't be blank"]
payment_type: ["can't be blank"]
quantity: ["should be integer and between 1~999999"]
money: ["price and total_fee can not both be blank"]
seller: ["seller_email and seller_id can not both be blank"]
I, [2012-01-13T22:50:52.807367 #16501]  INFO -- : partner: ["can't be blank"]
notify_url: ["can't be blank"]
return_url: ["can't be blank"]
sign: ["can't be blank", "invalid sign"]
sign_type: ["can't be blank"]
subject: ["can't be blank"]
out_trade_no: ["can't be blank"]
payment_type: ["can't be blank"]
quantity: ["should be integer and between 1~999999"]
money: ["price and total_fee can not both be blank"]
seller: ["seller_email and seller_id can not both be blank"]
I, [2012-01-13T22:50:52.813896 #16501]  INFO -- : partner: ["can't be blank"]
notify_url: ["can't be blank"]
return_url: ["can't be blank"]
sign: ["can't be blank", "invalid sign"]
sign_type: ["can't be blank"]
subject: ["can't be blank"]
out_trade_no: ["can't be blank"]
payment_type: ["can't be blank"]
quantity: ["should be integer and between 1~999999"]
money: ["price and total_fee can not both be blank"]
seller: ["seller_email and seller_id can not both be blank"]
I, [2012-01-13T22:50:52.820787 #16501]  INFO -- : notify_url: ["can't be blank"]
return_url: ["can't be blank"]
sign: ["can't be blank", "invalid sign"]
sign_type: ["can't be blank"]
subject: ["can't be blank"]
out_trade_no: ["can't be blank"]
payment_type: ["can't be blank"]
money: ["price and total_fee can not both be blank"]
seller: ["seller_email and seller_id can not both be blank"]
partner: ["not exist"]
I, [2012-01-13T22:50:52.826857 #16501]  INFO -- : notify_url: ["can't be blank"]
return_url: ["can't be blank"]
sign: ["can't be blank", "invalid sign"]
sign_type: ["can't be blank"]
subject: ["can't be blank"]
out_trade_no: ["can't be blank"]
payment_type: ["can't be blank"]
money: ["price and total_fee can not both be blank"]
seller: ["seller_email and seller_id can not both be blank"]
I, [2012-01-13T22:50:52.834559 #16501]  INFO -- : service: ["can't be blank"]
partner: ["can't be blank"]
notify_url: ["can't be blank"]
return_url: ["can't be blank"]
sign: ["can't be blank", "invalid sign"]
sign_type: ["can't be blank"]
subject: ["can't be blank"]
out_trade_no: ["can't be blank"]
payment_type: ["can't be blank"]
money: ["price and total_fee can not both be blank"]
seller: ["seller_email and seller_id can not both be blank"]
I, [2012-01-13T22:50:52.840856 #16501]  INFO -- : partner: ["can't be blank"]
notify_url: ["can't be blank"]
return_url: ["can't be blank"]
sign: ["can't be blank", "invalid sign"]
sign_type: ["can't be blank"]
subject: ["can't be blank"]
out_trade_no: ["can't be blank"]
payment_type: ["can't be blank"]
money: ["price和total_fee不能同时出现"]
quantity: ["if price is not blank, must input quantity"]
seller: ["seller_email and seller_id can not both be blank"]
I, [2012-01-13T22:50:52.847748 #16501]  INFO -- : partner: ["can't be blank"]
notify_url: ["can't be blank"]
return_url: ["can't be blank"]
sign: ["can't be blank", "invalid sign"]
sign_type: ["can't be blank"]
subject: ["can't be blank"]
out_trade_no: ["can't be blank"]
payment_type: ["can't be blank"]
money: ["price and total_fee can not both be blank"]
seller: ["seller_email and seller_id can not both be blank"]
I, [2012-01-13T22:50:52.853875 #16501]  INFO -- : notify_url: ["can't be blank"]
return_url: ["can't be blank"]
sign_type: ["can't be blank"]
subject: ["can't be blank"]
out_trade_no: ["can't be blank"]
payment_type: ["can't be blank"]
money: ["price and total_fee can not both be blank"]
seller: ["seller_email and seller_id can not both be blank"]
sign: ["invalid sign"]
I, [2012-01-13T22:50:52.859529 #16501]  INFO -- : notify_url: ["can't be blank"]
return_url: ["can't be blank"]
sign_type: ["can't be blank"]
subject: ["can't be blank"]
out_trade_no: ["can't be blank"]
payment_type: ["can't be blank"]
money: ["price and total_fee can not both be blank"]
seller: ["seller_email and seller_id can not both be blank"]
I, [2012-01-13T22:50:52.872415 #16501]  INFO -- : v_md5info: ["can't be blank"]
sign: ["invalid v_md5info"]
I, [2012-01-13T22:50:52.878833 #16501]  INFO -- : v_md5info: ["can't be blank"]
sign: ["invalid v_md5info"]
v_oid: ["is too long (maximum is 64 characters)"]
v_url: ["is too long (maximum is 200 characters)"]
I, [2012-01-13T22:50:52.885077 #16501]  INFO -- : v_md5info: ["can't be blank"]
sign: ["invalid v_md5info"]
v_amount: ["format should be Number(6, 2)"]
I, [2012-01-13T22:50:52.891290 #16501]  INFO -- : v_md5info: ["can't be blank"]
sign: ["invalid v_md5info"]
v_mid: ["商户编号不存在"]
I, [2012-01-13T22:50:52.897090 #16501]  INFO -- : v_md5info: ["can't be blank"]
sign: ["invalid v_md5info"]
I, [2012-01-13T22:50:52.903376 #16501]  INFO -- : v_mid: ["can't be blank"]
v_oid: ["can't be blank"]
v_amount: ["can't be blank"]
v_moneytype: ["can't be blank"]
v_url: ["can't be blank"]
v_md5info: ["can't be blank"]
sign: ["invalid v_md5info"]
I, [2012-01-13T22:50:52.909395 #16501]  INFO -- : sign: ["invalid v_md5info"]
I, [2012-01-13T22:50:52.940572 #16501]  INFO -- : 2012-01-13 22:50:52 +0800:/home/jim/workspace/magpie/lib/magpie/rubber.rb:7}:/home/jim/.rvm/rubies/ruby-1.9.2-p136/lib/ruby/1.9.1/net/http.rb:644:in `initialize'
/home/jim/.rvm/rubies/ruby-1.9.2-p136/lib/ruby/1.9.1/net/http.rb:644:in `open'
/home/jim/.rvm/rubies/ruby-1.9.2-p136/lib/ruby/1.9.1/net/http.rb:644:in `block in connect'
/home/jim/.rvm/rubies/ruby-1.9.2-p136/lib/ruby/1.9.1/timeout.rb:44:in `timeout'
/home/jim/.rvm/rubies/ruby-1.9.2-p136/lib/ruby/1.9.1/timeout.rb:87:in `timeout'
/home/jim/.rvm/rubies/ruby-1.9.2-p136/lib/ruby/1.9.1/net/http.rb:644:in `connect'
/home/jim/.rvm/rubies/ruby-1.9.2-p136/lib/ruby/1.9.1/net/http.rb:637:in `do_start'
/home/jim/.rvm/rubies/ruby-1.9.2-p136/lib/ruby/1.9.1/net/http.rb:626:in `start'
/home/jim/workspace/magpie/lib/magpie/utils.rb:89:in `start_http'
I, [2012-01-13T22:50:52.949720 #16501]  INFO -- : 2012-01-13 22:50:52 +0800:/home/jim/workspace/magpie/lib/magpie/rubber.rb:7}:/home/jim/.rvm/rubies/ruby-1.9.2-p136/lib/ruby/1.9.1/net/http.rb:644:in `initialize'
/home/jim/.rvm/rubies/ruby-1.9.2-p136/lib/ruby/1.9.1/net/http.rb:644:in `open'
/home/jim/.rvm/rubies/ruby-1.9.2-p136/lib/ruby/1.9.1/net/http.rb:644:in `block in connect'
/home/jim/.rvm/rubies/ruby-1.9.2-p136/lib/ruby/1.9.1/timeout.rb:44:in `timeout'
/home/jim/.rvm/rubies/ruby-1.9.2-p136/lib/ruby/1.9.1/timeout.rb:87:in `timeout'
/home/jim/.rvm/rubies/ruby-1.9.2-p136/lib/ruby/1.9.1/net/http.rb:644:in `connect'
/home/jim/.rvm/rubies/ruby-1.9.2-p136/lib/ruby/1.9.1/net/http.rb:637:in `do_start'
/home/jim/.rvm/rubies/ruby-1.9.2-p136/lib/ruby/1.9.1/net/http.rb:626:in `start'
/home/jim/workspace/magpie/lib/magpie/utils.rb:89:in `start_http'
I, [2012-01-13T22:50:52.958542 #16501]  INFO -- : 2012-01-13 22:50:52 +0800:/home/jim/workspace/magpie/lib/magpie/rubber.rb:7}:/home/jim/.rvm/rubies/ruby-1.9.2-p136/lib/ruby/1.9.1/net/http.rb:644:in `initialize'
/home/jim/.rvm/rubies/ruby-1.9.2-p136/lib/ruby/1.9.1/net/http.rb:644:in `open'
/home/jim/.rvm/rubies/ruby-1.9.2-p136/lib/ruby/1.9.1/net/http.rb:644:in `block in connect'
/home/jim/.rvm/rubies/ruby-1.9.2-p136/lib/ruby/1.9.1/timeout.rb:44:in `timeout'
/home/jim/.rvm/rubies/ruby-1.9.2-p136/lib/ruby/1.9.1/timeout.rb:87:in `timeout'
/home/jim/.rvm/rubies/ruby-1.9.2-p136/lib/ruby/1.9.1/net/http.rb:644:in `connect'
/home/jim/.rvm/rubies/ruby-1.9.2-p136/lib/ruby/1.9.1/net/http.rb:637:in `do_start'
/home/jim/.rvm/rubies/ruby-1.9.2-p136/lib/ruby/1.9.1/net/http.rb:626:in `start'
/home/jim/workspace/magpie/lib/magpie/utils.rb:89:in `start_http'
I, [2012-01-13T22:50:52.959709 #16501]  INFO -- : 2012-01-13 22:50:52 +0800:/home/jim/workspace/magpie/lib/magpie/rubber.rb:7}:/home/jim/.rvm/rubies/ruby-1.9.2-p136/lib/ruby/1.9.1/net/http.rb:1593:in `set_form_data'
/home/jim/workspace/magpie/lib/magpie/utils.rb:101:in `post_query'
/home/jim/workspace/magpie/lib/magpie/utils.rb:114:in `block (2 levels) in send_notify'
/home/jim/.rvm/rubies/ruby-1.9.2-p136/lib/ruby/1.9.1/timeout.rb:57:in `timeout'
/home/jim/.rvm/rubies/ruby-1.9.2-p136/lib/ruby/1.9.1/timeout.rb:87:in `timeout'
/home/jim/workspace/magpie/lib/magpie/utils.rb:111:in `block in send_notify'
/home/jim/workspace/magpie/lib/magpie/rubber.rb:5:in `try'
/home/jim/workspace/magpie/lib/magpie/utils.rb:110:in `send_notify'
/home/jim/workspace/magpie/test/test_utils.rb:13:in `test_send_notify_timeout'
I, [2012-01-13T22:50:52.960184 #16501]  INFO -- : 2012-01-13 22:50:52 +0800:/home/jim/workspace/magpie/lib/magpie/rubber.rb:7}:/home/jim/.rvm/rubies/ruby-1.9.2-p136/lib/ruby/1.9.1/net/http.rb:1593:in `set_form_data'
/home/jim/workspace/magpie/lib/magpie/utils.rb:101:in `post_query'
/home/jim/workspace/magpie/lib/magpie/utils.rb:114:in `block (2 levels) in send_notify'
/home/jim/.rvm/rubies/ruby-1.9.2-p136/lib/ruby/1.9.1/timeout.rb:57:in `timeout'
/home/jim/.rvm/rubies/ruby-1.9.2-p136/lib/ruby/1.9.1/timeout.rb:87:in `timeout'
/home/jim/workspace/magpie/lib/magpie/utils.rb:111:in `block in send_notify'
/home/jim/workspace/magpie/lib/magpie/rubber.rb:5:in `try'
/home/jim/workspace/magpie/lib/magpie/utils.rb:110:in `send_notify'
/home/jim/workspace/magpie/test/test_utils.rb:13:in `test_send_notify_timeout'
I, [2012-01-13T22:50:52.960669 #16501]  INFO -- : 2012-01-13 22:50:52 +0800:/home/jim/workspace/magpie/lib/magpie/rubber.rb:7}:/home/jim/.rvm/rubies/ruby-1.9.2-p136/lib/ruby/1.9.1/net/http.rb:1593:in `set_form_data'
/home/jim/workspace/magpie/lib/magpie/utils.rb:101:in `post_query'
/home/jim/workspace/magpie/lib/magpie/utils.rb:114:in `block (2 levels) in send_notify'
/home/jim/.rvm/rubies/ruby-1.9.2-p136/lib/ruby/1.9.1/timeout.rb:57:in `timeout'
/home/jim/.rvm/rubies/ruby-1.9.2-p136/lib/ruby/1.9.1/timeout.rb:87:in `timeout'
/home/jim/workspace/magpie/lib/magpie/utils.rb:111:in `block in send_notify'
/home/jim/workspace/magpie/lib/magpie/rubber.rb:5:in `try'
/home/jim/workspace/magpie/lib/magpie/utils.rb:110:in `send_notify'
/home/jim/workspace/magpie/test/test_utils.rb:13:in `test_send_notify_timeout'
I, [2012-01-13T22:50:52.966277 #16501]  INFO -- : service: ["can't be blank"]
partner: ["can't be blank"]
notify_url: ["can't be blank"]
return_url: ["can't be blank"]
sign: ["can't be blank", "invalid sign"]
sign_type: ["can't be blank"]
subject: ["can't be blank"]
out_trade_no: ["can't be blank"]
payment_type: ["can't be blank"]
money: ["price and total_fee can not both be blank"]
seller: ["seller_email and seller_id can not both be blank"]
I, [2012-01-13T22:50:52.973167 #16501]  INFO -- : v_mid: ["can't be blank"]
v_oid: ["can't be blank"]
v_amount: ["can't be blank"]
v_moneytype: ["can't be blank"]
v_url: ["can't be blank"]
v_md5info: ["can't be blank"]
sign: ["invalid v_md5info"]
I, [2012-01-13T22:50:52.979938 #16501]  INFO -- : v_mid: ["can't be blank"]
v_oid: ["can't be blank"]
v_amount: ["can't be blank"]
v_moneytype: ["can't be blank"]
v_url: ["can't be blank"]
v_md5info: ["can't be blank"]
sign: ["invalid v_md5info"]
I, [2012-01-13T22:50:52.985462 #16501]  INFO -- : #<NoMethodError: undefined method `split' for nil:NilClass>:
/home/jim/workspace/magpie/lib/middles/snake.rb:101:in `query_to_hash'
/home/jim/workspace/magpie/lib/middles/snake.rb:84:in `order_pay'
/home/jim/workspace/magpie/lib/middles/snake.rb:10:in `call'
/home/jim/workspace/magpie/lib/middles/snake.rb:10:in `block in reg'
/home/jim/workspace/magpie/lib/middles/snake.rb:24:in `call'
/home/jim/workspace/magpie/lib/middles/snake.rb:24:in `block in call'
/home/jim/workspace/magpie/lib/middles/snake.rb:22:in `each'
/home/jim/workspace/magpie/lib/middles/snake.rb:22:in `call'
/home/jim/.rvm/gems/ruby-1.9.2-p136/gems/rack-1.4.0/lib/rack/static.rb:66:in `call'
I, [2012-01-13T22:50:52.990435 #16501]  INFO -- : service: ["can't be blank"]
partner: ["can't be blank"]
notify_url: ["can't be blank"]
return_url: ["can't be blank"]
sign: ["can't be blank", "invalid sign"]
sign_type: ["can't be blank"]
subject: ["can't be blank"]
out_trade_no: ["can't be blank"]
payment_type: ["can't be blank"]
money: ["price and total_fee can not both be blank"]
seller: ["seller_email and seller_id can not both be blank"]
I, [2012-01-13T22:50:53.000723 #16501]  INFO -- : cmdno: ["can't be blank"]
date: ["can't be blank"]
bank_type: ["can't be blank"]
desc: ["can't be blank"]
bargainor_id: ["can't be blank"]
transaction_id: ["can't be blank"]
sp_billno: ["can't be blank"]
total_fee: ["can't be blank"]
fee_type: ["can't be blank"]
return_url: ["can't be blank"]
attach: ["can't be blank"]
spbill_create_ip: ["can't be blank"]
sign: ["can't be blank", "invalid sign"]
I, [2012-01-13T22:50:53.006448 #16501]  INFO -- : cmdno: ["can't be blank"]
date: ["can't be blank"]
bank_type: ["can't be blank"]
desc: ["can't be blank"]
bargainor_id: ["can't be blank"]
transaction_id: ["can't be blank"]
sp_billno: ["can't be blank"]
total_fee: ["can't be blank"]
fee_type: ["can't be blank"]
return_url: ["can't be blank"]
attach: ["can't be blank"]
spbill_create_ip: ["can't be blank"]
sign: ["can't be blank", "invalid sign"]
I, [2012-01-13T22:50:53.015410 #16501]  INFO -- : bank_type: ["can't be blank"]
desc: ["can't be blank"]
sign: ["can't be blank", "invalid sign"]
transaction_id: ["格式错误,transaction_id为28位长的数值,其中前10位为商户网站编号(SPID)，由财付通统一分配;之后8位为订单产生的日期,如20050415;最后10位商户需要保证一天内不同的事务(用户订购一次商品或购买一次服务),其ID不相同"]
I, [2012-01-13T22:50:53.021852 #16501]  INFO -- : bank_type: ["can't be blank"]
desc: ["can't be blank"]
sign: ["can't be blank", "invalid sign"]
transaction_id: ["格式错误,transaction_id为28位长的数值,其中前10位为商户网站编号(SPID)，由财付通统一分配;之后8位为订单产生的日期,如20050415;最后10位商户需要保证一天内不同的事务(用户订购一次商品或购买一次服务),其ID不相同"]
I, [2012-01-13T22:50:53.029068 #16501]  INFO -- : bank_type: ["can't be blank"]
desc: ["can't be blank"]
sign: ["can't be blank", "invalid sign"]
transaction_id: ["格式错误,transaction_id为28位长的数值,其中前10位为商户网站编号(SPID)，由财付通统一分配;之后8位为订单产生的日期,如20050415;最后10位商户需要保证一天内不同的事务(用户订购一次商品或购买一次服务),其ID不相同"]
I, [2012-01-13T22:50:53.034575 #16501]  INFO -- : cmdno: ["can't be blank"]
date: ["can't be blank"]
bank_type: ["can't be blank"]
desc: ["can't be blank"]
bargainor_id: ["can't be blank"]
transaction_id: ["can't be blank"]
sp_billno: ["can't be blank"]
total_fee: ["can't be blank"]
fee_type: ["can't be blank"]
return_url: ["can't be blank"]
attach: ["can't be blank"]
spbill_create_ip: ["can't be blank"]
sign: ["can't be blank", "invalid sign"]
I, [2012-01-13T22:50:53.040946 #16501]  INFO -- : bank_type: ["can't be blank"]
desc: ["can't be blank"]
sign: ["can't be blank", "invalid sign"]
I, [2012-01-13T22:50:53.047848 #16501]  INFO -- : bank_type: ["can't be blank"]
desc: ["can't be blank"]
sign: ["can't be blank", "invalid sign"]
transaction_id: ["格式错误,transaction_id为28位长的数值,其中前10位为商户网站编号(SPID)，由财付通统一分配;之后8位为订单产生的日期,如20050415;最后10位商户需要保证一天内不同的事务(用户订购一次商品或购买一次服务),其ID不相同"]
total_fee: ["格式错误,只能为数字,以分为单位,不允许包含任何字符"]
I, [2012-01-13T22:50:53.054450 #16501]  INFO -- : bank_type: ["can't be blank"]
desc: ["can't be blank"]
sign: ["can't be blank", "invalid sign"]
transaction_id: ["格式错误,transaction_id为28位长的数值,其中前10位为商户网站编号(SPID)，由财付通统一分配;之后8位为订单产生的日期,如20050415;最后10位商户需要保证一天内不同的事务(用户订购一次商品或购买一次服务),其ID不相同"]
total_fee: ["格式错误,只能为数字,以分为单位,不允许包含任何字符"]
I, [2012-01-13T22:50:53.060723 #16501]  INFO -- : bank_type: ["can't be blank"]
desc: ["can't be blank"]
sign: ["can't be blank", "invalid sign"]
transaction_id: ["格式错误,transaction_id为28位长的数值,其中前10位为商户网站编号(SPID)，由财付通统一分配;之后8位为订单产生的日期,如20050415;最后10位商户需要保证一天内不同的事务(用户订购一次商品或购买一次服务),其ID不相同"]
I, [2012-01-13T22:50:53.067042 #16501]  INFO -- : bank_type: ["can't be blank"]
desc: ["can't be blank"]
sign: ["can't be blank", "invalid sign"]
transaction_id: ["格式错误,transaction_id为28位长的数值,其中前10位为商户网站编号(SPID)，由财付通统一分配;之后8位为订单产生的日期,如20050415;最后10位商户需要保证一天内不同的事务(用户订购一次商品或购买一次服务),其ID不相同"]
fee_type: ["目前只支持人民币,请填1"]
I, [2012-01-13T22:50:53.073381 #16501]  INFO -- : bank_type: ["can't be blank"]
desc: ["can't be blank"]
sign: ["can't be blank", "invalid sign"]
transaction_id: ["格式错误,transaction_id为28位长的数值,其中前10位为商户网站编号(SPID)，由财付通统一分配;之后8位为订单产生的日期,如20050415;最后10位商户需要保证一天内不同的事务(用户订购一次商品或购买一次服务),其ID不相同"]
I, [2012-01-13T22:50:53.079753 #16501]  INFO -- : bank_type: ["can't be blank"]
desc: ["can't be blank"]
sign: ["can't be blank", "invalid sign"]
transaction_id: ["格式错误,transaction_id为28位长的数值,其中前10位为商户网站编号(SPID)，由财付通统一分配;之后8位为订单产生的日期,如20050415;最后10位商户需要保证一天内不同的事务(用户订购一次商品或购买一次服务),其ID不相同"]
spbill_create_ip: ["ip地址格式错误"]
I, [2012-01-13T22:50:53.086043 #16501]  INFO -- : bank_type: ["can't be blank"]
desc: ["can't be blank"]
sign: ["can't be blank", "invalid sign"]
transaction_id: ["格式错误,transaction_id为28位长的数值,其中前10位为商户网站编号(SPID)，由财付通统一分配;之后8位为订单产生的日期,如20050415;最后10位商户需要保证一天内不同的事务(用户订购一次商品或购买一次服务),其ID不相同"]
spbill_create_ip: ["ip地址格式错误"]
I, [2012-01-13T22:50:53.092240 #16501]  INFO -- : bank_type: ["can't be blank"]
desc: ["can't be blank"]
sign: ["can't be blank", "invalid sign"]
transaction_id: ["格式错误,transaction_id为28位长的数值,其中前10位为商户网站编号(SPID)，由财付通统一分配;之后8位为订单产生的日期,如20050415;最后10位商户需要保证一天内不同的事务(用户订购一次商品或购买一次服务),其ID不相同"]
I, [2012-01-13T22:50:53.098906 #16501]  INFO -- : bank_type: ["can't be blank"]
desc: ["can't be blank"]
sign: ["can't be blank", "invalid sign"]
transaction_id: ["格式错误,transaction_id为28位长的数值,其中前10位为商户网站编号(SPID)，由财付通统一分配;之后8位为订单产生的日期,如20050415;最后10位商户需要保证一天内不同的事务(用户订购一次商品或购买一次服务),其ID不相同"]
sp_billno: ["长度错误,应该在28个字符内"]
I, [2012-01-13T22:50:53.104702 #16501]  INFO -- : cmdno: ["can't be blank"]
date: ["can't be blank"]
bank_type: ["can't be blank"]
desc: ["can't be blank"]
bargainor_id: ["can't be blank"]
transaction_id: ["can't be blank"]
sp_billno: ["can't be blank"]
total_fee: ["can't be blank"]
fee_type: ["can't be blank"]
return_url: ["can't be blank"]
attach: ["can't be blank"]
spbill_create_ip: ["can't be blank"]
sign: ["can't be blank", "invalid sign"]
I, [2012-01-13T22:50:53.111449 #16501]  INFO -- : bank_type: ["can't be blank"]
desc: ["can't be blank"]
sign: ["can't be blank", "invalid sign"]
transaction_id: ["格式错误,transaction_id为28位长的数值,其中前10位为商户网站编号(SPID)，由财付通统一分配;之后8位为订单产生的日期,如20050415;最后10位商户需要保证一天内不同的事务(用户订购一次商品或购买一次服务),其ID不相同"]
bargainor_id: ["商户编号不存在"]
I, [2012-01-13T22:50:53.117760 #16501]  INFO -- : bank_type: ["can't be blank"]
desc: ["can't be blank"]
sign: ["can't be blank", "invalid sign"]
transaction_id: ["格式错误,transaction_id为28位长的数值,其中前10位为商户网站编号(SPID)，由财付通统一分配;之后8位为订单产生的日期,如20050415;最后10位商户需要保证一天内不同的事务(用户订购一次商品或购买一次服务),其ID不相同"]
I, [2012-01-13T22:50:53.123927 #16501]  INFO -- : cmdno: ["can't be blank"]
date: ["can't be blank"]
bank_type: ["can't be blank"]
desc: ["can't be blank"]
bargainor_id: ["can't be blank"]
transaction_id: ["can't be blank"]
sp_billno: ["can't be blank"]
total_fee: ["can't be blank"]
fee_type: ["can't be blank"]
return_url: ["can't be blank"]
attach: ["can't be blank"]
spbill_create_ip: ["can't be blank"]
sign: ["can't be blank", "invalid sign"]
I, [2012-01-13T22:50:53.133387 #16501]  INFO -- : bank_type: ["can't be blank"]
desc: ["can't be blank"]
transaction_id: ["格式错误,transaction_id为28位长的数值,其中前10位为商户网站编号(SPID)，由财付通统一分配;之后8位为订单产生的日期,如20050415;最后10位商户需要保证一天内不同的事务(用户订购一次商品或购买一次服务),其ID不相同"]
sign: ["sign签名必须大写", "invalid sign"]
I, [2012-01-13T22:50:53.140552 #16501]  INFO -- : bank_type: ["can't be blank"]
desc: ["can't be blank"]
transaction_id: ["格式错误,transaction_id为28位长的数值,其中前10位为商户网站编号(SPID)，由财付通统一分配;之后8位为订单产生的日期,如20050415;最后10位商户需要保证一天内不同的事务(用户订购一次商品或购买一次服务),其ID不相同"]
sign: ["invalid sign"]
I, [2012-01-13T22:50:53.148538 #16501]  INFO -- : bank_type: ["can't be blank"]
desc: ["can't be blank"]
transaction_id: ["格式错误,transaction_id为28位长的数值,其中前10位为商户网站编号(SPID)，由财付通统一分配;之后8位为订单产生的日期,如20050415;最后10位商户需要保证一天内不同的事务(用户订购一次商品或购买一次服务),其ID不相同"]
sign: ["invalid sign"]
I, [2012-01-13T22:50:53.154626 #16501]  INFO -- : bank_type: ["can't be blank"]
desc: ["can't be blank"]
transaction_id: ["格式错误,transaction_id为28位长的数值,其中前10位为商户网站编号(SPID)，由财付通统一分配;之后8位为订单产生的日期,如20050415;最后10位商户需要保证一天内不同的事务(用户订购一次商品或购买一次服务),其ID不相同"]
I, [2012-01-13T22:51:02.125095 #16691]  INFO -- : partner: ["can't be blank"]
notify_url: ["can't be blank"]
return_url: ["can't be blank"]
sign: ["can't be blank", "invalid sign"]
sign_type: ["can't be blank"]
subject: ["can't be blank"]
out_trade_no: ["can't be blank"]
payment_type: ["can't be blank"]
money: ["price and total_fee can not both be blank"]
seller: ["seller_email and seller_id can not both be blank"]
I, [2012-01-13T22:51:02.155288 #16691]  INFO -- : partner: ["can't be blank"]
notify_url: ["can't be blank"]
return_url: ["can't be blank"]
sign: ["can't be blank", "invalid sign"]
sign_type: ["can't be blank"]
subject: ["can't be blank"]
out_trade_no: ["can't be blank"]
payment_type: ["can't be blank"]
money: ["price and total_fee can not both be blank"]
seller: ["seller_email and seller_id can not both be blank"]
_input_charset: ["should be utf-8 or gb2312"]
I, [2012-01-13T22:51:02.161875 #16691]  INFO -- : partner: ["can't be blank"]
notify_url: ["can't be blank"]
return_url: ["can't be blank"]
sign: ["can't be blank", "invalid sign"]
sign_type: ["can't be blank"]
subject: ["can't be blank"]
out_trade_no: ["can't be blank"]
payment_type: ["can't be blank"]
money: ["price and total_fee can not both be blank"]
seller: ["seller_email and seller_id can not both be blank"]
I, [2012-01-13T22:51:02.167728 #16691]  INFO -- : partner: ["can't be blank"]
notify_url: ["can't be blank"]
return_url: ["can't be blank"]
sign: ["can't be blank", "invalid sign"]
sign_type: ["can't be blank"]
subject: ["can't be blank"]
out_trade_no: ["can't be blank"]
payment_type: ["can't be blank"]
money: ["price and total_fee can not both be blank"]
seller: ["seller_email and seller_id can not both be blank"]
I, [2012-01-13T22:51:02.174125 #16691]  INFO -- : partner: ["can't be blank"]
notify_url: ["can't be blank"]
return_url: ["can't be blank"]
sign: ["can't be blank", "invalid sign"]
sign_type: ["can't be blank"]
subject: ["can't be blank"]
out_trade_no: ["can't be blank"]
payment_type: ["can't be blank"]
price: ["format should be Number(13, 2)"]
total_fee: ["format should be Number(13, 2)"]
money: ["price和total_fee不能同时出现"]
quantity: ["if price is not blank, must input quantity"]
seller: ["seller_email and seller_id can not both be blank"]
I, [2012-01-13T22:51:02.181583 #16691]  INFO -- : partner: ["can't be blank"]
notify_url: ["can't be blank"]
return_url: ["can't be blank"]
sign: ["can't be blank", "invalid sign"]
sign_type: ["can't be blank"]
subject: ["can't be blank"]
out_trade_no: ["can't be blank"]
payment_type: ["can't be blank"]
quantity: ["if price is not blank, must input quantity"]
seller: ["seller_email and seller_id can not both be blank"]
I, [2012-01-13T22:51:02.188343 #16691]  INFO -- : partner: ["can't be blank"]
notify_url: ["can't be blank"]
return_url: ["can't be blank"]
sign: ["can't be blank", "invalid sign"]
sign_type: ["can't be blank"]
subject: ["can't be blank"]
out_trade_no: ["can't be blank"]
payment_type: ["can't be blank"]
money: ["price and total_fee can not both be blank"]
seller: ["seller_email and seller_id can not both be blank"]
I, [2012-01-13T22:51:02.194490 #16691]  INFO -- : notify_url: ["can't be blank"]
return_url: ["can't be blank"]
sign: ["can't be blank", "invalid sign"]
sign_type: ["can't be blank"]
subject: ["can't be blank"]
out_trade_no: ["can't be blank"]
partner: ["is too long (maximum is 16 characters)", "not exist"]
payment_type: ["is too long (maximum is 4 characters)"]
money: ["price and total_fee can not both be blank"]
seller: ["seller_email and seller_id can not both be blank"]
I, [2012-01-13T22:51:02.201131 #16691]  INFO -- : partner: ["can't be blank"]
notify_url: ["can't be blank"]
return_url: ["can't be blank"]
sign: ["can't be blank", "invalid sign"]
sign_type: ["can't be blank"]
subject: ["can't be blank"]
out_trade_no: ["can't be blank"]
payment_type: ["can't be blank"]
quantity: ["should be integer and between 1~999999"]
money: ["price and total_fee can not both be blank"]
seller: ["seller_email and seller_id can not both be blank"]
I, [2012-01-13T22:51:02.207692 #16691]  INFO -- : partner: ["can't be blank"]
notify_url: ["can't be blank"]
return_url: ["can't be blank"]
sign: ["can't be blank", "invalid sign"]
sign_type: ["can't be blank"]
subject: ["can't be blank"]
out_trade_no: ["can't be blank"]
payment_type: ["can't be blank"]
quantity: ["should be integer and between 1~999999"]
money: ["price and total_fee can not both be blank"]
seller: ["seller_email and seller_id can not both be blank"]
I, [2012-01-13T22:51:02.213582 #16691]  INFO -- : partner: ["can't be blank"]
notify_url: ["can't be blank"]
return_url: ["can't be blank"]
sign: ["can't be blank", "invalid sign"]
sign_type: ["can't be blank"]
subject: ["can't be blank"]
out_trade_no: ["can't be blank"]
payment_type: ["can't be blank"]
quantity: ["should be integer and between 1~999999"]
money: ["price and total_fee can not both be blank"]
seller: ["seller_email and seller_id can not both be blank"]
I, [2012-01-13T22:51:02.219845 #16691]  INFO -- : notify_url: ["can't be blank"]
return_url: ["can't be blank"]
sign: ["can't be blank", "invalid sign"]
sign_type: ["can't be blank"]
subject: ["can't be blank"]
out_trade_no: ["can't be blank"]
payment_type: ["can't be blank"]
money: ["price and total_fee can not both be blank"]
seller: ["seller_email and seller_id can not both be blank"]
partner: ["not exist"]
I, [2012-01-13T22:51:02.225700 #16691]  INFO -- : notify_url: ["can't be blank"]
return_url: ["can't be blank"]
sign: ["can't be blank", "invalid sign"]
sign_type: ["can't be blank"]
subject: ["can't be blank"]
out_trade_no: ["can't be blank"]
payment_type: ["can't be blank"]
money: ["price and total_fee can not both be blank"]
seller: ["seller_email and seller_id can not both be blank"]
I, [2012-01-13T22:51:02.233274 #16691]  INFO -- : service: ["can't be blank"]
partner: ["can't be blank"]
notify_url: ["can't be blank"]
return_url: ["can't be blank"]
sign: ["can't be blank", "invalid sign"]
sign_type: ["can't be blank"]
subject: ["can't be blank"]
out_trade_no: ["can't be blank"]
payment_type: ["can't be blank"]
money: ["price and total_fee can not both be blank"]
seller: ["seller_email and seller_id can not both be blank"]
I, [2012-01-13T22:51:02.239815 #16691]  INFO -- : partner: ["can't be blank"]
notify_url: ["can't be blank"]
return_url: ["can't be blank"]
sign: ["can't be blank", "invalid sign"]
sign_type: ["can't be blank"]
subject: ["can't be blank"]
out_trade_no: ["can't be blank"]
payment_type: ["can't be blank"]
money: ["price和total_fee不能同时出现"]
quantity: ["if price is not blank, must input quantity"]
seller: ["seller_email and seller_id can not both be blank"]
I, [2012-01-13T22:51:02.246279 #16691]  INFO -- : partner: ["can't be blank"]
notify_url: ["can't be blank"]
return_url: ["can't be blank"]
sign: ["can't be blank", "invalid sign"]
sign_type: ["can't be blank"]
subject: ["can't be blank"]
out_trade_no: ["can't be blank"]
payment_type: ["can't be blank"]
money: ["price and total_fee can not both be blank"]
seller: ["seller_email and seller_id can not both be blank"]
I, [2012-01-13T22:51:02.253302 #16691]  INFO -- : notify_url: ["can't be blank"]
return_url: ["can't be blank"]
sign_type: ["can't be blank"]
subject: ["can't be blank"]
out_trade_no: ["can't be blank"]
payment_type: ["can't be blank"]
money: ["price and total_fee can not both be blank"]
seller: ["seller_email and seller_id can not both be blank"]
sign: ["invalid sign"]
I, [2012-01-13T22:51:02.259146 #16691]  INFO -- : notify_url: ["can't be blank"]
return_url: ["can't be blank"]
sign_type: ["can't be blank"]
subject: ["can't be blank"]
out_trade_no: ["can't be blank"]
payment_type: ["can't be blank"]
money: ["price and total_fee can not both be blank"]
seller: ["seller_email and seller_id can not both be blank"]
I, [2012-01-13T22:51:02.272081 #16691]  INFO -- : v_md5info: ["can't be blank"]
sign: ["invalid v_md5info"]
I, [2012-01-13T22:51:02.278317 #16691]  INFO -- : v_md5info: ["can't be blank"]
sign: ["invalid v_md5info"]
v_oid: ["is too long (maximum is 64 characters)"]
v_url: ["is too long (maximum is 200 characters)"]
I, [2012-01-13T22:51:02.284640 #16691]  INFO -- : v_md5info: ["can't be blank"]
sign: ["invalid v_md5info"]
v_amount: ["format should be Number(6, 2)"]
I, [2012-01-13T22:51:02.290932 #16691]  INFO -- : v_md5info: ["can't be blank"]
sign: ["invalid v_md5info"]
v_mid: ["商户编号不存在"]
I, [2012-01-13T22:51:02.297521 #16691]  INFO -- : v_md5info: ["can't be blank"]
sign: ["invalid v_md5info"]
I, [2012-01-13T22:51:02.303558 #16691]  INFO -- : v_mid: ["can't be blank"]
v_oid: ["can't be blank"]
v_amount: ["can't be blank"]
v_moneytype: ["can't be blank"]
v_url: ["can't be blank"]
v_md5info: ["can't be blank"]
sign: ["invalid v_md5info"]
I, [2012-01-13T22:51:02.309720 #16691]  INFO -- : sign: ["invalid v_md5info"]
I, [2012-01-13T22:51:02.337596 #16691]  INFO -- : 2012-01-13 22:51:02 +0800:/home/jim/workspace/magpie/lib/magpie/rubber.rb:7}:/home/jim/.rvm/rubies/ruby-1.9.2-p136/lib/ruby/1.9.1/net/http.rb:644:in `initialize'
/home/jim/.rvm/rubies/ruby-1.9.2-p136/lib/ruby/1.9.1/net/http.rb:644:in `open'
/home/jim/.rvm/rubies/ruby-1.9.2-p136/lib/ruby/1.9.1/net/http.rb:644:in `block in connect'
/home/jim/.rvm/rubies/ruby-1.9.2-p136/lib/ruby/1.9.1/timeout.rb:44:in `timeout'
/home/jim/.rvm/rubies/ruby-1.9.2-p136/lib/ruby/1.9.1/timeout.rb:87:in `timeout'
/home/jim/.rvm/rubies/ruby-1.9.2-p136/lib/ruby/1.9.1/net/http.rb:644:in `connect'
/home/jim/.rvm/rubies/ruby-1.9.2-p136/lib/ruby/1.9.1/net/http.rb:637:in `do_start'
/home/jim/.rvm/rubies/ruby-1.9.2-p136/lib/ruby/1.9.1/net/http.rb:626:in `start'
/home/jim/workspace/magpie/lib/magpie/utils.rb:89:in `start_http'
I, [2012-01-13T22:51:02.345850 #16691]  INFO -- : 2012-01-13 22:51:02 +0800:/home/jim/workspace/magpie/lib/magpie/rubber.rb:7}:/home/jim/.rvm/rubies/ruby-1.9.2-p136/lib/ruby/1.9.1/net/http.rb:644:in `initialize'
/home/jim/.rvm/rubies/ruby-1.9.2-p136/lib/ruby/1.9.1/net/http.rb:644:in `open'
/home/jim/.rvm/rubies/ruby-1.9.2-p136/lib/ruby/1.9.1/net/http.rb:644:in `block in connect'
/home/jim/.rvm/rubies/ruby-1.9.2-p136/lib/ruby/1.9.1/timeout.rb:44:in `timeout'
/home/jim/.rvm/rubies/ruby-1.9.2-p136/lib/ruby/1.9.1/timeout.rb:87:in `timeout'
/home/jim/.rvm/rubies/ruby-1.9.2-p136/lib/ruby/1.9.1/net/http.rb:644:in `connect'
/home/jim/.rvm/rubies/ruby-1.9.2-p136/lib/ruby/1.9.1/net/http.rb:637:in `do_start'
/home/jim/.rvm/rubies/ruby-1.9.2-p136/lib/ruby/1.9.1/net/http.rb:626:in `start'
/home/jim/workspace/magpie/lib/magpie/utils.rb:89:in `start_http'
I, [2012-01-13T22:51:02.356347 #16691]  INFO -- : 2012-01-13 22:51:02 +0800:/home/jim/workspace/magpie/lib/magpie/rubber.rb:7}:/home/jim/.rvm/rubies/ruby-1.9.2-p136/lib/ruby/1.9.1/net/http.rb:644:in `initialize'
/home/jim/.rvm/rubies/ruby-1.9.2-p136/lib/ruby/1.9.1/net/http.rb:644:in `open'
/home/jim/.rvm/rubies/ruby-1.9.2-p136/lib/ruby/1.9.1/net/http.rb:644:in `block in connect'
/home/jim/.rvm/rubies/ruby-1.9.2-p136/lib/ruby/1.9.1/timeout.rb:44:in `timeout'
/home/jim/.rvm/rubies/ruby-1.9.2-p136/lib/ruby/1.9.1/timeout.rb:87:in `timeout'
/home/jim/.rvm/rubies/ruby-1.9.2-p136/lib/ruby/1.9.1/net/http.rb:644:in `connect'
/home/jim/.rvm/rubies/ruby-1.9.2-p136/lib/ruby/1.9.1/net/http.rb:637:in `do_start'
/home/jim/.rvm/rubies/ruby-1.9.2-p136/lib/ruby/1.9.1/net/http.rb:626:in `start'
/home/jim/workspace/magpie/lib/magpie/utils.rb:89:in `start_http'
I, [2012-01-13T22:51:02.357434 #16691]  INFO -- : 2012-01-13 22:51:02 +0800:/home/jim/workspace/magpie/lib/magpie/rubber.rb:7}:/home/jim/.rvm/rubies/ruby-1.9.2-p136/lib/ruby/1.9.1/net/http.rb:1593:in `set_form_data'
/home/jim/workspace/magpie/lib/magpie/utils.rb:101:in `post_query'
/home/jim/workspace/magpie/lib/magpie/utils.rb:114:in `block (2 levels) in send_notify'
/home/jim/.rvm/rubies/ruby-1.9.2-p136/lib/ruby/1.9.1/timeout.rb:57:in `timeout'
/home/jim/.rvm/rubies/ruby-1.9.2-p136/lib/ruby/1.9.1/timeout.rb:87:in `timeout'
/home/jim/workspace/magpie/lib/magpie/utils.rb:111:in `block in send_notify'
/home/jim/workspace/magpie/lib/magpie/rubber.rb:5:in `try'
/home/jim/workspace/magpie/lib/magpie/utils.rb:110:in `send_notify'
/home/jim/workspace/magpie/test/test_utils.rb:13:in `test_send_notify_timeout'
I, [2012-01-13T22:51:02.357915 #16691]  INFO -- : 2012-01-13 22:51:02 +0800:/home/jim/workspace/magpie/lib/magpie/rubber.rb:7}:/home/jim/.rvm/rubies/ruby-1.9.2-p136/lib/ruby/1.9.1/net/http.rb:1593:in `set_form_data'
/home/jim/workspace/magpie/lib/magpie/utils.rb:101:in `post_query'
/home/jim/workspace/magpie/lib/magpie/utils.rb:114:in `block (2 levels) in send_notify'
/home/jim/.rvm/rubies/ruby-1.9.2-p136/lib/ruby/1.9.1/timeout.rb:57:in `timeout'
/home/jim/.rvm/rubies/ruby-1.9.2-p136/lib/ruby/1.9.1/timeout.rb:87:in `timeout'
/home/jim/workspace/magpie/lib/magpie/utils.rb:111:in `block in send_notify'
/home/jim/workspace/magpie/lib/magpie/rubber.rb:5:in `try'
/home/jim/workspace/magpie/lib/magpie/utils.rb:110:in `send_notify'
/home/jim/workspace/magpie/test/test_utils.rb:13:in `test_send_notify_timeout'
I, [2012-01-13T22:51:02.358357 #16691]  INFO -- : 2012-01-13 22:51:02 +0800:/home/jim/workspace/magpie/lib/magpie/rubber.rb:7}:/home/jim/.rvm/rubies/ruby-1.9.2-p136/lib/ruby/1.9.1/net/http.rb:1593:in `set_form_data'
/home/jim/workspace/magpie/lib/magpie/utils.rb:101:in `post_query'
/home/jim/workspace/magpie/lib/magpie/utils.rb:114:in `block (2 levels) in send_notify'
/home/jim/.rvm/rubies/ruby-1.9.2-p136/lib/ruby/1.9.1/timeout.rb:57:in `timeout'
/home/jim/.rvm/rubies/ruby-1.9.2-p136/lib/ruby/1.9.1/timeout.rb:87:in `timeout'
/home/jim/workspace/magpie/lib/magpie/utils.rb:111:in `block in send_notify'
/home/jim/workspace/magpie/lib/magpie/rubber.rb:5:in `try'
/home/jim/workspace/magpie/lib/magpie/utils.rb:110:in `send_notify'
/home/jim/workspace/magpie/test/test_utils.rb:13:in `test_send_notify_timeout'
I, [2012-01-13T22:51:02.364376 #16691]  INFO -- : service: ["can't be blank"]
partner: ["can't be blank"]
notify_url: ["can't be blank"]
return_url: ["can't be blank"]
sign: ["can't be blank", "invalid sign"]
sign_type: ["can't be blank"]
subject: ["can't be blank"]
out_trade_no: ["can't be blank"]
payment_type: ["can't be blank"]
money: ["price and total_fee can not both be blank"]
seller: ["seller_email and seller_id can not both be blank"]
I, [2012-01-13T22:51:02.370875 #16691]  INFO -- : v_mid: ["can't be blank"]
v_oid: ["can't be blank"]
v_amount: ["can't be blank"]
v_moneytype: ["can't be blank"]
v_url: ["can't be blank"]
v_md5info: ["can't be blank"]
sign: ["invalid v_md5info"]
I, [2012-01-13T22:51:02.376739 #16691]  INFO -- : v_mid: ["can't be blank"]
v_oid: ["can't be blank"]
v_amount: ["can't be blank"]
v_moneytype: ["can't be blank"]
v_url: ["can't be blank"]
v_md5info: ["can't be blank"]
sign: ["invalid v_md5info"]
I, [2012-01-13T22:51:02.382440 #16691]  INFO -- : #<NoMethodError: undefined method `split' for nil:NilClass>:
/home/jim/workspace/magpie/lib/middles/snake.rb:101:in `query_to_hash'
/home/jim/workspace/magpie/lib/middles/snake.rb:84:in `order_pay'
/home/jim/workspace/magpie/lib/middles/snake.rb:10:in `call'
/home/jim/workspace/magpie/lib/middles/snake.rb:10:in `block in reg'
/home/jim/workspace/magpie/lib/middles/snake.rb:24:in `call'
/home/jim/workspace/magpie/lib/middles/snake.rb:24:in `block in call'
/home/jim/workspace/magpie/lib/middles/snake.rb:22:in `each'
/home/jim/workspace/magpie/lib/middles/snake.rb:22:in `call'
/home/jim/.rvm/gems/ruby-1.9.2-p136/gems/rack-1.4.0/lib/rack/static.rb:66:in `call'
I, [2012-01-13T22:51:02.387610 #16691]  INFO -- : service: ["can't be blank"]
partner: ["can't be blank"]
notify_url: ["can't be blank"]
return_url: ["can't be blank"]
sign: ["can't be blank", "invalid sign"]
sign_type: ["can't be blank"]
subject: ["can't be blank"]
out_trade_no: ["can't be blank"]
payment_type: ["can't be blank"]
money: ["price and total_fee can not both be blank"]
seller: ["seller_email and seller_id can not both be blank"]
I, [2012-01-13T22:51:02.397065 #16691]  INFO -- : cmdno: ["can't be blank"]
date: ["can't be blank"]
bank_type: ["can't be blank"]
desc: ["can't be blank"]
bargainor_id: ["can't be blank"]
transaction_id: ["can't be blank"]
sp_billno: ["can't be blank"]
total_fee: ["can't be blank"]
fee_type: ["can't be blank"]
return_url: ["can't be blank"]
attach: ["can't be blank"]
spbill_create_ip: ["can't be blank"]
sign: ["can't be blank", "invalid sign"]
I, [2012-01-13T22:51:02.402774 #16691]  INFO -- : cmdno: ["can't be blank"]
date: ["can't be blank"]
bank_type: ["can't be blank"]
desc: ["can't be blank"]
bargainor_id: ["can't be blank"]
transaction_id: ["can't be blank"]
sp_billno: ["can't be blank"]
total_fee: ["can't be blank"]
fee_type: ["can't be blank"]
return_url: ["can't be blank"]
attach: ["can't be blank"]
spbill_create_ip: ["can't be blank"]
sign: ["can't be blank", "invalid sign"]
I, [2012-01-13T22:51:02.411471 #16691]  INFO -- : bank_type: ["can't be blank"]
desc: ["can't be blank"]
sign: ["can't be blank", "invalid sign"]
transaction_id: ["格式错误,transaction_id为28位长的数值,其中前10位为商户网站编号(SPID)，由财付通统一分配;之后8位为订单产生的日期,如20050415;最后10位商户需要保证一天内不同的事务(用户订购一次商品或购买一次服务),其ID不相同"]
I, [2012-01-13T22:51:02.418053 #16691]  INFO -- : bank_type: ["can't be blank"]
desc: ["can't be blank"]
sign: ["can't be blank", "invalid sign"]
transaction_id: ["格式错误,transaction_id为28位长的数值,其中前10位为商户网站编号(SPID)，由财付通统一分配;之后8位为订单产生的日期,如20050415;最后10位商户需要保证一天内不同的事务(用户订购一次商品或购买一次服务),其ID不相同"]
I, [2012-01-13T22:51:02.424627 #16691]  INFO -- : bank_type: ["can't be blank"]
desc: ["can't be blank"]
sign: ["can't be blank", "invalid sign"]
transaction_id: ["格式错误,transaction_id为28位长的数值,其中前10位为商户网站编号(SPID)，由财付通统一分配;之后8位为订单产生的日期,如20050415;最后10位商户需要保证一天内不同的事务(用户订购一次商品或购买一次服务),其ID不相同"]
I, [2012-01-13T22:51:02.430327 #16691]  INFO -- : cmdno: ["can't be blank"]
date: ["can't be blank"]
bank_type: ["can't be blank"]
desc: ["can't be blank"]
bargainor_id: ["can't be blank"]
transaction_id: ["can't be blank"]
sp_billno: ["can't be blank"]
total_fee: ["can't be blank"]
fee_type: ["can't be blank"]
return_url: ["can't be blank"]
attach: ["can't be blank"]
spbill_create_ip: ["can't be blank"]
sign: ["can't be blank", "invalid sign"]
I, [2012-01-13T22:51:02.436595 #16691]  INFO -- : bank_type: ["can't be blank"]
desc: ["can't be blank"]
sign: ["can't be blank", "invalid sign"]
I, [2012-01-13T22:51:02.443229 #16691]  INFO -- : bank_type: ["can't be blank"]
desc: ["can't be blank"]
sign: ["can't be blank", "invalid sign"]
transaction_id: ["格式错误,transaction_id为28位长的数值,其中前10位为商户网站编号(SPID)，由财付通统一分配;之后8位为订单产生的日期,如20050415;最后10位商户需要保证一天内不同的事务(用户订购一次商品或购买一次服务),其ID不相同"]
total_fee: ["格式错误,只能为数字,以分为单位,不允许包含任何字符"]
I, [2012-01-13T22:51:02.450505 #16691]  INFO -- : bank_type: ["can't be blank"]
desc: ["can't be blank"]
sign: ["can't be blank", "invalid sign"]
transaction_id: ["格式错误,transaction_id为28位长的数值,其中前10位为商户网站编号(SPID)，由财付通统一分配;之后8位为订单产生的日期,如20050415;最后10位商户需要保证一天内不同的事务(用户订购一次商品或购买一次服务),其ID不相同"]
total_fee: ["格式错误,只能为数字,以分为单位,不允许包含任何字符"]
I, [2012-01-13T22:51:02.456616 #16691]  INFO -- : bank_type: ["can't be blank"]
desc: ["can't be blank"]
sign: ["can't be blank", "invalid sign"]
transaction_id: ["格式错误,transaction_id为28位长的数值,其中前10位为商户网站编号(SPID)，由财付通统一分配;之后8位为订单产生的日期,如20050415;最后10位商户需要保证一天内不同的事务(用户订购一次商品或购买一次服务),其ID不相同"]
I, [2012-01-13T22:51:02.462976 #16691]  INFO -- : bank_type: ["can't be blank"]
desc: ["can't be blank"]
sign: ["can't be blank", "invalid sign"]
transaction_id: ["格式错误,transaction_id为28位长的数值,其中前10位为商户网站编号(SPID)，由财付通统一分配;之后8位为订单产生的日期,如20050415;最后10位商户需要保证一天内不同的事务(用户订购一次商品或购买一次服务),其ID不相同"]
fee_type: ["目前只支持人民币,请填1"]
I, [2012-01-13T22:51:02.469198 #16691]  INFO -- : bank_type: ["can't be blank"]
desc: ["can't be blank"]
sign: ["can't be blank", "invalid sign"]
transaction_id: ["格式错误,transaction_id为28位长的数值,其中前10位为商户网站编号(SPID)，由财付通统一分配;之后8位为订单产生的日期,如20050415;最后10位商户需要保证一天内不同的事务(用户订购一次商品或购买一次服务),其ID不相同"]
I, [2012-01-13T22:51:02.475329 #16691]  INFO -- : bank_type: ["can't be blank"]
desc: ["can't be blank"]
sign: ["can't be blank", "invalid sign"]
transaction_id: ["格式错误,transaction_id为28位长的数值,其中前10位为商户网站编号(SPID)，由财付通统一分配;之后8位为订单产生的日期,如20050415;最后10位商户需要保证一天内不同的事务(用户订购一次商品或购买一次服务),其ID不相同"]
spbill_create_ip: ["ip地址格式错误"]
I, [2012-01-13T22:51:02.481640 #16691]  INFO -- : bank_type: ["can't be blank"]
desc: ["can't be blank"]
sign: ["can't be blank", "invalid sign"]
transaction_id: ["格式错误,transaction_id为28位长的数值,其中前10位为商户网站编号(SPID)，由财付通统一分配;之后8位为订单产生的日期,如20050415;最后10位商户需要保证一天内不同的事务(用户订购一次商品或购买一次服务),其ID不相同"]
spbill_create_ip: ["ip地址格式错误"]
I, [2012-01-13T22:51:02.487879 #16691]  INFO -- : bank_type: ["can't be blank"]
desc: ["can't be blank"]
sign: ["can't be blank", "invalid sign"]
transaction_id: ["格式错误,transaction_id为28位长的数值,其中前10位为商户网站编号(SPID)，由财付通统一分配;之后8位为订单产生的日期,如20050415;最后10位商户需要保证一天内不同的事务(用户订购一次商品或购买一次服务),其ID不相同"]
I, [2012-01-13T22:51:02.494560 #16691]  INFO -- : bank_type: ["can't be blank"]
desc: ["can't be blank"]
sign: ["can't be blank", "invalid sign"]
transaction_id: ["格式错误,transaction_id为28位长的数值,其中前10位为商户网站编号(SPID)，由财付通统一分配;之后8位为订单产生的日期,如20050415;最后10位商户需要保证一天内不同的事务(用户订购一次商品或购买一次服务),其ID不相同"]
sp_billno: ["长度错误,应该在28个字符内"]
I, [2012-01-13T22:51:02.500999 #16691]  INFO -- : cmdno: ["can't be blank"]
date: ["can't be blank"]
bank_type: ["can't be blank"]
desc: ["can't be blank"]
bargainor_id: ["can't be blank"]
transaction_id: ["can't be blank"]
sp_billno: ["can't be blank"]
total_fee: ["can't be blank"]
fee_type: ["can't be blank"]
return_url: ["can't be blank"]
attach: ["can't be blank"]
spbill_create_ip: ["can't be blank"]
sign: ["can't be blank", "invalid sign"]
I, [2012-01-13T22:51:02.507658 #16691]  INFO -- : bank_type: ["can't be blank"]
desc: ["can't be blank"]
sign: ["can't be blank", "invalid sign"]
transaction_id: ["格式错误,transaction_id为28位长的数值,其中前10位为商户网站编号(SPID)，由财付通统一分配;之后8位为订单产生的日期,如20050415;最后10位商户需要保证一天内不同的事务(用户订购一次商品或购买一次服务),其ID不相同"]
bargainor_id: ["商户编号不存在"]
I, [2012-01-13T22:51:02.513902 #16691]  INFO -- : bank_type: ["can't be blank"]
desc: ["can't be blank"]
sign: ["can't be blank", "invalid sign"]
transaction_id: ["格式错误,transaction_id为28位长的数值,其中前10位为商户网站编号(SPID)，由财付通统一分配;之后8位为订单产生的日期,如20050415;最后10位商户需要保证一天内不同的事务(用户订购一次商品或购买一次服务),其ID不相同"]
I, [2012-01-13T22:51:02.520257 #16691]  INFO -- : cmdno: ["can't be blank"]
date: ["can't be blank"]
bank_type: ["can't be blank"]
desc: ["can't be blank"]
bargainor_id: ["can't be blank"]
transaction_id: ["can't be blank"]
sp_billno: ["can't be blank"]
total_fee: ["can't be blank"]
fee_type: ["can't be blank"]
return_url: ["can't be blank"]
attach: ["can't be blank"]
spbill_create_ip: ["can't be blank"]
sign: ["can't be blank", "invalid sign"]
I, [2012-01-13T22:51:02.527417 #16691]  INFO -- : bank_type: ["can't be blank"]
desc: ["can't be blank"]
transaction_id: ["格式错误,transaction_id为28位长的数值,其中前10位为商户网站编号(SPID)，由财付通统一分配;之后8位为订单产生的日期,如20050415;最后10位商户需要保证一天内不同的事务(用户订购一次商品或购买一次服务),其ID不相同"]
sign: ["sign签名必须大写", "invalid sign"]
I, [2012-01-13T22:51:02.533579 #16691]  INFO -- : bank_type: ["can't be blank"]
desc: ["can't be blank"]
transaction_id: ["格式错误,transaction_id为28位长的数值,其中前10位为商户网站编号(SPID)，由财付通统一分配;之后8位为订单产生的日期,如20050415;最后10位商户需要保证一天内不同的事务(用户订购一次商品或购买一次服务),其ID不相同"]
sign: ["invalid sign"]
I, [2012-01-13T22:51:02.539928 #16691]  INFO -- : bank_type: ["can't be blank"]
desc: ["can't be blank"]
transaction_id: ["格式错误,transaction_id为28位长的数值,其中前10位为商户网站编号(SPID)，由财付通统一分配;之后8位为订单产生的日期,如20050415;最后10位商户需要保证一天内不同的事务(用户订购一次商品或购买一次服务),其ID不相同"]
sign: ["invalid sign"]
I, [2012-01-13T22:51:02.546126 #16691]  INFO -- : bank_type: ["can't be blank"]
desc: ["can't be blank"]
transaction_id: ["格式错误,transaction_id为28位长的数值,其中前10位为商户网站编号(SPID)，由财付通统一分配;之后8位为订单产生的日期,如20050415;最后10位商户需要保证一天内不同的事务(用户订购一次商品或购买一次服务),其ID不相同"]
I, [2012-01-13T23:21:47.555839 #16876]  INFO -- : partner: ["can't be blank"]
notify_url: ["can't be blank"]
return_url: ["can't be blank"]
sign: ["can't be blank", "invalid sign"]
sign_type: ["can't be blank"]
subject: ["can't be blank"]
out_trade_no: ["can't be blank"]
payment_type: ["can't be blank"]
money: ["price and total_fee can not both be blank"]
seller: ["seller_email and seller_id can not both be blank"]
I, [2012-01-13T23:21:47.595281 #16876]  INFO -- : partner: ["can't be blank"]
notify_url: ["can't be blank"]
return_url: ["can't be blank"]
sign: ["can't be blank", "invalid sign"]
sign_type: ["can't be blank"]
subject: ["can't be blank"]
out_trade_no: ["can't be blank"]
payment_type: ["can't be blank"]
money: ["price and total_fee can not both be blank"]
seller: ["seller_email and seller_id can not both be blank"]
_input_charset: ["should be utf-8 or gb2312"]
I, [2012-01-13T23:21:47.601345 #16876]  INFO -- : partner: ["can't be blank"]
notify_url: ["can't be blank"]
return_url: ["can't be blank"]
sign: ["can't be blank", "invalid sign"]
sign_type: ["can't be blank"]
subject: ["can't be blank"]
out_trade_no: ["can't be blank"]
payment_type: ["can't be blank"]
money: ["price and total_fee can not both be blank"]
seller: ["seller_email and seller_id can not both be blank"]
I, [2012-01-13T23:21:47.607412 #16876]  INFO -- : partner: ["can't be blank"]
notify_url: ["can't be blank"]
return_url: ["can't be blank"]
sign: ["can't be blank", "invalid sign"]
sign_type: ["can't be blank"]
subject: ["can't be blank"]
out_trade_no: ["can't be blank"]
payment_type: ["can't be blank"]
money: ["price and total_fee can not both be blank"]
seller: ["seller_email and seller_id can not both be blank"]
I, [2012-01-13T23:21:47.613960 #16876]  INFO -- : partner: ["can't be blank"]
notify_url: ["can't be blank"]
return_url: ["can't be blank"]
sign: ["can't be blank", "invalid sign"]
sign_type: ["can't be blank"]
subject: ["can't be blank"]
out_trade_no: ["can't be blank"]
payment_type: ["can't be blank"]
price: ["format should be Number(13, 2)"]
total_fee: ["format should be Number(13, 2)"]
money: ["price和total_fee不能同时出现"]
quantity: ["if price is not blank, must input quantity"]
seller: ["seller_email and seller_id can not both be blank"]
I, [2012-01-13T23:21:47.620250 #16876]  INFO -- : partner: ["can't be blank"]
notify_url: ["can't be blank"]
return_url: ["can't be blank"]
sign: ["can't be blank", "invalid sign"]
sign_type: ["can't be blank"]
subject: ["can't be blank"]
out_trade_no: ["can't be blank"]
payment_type: ["can't be blank"]
quantity: ["if price is not blank, must input quantity"]
seller: ["seller_email and seller_id can not both be blank"]
I, [2012-01-13T23:21:47.628862 #16876]  INFO -- : partner: ["can't be blank"]
notify_url: ["can't be blank"]
return_url: ["can't be blank"]
sign: ["can't be blank", "invalid sign"]
sign_type: ["can't be blank"]
subject: ["can't be blank"]
out_trade_no: ["can't be blank"]
payment_type: ["can't be blank"]
money: ["price and total_fee can not both be blank"]
seller: ["seller_email and seller_id can not both be blank"]
I, [2012-01-13T23:21:47.635061 #16876]  INFO -- : notify_url: ["can't be blank"]
return_url: ["can't be blank"]
sign: ["can't be blank", "invalid sign"]
sign_type: ["can't be blank"]
subject: ["can't be blank"]
out_trade_no: ["can't be blank"]
partner: ["is too long (maximum is 16 characters)", "not exist"]
payment_type: ["is too long (maximum is 4 characters)"]
money: ["price and total_fee can not both be blank"]
seller: ["seller_email and seller_id can not both be blank"]
I, [2012-01-13T23:21:47.641627 #16876]  INFO -- : partner: ["can't be blank"]
notify_url: ["can't be blank"]
return_url: ["can't be blank"]
sign: ["can't be blank", "invalid sign"]
sign_type: ["can't be blank"]
subject: ["can't be blank"]
out_trade_no: ["can't be blank"]
payment_type: ["can't be blank"]
quantity: ["should be integer and between 1~999999"]
money: ["price and total_fee can not both be blank"]
seller: ["seller_email and seller_id can not both be blank"]
I, [2012-01-13T23:21:47.647932 #16876]  INFO -- : partner: ["can't be blank"]
notify_url: ["can't be blank"]
return_url: ["can't be blank"]
sign: ["can't be blank", "invalid sign"]
sign_type: ["can't be blank"]
subject: ["can't be blank"]
out_trade_no: ["can't be blank"]
payment_type: ["can't be blank"]
quantity: ["should be integer and between 1~999999"]
money: ["price and total_fee can not both be blank"]
seller: ["seller_email and seller_id can not both be blank"]
I, [2012-01-13T23:21:47.653664 #16876]  INFO -- : partner: ["can't be blank"]
notify_url: ["can't be blank"]
return_url: ["can't be blank"]
sign: ["can't be blank", "invalid sign"]
sign_type: ["can't be blank"]
subject: ["can't be blank"]
out_trade_no: ["can't be blank"]
payment_type: ["can't be blank"]
quantity: ["should be integer and between 1~999999"]
money: ["price and total_fee can not both be blank"]
seller: ["seller_email and seller_id can not both be blank"]
I, [2012-01-13T23:21:47.661319 #16876]  INFO -- : notify_url: ["can't be blank"]
return_url: ["can't be blank"]
sign: ["can't be blank", "invalid sign"]
sign_type: ["can't be blank"]
subject: ["can't be blank"]
out_trade_no: ["can't be blank"]
payment_type: ["can't be blank"]
money: ["price and total_fee can not both be blank"]
seller: ["seller_email and seller_id can not both be blank"]
partner: ["not exist"]
I, [2012-01-13T23:21:47.667621 #16876]  INFO -- : notify_url: ["can't be blank"]
return_url: ["can't be blank"]
sign: ["can't be blank", "invalid sign"]
sign_type: ["can't be blank"]
subject: ["can't be blank"]
out_trade_no: ["can't be blank"]
payment_type: ["can't be blank"]
money: ["price and total_fee can not both be blank"]
seller: ["seller_email and seller_id can not both be blank"]
I, [2012-01-13T23:21:47.674829 #16876]  INFO -- : service: ["can't be blank"]
partner: ["can't be blank"]
notify_url: ["can't be blank"]
return_url: ["can't be blank"]
sign: ["can't be blank", "invalid sign"]
sign_type: ["can't be blank"]
subject: ["can't be blank"]
out_trade_no: ["can't be blank"]
payment_type: ["can't be blank"]
money: ["price and total_fee can not both be blank"]
seller: ["seller_email and seller_id can not both be blank"]
I, [2012-01-13T23:21:47.681298 #16876]  INFO -- : partner: ["can't be blank"]
notify_url: ["can't be blank"]
return_url: ["can't be blank"]
sign: ["can't be blank", "invalid sign"]
sign_type: ["can't be blank"]
subject: ["can't be blank"]
out_trade_no: ["can't be blank"]
payment_type: ["can't be blank"]
money: ["price和total_fee不能同时出现"]
quantity: ["if price is not blank, must input quantity"]
seller: ["seller_email and seller_id can not both be blank"]
I, [2012-01-13T23:21:47.688852 #16876]  INFO -- : partner: ["can't be blank"]
notify_url: ["can't be blank"]
return_url: ["can't be blank"]
sign: ["can't be blank", "invalid sign"]
sign_type: ["can't be blank"]
subject: ["can't be blank"]
out_trade_no: ["can't be blank"]
payment_type: ["can't be blank"]
money: ["price and total_fee can not both be blank"]
seller: ["seller_email and seller_id can not both be blank"]
I, [2012-01-13T23:21:47.696025 #16876]  INFO -- : notify_url: ["can't be blank"]
return_url: ["can't be blank"]
sign_type: ["can't be blank"]
subject: ["can't be blank"]
out_trade_no: ["can't be blank"]
payment_type: ["can't be blank"]
money: ["price and total_fee can not both be blank"]
seller: ["seller_email and seller_id can not both be blank"]
sign: ["invalid sign"]
I, [2012-01-13T23:21:47.702458 #16876]  INFO -- : notify_url: ["can't be blank"]
return_url: ["can't be blank"]
sign_type: ["can't be blank"]
subject: ["can't be blank"]
out_trade_no: ["can't be blank"]
payment_type: ["can't be blank"]
money: ["price and total_fee can not both be blank"]
seller: ["seller_email and seller_id can not both be blank"]
I, [2012-01-13T23:21:47.716880 #16876]  INFO -- : v_md5info: ["can't be blank"]
sign: ["invalid v_md5info"]
I, [2012-01-13T23:21:47.723772 #16876]  INFO -- : v_md5info: ["can't be blank"]
sign: ["invalid v_md5info"]
v_oid: ["is too long (maximum is 64 characters)"]
v_url: ["is too long (maximum is 200 characters)"]
I, [2012-01-13T23:21:47.730723 #16876]  INFO -- : v_md5info: ["can't be blank"]
sign: ["invalid v_md5info"]
v_amount: ["format should be Number(6, 2)"]
I, [2012-01-13T23:21:47.736942 #16876]  INFO -- : v_md5info: ["can't be blank"]
sign: ["invalid v_md5info"]
v_mid: ["商户编号不存在"]
I, [2012-01-13T23:21:47.742932 #16876]  INFO -- : v_md5info: ["can't be blank"]
sign: ["invalid v_md5info"]
I, [2012-01-13T23:21:47.749938 #16876]  INFO -- : v_mid: ["can't be blank"]
v_oid: ["can't be blank"]
v_amount: ["can't be blank"]
v_moneytype: ["can't be blank"]
v_url: ["can't be blank"]
v_md5info: ["can't be blank"]
sign: ["invalid v_md5info"]
I, [2012-01-13T23:21:47.756729 #16876]  INFO -- : sign: ["invalid v_md5info"]
I, [2012-01-13T23:21:47.786959 #16876]  INFO -- : 2012-01-13 23:21:47 +0800:/home/jim/workspace/magpie/lib/magpie/rubber.rb:7}:/home/jim/.rvm/rubies/ruby-1.9.2-p136/lib/ruby/1.9.1/net/http.rb:644:in `initialize'
/home/jim/.rvm/rubies/ruby-1.9.2-p136/lib/ruby/1.9.1/net/http.rb:644:in `open'
/home/jim/.rvm/rubies/ruby-1.9.2-p136/lib/ruby/1.9.1/net/http.rb:644:in `block in connect'
/home/jim/.rvm/rubies/ruby-1.9.2-p136/lib/ruby/1.9.1/timeout.rb:44:in `timeout'
/home/jim/.rvm/rubies/ruby-1.9.2-p136/lib/ruby/1.9.1/timeout.rb:87:in `timeout'
/home/jim/.rvm/rubies/ruby-1.9.2-p136/lib/ruby/1.9.1/net/http.rb:644:in `connect'
/home/jim/.rvm/rubies/ruby-1.9.2-p136/lib/ruby/1.9.1/net/http.rb:637:in `do_start'
/home/jim/.rvm/rubies/ruby-1.9.2-p136/lib/ruby/1.9.1/net/http.rb:626:in `start'
/home/jim/workspace/magpie/lib/magpie/utils.rb:89:in `start_http'
I, [2012-01-13T23:21:47.796932 #16876]  INFO -- : 2012-01-13 23:21:47 +0800:/home/jim/workspace/magpie/lib/magpie/rubber.rb:7}:/home/jim/.rvm/rubies/ruby-1.9.2-p136/lib/ruby/1.9.1/net/http.rb:644:in `initialize'
/home/jim/.rvm/rubies/ruby-1.9.2-p136/lib/ruby/1.9.1/net/http.rb:644:in `open'
/home/jim/.rvm/rubies/ruby-1.9.2-p136/lib/ruby/1.9.1/net/http.rb:644:in `block in connect'
/home/jim/.rvm/rubies/ruby-1.9.2-p136/lib/ruby/1.9.1/timeout.rb:44:in `timeout'
/home/jim/.rvm/rubies/ruby-1.9.2-p136/lib/ruby/1.9.1/timeout.rb:87:in `timeout'
/home/jim/.rvm/rubies/ruby-1.9.2-p136/lib/ruby/1.9.1/net/http.rb:644:in `connect'
/home/jim/.rvm/rubies/ruby-1.9.2-p136/lib/ruby/1.9.1/net/http.rb:637:in `do_start'
/home/jim/.rvm/rubies/ruby-1.9.2-p136/lib/ruby/1.9.1/net/http.rb:626:in `start'
/home/jim/workspace/magpie/lib/magpie/utils.rb:89:in `start_http'
I, [2012-01-13T23:21:47.807077 #16876]  INFO -- : 2012-01-13 23:21:47 +0800:/home/jim/workspace/magpie/lib/magpie/rubber.rb:7}:/home/jim/.rvm/rubies/ruby-1.9.2-p136/lib/ruby/1.9.1/net/http.rb:644:in `initialize'
/home/jim/.rvm/rubies/ruby-1.9.2-p136/lib/ruby/1.9.1/net/http.rb:644:in `open'
/home/jim/.rvm/rubies/ruby-1.9.2-p136/lib/ruby/1.9.1/net/http.rb:644:in `block in connect'
/home/jim/.rvm/rubies/ruby-1.9.2-p136/lib/ruby/1.9.1/timeout.rb:44:in `timeout'
/home/jim/.rvm/rubies/ruby-1.9.2-p136/lib/ruby/1.9.1/timeout.rb:87:in `timeout'
/home/jim/.rvm/rubies/ruby-1.9.2-p136/lib/ruby/1.9.1/net/http.rb:644:in `connect'
/home/jim/.rvm/rubies/ruby-1.9.2-p136/lib/ruby/1.9.1/net/http.rb:637:in `do_start'
/home/jim/.rvm/rubies/ruby-1.9.2-p136/lib/ruby/1.9.1/net/http.rb:626:in `start'
/home/jim/workspace/magpie/lib/magpie/utils.rb:89:in `start_http'
I, [2012-01-13T23:21:47.808692 #16876]  INFO -- : 2012-01-13 23:21:47 +0800:/home/jim/workspace/magpie/lib/magpie/rubber.rb:7}:/home/jim/.rvm/rubies/ruby-1.9.2-p136/lib/ruby/1.9.1/net/http.rb:1593:in `set_form_data'
/home/jim/workspace/magpie/lib/magpie/utils.rb:101:in `post_query'
/home/jim/workspace/magpie/lib/magpie/utils.rb:114:in `block (2 levels) in send_notify'
/home/jim/.rvm/rubies/ruby-1.9.2-p136/lib/ruby/1.9.1/timeout.rb:57:in `timeout'
/home/jim/.rvm/rubies/ruby-1.9.2-p136/lib/ruby/1.9.1/timeout.rb:87:in `timeout'
/home/jim/workspace/magpie/lib/magpie/utils.rb:111:in `block in send_notify'
/home/jim/workspace/magpie/lib/magpie/rubber.rb:5:in `try'
/home/jim/workspace/magpie/lib/magpie/utils.rb:110:in `send_notify'
/home/jim/workspace/magpie/test/test_utils.rb:13:in `test_send_notify_timeout'
I, [2012-01-13T23:21:47.809189 #16876]  INFO -- : 2012-01-13 23:21:47 +0800:/home/jim/workspace/magpie/lib/magpie/rubber.rb:7}:/home/jim/.rvm/rubies/ruby-1.9.2-p136/lib/ruby/1.9.1/net/http.rb:1593:in `set_form_data'
/home/jim/workspace/magpie/lib/magpie/utils.rb:101:in `post_query'
/home/jim/workspace/magpie/lib/magpie/utils.rb:114:in `block (2 levels) in send_notify'
/home/jim/.rvm/rubies/ruby-1.9.2-p136/lib/ruby/1.9.1/timeout.rb:57:in `timeout'
/home/jim/.rvm/rubies/ruby-1.9.2-p136/lib/ruby/1.9.1/timeout.rb:87:in `timeout'
/home/jim/workspace/magpie/lib/magpie/utils.rb:111:in `block in send_notify'
/home/jim/workspace/magpie/lib/magpie/rubber.rb:5:in `try'
/home/jim/workspace/magpie/lib/magpie/utils.rb:110:in `send_notify'
/home/jim/workspace/magpie/test/test_utils.rb:13:in `test_send_notify_timeout'
I, [2012-01-13T23:21:47.809646 #16876]  INFO -- : 2012-01-13 23:21:47 +0800:/home/jim/workspace/magpie/lib/magpie/rubber.rb:7}:/home/jim/.rvm/rubies/ruby-1.9.2-p136/lib/ruby/1.9.1/net/http.rb:1593:in `set_form_data'
/home/jim/workspace/magpie/lib/magpie/utils.rb:101:in `post_query'
/home/jim/workspace/magpie/lib/magpie/utils.rb:114:in `block (2 levels) in send_notify'
/home/jim/.rvm/rubies/ruby-1.9.2-p136/lib/ruby/1.9.1/timeout.rb:57:in `timeout'
/home/jim/.rvm/rubies/ruby-1.9.2-p136/lib/ruby/1.9.1/timeout.rb:87:in `timeout'
/home/jim/workspace/magpie/lib/magpie/utils.rb:111:in `block in send_notify'
/home/jim/workspace/magpie/lib/magpie/rubber.rb:5:in `try'
/home/jim/workspace/magpie/lib/magpie/utils.rb:110:in `send_notify'
/home/jim/workspace/magpie/test/test_utils.rb:13:in `test_send_notify_timeout'
I, [2012-01-13T23:21:47.816148 #16876]  INFO -- : service: ["can't be blank"]
partner: ["can't be blank"]
notify_url: ["can't be blank"]
return_url: ["can't be blank"]
sign: ["can't be blank", "invalid sign"]
sign_type: ["can't be blank"]
subject: ["can't be blank"]
out_trade_no: ["can't be blank"]
payment_type: ["can't be blank"]
money: ["price and total_fee can not both be blank"]
seller: ["seller_email and seller_id can not both be blank"]
I, [2012-01-13T23:21:47.823562 #16876]  INFO -- : v_mid: ["can't be blank"]
v_oid: ["can't be blank"]
v_amount: ["can't be blank"]
v_moneytype: ["can't be blank"]
v_url: ["can't be blank"]
v_md5info: ["can't be blank"]
sign: ["invalid v_md5info"]
I, [2012-01-13T23:21:47.829596 #16876]  INFO -- : v_mid: ["can't be blank"]
v_oid: ["can't be blank"]
v_amount: ["can't be blank"]
v_moneytype: ["can't be blank"]
v_url: ["can't be blank"]
v_md5info: ["can't be blank"]
sign: ["invalid v_md5info"]
I, [2012-01-13T23:21:47.835486 #16876]  INFO -- : #<NoMethodError: undefined method `split' for nil:NilClass>:
/home/jim/workspace/magpie/lib/middles/snake.rb:101:in `query_to_hash'
/home/jim/workspace/magpie/lib/middles/snake.rb:84:in `order_pay'
/home/jim/workspace/magpie/lib/middles/snake.rb:10:in `call'
/home/jim/workspace/magpie/lib/middles/snake.rb:10:in `block in reg'
/home/jim/workspace/magpie/lib/middles/snake.rb:24:in `call'
/home/jim/workspace/magpie/lib/middles/snake.rb:24:in `block in call'
/home/jim/workspace/magpie/lib/middles/snake.rb:22:in `each'
/home/jim/workspace/magpie/lib/middles/snake.rb:22:in `call'
/home/jim/.rvm/gems/ruby-1.9.2-p136/gems/rack-1.4.0/lib/rack/static.rb:66:in `call'
I, [2012-01-13T23:21:47.841638 #16876]  INFO -- : service: ["can't be blank"]
partner: ["can't be blank"]
notify_url: ["can't be blank"]
return_url: ["can't be blank"]
sign: ["can't be blank", "invalid sign"]
sign_type: ["can't be blank"]
subject: ["can't be blank"]
out_trade_no: ["can't be blank"]
payment_type: ["can't be blank"]
money: ["price and total_fee can not both be blank"]
seller: ["seller_email and seller_id can not both be blank"]
I, [2012-01-13T23:21:47.851929 #16876]  INFO -- : cmdno: ["can't be blank"]
date: ["can't be blank"]
bank_type: ["can't be blank"]
desc: ["can't be blank"]
bargainor_id: ["can't be blank"]
transaction_id: ["can't be blank"]
sp_billno: ["can't be blank"]
total_fee: ["can't be blank"]
fee_type: ["can't be blank"]
return_url: ["can't be blank"]
attach: ["can't be blank"]
spbill_create_ip: ["can't be blank"]
sign: ["can't be blank", "invalid sign"]
I, [2012-01-13T23:21:47.857731 #16876]  INFO -- : cmdno: ["can't be blank"]
date: ["can't be blank"]
bank_type: ["can't be blank"]
desc: ["can't be blank"]
bargainor_id: ["can't be blank"]
transaction_id: ["can't be blank"]
sp_billno: ["can't be blank"]
total_fee: ["can't be blank"]
fee_type: ["can't be blank"]
return_url: ["can't be blank"]
attach: ["can't be blank"]
spbill_create_ip: ["can't be blank"]
sign: ["can't be blank", "invalid sign"]
I, [2012-01-13T23:21:47.866044 #16876]  INFO -- : bank_type: ["can't be blank"]
desc: ["can't be blank"]
sign: ["can't be blank", "invalid sign"]
transaction_id: ["格式错误,transaction_id为28位长的数值,其中前10位为商户网站编号(SPID)，由财付通统一分配;之后8位为订单产生的日期,如20050415;最后10位商户需要保证一天内不同的事务(用户订购一次商品或购买一次服务),其ID不相同"]
I, [2012-01-13T23:21:47.873857 #16876]  INFO -- : bank_type: ["can't be blank"]
desc: ["can't be blank"]
sign: ["can't be blank", "invalid sign"]
transaction_id: ["格式错误,transaction_id为28位长的数值,其中前10位为商户网站编号(SPID)，由财付通统一分配;之后8位为订单产生的日期,如20050415;最后10位商户需要保证一天内不同的事务(用户订购一次商品或购买一次服务),其ID不相同"]
I, [2012-01-13T23:21:47.880673 #16876]  INFO -- : bank_type: ["can't be blank"]
desc: ["can't be blank"]
sign: ["can't be blank", "invalid sign"]
transaction_id: ["格式错误,transaction_id为28位长的数值,其中前10位为商户网站编号(SPID)，由财付通统一分配;之后8位为订单产生的日期,如20050415;最后10位商户需要保证一天内不同的事务(用户订购一次商品或购买一次服务),其ID不相同"]
I, [2012-01-13T23:21:47.886410 #16876]  INFO -- : cmdno: ["can't be blank"]
date: ["can't be blank"]
bank_type: ["can't be blank"]
desc: ["can't be blank"]
bargainor_id: ["can't be blank"]
transaction_id: ["can't be blank"]
sp_billno: ["can't be blank"]
total_fee: ["can't be blank"]
fee_type: ["can't be blank"]
return_url: ["can't be blank"]
attach: ["can't be blank"]
spbill_create_ip: ["can't be blank"]
sign: ["can't be blank", "invalid sign"]
I, [2012-01-13T23:21:47.892879 #16876]  INFO -- : bank_type: ["can't be blank"]
desc: ["can't be blank"]
sign: ["can't be blank", "invalid sign"]
I, [2012-01-13T23:21:47.900594 #16876]  INFO -- : bank_type: ["can't be blank"]
desc: ["can't be blank"]
sign: ["can't be blank", "invalid sign"]
transaction_id: ["格式错误,transaction_id为28位长的数值,其中前10位为商户网站编号(SPID)，由财付通统一分配;之后8位为订单产生的日期,如20050415;最后10位商户需要保证一天内不同的事务(用户订购一次商品或购买一次服务),其ID不相同"]
total_fee: ["格式错误,只能为数字,以分为单位,不允许包含任何字符"]
I, [2012-01-13T23:21:47.907447 #16876]  INFO -- : bank_type: ["can't be blank"]
desc: ["can't be blank"]
sign: ["can't be blank", "invalid sign"]
transaction_id: ["格式错误,transaction_id为28位长的数值,其中前10位为商户网站编号(SPID)，由财付通统一分配;之后8位为订单产生的日期,如20050415;最后10位商户需要保证一天内不同的事务(用户订购一次商品或购买一次服务),其ID不相同"]
total_fee: ["格式错误,只能为数字,以分为单位,不允许包含任何字符"]
I, [2012-01-13T23:21:47.913926 #16876]  INFO -- : bank_type: ["can't be blank"]
desc: ["can't be blank"]
sign: ["can't be blank", "invalid sign"]
transaction_id: ["格式错误,transaction_id为28位长的数值,其中前10位为商户网站编号(SPID)，由财付通统一分配;之后8位为订单产生的日期,如20050415;最后10位商户需要保证一天内不同的事务(用户订购一次商品或购买一次服务),其ID不相同"]
I, [2012-01-13T23:21:47.920403 #16876]  INFO -- : bank_type: ["can't be blank"]
desc: ["can't be blank"]
sign: ["can't be blank", "invalid sign"]
transaction_id: ["格式错误,transaction_id为28位长的数值,其中前10位为商户网站编号(SPID)，由财付通统一分配;之后8位为订单产生的日期,如20050415;最后10位商户需要保证一天内不同的事务(用户订购一次商品或购买一次服务),其ID不相同"]
fee_type: ["目前只支持人民币,请填1"]
I, [2012-01-13T23:21:47.926849 #16876]  INFO -- : bank_type: ["can't be blank"]
desc: ["can't be blank"]
sign: ["can't be blank", "invalid sign"]
transaction_id: ["格式错误,transaction_id为28位长的数值,其中前10位为商户网站编号(SPID)，由财付通统一分配;之后8位为订单产生的日期,如20050415;最后10位商户需要保证一天内不同的事务(用户订购一次商品或购买一次服务),其ID不相同"]
I, [2012-01-13T23:21:47.933162 #16876]  INFO -- : bank_type: ["can't be blank"]
desc: ["can't be blank"]
sign: ["can't be blank", "invalid sign"]
transaction_id: ["格式错误,transaction_id为28位长的数值,其中前10位为商户网站编号(SPID)，由财付通统一分配;之后8位为订单产生的日期,如20050415;最后10位商户需要保证一天内不同的事务(用户订购一次商品或购买一次服务),其ID不相同"]
spbill_create_ip: ["ip地址格式错误"]
I, [2012-01-13T23:21:47.939559 #16876]  INFO -- : bank_type: ["can't be blank"]
desc: ["can't be blank"]
sign: ["can't be blank", "invalid sign"]
transaction_id: ["格式错误,transaction_id为28位长的数值,其中前10位为商户网站编号(SPID)，由财付通统一分配;之后8位为订单产生的日期,如20050415;最后10位商户需要保证一天内不同的事务(用户订购一次商品或购买一次服务),其ID不相同"]
spbill_create_ip: ["ip地址格式错误"]
I, [2012-01-13T23:21:47.946010 #16876]  INFO -- : bank_type: ["can't be blank"]
desc: ["can't be blank"]
sign: ["can't be blank", "invalid sign"]
transaction_id: ["格式错误,transaction_id为28位长的数值,其中前10位为商户网站编号(SPID)，由财付通统一分配;之后8位为订单产生的日期,如20050415;最后10位商户需要保证一天内不同的事务(用户订购一次商品或购买一次服务),其ID不相同"]
I, [2012-01-13T23:21:47.952792 #16876]  INFO -- : bank_type: ["can't be blank"]
desc: ["can't be blank"]
sign: ["can't be blank", "invalid sign"]
transaction_id: ["格式错误,transaction_id为28位长的数值,其中前10位为商户网站编号(SPID)，由财付通统一分配;之后8位为订单产生的日期,如20050415;最后10位商户需要保证一天内不同的事务(用户订购一次商品或购买一次服务),其ID不相同"]
sp_billno: ["长度错误,应该在28个字符内"]
I, [2012-01-13T23:21:47.960458 #16876]  INFO -- : cmdno: ["can't be blank"]
date: ["can't be blank"]
bank_type: ["can't be blank"]
desc: ["can't be blank"]
bargainor_id: ["can't be blank"]
transaction_id: ["can't be blank"]
sp_billno: ["can't be blank"]
total_fee: ["can't be blank"]
fee_type: ["can't be blank"]
return_url: ["can't be blank"]
attach: ["can't be blank"]
spbill_create_ip: ["can't be blank"]
sign: ["can't be blank", "invalid sign"]
I, [2012-01-13T23:21:47.967419 #16876]  INFO -- : bank_type: ["can't be blank"]
desc: ["can't be blank"]
sign: ["can't be blank", "invalid sign"]
transaction_id: ["格式错误,transaction_id为28位长的数值,其中前10位为商户网站编号(SPID)，由财付通统一分配;之后8位为订单产生的日期,如20050415;最后10位商户需要保证一天内不同的事务(用户订购一次商品或购买一次服务),其ID不相同"]
bargainor_id: ["商户编号不存在"]
I, [2012-01-13T23:21:47.974518 #16876]  INFO -- : bank_type: ["can't be blank"]
desc: ["can't be blank"]
sign: ["can't be blank", "invalid sign"]
transaction_id: ["格式错误,transaction_id为28位长的数值,其中前10位为商户网站编号(SPID)，由财付通统一分配;之后8位为订单产生的日期,如20050415;最后10位商户需要保证一天内不同的事务(用户订购一次商品或购买一次服务),其ID不相同"]
I, [2012-01-13T23:21:47.981332 #16876]  INFO -- : cmdno: ["can't be blank"]
date: ["can't be blank"]
bank_type: ["can't be blank"]
desc: ["can't be blank"]
bargainor_id: ["can't be blank"]
transaction_id: ["can't be blank"]
sp_billno: ["can't be blank"]
total_fee: ["can't be blank"]
fee_type: ["can't be blank"]
return_url: ["can't be blank"]
attach: ["can't be blank"]
spbill_create_ip: ["can't be blank"]
sign: ["can't be blank", "invalid sign"]
I, [2012-01-13T23:21:47.988372 #16876]  INFO -- : bank_type: ["can't be blank"]
desc: ["can't be blank"]
transaction_id: ["格式错误,transaction_id为28位长的数值,其中前10位为商户网站编号(SPID)，由财付通统一分配;之后8位为订单产生的日期,如20050415;最后10位商户需要保证一天内不同的事务(用户订购一次商品或购买一次服务),其ID不相同"]
sign: ["sign签名必须大写", "invalid sign"]
I, [2012-01-13T23:21:47.995761 #16876]  INFO -- : bank_type: ["can't be blank"]
desc: ["can't be blank"]
transaction_id: ["格式错误,transaction_id为28位长的数值,其中前10位为商户网站编号(SPID)，由财付通统一分配;之后8位为订单产生的日期,如20050415;最后10位商户需要保证一天内不同的事务(用户订购一次商品或购买一次服务),其ID不相同"]
sign: ["invalid sign"]
I, [2012-01-13T23:21:48.001933 #16876]  INFO -- : bank_type: ["can't be blank"]
desc: ["can't be blank"]
transaction_id: ["格式错误,transaction_id为28位长的数值,其中前10位为商户网站编号(SPID)，由财付通统一分配;之后8位为订单产生的日期,如20050415;最后10位商户需要保证一天内不同的事务(用户订购一次商品或购买一次服务),其ID不相同"]
sign: ["invalid sign"]
I, [2012-01-13T23:21:48.008600 #16876]  INFO -- : bank_type: ["can't be blank"]
desc: ["can't be blank"]
transaction_id: ["格式错误,transaction_id为28位长的数值,其中前10位为商户网站编号(SPID)，由财付通统一分配;之后8位为订单产生的日期,如20050415;最后10位商户需要保证一天内不同的事务(用户订购一次商品或购买一次服务),其ID不相同"]
I, [2012-01-13T23:23:01.236827 #18205]  INFO -- : partner: ["can't be blank"]
notify_url: ["can't be blank"]
return_url: ["can't be blank"]
sign: ["can't be blank", "invalid sign"]
sign_type: ["can't be blank"]
subject: ["can't be blank"]
out_trade_no: ["can't be blank"]
payment_type: ["can't be blank"]
money: ["price and total_fee can not both be blank"]
seller: ["seller_email and seller_id can not both be blank"]
I, [2012-01-13T23:23:01.267428 #18205]  INFO -- : partner: ["can't be blank"]
notify_url: ["can't be blank"]
return_url: ["can't be blank"]
sign: ["can't be blank", "invalid sign"]
sign_type: ["can't be blank"]
subject: ["can't be blank"]
out_trade_no: ["can't be blank"]
payment_type: ["can't be blank"]
money: ["price and total_fee can not both be blank"]
seller: ["seller_email and seller_id can not both be blank"]
_input_charset: ["should be utf-8 or gb2312"]
I, [2012-01-13T23:23:01.273674 #18205]  INFO -- : partner: ["can't be blank"]
notify_url: ["can't be blank"]
return_url: ["can't be blank"]
sign: ["can't be blank", "invalid sign"]
sign_type: ["can't be blank"]
subject: ["can't be blank"]
out_trade_no: ["can't be blank"]
payment_type: ["can't be blank"]
money: ["price and total_fee can not both be blank"]
seller: ["seller_email and seller_id can not both be blank"]
I, [2012-01-13T23:23:01.280175 #18205]  INFO -- : partner: ["can't be blank"]
notify_url: ["can't be blank"]
return_url: ["can't be blank"]
sign: ["can't be blank", "invalid sign"]
sign_type: ["can't be blank"]
subject: ["can't be blank"]
out_trade_no: ["can't be blank"]
payment_type: ["can't be blank"]
money: ["price and total_fee can not both be blank"]
seller: ["seller_email and seller_id can not both be blank"]
I, [2012-01-13T23:23:01.286396 #18205]  INFO -- : partner: ["can't be blank"]
notify_url: ["can't be blank"]
return_url: ["can't be blank"]
sign: ["can't be blank", "invalid sign"]
sign_type: ["can't be blank"]
subject: ["can't be blank"]
out_trade_no: ["can't be blank"]
payment_type: ["can't be blank"]
price: ["format should be Number(13, 2)"]
total_fee: ["format should be Number(13, 2)"]
money: ["price和total_fee不能同时出现"]
quantity: ["if price is not blank, must input quantity"]
seller: ["seller_email and seller_id can not both be blank"]
I, [2012-01-13T23:23:01.293591 #18205]  INFO -- : partner: ["can't be blank"]
notify_url: ["can't be blank"]
return_url: ["can't be blank"]
sign: ["can't be blank", "invalid sign"]
sign_type: ["can't be blank"]
subject: ["can't be blank"]
out_trade_no: ["can't be blank"]
payment_type: ["can't be blank"]
quantity: ["if price is not blank, must input quantity"]
seller: ["seller_email and seller_id can not both be blank"]
I, [2012-01-13T23:23:01.299776 #18205]  INFO -- : partner: ["can't be blank"]
notify_url: ["can't be blank"]
return_url: ["can't be blank"]
sign: ["can't be blank", "invalid sign"]
sign_type: ["can't be blank"]
subject: ["can't be blank"]
out_trade_no: ["can't be blank"]
payment_type: ["can't be blank"]
money: ["price and total_fee can not both be blank"]
seller: ["seller_email and seller_id can not both be blank"]
I, [2012-01-13T23:23:01.306080 #18205]  INFO -- : notify_url: ["can't be blank"]
return_url: ["can't be blank"]
sign: ["can't be blank", "invalid sign"]
sign_type: ["can't be blank"]
subject: ["can't be blank"]
out_trade_no: ["can't be blank"]
partner: ["is too long (maximum is 16 characters)", "not exist"]
payment_type: ["is too long (maximum is 4 characters)"]
money: ["price and total_fee can not both be blank"]
seller: ["seller_email and seller_id can not both be blank"]
I, [2012-01-13T23:23:01.312940 #18205]  INFO -- : partner: ["can't be blank"]
notify_url: ["can't be blank"]
return_url: ["can't be blank"]
sign: ["can't be blank", "invalid sign"]
sign_type: ["can't be blank"]
subject: ["can't be blank"]
out_trade_no: ["can't be blank"]
payment_type: ["can't be blank"]
quantity: ["should be integer and between 1~999999"]
money: ["price and total_fee can not both be blank"]
seller: ["seller_email and seller_id can not both be blank"]
I, [2012-01-13T23:23:01.318613 #18205]  INFO -- : partner: ["can't be blank"]
notify_url: ["can't be blank"]
return_url: ["can't be blank"]
sign: ["can't be blank", "invalid sign"]
sign_type: ["can't be blank"]
subject: ["can't be blank"]
out_trade_no: ["can't be blank"]
payment_type: ["can't be blank"]
quantity: ["should be integer and between 1~999999"]
money: ["price and total_fee can not both be blank"]
seller: ["seller_email and seller_id can not both be blank"]
I, [2012-01-13T23:23:01.324505 #18205]  INFO -- : partner: ["can't be blank"]
notify_url: ["can't be blank"]
return_url: ["can't be blank"]
sign: ["can't be blank", "invalid sign"]
sign_type: ["can't be blank"]
subject: ["can't be blank"]
out_trade_no: ["can't be blank"]
payment_type: ["can't be blank"]
quantity: ["should be integer and between 1~999999"]
money: ["price and total_fee can not both be blank"]
seller: ["seller_email and seller_id can not both be blank"]
I, [2012-01-13T23:23:01.330519 #18205]  INFO -- : notify_url: ["can't be blank"]
return_url: ["can't be blank"]
sign: ["can't be blank", "invalid sign"]
sign_type: ["can't be blank"]
subject: ["can't be blank"]
out_trade_no: ["can't be blank"]
payment_type: ["can't be blank"]
money: ["price and total_fee can not both be blank"]
seller: ["seller_email and seller_id can not both be blank"]
partner: ["not exist"]
I, [2012-01-13T23:23:01.336632 #18205]  INFO -- : notify_url: ["can't be blank"]
return_url: ["can't be blank"]
sign: ["can't be blank", "invalid sign"]
sign_type: ["can't be blank"]
subject: ["can't be blank"]
out_trade_no: ["can't be blank"]
payment_type: ["can't be blank"]
money: ["price and total_fee can not both be blank"]
seller: ["seller_email and seller_id can not both be blank"]
I, [2012-01-13T23:23:01.343617 #18205]  INFO -- : service: ["can't be blank"]
partner: ["can't be blank"]
notify_url: ["can't be blank"]
return_url: ["can't be blank"]
sign: ["can't be blank", "invalid sign"]
sign_type: ["can't be blank"]
subject: ["can't be blank"]
out_trade_no: ["can't be blank"]
payment_type: ["can't be blank"]
money: ["price and total_fee can not both be blank"]
seller: ["seller_email and seller_id can not both be blank"]
I, [2012-01-13T23:23:01.349660 #18205]  INFO -- : partner: ["can't be blank"]
notify_url: ["can't be blank"]
return_url: ["can't be blank"]
sign: ["can't be blank", "invalid sign"]
sign_type: ["can't be blank"]
subject: ["can't be blank"]
out_trade_no: ["can't be blank"]
payment_type: ["can't be blank"]
money: ["price和total_fee不能同时出现"]
quantity: ["if price is not blank, must input quantity"]
seller: ["seller_email and seller_id can not both be blank"]
I, [2012-01-13T23:23:01.357510 #18205]  INFO -- : partner: ["can't be blank"]
notify_url: ["can't be blank"]
return_url: ["can't be blank"]
sign: ["can't be blank", "invalid sign"]
sign_type: ["can't be blank"]
subject: ["can't be blank"]
out_trade_no: ["can't be blank"]
payment_type: ["can't be blank"]
money: ["price and total_fee can not both be blank"]
seller: ["seller_email and seller_id can not both be blank"]
I, [2012-01-13T23:23:01.363612 #18205]  INFO -- : notify_url: ["can't be blank"]
return_url: ["can't be blank"]
sign_type: ["can't be blank"]
subject: ["can't be blank"]
out_trade_no: ["can't be blank"]
payment_type: ["can't be blank"]
money: ["price and total_fee can not both be blank"]
seller: ["seller_email and seller_id can not both be blank"]
sign: ["invalid sign"]
I, [2012-01-13T23:23:01.369374 #18205]  INFO -- : notify_url: ["can't be blank"]
return_url: ["can't be blank"]
sign_type: ["can't be blank"]
subject: ["can't be blank"]
out_trade_no: ["can't be blank"]
payment_type: ["can't be blank"]
money: ["price and total_fee can not both be blank"]
seller: ["seller_email and seller_id can not both be blank"]
I, [2012-01-13T23:23:01.382830 #18205]  INFO -- : v_md5info: ["can't be blank"]
sign: ["invalid v_md5info"]
I, [2012-01-13T23:23:01.390305 #18205]  INFO -- : v_md5info: ["can't be blank"]
sign: ["invalid v_md5info"]
v_oid: ["is too long (maximum is 64 characters)"]
v_url: ["is too long (maximum is 200 characters)"]
I, [2012-01-13T23:23:01.396868 #18205]  INFO -- : v_md5info: ["can't be blank"]
sign: ["invalid v_md5info"]
v_amount: ["format should be Number(6, 2)"]
I, [2012-01-13T23:23:01.403270 #18205]  INFO -- : v_md5info: ["can't be blank"]
sign: ["invalid v_md5info"]
v_mid: ["商户编号不存在"]
I, [2012-01-13T23:23:01.409106 #18205]  INFO -- : v_md5info: ["can't be blank"]
sign: ["invalid v_md5info"]
I, [2012-01-13T23:23:01.414933 #18205]  INFO -- : v_mid: ["can't be blank"]
v_oid: ["can't be blank"]
v_amount: ["can't be blank"]
v_moneytype: ["can't be blank"]
v_url: ["can't be blank"]
v_md5info: ["can't be blank"]
sign: ["invalid v_md5info"]
I, [2012-01-13T23:23:01.421335 #18205]  INFO -- : sign: ["invalid v_md5info"]
I, [2012-01-13T23:23:01.448877 #18205]  INFO -- : 2012-01-13 23:23:01 +0800:/home/jim/workspace/magpie/lib/magpie/rubber.rb:7}:/home/jim/.rvm/rubies/ruby-1.9.2-p136/lib/ruby/1.9.1/net/http.rb:644:in `initialize'
/home/jim/.rvm/rubies/ruby-1.9.2-p136/lib/ruby/1.9.1/net/http.rb:644:in `open'
/home/jim/.rvm/rubies/ruby-1.9.2-p136/lib/ruby/1.9.1/net/http.rb:644:in `block in connect'
/home/jim/.rvm/rubies/ruby-1.9.2-p136/lib/ruby/1.9.1/timeout.rb:44:in `timeout'
/home/jim/.rvm/rubies/ruby-1.9.2-p136/lib/ruby/1.9.1/timeout.rb:87:in `timeout'
/home/jim/.rvm/rubies/ruby-1.9.2-p136/lib/ruby/1.9.1/net/http.rb:644:in `connect'
/home/jim/.rvm/rubies/ruby-1.9.2-p136/lib/ruby/1.9.1/net/http.rb:637:in `do_start'
/home/jim/.rvm/rubies/ruby-1.9.2-p136/lib/ruby/1.9.1/net/http.rb:626:in `start'
/home/jim/workspace/magpie/lib/magpie/utils.rb:89:in `start_http'
I, [2012-01-13T23:23:01.461202 #18205]  INFO -- : 2012-01-13 23:23:01 +0800:/home/jim/workspace/magpie/lib/magpie/rubber.rb:7}:/home/jim/.rvm/rubies/ruby-1.9.2-p136/lib/ruby/1.9.1/net/http.rb:644:in `initialize'
/home/jim/.rvm/rubies/ruby-1.9.2-p136/lib/ruby/1.9.1/net/http.rb:644:in `open'
/home/jim/.rvm/rubies/ruby-1.9.2-p136/lib/ruby/1.9.1/net/http.rb:644:in `block in connect'
/home/jim/.rvm/rubies/ruby-1.9.2-p136/lib/ruby/1.9.1/timeout.rb:44:in `timeout'
/home/jim/.rvm/rubies/ruby-1.9.2-p136/lib/ruby/1.9.1/timeout.rb:87:in `timeout'
/home/jim/.rvm/rubies/ruby-1.9.2-p136/lib/ruby/1.9.1/net/http.rb:644:in `connect'
/home/jim/.rvm/rubies/ruby-1.9.2-p136/lib/ruby/1.9.1/net/http.rb:637:in `do_start'
/home/jim/.rvm/rubies/ruby-1.9.2-p136/lib/ruby/1.9.1/net/http.rb:626:in `start'
/home/jim/workspace/magpie/lib/magpie/utils.rb:89:in `start_http'
I, [2012-01-13T23:23:01.473991 #18205]  INFO -- : 2012-01-13 23:23:01 +0800:/home/jim/workspace/magpie/lib/magpie/rubber.rb:7}:/home/jim/.rvm/rubies/ruby-1.9.2-p136/lib/ruby/1.9.1/net/http.rb:644:in `initialize'
/home/jim/.rvm/rubies/ruby-1.9.2-p136/lib/ruby/1.9.1/net/http.rb:644:in `open'
/home/jim/.rvm/rubies/ruby-1.9.2-p136/lib/ruby/1.9.1/net/http.rb:644:in `block in connect'
/home/jim/.rvm/rubies/ruby-1.9.2-p136/lib/ruby/1.9.1/timeout.rb:44:in `timeout'
/home/jim/.rvm/rubies/ruby-1.9.2-p136/lib/ruby/1.9.1/timeout.rb:87:in `timeout'
/home/jim/.rvm/rubies/ruby-1.9.2-p136/lib/ruby/1.9.1/net/http.rb:644:in `connect'
/home/jim/.rvm/rubies/ruby-1.9.2-p136/lib/ruby/1.9.1/net/http.rb:637:in `do_start'
/home/jim/.rvm/rubies/ruby-1.9.2-p136/lib/ruby/1.9.1/net/http.rb:626:in `start'
/home/jim/workspace/magpie/lib/magpie/utils.rb:89:in `start_http'
I, [2012-01-13T23:23:01.475082 #18205]  INFO -- : 2012-01-13 23:23:01 +0800:/home/jim/workspace/magpie/lib/magpie/rubber.rb:7}:/home/jim/.rvm/rubies/ruby-1.9.2-p136/lib/ruby/1.9.1/net/http.rb:1593:in `set_form_data'
/home/jim/workspace/magpie/lib/magpie/utils.rb:101:in `post_query'
/home/jim/workspace/magpie/lib/magpie/utils.rb:114:in `block (2 levels) in send_notify'
/home/jim/.rvm/rubies/ruby-1.9.2-p136/lib/ruby/1.9.1/timeout.rb:57:in `timeout'
/home/jim/.rvm/rubies/ruby-1.9.2-p136/lib/ruby/1.9.1/timeout.rb:87:in `timeout'
/home/jim/workspace/magpie/lib/magpie/utils.rb:111:in `block in send_notify'
/home/jim/workspace/magpie/lib/magpie/rubber.rb:5:in `try'
/home/jim/workspace/magpie/lib/magpie/utils.rb:110:in `send_notify'
/home/jim/workspace/magpie/test/test_utils.rb:13:in `test_send_notify_timeout'
I, [2012-01-13T23:23:01.475554 #18205]  INFO -- : 2012-01-13 23:23:01 +0800:/home/jim/workspace/magpie/lib/magpie/rubber.rb:7}:/home/jim/.rvm/rubies/ruby-1.9.2-p136/lib/ruby/1.9.1/net/http.rb:1593:in `set_form_data'
/home/jim/workspace/magpie/lib/magpie/utils.rb:101:in `post_query'
/home/jim/workspace/magpie/lib/magpie/utils.rb:114:in `block (2 levels) in send_notify'
/home/jim/.rvm/rubies/ruby-1.9.2-p136/lib/ruby/1.9.1/timeout.rb:57:in `timeout'
/home/jim/.rvm/rubies/ruby-1.9.2-p136/lib/ruby/1.9.1/timeout.rb:87:in `timeout'
/home/jim/workspace/magpie/lib/magpie/utils.rb:111:in `block in send_notify'
/home/jim/workspace/magpie/lib/magpie/rubber.rb:5:in `try'
/home/jim/workspace/magpie/lib/magpie/utils.rb:110:in `send_notify'
/home/jim/workspace/magpie/test/test_utils.rb:13:in `test_send_notify_timeout'
I, [2012-01-13T23:23:01.475994 #18205]  INFO -- : 2012-01-13 23:23:01 +0800:/home/jim/workspace/magpie/lib/magpie/rubber.rb:7}:/home/jim/.rvm/rubies/ruby-1.9.2-p136/lib/ruby/1.9.1/net/http.rb:1593:in `set_form_data'
/home/jim/workspace/magpie/lib/magpie/utils.rb:101:in `post_query'
/home/jim/workspace/magpie/lib/magpie/utils.rb:114:in `block (2 levels) in send_notify'
/home/jim/.rvm/rubies/ruby-1.9.2-p136/lib/ruby/1.9.1/timeout.rb:57:in `timeout'
/home/jim/.rvm/rubies/ruby-1.9.2-p136/lib/ruby/1.9.1/timeout.rb:87:in `timeout'
/home/jim/workspace/magpie/lib/magpie/utils.rb:111:in `block in send_notify'
/home/jim/workspace/magpie/lib/magpie/rubber.rb:5:in `try'
/home/jim/workspace/magpie/lib/magpie/utils.rb:110:in `send_notify'
/home/jim/workspace/magpie/test/test_utils.rb:13:in `test_send_notify_timeout'
I, [2012-01-13T23:23:01.482077 #18205]  INFO -- : service: ["can't be blank"]
partner: ["can't be blank"]
notify_url: ["can't be blank"]
return_url: ["can't be blank"]
sign: ["can't be blank", "invalid sign"]
sign_type: ["can't be blank"]
subject: ["can't be blank"]
out_trade_no: ["can't be blank"]
payment_type: ["can't be blank"]
money: ["price and total_fee can not both be blank"]
seller: ["seller_email and seller_id can not both be blank"]
I, [2012-01-13T23:23:01.487789 #18205]  INFO -- : v_mid: ["can't be blank"]
v_oid: ["can't be blank"]
v_amount: ["can't be blank"]
v_moneytype: ["can't be blank"]
v_url: ["can't be blank"]
v_md5info: ["can't be blank"]
sign: ["invalid v_md5info"]
I, [2012-01-13T23:23:01.493657 #18205]  INFO -- : v_mid: ["can't be blank"]
v_oid: ["can't be blank"]
v_amount: ["can't be blank"]
v_moneytype: ["can't be blank"]
v_url: ["can't be blank"]
v_md5info: ["can't be blank"]
sign: ["invalid v_md5info"]
I, [2012-01-13T23:23:01.499506 #18205]  INFO -- : #<NoMethodError: undefined method `split' for nil:NilClass>:
/home/jim/workspace/magpie/lib/middles/snake.rb:101:in `query_to_hash'
/home/jim/workspace/magpie/lib/middles/snake.rb:84:in `order_pay'
/home/jim/workspace/magpie/lib/middles/snake.rb:10:in `call'
/home/jim/workspace/magpie/lib/middles/snake.rb:10:in `block in reg'
/home/jim/workspace/magpie/lib/middles/snake.rb:24:in `call'
/home/jim/workspace/magpie/lib/middles/snake.rb:24:in `block in call'
/home/jim/workspace/magpie/lib/middles/snake.rb:22:in `each'
/home/jim/workspace/magpie/lib/middles/snake.rb:22:in `call'
/home/jim/.rvm/gems/ruby-1.9.2-p136/gems/rack-1.4.0/lib/rack/static.rb:66:in `call'
I, [2012-01-13T23:23:01.504348 #18205]  INFO -- : service: ["can't be blank"]
partner: ["can't be blank"]
notify_url: ["can't be blank"]
return_url: ["can't be blank"]
sign: ["can't be blank", "invalid sign"]
sign_type: ["can't be blank"]
subject: ["can't be blank"]
out_trade_no: ["can't be blank"]
payment_type: ["can't be blank"]
money: ["price and total_fee can not both be blank"]
seller: ["seller_email and seller_id can not both be blank"]
I, [2012-01-13T23:23:01.514630 #18205]  INFO -- : cmdno: ["can't be blank"]
date: ["can't be blank"]
bank_type: ["can't be blank"]
desc: ["can't be blank"]
bargainor_id: ["can't be blank"]
transaction_id: ["can't be blank"]
sp_billno: ["can't be blank"]
total_fee: ["can't be blank"]
fee_type: ["can't be blank"]
return_url: ["can't be blank"]
attach: ["can't be blank"]
spbill_create_ip: ["can't be blank"]
sign: ["can't be blank", "invalid sign"]
I, [2012-01-13T23:23:01.520441 #18205]  INFO -- : cmdno: ["can't be blank"]
date: ["can't be blank"]
bank_type: ["can't be blank"]
desc: ["can't be blank"]
bargainor_id: ["can't be blank"]
transaction_id: ["can't be blank"]
sp_billno: ["can't be blank"]
total_fee: ["can't be blank"]
fee_type: ["can't be blank"]
return_url: ["can't be blank"]
attach: ["can't be blank"]
spbill_create_ip: ["can't be blank"]
sign: ["can't be blank", "invalid sign"]
I, [2012-01-13T23:23:01.528658 #18205]  INFO -- : bank_type: ["can't be blank"]
desc: ["can't be blank"]
sign: ["can't be blank", "invalid sign"]
transaction_id: ["格式错误,transaction_id为28位长的数值,其中前10位为商户网站编号(SPID)，由财付通统一分配;之后8位为订单产生的日期,如20050415;最后10位商户需要保证一天内不同的事务(用户订购一次商品或购买一次服务),其ID不相同"]
I, [2012-01-13T23:23:01.534986 #18205]  INFO -- : bank_type: ["can't be blank"]
desc: ["can't be blank"]
sign: ["can't be blank", "invalid sign"]
transaction_id: ["格式错误,transaction_id为28位长的数值,其中前10位为商户网站编号(SPID)，由财付通统一分配;之后8位为订单产生的日期,如20050415;最后10位商户需要保证一天内不同的事务(用户订购一次商品或购买一次服务),其ID不相同"]
I, [2012-01-13T23:23:01.541645 #18205]  INFO -- : bank_type: ["can't be blank"]
desc: ["can't be blank"]
sign: ["can't be blank", "invalid sign"]
transaction_id: ["格式错误,transaction_id为28位长的数值,其中前10位为商户网站编号(SPID)，由财付通统一分配;之后8位为订单产生的日期,如20050415;最后10位商户需要保证一天内不同的事务(用户订购一次商品或购买一次服务),其ID不相同"]
I, [2012-01-13T23:23:01.547278 #18205]  INFO -- : cmdno: ["can't be blank"]
date: ["can't be blank"]
bank_type: ["can't be blank"]
desc: ["can't be blank"]
bargainor_id: ["can't be blank"]
transaction_id: ["can't be blank"]
sp_billno: ["can't be blank"]
total_fee: ["can't be blank"]
fee_type: ["can't be blank"]
return_url: ["can't be blank"]
attach: ["can't be blank"]
spbill_create_ip: ["can't be blank"]
sign: ["can't be blank", "invalid sign"]
I, [2012-01-13T23:23:01.554108 #18205]  INFO -- : bank_type: ["can't be blank"]
desc: ["can't be blank"]
sign: ["can't be blank", "invalid sign"]
I, [2012-01-13T23:23:01.561879 #18205]  INFO -- : bank_type: ["can't be blank"]
desc: ["can't be blank"]
sign: ["can't be blank", "invalid sign"]
transaction_id: ["格式错误,transaction_id为28位长的数值,其中前10位为商户网站编号(SPID)，由财付通统一分配;之后8位为订单产生的日期,如20050415;最后10位商户需要保证一天内不同的事务(用户订购一次商品或购买一次服务),其ID不相同"]
total_fee: ["格式错误,只能为数字,以分为单位,不允许包含任何字符"]
I, [2012-01-13T23:23:01.568674 #18205]  INFO -- : bank_type: ["can't be blank"]
desc: ["can't be blank"]
sign: ["can't be blank", "invalid sign"]
transaction_id: ["格式错误,transaction_id为28位长的数值,其中前10位为商户网站编号(SPID)，由财付通统一分配;之后8位为订单产生的日期,如20050415;最后10位商户需要保证一天内不同的事务(用户订购一次商品或购买一次服务),其ID不相同"]
total_fee: ["格式错误,只能为数字,以分为单位,不允许包含任何字符"]
I, [2012-01-13T23:23:01.576020 #18205]  INFO -- : bank_type: ["can't be blank"]
desc: ["can't be blank"]
sign: ["can't be blank", "invalid sign"]
transaction_id: ["格式错误,transaction_id为28位长的数值,其中前10位为商户网站编号(SPID)，由财付通统一分配;之后8位为订单产生的日期,如20050415;最后10位商户需要保证一天内不同的事务(用户订购一次商品或购买一次服务),其ID不相同"]
I, [2012-01-13T23:23:01.583573 #18205]  INFO -- : bank_type: ["can't be blank"]
desc: ["can't be blank"]
sign: ["can't be blank", "invalid sign"]
transaction_id: ["格式错误,transaction_id为28位长的数值,其中前10位为商户网站编号(SPID)，由财付通统一分配;之后8位为订单产生的日期,如20050415;最后10位商户需要保证一天内不同的事务(用户订购一次商品或购买一次服务),其ID不相同"]
fee_type: ["目前只支持人民币,请填1"]
I, [2012-01-13T23:23:01.590522 #18205]  INFO -- : bank_type: ["can't be blank"]
desc: ["can't be blank"]
sign: ["can't be blank", "invalid sign"]
transaction_id: ["格式错误,transaction_id为28位长的数值,其中前10位为商户网站编号(SPID)，由财付通统一分配;之后8位为订单产生的日期,如20050415;最后10位商户需要保证一天内不同的事务(用户订购一次商品或购买一次服务),其ID不相同"]
I, [2012-01-13T23:23:01.597055 #18205]  INFO -- : bank_type: ["can't be blank"]
desc: ["can't be blank"]
sign: ["can't be blank", "invalid sign"]
transaction_id: ["格式错误,transaction_id为28位长的数值,其中前10位为商户网站编号(SPID)，由财付通统一分配;之后8位为订单产生的日期,如20050415;最后10位商户需要保证一天内不同的事务(用户订购一次商品或购买一次服务),其ID不相同"]
spbill_create_ip: ["ip地址格式错误"]
I, [2012-01-13T23:23:01.603935 #18205]  INFO -- : bank_type: ["can't be blank"]
desc: ["can't be blank"]
sign: ["can't be blank", "invalid sign"]
transaction_id: ["格式错误,transaction_id为28位长的数值,其中前10位为商户网站编号(SPID)，由财付通统一分配;之后8位为订单产生的日期,如20050415;最后10位商户需要保证一天内不同的事务(用户订购一次商品或购买一次服务),其ID不相同"]
spbill_create_ip: ["ip地址格式错误"]
I, [2012-01-13T23:23:01.610107 #18205]  INFO -- : bank_type: ["can't be blank"]
desc: ["can't be blank"]
sign: ["can't be blank", "invalid sign"]
transaction_id: ["格式错误,transaction_id为28位长的数值,其中前10位为商户网站编号(SPID)，由财付通统一分配;之后8位为订单产生的日期,如20050415;最后10位商户需要保证一天内不同的事务(用户订购一次商品或购买一次服务),其ID不相同"]
I, [2012-01-13T23:23:01.617070 #18205]  INFO -- : bank_type: ["can't be blank"]
desc: ["can't be blank"]
sign: ["can't be blank", "invalid sign"]
transaction_id: ["格式错误,transaction_id为28位长的数值,其中前10位为商户网站编号(SPID)，由财付通统一分配;之后8位为订单产生的日期,如20050415;最后10位商户需要保证一天内不同的事务(用户订购一次商品或购买一次服务),其ID不相同"]
sp_billno: ["长度错误,应该在28个字符内"]
I, [2012-01-13T23:23:01.623090 #18205]  INFO -- : cmdno: ["can't be blank"]
date: ["can't be blank"]
bank_type: ["can't be blank"]
desc: ["can't be blank"]
bargainor_id: ["can't be blank"]
transaction_id: ["can't be blank"]
sp_billno: ["can't be blank"]
total_fee: ["can't be blank"]
fee_type: ["can't be blank"]
return_url: ["can't be blank"]
attach: ["can't be blank"]
spbill_create_ip: ["can't be blank"]
sign: ["can't be blank", "invalid sign"]
I, [2012-01-13T23:23:01.632745 #18205]  INFO -- : bank_type: ["can't be blank"]
desc: ["can't be blank"]
sign: ["can't be blank", "invalid sign"]
transaction_id: ["格式错误,transaction_id为28位长的数值,其中前10位为商户网站编号(SPID)，由财付通统一分配;之后8位为订单产生的日期,如20050415;最后10位商户需要保证一天内不同的事务(用户订购一次商品或购买一次服务),其ID不相同"]
bargainor_id: ["商户编号不存在"]
I, [2012-01-13T23:23:01.638941 #18205]  INFO -- : bank_type: ["can't be blank"]
desc: ["can't be blank"]
sign: ["can't be blank", "invalid sign"]
transaction_id: ["格式错误,transaction_id为28位长的数值,其中前10位为商户网站编号(SPID)，由财付通统一分配;之后8位为订单产生的日期,如20050415;最后10位商户需要保证一天内不同的事务(用户订购一次商品或购买一次服务),其ID不相同"]
I, [2012-01-13T23:23:01.645924 #18205]  INFO -- : cmdno: ["can't be blank"]
date: ["can't be blank"]
bank_type: ["can't be blank"]
desc: ["can't be blank"]
bargainor_id: ["can't be blank"]
transaction_id: ["can't be blank"]
sp_billno: ["can't be blank"]
total_fee: ["can't be blank"]
fee_type: ["can't be blank"]
return_url: ["can't be blank"]
attach: ["can't be blank"]
spbill_create_ip: ["can't be blank"]
sign: ["can't be blank", "invalid sign"]
I, [2012-01-13T23:23:01.652948 #18205]  INFO -- : bank_type: ["can't be blank"]
desc: ["can't be blank"]
transaction_id: ["格式错误,transaction_id为28位长的数值,其中前10位为商户网站编号(SPID)，由财付通统一分配;之后8位为订单产生的日期,如20050415;最后10位商户需要保证一天内不同的事务(用户订购一次商品或购买一次服务),其ID不相同"]
sign: ["sign签名必须大写", "invalid sign"]
I, [2012-01-13T23:23:01.659114 #18205]  INFO -- : bank_type: ["can't be blank"]
desc: ["can't be blank"]
transaction_id: ["格式错误,transaction_id为28位长的数值,其中前10位为商户网站编号(SPID)，由财付通统一分配;之后8位为订单产生的日期,如20050415;最后10位商户需要保证一天内不同的事务(用户订购一次商品或购买一次服务),其ID不相同"]
sign: ["invalid sign"]
I, [2012-01-13T23:23:01.665278 #18205]  INFO -- : bank_type: ["can't be blank"]
desc: ["can't be blank"]
transaction_id: ["格式错误,transaction_id为28位长的数值,其中前10位为商户网站编号(SPID)，由财付通统一分配;之后8位为订单产生的日期,如20050415;最后10位商户需要保证一天内不同的事务(用户订购一次商品或购买一次服务),其ID不相同"]
sign: ["invalid sign"]
I, [2012-01-13T23:23:01.671979 #18205]  INFO -- : bank_type: ["can't be blank"]
desc: ["can't be blank"]
transaction_id: ["格式错误,transaction_id为28位长的数值,其中前10位为商户网站编号(SPID)，由财付通统一分配;之后8位为订单产生的日期,如20050415;最后10位商户需要保证一天内不同的事务(用户订购一次商品或购买一次服务),其ID不相同"]
I, [2012-01-13T23:23:38.381411 #18870]  INFO -- : partner: ["can't be blank"]
notify_url: ["can't be blank"]
return_url: ["can't be blank"]
sign: ["can't be blank", "invalid sign"]
sign_type: ["can't be blank"]
subject: ["can't be blank"]
out_trade_no: ["can't be blank"]
payment_type: ["can't be blank"]
money: ["price and total_fee can not both be blank"]
seller: ["seller_email and seller_id can not both be blank"]
I, [2012-01-13T23:23:38.407162 #18870]  INFO -- : partner: ["can't be blank"]
notify_url: ["can't be blank"]
return_url: ["can't be blank"]
sign: ["can't be blank", "invalid sign"]
sign_type: ["can't be blank"]
subject: ["can't be blank"]
out_trade_no: ["can't be blank"]
payment_type: ["can't be blank"]
money: ["price and total_fee can not both be blank"]
seller: ["seller_email and seller_id can not both be blank"]
_input_charset: ["should be utf-8 or gb2312"]
I, [2012-01-13T23:23:38.414031 #18870]  INFO -- : partner: ["can't be blank"]
notify_url: ["can't be blank"]
return_url: ["can't be blank"]
sign: ["can't be blank", "invalid sign"]
sign_type: ["can't be blank"]
subject: ["can't be blank"]
out_trade_no: ["can't be blank"]
payment_type: ["can't be blank"]
money: ["price and total_fee can not both be blank"]
seller: ["seller_email and seller_id can not both be blank"]
I, [2012-01-13T23:23:38.420549 #18870]  INFO -- : partner: ["can't be blank"]
notify_url: ["can't be blank"]
return_url: ["can't be blank"]
sign: ["can't be blank", "invalid sign"]
sign_type: ["can't be blank"]
subject: ["can't be blank"]
out_trade_no: ["can't be blank"]
payment_type: ["can't be blank"]
money: ["price and total_fee can not both be blank"]
seller: ["seller_email and seller_id can not both be blank"]
I, [2012-01-13T23:23:38.427764 #18870]  INFO -- : partner: ["can't be blank"]
notify_url: ["can't be blank"]
return_url: ["can't be blank"]
sign: ["can't be blank", "invalid sign"]
sign_type: ["can't be blank"]
subject: ["can't be blank"]
out_trade_no: ["can't be blank"]
payment_type: ["can't be blank"]
price: ["format should be Number(13, 2)"]
total_fee: ["format should be Number(13, 2)"]
money: ["price和total_fee不能同时出现"]
quantity: ["if price is not blank, must input quantity"]
seller: ["seller_email and seller_id can not both be blank"]
I, [2012-01-13T23:23:38.434007 #18870]  INFO -- : partner: ["can't be blank"]
notify_url: ["can't be blank"]
return_url: ["can't be blank"]
sign: ["can't be blank", "invalid sign"]
sign_type: ["can't be blank"]
subject: ["can't be blank"]
out_trade_no: ["can't be blank"]
payment_type: ["can't be blank"]
quantity: ["if price is not blank, must input quantity"]
seller: ["seller_email and seller_id can not both be blank"]
I, [2012-01-13T23:23:38.440677 #18870]  INFO -- : partner: ["can't be blank"]
notify_url: ["can't be blank"]
return_url: ["can't be blank"]
sign: ["can't be blank", "invalid sign"]
sign_type: ["can't be blank"]
subject: ["can't be blank"]
out_trade_no: ["can't be blank"]
payment_type: ["can't be blank"]
money: ["price and total_fee can not both be blank"]
seller: ["seller_email and seller_id can not both be blank"]
I, [2012-01-13T23:23:38.447167 #18870]  INFO -- : notify_url: ["can't be blank"]
return_url: ["can't be blank"]
sign: ["can't be blank", "invalid sign"]
sign_type: ["can't be blank"]
subject: ["can't be blank"]
out_trade_no: ["can't be blank"]
partner: ["is too long (maximum is 16 characters)", "not exist"]
payment_type: ["is too long (maximum is 4 characters)"]
money: ["price and total_fee can not both be blank"]
seller: ["seller_email and seller_id can not both be blank"]
I, [2012-01-13T23:23:38.453349 #18870]  INFO -- : partner: ["can't be blank"]
notify_url: ["can't be blank"]
return_url: ["can't be blank"]
sign: ["can't be blank", "invalid sign"]
sign_type: ["can't be blank"]
subject: ["can't be blank"]
out_trade_no: ["can't be blank"]
payment_type: ["can't be blank"]
quantity: ["should be integer and between 1~999999"]
money: ["price and total_fee can not both be blank"]
seller: ["seller_email and seller_id can not both be blank"]
I, [2012-01-13T23:23:38.459706 #18870]  INFO -- : partner: ["can't be blank"]
notify_url: ["can't be blank"]
return_url: ["can't be blank"]
sign: ["can't be blank", "invalid sign"]
sign_type: ["can't be blank"]
subject: ["can't be blank"]
out_trade_no: ["can't be blank"]
payment_type: ["can't be blank"]
quantity: ["should be integer and between 1~999999"]
money: ["price and total_fee can not both be blank"]
seller: ["seller_email and seller_id can not both be blank"]
I, [2012-01-13T23:23:38.465499 #18870]  INFO -- : partner: ["can't be blank"]
notify_url: ["can't be blank"]
return_url: ["can't be blank"]
sign: ["can't be blank", "invalid sign"]
sign_type: ["can't be blank"]
subject: ["can't be blank"]
out_trade_no: ["can't be blank"]
payment_type: ["can't be blank"]
quantity: ["should be integer and between 1~999999"]
money: ["price and total_fee can not both be blank"]
seller: ["seller_email and seller_id can not both be blank"]
I, [2012-01-13T23:23:38.471973 #18870]  INFO -- : notify_url: ["can't be blank"]
return_url: ["can't be blank"]
sign: ["can't be blank", "invalid sign"]
sign_type: ["can't be blank"]
subject: ["can't be blank"]
out_trade_no: ["can't be blank"]
payment_type: ["can't be blank"]
money: ["price and total_fee can not both be blank"]
seller: ["seller_email and seller_id can not both be blank"]
partner: ["not exist"]
I, [2012-01-13T23:23:38.478093 #18870]  INFO -- : notify_url: ["can't be blank"]
return_url: ["can't be blank"]
sign: ["can't be blank", "invalid sign"]
sign_type: ["can't be blank"]
subject: ["can't be blank"]
out_trade_no: ["can't be blank"]
payment_type: ["can't be blank"]
money: ["price and total_fee can not both be blank"]
seller: ["seller_email and seller_id can not both be blank"]
I, [2012-01-13T23:23:38.485199 #18870]  INFO -- : service: ["can't be blank"]
partner: ["can't be blank"]
notify_url: ["can't be blank"]
return_url: ["can't be blank"]
sign: ["can't be blank", "invalid sign"]
sign_type: ["can't be blank"]
subject: ["can't be blank"]
out_trade_no: ["can't be blank"]
payment_type: ["can't be blank"]
money: ["price and total_fee can not both be blank"]
seller: ["seller_email and seller_id can not both be blank"]
I, [2012-01-13T23:23:38.491529 #18870]  INFO -- : partner: ["can't be blank"]
notify_url: ["can't be blank"]
return_url: ["can't be blank"]
sign: ["can't be blank", "invalid sign"]
sign_type: ["can't be blank"]
subject: ["can't be blank"]
out_trade_no: ["can't be blank"]
payment_type: ["can't be blank"]
money: ["price和total_fee不能同时出现"]
quantity: ["if price is not blank, must input quantity"]
seller: ["seller_email and seller_id can not both be blank"]
I, [2012-01-13T23:23:38.498236 #18870]  INFO -- : partner: ["can't be blank"]
notify_url: ["can't be blank"]
return_url: ["can't be blank"]
sign: ["can't be blank", "invalid sign"]
sign_type: ["can't be blank"]
subject: ["can't be blank"]
out_trade_no: ["can't be blank"]
payment_type: ["can't be blank"]
money: ["price and total_fee can not both be blank"]
seller: ["seller_email and seller_id can not both be blank"]
I, [2012-01-13T23:23:38.505120 #18870]  INFO -- : notify_url: ["can't be blank"]
return_url: ["can't be blank"]
sign_type: ["can't be blank"]
subject: ["can't be blank"]
out_trade_no: ["can't be blank"]
payment_type: ["can't be blank"]
money: ["price and total_fee can not both be blank"]
seller: ["seller_email and seller_id can not both be blank"]
sign: ["invalid sign"]
I, [2012-01-13T23:23:38.510945 #18870]  INFO -- : notify_url: ["can't be blank"]
return_url: ["can't be blank"]
sign_type: ["can't be blank"]
subject: ["can't be blank"]
out_trade_no: ["can't be blank"]
payment_type: ["can't be blank"]
money: ["price and total_fee can not both be blank"]
seller: ["seller_email and seller_id can not both be blank"]
I, [2012-01-13T23:23:38.523944 #18870]  INFO -- : v_md5info: ["can't be blank"]
sign: ["invalid v_md5info"]
I, [2012-01-13T23:23:38.530360 #18870]  INFO -- : v_md5info: ["can't be blank"]
sign: ["invalid v_md5info"]
v_oid: ["is too long (maximum is 64 characters)"]
v_url: ["is too long (maximum is 200 characters)"]
I, [2012-01-13T23:23:38.537533 #18870]  INFO -- : v_md5info: ["can't be blank"]
sign: ["invalid v_md5info"]
v_amount: ["format should be Number(6, 2)"]
I, [2012-01-13T23:23:38.543628 #18870]  INFO -- : v_md5info: ["can't be blank"]
sign: ["invalid v_md5info"]
v_mid: ["商户编号不存在"]
I, [2012-01-13T23:23:38.549485 #18870]  INFO -- : v_md5info: ["can't be blank"]
sign: ["invalid v_md5info"]
I, [2012-01-13T23:23:38.555187 #18870]  INFO -- : v_mid: ["can't be blank"]
v_oid: ["can't be blank"]
v_amount: ["can't be blank"]
v_moneytype: ["can't be blank"]
v_url: ["can't be blank"]
v_md5info: ["can't be blank"]
sign: ["invalid v_md5info"]
I, [2012-01-13T23:23:38.561639 #18870]  INFO -- : sign: ["invalid v_md5info"]
I, [2012-01-13T23:23:38.615526 #18870]  INFO -- : 2012-01-13 23:23:38 +0800:/home/jim/workspace/magpie/lib/magpie/rubber.rb:7}:/home/jim/.rvm/rubies/ruby-1.9.2-p136/lib/ruby/1.9.1/net/http.rb:644:in `initialize'
/home/jim/.rvm/rubies/ruby-1.9.2-p136/lib/ruby/1.9.1/net/http.rb:644:in `open'
/home/jim/.rvm/rubies/ruby-1.9.2-p136/lib/ruby/1.9.1/net/http.rb:644:in `block in connect'
/home/jim/.rvm/rubies/ruby-1.9.2-p136/lib/ruby/1.9.1/timeout.rb:44:in `timeout'
/home/jim/.rvm/rubies/ruby-1.9.2-p136/lib/ruby/1.9.1/timeout.rb:87:in `timeout'
/home/jim/.rvm/rubies/ruby-1.9.2-p136/lib/ruby/1.9.1/net/http.rb:644:in `connect'
/home/jim/.rvm/rubies/ruby-1.9.2-p136/lib/ruby/1.9.1/net/http.rb:637:in `do_start'
/home/jim/.rvm/rubies/ruby-1.9.2-p136/lib/ruby/1.9.1/net/http.rb:626:in `start'
/home/jim/workspace/magpie/lib/magpie/utils.rb:89:in `start_http'
I, [2012-01-13T23:23:38.626150 #18870]  INFO -- : 2012-01-13 23:23:38 +0800:/home/jim/workspace/magpie/lib/magpie/rubber.rb:7}:/home/jim/.rvm/rubies/ruby-1.9.2-p136/lib/ruby/1.9.1/net/http.rb:644:in `initialize'
/home/jim/.rvm/rubies/ruby-1.9.2-p136/lib/ruby/1.9.1/net/http.rb:644:in `open'
/home/jim/.rvm/rubies/ruby-1.9.2-p136/lib/ruby/1.9.1/net/http.rb:644:in `block in connect'
/home/jim/.rvm/rubies/ruby-1.9.2-p136/lib/ruby/1.9.1/timeout.rb:44:in `timeout'
/home/jim/.rvm/rubies/ruby-1.9.2-p136/lib/ruby/1.9.1/timeout.rb:87:in `timeout'
/home/jim/.rvm/rubies/ruby-1.9.2-p136/lib/ruby/1.9.1/net/http.rb:644:in `connect'
/home/jim/.rvm/rubies/ruby-1.9.2-p136/lib/ruby/1.9.1/net/http.rb:637:in `do_start'
/home/jim/.rvm/rubies/ruby-1.9.2-p136/lib/ruby/1.9.1/net/http.rb:626:in `start'
/home/jim/workspace/magpie/lib/magpie/utils.rb:89:in `start_http'
I, [2012-01-13T23:23:38.640034 #18870]  INFO -- : 2012-01-13 23:23:38 +0800:/home/jim/workspace/magpie/lib/magpie/rubber.rb:7}:/home/jim/.rvm/rubies/ruby-1.9.2-p136/lib/ruby/1.9.1/net/http.rb:644:in `initialize'
/home/jim/.rvm/rubies/ruby-1.9.2-p136/lib/ruby/1.9.1/net/http.rb:644:in `open'
/home/jim/.rvm/rubies/ruby-1.9.2-p136/lib/ruby/1.9.1/net/http.rb:644:in `block in connect'
/home/jim/.rvm/rubies/ruby-1.9.2-p136/lib/ruby/1.9.1/timeout.rb:44:in `timeout'
/home/jim/.rvm/rubies/ruby-1.9.2-p136/lib/ruby/1.9.1/timeout.rb:87:in `timeout'
/home/jim/.rvm/rubies/ruby-1.9.2-p136/lib/ruby/1.9.1/net/http.rb:644:in `connect'
/home/jim/.rvm/rubies/ruby-1.9.2-p136/lib/ruby/1.9.1/net/http.rb:637:in `do_start'
/home/jim/.rvm/rubies/ruby-1.9.2-p136/lib/ruby/1.9.1/net/http.rb:626:in `start'
/home/jim/workspace/magpie/lib/magpie/utils.rb:89:in `start_http'
I, [2012-01-13T23:23:38.650460 #18870]  INFO -- : 2012-01-13 23:23:38 +0800:/home/jim/workspace/magpie/lib/magpie/rubber.rb:7}:/home/jim/.rvm/rubies/ruby-1.9.2-p136/lib/ruby/1.9.1/net/http.rb:644:in `initialize'
/home/jim/.rvm/rubies/ruby-1.9.2-p136/lib/ruby/1.9.1/net/http.rb:644:in `open'
/home/jim/.rvm/rubies/ruby-1.9.2-p136/lib/ruby/1.9.1/net/http.rb:644:in `block in connect'
/home/jim/.rvm/rubies/ruby-1.9.2-p136/lib/ruby/1.9.1/timeout.rb:44:in `timeout'
/home/jim/.rvm/rubies/ruby-1.9.2-p136/lib/ruby/1.9.1/timeout.rb:87:in `timeout'
/home/jim/.rvm/rubies/ruby-1.9.2-p136/lib/ruby/1.9.1/net/http.rb:644:in `connect'
/home/jim/.rvm/rubies/ruby-1.9.2-p136/lib/ruby/1.9.1/net/http.rb:637:in `do_start'
/home/jim/.rvm/rubies/ruby-1.9.2-p136/lib/ruby/1.9.1/net/http.rb:626:in `start'
/home/jim/workspace/magpie/lib/magpie/utils.rb:89:in `start_http'
I, [2012-01-13T23:23:38.660848 #18870]  INFO -- : 2012-01-13 23:23:38 +0800:/home/jim/workspace/magpie/lib/magpie/rubber.rb:7}:/home/jim/.rvm/rubies/ruby-1.9.2-p136/lib/ruby/1.9.1/net/http.rb:644:in `initialize'
/home/jim/.rvm/rubies/ruby-1.9.2-p136/lib/ruby/1.9.1/net/http.rb:644:in `open'
/home/jim/.rvm/rubies/ruby-1.9.2-p136/lib/ruby/1.9.1/net/http.rb:644:in `block in connect'
/home/jim/.rvm/rubies/ruby-1.9.2-p136/lib/ruby/1.9.1/timeout.rb:44:in `timeout'
/home/jim/.rvm/rubies/ruby-1.9.2-p136/lib/ruby/1.9.1/timeout.rb:87:in `timeout'
/home/jim/.rvm/rubies/ruby-1.9.2-p136/lib/ruby/1.9.1/net/http.rb:644:in `connect'
/home/jim/.rvm/rubies/ruby-1.9.2-p136/lib/ruby/1.9.1/net/http.rb:637:in `do_start'
/home/jim/.rvm/rubies/ruby-1.9.2-p136/lib/ruby/1.9.1/net/http.rb:626:in `start'
/home/jim/workspace/magpie/lib/magpie/utils.rb:89:in `start_http'
I, [2012-01-13T23:23:38.673072 #18870]  INFO -- : 2012-01-13 23:23:38 +0800:/home/jim/workspace/magpie/lib/magpie/rubber.rb:7}:/home/jim/.rvm/rubies/ruby-1.9.2-p136/lib/ruby/1.9.1/net/http.rb:644:in `initialize'
/home/jim/.rvm/rubies/ruby-1.9.2-p136/lib/ruby/1.9.1/net/http.rb:644:in `open'
/home/jim/.rvm/rubies/ruby-1.9.2-p136/lib/ruby/1.9.1/net/http.rb:644:in `block in connect'
/home/jim/.rvm/rubies/ruby-1.9.2-p136/lib/ruby/1.9.1/timeout.rb:44:in `timeout'
/home/jim/.rvm/rubies/ruby-1.9.2-p136/lib/ruby/1.9.1/timeout.rb:87:in `timeout'
/home/jim/.rvm/rubies/ruby-1.9.2-p136/lib/ruby/1.9.1/net/http.rb:644:in `connect'
/home/jim/.rvm/rubies/ruby-1.9.2-p136/lib/ruby/1.9.1/net/http.rb:637:in `do_start'
/home/jim/.rvm/rubies/ruby-1.9.2-p136/lib/ruby/1.9.1/net/http.rb:626:in `start'
/home/jim/workspace/magpie/lib/magpie/utils.rb:89:in `start_http'
I, [2012-01-13T23:23:38.673982 #18870]  INFO -- : 2012-01-13 23:23:38 +0800:/home/jim/workspace/magpie/lib/magpie/rubber.rb:7}:/home/jim/.rvm/rubies/ruby-1.9.2-p136/lib/ruby/1.9.1/net/http.rb:1593:in `set_form_data'
/home/jim/workspace/magpie/lib/magpie/utils.rb:101:in `post_query'
/home/jim/workspace/magpie/lib/magpie/utils.rb:114:in `block (2 levels) in send_notify'
/home/jim/.rvm/rubies/ruby-1.9.2-p136/lib/ruby/1.9.1/timeout.rb:57:in `timeout'
/home/jim/.rvm/rubies/ruby-1.9.2-p136/lib/ruby/1.9.1/timeout.rb:87:in `timeout'
/home/jim/workspace/magpie/lib/magpie/utils.rb:111:in `block in send_notify'
/home/jim/workspace/magpie/lib/magpie/rubber.rb:5:in `try'
/home/jim/workspace/magpie/lib/magpie/utils.rb:110:in `send_notify'
/home/jim/workspace/magpie/test/test_utils.rb:13:in `test_send_notify_timeout'
I, [2012-01-13T23:23:38.674443 #18870]  INFO -- : 2012-01-13 23:23:38 +0800:/home/jim/workspace/magpie/lib/magpie/rubber.rb:7}:/home/jim/.rvm/rubies/ruby-1.9.2-p136/lib/ruby/1.9.1/net/http.rb:1593:in `set_form_data'
/home/jim/workspace/magpie/lib/magpie/utils.rb:101:in `post_query'
/home/jim/workspace/magpie/lib/magpie/utils.rb:114:in `block (2 levels) in send_notify'
/home/jim/.rvm/rubies/ruby-1.9.2-p136/lib/ruby/1.9.1/timeout.rb:57:in `timeout'
/home/jim/.rvm/rubies/ruby-1.9.2-p136/lib/ruby/1.9.1/timeout.rb:87:in `timeout'
/home/jim/workspace/magpie/lib/magpie/utils.rb:111:in `block in send_notify'
/home/jim/workspace/magpie/lib/magpie/rubber.rb:5:in `try'
/home/jim/workspace/magpie/lib/magpie/utils.rb:110:in `send_notify'
/home/jim/workspace/magpie/test/test_utils.rb:13:in `test_send_notify_timeout'
I, [2012-01-13T23:23:38.675225 #18870]  INFO -- : 2012-01-13 23:23:38 +0800:/home/jim/workspace/magpie/lib/magpie/rubber.rb:7}:/home/jim/.rvm/rubies/ruby-1.9.2-p136/lib/ruby/1.9.1/net/http.rb:1593:in `set_form_data'
/home/jim/workspace/magpie/lib/magpie/utils.rb:101:in `post_query'
/home/jim/workspace/magpie/lib/magpie/utils.rb:114:in `block (2 levels) in send_notify'
/home/jim/.rvm/rubies/ruby-1.9.2-p136/lib/ruby/1.9.1/timeout.rb:57:in `timeout'
/home/jim/.rvm/rubies/ruby-1.9.2-p136/lib/ruby/1.9.1/timeout.rb:87:in `timeout'
/home/jim/workspace/magpie/lib/magpie/utils.rb:111:in `block in send_notify'
/home/jim/workspace/magpie/lib/magpie/rubber.rb:5:in `try'
/home/jim/workspace/magpie/lib/magpie/utils.rb:110:in `send_notify'
/home/jim/workspace/magpie/test/test_utils.rb:13:in `test_send_notify_timeout'
I, [2012-01-13T23:23:38.680875 #18870]  INFO -- : service: ["can't be blank"]
partner: ["can't be blank"]
notify_url: ["can't be blank"]
return_url: ["can't be blank"]
sign: ["can't be blank", "invalid sign"]
sign_type: ["can't be blank"]
subject: ["can't be blank"]
out_trade_no: ["can't be blank"]
payment_type: ["can't be blank"]
money: ["price and total_fee can not both be blank"]
seller: ["seller_email and seller_id can not both be blank"]
I, [2012-01-13T23:23:38.686405 #18870]  INFO -- : v_mid: ["can't be blank"]
v_oid: ["can't be blank"]
v_amount: ["can't be blank"]
v_moneytype: ["can't be blank"]
v_url: ["can't be blank"]
v_md5info: ["can't be blank"]
sign: ["invalid v_md5info"]
I, [2012-01-13T23:23:38.692135 #18870]  INFO -- : v_mid: ["can't be blank"]
v_oid: ["can't be blank"]
v_amount: ["can't be blank"]
v_moneytype: ["can't be blank"]
v_url: ["can't be blank"]
v_md5info: ["can't be blank"]
sign: ["invalid v_md5info"]
I, [2012-01-13T23:23:38.697748 #18870]  INFO -- : #<NoMethodError: undefined method `split' for nil:NilClass>:
/home/jim/workspace/magpie/lib/middles/snake.rb:101:in `query_to_hash'
/home/jim/workspace/magpie/lib/middles/snake.rb:84:in `order_pay'
/home/jim/workspace/magpie/lib/middles/snake.rb:10:in `call'
/home/jim/workspace/magpie/lib/middles/snake.rb:10:in `block in reg'
/home/jim/workspace/magpie/lib/middles/snake.rb:24:in `call'
/home/jim/workspace/magpie/lib/middles/snake.rb:24:in `block in call'
/home/jim/workspace/magpie/lib/middles/snake.rb:22:in `each'
/home/jim/workspace/magpie/lib/middles/snake.rb:22:in `call'
/home/jim/.rvm/gems/ruby-1.9.2-p136/gems/rack-1.4.0/lib/rack/static.rb:66:in `call'
I, [2012-01-13T23:23:38.702102 #18870]  INFO -- : service: ["can't be blank"]
partner: ["can't be blank"]
notify_url: ["can't be blank"]
return_url: ["can't be blank"]
sign: ["can't be blank", "invalid sign"]
sign_type: ["can't be blank"]
subject: ["can't be blank"]
out_trade_no: ["can't be blank"]
payment_type: ["can't be blank"]
money: ["price and total_fee can not both be blank"]
seller: ["seller_email and seller_id can not both be blank"]
I, [2012-01-13T23:23:38.712743 #18870]  INFO -- : cmdno: ["can't be blank"]
date: ["can't be blank"]
bank_type: ["can't be blank"]
desc: ["can't be blank"]
bargainor_id: ["can't be blank"]
transaction_id: ["can't be blank"]
sp_billno: ["can't be blank"]
total_fee: ["can't be blank"]
fee_type: ["can't be blank"]
return_url: ["can't be blank"]
attach: ["can't be blank"]
spbill_create_ip: ["can't be blank"]
sign: ["can't be blank", "invalid sign"]
I, [2012-01-13T23:23:38.718440 #18870]  INFO -- : cmdno: ["can't be blank"]
date: ["can't be blank"]
bank_type: ["can't be blank"]
desc: ["can't be blank"]
bargainor_id: ["can't be blank"]
transaction_id: ["can't be blank"]
sp_billno: ["can't be blank"]
total_fee: ["can't be blank"]
fee_type: ["can't be blank"]
return_url: ["can't be blank"]
attach: ["can't be blank"]
spbill_create_ip: ["can't be blank"]
sign: ["can't be blank", "invalid sign"]
I, [2012-01-13T23:23:38.727470 #18870]  INFO -- : bank_type: ["can't be blank"]
desc: ["can't be blank"]
sign: ["can't be blank", "invalid sign"]
transaction_id: ["格式错误,transaction_id为28位长的数值,其中前10位为商户网站编号(SPID)，由财付通统一分配;之后8位为订单产生的日期,如20050415;最后10位商户需要保证一天内不同的事务(用户订购一次商品或购买一次服务),其ID不相同"]
I, [2012-01-13T23:23:38.733898 #18870]  INFO -- : bank_type: ["can't be blank"]
desc: ["can't be blank"]
sign: ["can't be blank", "invalid sign"]
transaction_id: ["格式错误,transaction_id为28位长的数值,其中前10位为商户网站编号(SPID)，由财付通统一分配;之后8位为订单产生的日期,如20050415;最后10位商户需要保证一天内不同的事务(用户订购一次商品或购买一次服务),其ID不相同"]
I, [2012-01-13T23:23:38.741096 #18870]  INFO -- : bank_type: ["can't be blank"]
desc: ["can't be blank"]
sign: ["can't be blank", "invalid sign"]
transaction_id: ["格式错误,transaction_id为28位长的数值,其中前10位为商户网站编号(SPID)，由财付通统一分配;之后8位为订单产生的日期,如20050415;最后10位商户需要保证一天内不同的事务(用户订购一次商品或购买一次服务),其ID不相同"]
I, [2012-01-13T23:23:38.746715 #18870]  INFO -- : cmdno: ["can't be blank"]
date: ["can't be blank"]
bank_type: ["can't be blank"]
desc: ["can't be blank"]
bargainor_id: ["can't be blank"]
transaction_id: ["can't be blank"]
sp_billno: ["can't be blank"]
total_fee: ["can't be blank"]
fee_type: ["can't be blank"]
return_url: ["can't be blank"]
attach: ["can't be blank"]
spbill_create_ip: ["can't be blank"]
sign: ["can't be blank", "invalid sign"]
I, [2012-01-13T23:23:38.752939 #18870]  INFO -- : bank_type: ["can't be blank"]
desc: ["can't be blank"]
sign: ["can't be blank", "invalid sign"]
I, [2012-01-13T23:23:38.759015 #18870]  INFO -- : bank_type: ["can't be blank"]
desc: ["can't be blank"]
sign: ["can't be blank", "invalid sign"]
transaction_id: ["格式错误,transaction_id为28位长的数值,其中前10位为商户网站编号(SPID)，由财付通统一分配;之后8位为订单产生的日期,如20050415;最后10位商户需要保证一天内不同的事务(用户订购一次商品或购买一次服务),其ID不相同"]
total_fee: ["格式错误,只能为数字,以分为单位,不允许包含任何字符"]
I, [2012-01-13T23:23:38.767995 #18870]  INFO -- : bank_type: ["can't be blank"]
desc: ["can't be blank"]
sign: ["can't be blank", "invalid sign"]
transaction_id: ["格式错误,transaction_id为28位长的数值,其中前10位为商户网站编号(SPID)，由财付通统一分配;之后8位为订单产生的日期,如20050415;最后10位商户需要保证一天内不同的事务(用户订购一次商品或购买一次服务),其ID不相同"]
total_fee: ["格式错误,只能为数字,以分为单位,不允许包含任何字符"]
I, [2012-01-13T23:23:38.774972 #18870]  INFO -- : bank_type: ["can't be blank"]
desc: ["can't be blank"]
sign: ["can't be blank", "invalid sign"]
transaction_id: ["格式错误,transaction_id为28位长的数值,其中前10位为商户网站编号(SPID)，由财付通统一分配;之后8位为订单产生的日期,如20050415;最后10位商户需要保证一天内不同的事务(用户订购一次商品或购买一次服务),其ID不相同"]
I, [2012-01-13T23:23:38.781486 #18870]  INFO -- : bank_type: ["can't be blank"]
desc: ["can't be blank"]
sign: ["can't be blank", "invalid sign"]
transaction_id: ["格式错误,transaction_id为28位长的数值,其中前10位为商户网站编号(SPID)，由财付通统一分配;之后8位为订单产生的日期,如20050415;最后10位商户需要保证一天内不同的事务(用户订购一次商品或购买一次服务),其ID不相同"]
fee_type: ["目前只支持人民币,请填1"]
I, [2012-01-13T23:23:38.789397 #18870]  INFO -- : bank_type: ["can't be blank"]
desc: ["can't be blank"]
sign: ["can't be blank", "invalid sign"]
transaction_id: ["格式错误,transaction_id为28位长的数值,其中前10位为商户网站编号(SPID)，由财付通统一分配;之后8位为订单产生的日期,如20050415;最后10位商户需要保证一天内不同的事务(用户订购一次商品或购买一次服务),其ID不相同"]
I, [2012-01-13T23:23:38.796764 #18870]  INFO -- : bank_type: ["can't be blank"]
desc: ["can't be blank"]
sign: ["can't be blank", "invalid sign"]
transaction_id: ["格式错误,transaction_id为28位长的数值,其中前10位为商户网站编号(SPID)，由财付通统一分配;之后8位为订单产生的日期,如20050415;最后10位商户需要保证一天内不同的事务(用户订购一次商品或购买一次服务),其ID不相同"]
spbill_create_ip: ["ip地址格式错误"]
I, [2012-01-13T23:23:38.803561 #18870]  INFO -- : bank_type: ["can't be blank"]
desc: ["can't be blank"]
sign: ["can't be blank", "invalid sign"]
transaction_id: ["格式错误,transaction_id为28位长的数值,其中前10位为商户网站编号(SPID)，由财付通统一分配;之后8位为订单产生的日期,如20050415;最后10位商户需要保证一天内不同的事务(用户订购一次商品或购买一次服务),其ID不相同"]
spbill_create_ip: ["ip地址格式错误"]
I, [2012-01-13T23:23:38.813169 #18870]  INFO -- : bank_type: ["can't be blank"]
desc: ["can't be blank"]
sign: ["can't be blank", "invalid sign"]
transaction_id: ["格式错误,transaction_id为28位长的数值,其中前10位为商户网站编号(SPID)，由财付通统一分配;之后8位为订单产生的日期,如20050415;最后10位商户需要保证一天内不同的事务(用户订购一次商品或购买一次服务),其ID不相同"]
I, [2012-01-13T23:23:38.820328 #18870]  INFO -- : bank_type: ["can't be blank"]
desc: ["can't be blank"]
sign: ["can't be blank", "invalid sign"]
transaction_id: ["格式错误,transaction_id为28位长的数值,其中前10位为商户网站编号(SPID)，由财付通统一分配;之后8位为订单产生的日期,如20050415;最后10位商户需要保证一天内不同的事务(用户订购一次商品或购买一次服务),其ID不相同"]
sp_billno: ["长度错误,应该在28个字符内"]
I, [2012-01-13T23:23:38.826608 #18870]  INFO -- : cmdno: ["can't be blank"]
date: ["can't be blank"]
bank_type: ["can't be blank"]
desc: ["can't be blank"]
bargainor_id: ["can't be blank"]
transaction_id: ["can't be blank"]
sp_billno: ["can't be blank"]
total_fee: ["can't be blank"]
fee_type: ["can't be blank"]
return_url: ["can't be blank"]
attach: ["can't be blank"]
spbill_create_ip: ["can't be blank"]
sign: ["can't be blank", "invalid sign"]
I, [2012-01-13T23:23:38.834067 #18870]  INFO -- : bank_type: ["can't be blank"]
desc: ["can't be blank"]
sign: ["can't be blank", "invalid sign"]
transaction_id: ["格式错误,transaction_id为28位长的数值,其中前10位为商户网站编号(SPID)，由财付通统一分配;之后8位为订单产生的日期,如20050415;最后10位商户需要保证一天内不同的事务(用户订购一次商品或购买一次服务),其ID不相同"]
bargainor_id: ["商户编号不存在"]
I, [2012-01-13T23:23:38.840145 #18870]  INFO -- : bank_type: ["can't be blank"]
desc: ["can't be blank"]
sign: ["can't be blank", "invalid sign"]
transaction_id: ["格式错误,transaction_id为28位长的数值,其中前10位为商户网站编号(SPID)，由财付通统一分配;之后8位为订单产生的日期,如20050415;最后10位商户需要保证一天内不同的事务(用户订购一次商品或购买一次服务),其ID不相同"]
I, [2012-01-13T23:23:38.845883 #18870]  INFO -- : cmdno: ["can't be blank"]
date: ["can't be blank"]
bank_type: ["can't be blank"]
desc: ["can't be blank"]
bargainor_id: ["can't be blank"]
transaction_id: ["can't be blank"]
sp_billno: ["can't be blank"]
total_fee: ["can't be blank"]
fee_type: ["can't be blank"]
return_url: ["can't be blank"]
attach: ["can't be blank"]
spbill_create_ip: ["can't be blank"]
sign: ["can't be blank", "invalid sign"]
I, [2012-01-13T23:23:38.853174 #18870]  INFO -- : bank_type: ["can't be blank"]
desc: ["can't be blank"]
transaction_id: ["格式错误,transaction_id为28位长的数值,其中前10位为商户网站编号(SPID)，由财付通统一分配;之后8位为订单产生的日期,如20050415;最后10位商户需要保证一天内不同的事务(用户订购一次商品或购买一次服务),其ID不相同"]
sign: ["sign签名必须大写", "invalid sign"]
I, [2012-01-13T23:23:38.859267 #18870]  INFO -- : bank_type: ["can't be blank"]
desc: ["can't be blank"]
transaction_id: ["格式错误,transaction_id为28位长的数值,其中前10位为商户网站编号(SPID)，由财付通统一分配;之后8位为订单产生的日期,如20050415;最后10位商户需要保证一天内不同的事务(用户订购一次商品或购买一次服务),其ID不相同"]
sign: ["invalid sign"]
I, [2012-01-13T23:23:38.865560 #18870]  INFO -- : bank_type: ["can't be blank"]
desc: ["can't be blank"]
transaction_id: ["格式错误,transaction_id为28位长的数值,其中前10位为商户网站编号(SPID)，由财付通统一分配;之后8位为订单产生的日期,如20050415;最后10位商户需要保证一天内不同的事务(用户订购一次商品或购买一次服务),其ID不相同"]
sign: ["invalid sign"]
I, [2012-01-13T23:23:38.871720 #18870]  INFO -- : bank_type: ["can't be blank"]
desc: ["can't be blank"]
transaction_id: ["格式错误,transaction_id为28位长的数值,其中前10位为商户网站编号(SPID)，由财付通统一分配;之后8位为订单产生的日期,如20050415;最后10位商户需要保证一天内不同的事务(用户订购一次商品或购买一次服务),其ID不相同"]
I, [2012-01-13T23:24:30.330876 #19804]  INFO -- : partner: ["can't be blank"]
notify_url: ["can't be blank"]
return_url: ["can't be blank"]
sign: ["can't be blank", "invalid sign"]
sign_type: ["can't be blank"]
subject: ["can't be blank"]
out_trade_no: ["can't be blank"]
payment_type: ["can't be blank"]
money: ["price and total_fee can not both be blank"]
seller: ["seller_email and seller_id can not both be blank"]
I, [2012-01-13T23:24:30.361354 #19804]  INFO -- : partner: ["can't be blank"]
notify_url: ["can't be blank"]
return_url: ["can't be blank"]
sign: ["can't be blank", "invalid sign"]
sign_type: ["can't be blank"]
subject: ["can't be blank"]
out_trade_no: ["can't be blank"]
payment_type: ["can't be blank"]
money: ["price and total_fee can not both be blank"]
seller: ["seller_email and seller_id can not both be blank"]
_input_charset: ["should be utf-8 or gb2312"]
I, [2012-01-13T23:24:30.367815 #19804]  INFO -- : partner: ["can't be blank"]
notify_url: ["can't be blank"]
return_url: ["can't be blank"]
sign: ["can't be blank", "invalid sign"]
sign_type: ["can't be blank"]
subject: ["can't be blank"]
out_trade_no: ["can't be blank"]
payment_type: ["can't be blank"]
money: ["price and total_fee can not both be blank"]
seller: ["seller_email and seller_id can not both be blank"]
I, [2012-01-13T23:24:30.373839 #19804]  INFO -- : partner: ["can't be blank"]
notify_url: ["can't be blank"]
return_url: ["can't be blank"]
sign: ["can't be blank", "invalid sign"]
sign_type: ["can't be blank"]
subject: ["can't be blank"]
out_trade_no: ["can't be blank"]
payment_type: ["can't be blank"]
money: ["price and total_fee can not both be blank"]
seller: ["seller_email and seller_id can not both be blank"]
I, [2012-01-13T23:24:30.380401 #19804]  INFO -- : partner: ["can't be blank"]
notify_url: ["can't be blank"]
return_url: ["can't be blank"]
sign: ["can't be blank", "invalid sign"]
sign_type: ["can't be blank"]
subject: ["can't be blank"]
out_trade_no: ["can't be blank"]
payment_type: ["can't be blank"]
price: ["format should be Number(13, 2)"]
total_fee: ["format should be Number(13, 2)"]
money: ["price和total_fee不能同时出现"]
quantity: ["if price is not blank, must input quantity"]
seller: ["seller_email and seller_id can not both be blank"]
I, [2012-01-13T23:24:30.387495 #19804]  INFO -- : partner: ["can't be blank"]
notify_url: ["can't be blank"]
return_url: ["can't be blank"]
sign: ["can't be blank", "invalid sign"]
sign_type: ["can't be blank"]
subject: ["can't be blank"]
out_trade_no: ["can't be blank"]
payment_type: ["can't be blank"]
quantity: ["if price is not blank, must input quantity"]
seller: ["seller_email and seller_id can not both be blank"]
I, [2012-01-13T23:24:30.394021 #19804]  INFO -- : partner: ["can't be blank"]
notify_url: ["can't be blank"]
return_url: ["can't be blank"]
sign: ["can't be blank", "invalid sign"]
sign_type: ["can't be blank"]
subject: ["can't be blank"]
out_trade_no: ["can't be blank"]
payment_type: ["can't be blank"]
money: ["price and total_fee can not both be blank"]
seller: ["seller_email and seller_id can not both be blank"]
I, [2012-01-13T23:24:30.400951 #19804]  INFO -- : notify_url: ["can't be blank"]
return_url: ["can't be blank"]
sign: ["can't be blank", "invalid sign"]
sign_type: ["can't be blank"]
subject: ["can't be blank"]
out_trade_no: ["can't be blank"]
partner: ["is too long (maximum is 16 characters)", "not exist"]
payment_type: ["is too long (maximum is 4 characters)"]
money: ["price and total_fee can not both be blank"]
seller: ["seller_email and seller_id can not both be blank"]
I, [2012-01-13T23:24:30.407008 #19804]  INFO -- : partner: ["can't be blank"]
notify_url: ["can't be blank"]
return_url: ["can't be blank"]
sign: ["can't be blank", "invalid sign"]
sign_type: ["can't be blank"]
subject: ["can't be blank"]
out_trade_no: ["can't be blank"]
payment_type: ["can't be blank"]
quantity: ["should be integer and between 1~999999"]
money: ["price and total_fee can not both be blank"]
seller: ["seller_email and seller_id can not both be blank"]
I, [2012-01-13T23:24:30.412950 #19804]  INFO -- : partner: ["can't be blank"]
notify_url: ["can't be blank"]
return_url: ["can't be blank"]
sign: ["can't be blank", "invalid sign"]
sign_type: ["can't be blank"]
subject: ["can't be blank"]
out_trade_no: ["can't be blank"]
payment_type: ["can't be blank"]
quantity: ["should be integer and between 1~999999"]
money: ["price and total_fee can not both be blank"]
seller: ["seller_email and seller_id can not both be blank"]
I, [2012-01-13T23:24:30.418819 #19804]  INFO -- : partner: ["can't be blank"]
notify_url: ["can't be blank"]
return_url: ["can't be blank"]
sign: ["can't be blank", "invalid sign"]
sign_type: ["can't be blank"]
subject: ["can't be blank"]
out_trade_no: ["can't be blank"]
payment_type: ["can't be blank"]
quantity: ["should be integer and between 1~999999"]
money: ["price and total_fee can not both be blank"]
seller: ["seller_email and seller_id can not both be blank"]
I, [2012-01-13T23:24:30.425039 #19804]  INFO -- : notify_url: ["can't be blank"]
return_url: ["can't be blank"]
sign: ["can't be blank", "invalid sign"]
sign_type: ["can't be blank"]
subject: ["can't be blank"]
out_trade_no: ["can't be blank"]
payment_type: ["can't be blank"]
money: ["price and total_fee can not both be blank"]
seller: ["seller_email and seller_id can not both be blank"]
partner: ["not exist"]
I, [2012-01-13T23:24:30.431377 #19804]  INFO -- : notify_url: ["can't be blank"]
return_url: ["can't be blank"]
sign: ["can't be blank", "invalid sign"]
sign_type: ["can't be blank"]
subject: ["can't be blank"]
out_trade_no: ["can't be blank"]
payment_type: ["can't be blank"]
money: ["price and total_fee can not both be blank"]
seller: ["seller_email and seller_id can not both be blank"]
I, [2012-01-13T23:24:30.438494 #19804]  INFO -- : service: ["can't be blank"]
partner: ["can't be blank"]
notify_url: ["can't be blank"]
return_url: ["can't be blank"]
sign: ["can't be blank", "invalid sign"]
sign_type: ["can't be blank"]
subject: ["can't be blank"]
out_trade_no: ["can't be blank"]
payment_type: ["can't be blank"]
money: ["price and total_fee can not both be blank"]
seller: ["seller_email and seller_id can not both be blank"]
I, [2012-01-13T23:24:30.444786 #19804]  INFO -- : partner: ["can't be blank"]
notify_url: ["can't be blank"]
return_url: ["can't be blank"]
sign: ["can't be blank", "invalid sign"]
sign_type: ["can't be blank"]
subject: ["can't be blank"]
out_trade_no: ["can't be blank"]
payment_type: ["can't be blank"]
money: ["price和total_fee不能同时出现"]
quantity: ["if price is not blank, must input quantity"]
seller: ["seller_email and seller_id can not both be blank"]
I, [2012-01-13T23:24:30.451142 #19804]  INFO -- : partner: ["can't be blank"]
notify_url: ["can't be blank"]
return_url: ["can't be blank"]
sign: ["can't be blank", "invalid sign"]
sign_type: ["can't be blank"]
subject: ["can't be blank"]
out_trade_no: ["can't be blank"]
payment_type: ["can't be blank"]
money: ["price and total_fee can not both be blank"]
seller: ["seller_email and seller_id can not both be blank"]
I, [2012-01-13T23:24:30.457806 #19804]  INFO -- : notify_url: ["can't be blank"]
return_url: ["can't be blank"]
sign_type: ["can't be blank"]
subject: ["can't be blank"]
out_trade_no: ["can't be blank"]
payment_type: ["can't be blank"]
money: ["price and total_fee can not both be blank"]
seller: ["seller_email and seller_id can not both be blank"]
sign: ["invalid sign"]
I, [2012-01-13T23:24:30.463560 #19804]  INFO -- : notify_url: ["can't be blank"]
return_url: ["can't be blank"]
sign_type: ["can't be blank"]
subject: ["can't be blank"]
out_trade_no: ["can't be blank"]
payment_type: ["can't be blank"]
money: ["price and total_fee can not both be blank"]
seller: ["seller_email and seller_id can not both be blank"]
I, [2012-01-13T23:24:30.476066 #19804]  INFO -- : v_md5info: ["can't be blank"]
sign: ["invalid v_md5info"]
I, [2012-01-13T23:24:30.482519 #19804]  INFO -- : v_md5info: ["can't be blank"]
sign: ["invalid v_md5info"]
v_oid: ["is too long (maximum is 64 characters)"]
v_url: ["is too long (maximum is 200 characters)"]
I, [2012-01-13T23:24:30.489387 #19804]  INFO -- : v_md5info: ["can't be blank"]
sign: ["invalid v_md5info"]
v_amount: ["format should be Number(6, 2)"]
I, [2012-01-13T23:24:30.495611 #19804]  INFO -- : v_md5info: ["can't be blank"]
sign: ["invalid v_md5info"]
v_mid: ["商户编号不存在"]
I, [2012-01-13T23:24:30.501501 #19804]  INFO -- : v_md5info: ["can't be blank"]
sign: ["invalid v_md5info"]
I, [2012-01-13T23:24:30.507950 #19804]  INFO -- : v_mid: ["can't be blank"]
v_oid: ["can't be blank"]
v_amount: ["can't be blank"]
v_moneytype: ["can't be blank"]
v_url: ["can't be blank"]
v_md5info: ["can't be blank"]
sign: ["invalid v_md5info"]
I, [2012-01-13T23:24:30.514107 #19804]  INFO -- : sign: ["invalid v_md5info"]
I, [2012-01-13T23:24:30.557471 #19804]  INFO -- : 2012-01-13 23:24:30 +0800:/home/jim/workspace/magpie/lib/magpie/rubber.rb:7}:/home/jim/.rvm/rubies/ruby-1.9.2-p136/lib/ruby/1.9.1/net/http.rb:644:in `initialize'
/home/jim/.rvm/rubies/ruby-1.9.2-p136/lib/ruby/1.9.1/net/http.rb:644:in `open'
/home/jim/.rvm/rubies/ruby-1.9.2-p136/lib/ruby/1.9.1/net/http.rb:644:in `block in connect'
/home/jim/.rvm/rubies/ruby-1.9.2-p136/lib/ruby/1.9.1/timeout.rb:44:in `timeout'
/home/jim/.rvm/rubies/ruby-1.9.2-p136/lib/ruby/1.9.1/timeout.rb:87:in `timeout'
/home/jim/.rvm/rubies/ruby-1.9.2-p136/lib/ruby/1.9.1/net/http.rb:644:in `connect'
/home/jim/.rvm/rubies/ruby-1.9.2-p136/lib/ruby/1.9.1/net/http.rb:637:in `do_start'
/home/jim/.rvm/rubies/ruby-1.9.2-p136/lib/ruby/1.9.1/net/http.rb:626:in `start'
/home/jim/workspace/magpie/lib/magpie/utils.rb:89:in `start_http'
I, [2012-01-13T23:24:30.565979 #19804]  INFO -- : 2012-01-13 23:24:30 +0800:/home/jim/workspace/magpie/lib/magpie/rubber.rb:7}:/home/jim/.rvm/rubies/ruby-1.9.2-p136/lib/ruby/1.9.1/net/http.rb:644:in `initialize'
/home/jim/.rvm/rubies/ruby-1.9.2-p136/lib/ruby/1.9.1/net/http.rb:644:in `open'
/home/jim/.rvm/rubies/ruby-1.9.2-p136/lib/ruby/1.9.1/net/http.rb:644:in `block in connect'
/home/jim/.rvm/rubies/ruby-1.9.2-p136/lib/ruby/1.9.1/timeout.rb:44:in `timeout'
/home/jim/.rvm/rubies/ruby-1.9.2-p136/lib/ruby/1.9.1/timeout.rb:87:in `timeout'
/home/jim/.rvm/rubies/ruby-1.9.2-p136/lib/ruby/1.9.1/net/http.rb:644:in `connect'
/home/jim/.rvm/rubies/ruby-1.9.2-p136/lib/ruby/1.9.1/net/http.rb:637:in `do_start'
/home/jim/.rvm/rubies/ruby-1.9.2-p136/lib/ruby/1.9.1/net/http.rb:626:in `start'
/home/jim/workspace/magpie/lib/magpie/utils.rb:89:in `start_http'
I, [2012-01-13T23:24:30.581512 #19804]  INFO -- : 2012-01-13 23:24:30 +0800:/home/jim/workspace/magpie/lib/magpie/rubber.rb:7}:/home/jim/.rvm/rubies/ruby-1.9.2-p136/lib/ruby/1.9.1/net/http.rb:644:in `initialize'
/home/jim/.rvm/rubies/ruby-1.9.2-p136/lib/ruby/1.9.1/net/http.rb:644:in `open'
/home/jim/.rvm/rubies/ruby-1.9.2-p136/lib/ruby/1.9.1/net/http.rb:644:in `block in connect'
/home/jim/.rvm/rubies/ruby-1.9.2-p136/lib/ruby/1.9.1/timeout.rb:44:in `timeout'
/home/jim/.rvm/rubies/ruby-1.9.2-p136/lib/ruby/1.9.1/timeout.rb:87:in `timeout'
/home/jim/.rvm/rubies/ruby-1.9.2-p136/lib/ruby/1.9.1/net/http.rb:644:in `connect'
/home/jim/.rvm/rubies/ruby-1.9.2-p136/lib/ruby/1.9.1/net/http.rb:637:in `do_start'
/home/jim/.rvm/rubies/ruby-1.9.2-p136/lib/ruby/1.9.1/net/http.rb:626:in `start'
/home/jim/workspace/magpie/lib/magpie/utils.rb:89:in `start_http'
I, [2012-01-13T23:24:30.596502 #19804]  INFO -- : 2012-01-13 23:24:30 +0800:/home/jim/workspace/magpie/lib/magpie/rubber.rb:7}:/home/jim/.rvm/rubies/ruby-1.9.2-p136/lib/ruby/1.9.1/net/http.rb:644:in `initialize'
/home/jim/.rvm/rubies/ruby-1.9.2-p136/lib/ruby/1.9.1/net/http.rb:644:in `open'
/home/jim/.rvm/rubies/ruby-1.9.2-p136/lib/ruby/1.9.1/net/http.rb:644:in `block in connect'
/home/jim/.rvm/rubies/ruby-1.9.2-p136/lib/ruby/1.9.1/timeout.rb:44:in `timeout'
/home/jim/.rvm/rubies/ruby-1.9.2-p136/lib/ruby/1.9.1/timeout.rb:87:in `timeout'
/home/jim/.rvm/rubies/ruby-1.9.2-p136/lib/ruby/1.9.1/net/http.rb:644:in `connect'
/home/jim/.rvm/rubies/ruby-1.9.2-p136/lib/ruby/1.9.1/net/http.rb:637:in `do_start'
/home/jim/.rvm/rubies/ruby-1.9.2-p136/lib/ruby/1.9.1/net/http.rb:626:in `start'
/home/jim/workspace/magpie/lib/magpie/utils.rb:89:in `start_http'
I, [2012-01-13T23:24:30.611824 #19804]  INFO -- : 2012-01-13 23:24:30 +0800:/home/jim/workspace/magpie/lib/magpie/rubber.rb:7}:/home/jim/.rvm/rubies/ruby-1.9.2-p136/lib/ruby/1.9.1/net/http.rb:644:in `initialize'
/home/jim/.rvm/rubies/ruby-1.9.2-p136/lib/ruby/1.9.1/net/http.rb:644:in `open'
/home/jim/.rvm/rubies/ruby-1.9.2-p136/lib/ruby/1.9.1/net/http.rb:644:in `block in connect'
/home/jim/.rvm/rubies/ruby-1.9.2-p136/lib/ruby/1.9.1/timeout.rb:44:in `timeout'
/home/jim/.rvm/rubies/ruby-1.9.2-p136/lib/ruby/1.9.1/timeout.rb:87:in `timeout'
/home/jim/.rvm/rubies/ruby-1.9.2-p136/lib/ruby/1.9.1/net/http.rb:644:in `connect'
/home/jim/.rvm/rubies/ruby-1.9.2-p136/lib/ruby/1.9.1/net/http.rb:637:in `do_start'
/home/jim/.rvm/rubies/ruby-1.9.2-p136/lib/ruby/1.9.1/net/http.rb:626:in `start'
/home/jim/workspace/magpie/lib/magpie/utils.rb:89:in `start_http'
I, [2012-01-13T23:24:30.625608 #19804]  INFO -- : 2012-01-13 23:24:30 +0800:/home/jim/workspace/magpie/lib/magpie/rubber.rb:7}:/home/jim/.rvm/rubies/ruby-1.9.2-p136/lib/ruby/1.9.1/net/http.rb:644:in `initialize'
/home/jim/.rvm/rubies/ruby-1.9.2-p136/lib/ruby/1.9.1/net/http.rb:644:in `open'
/home/jim/.rvm/rubies/ruby-1.9.2-p136/lib/ruby/1.9.1/net/http.rb:644:in `block in connect'
/home/jim/.rvm/rubies/ruby-1.9.2-p136/lib/ruby/1.9.1/timeout.rb:44:in `timeout'
/home/jim/.rvm/rubies/ruby-1.9.2-p136/lib/ruby/1.9.1/timeout.rb:87:in `timeout'
/home/jim/.rvm/rubies/ruby-1.9.2-p136/lib/ruby/1.9.1/net/http.rb:644:in `connect'
/home/jim/.rvm/rubies/ruby-1.9.2-p136/lib/ruby/1.9.1/net/http.rb:637:in `do_start'
/home/jim/.rvm/rubies/ruby-1.9.2-p136/lib/ruby/1.9.1/net/http.rb:626:in `start'
/home/jim/workspace/magpie/lib/magpie/utils.rb:89:in `start_http'
I, [2012-01-13T23:24:30.642409 #19804]  INFO -- : 2012-01-13 23:24:30 +0800:/home/jim/workspace/magpie/lib/magpie/rubber.rb:7}:/home/jim/.rvm/rubies/ruby-1.9.2-p136/lib/ruby/1.9.1/net/http.rb:644:in `initialize'
/home/jim/.rvm/rubies/ruby-1.9.2-p136/lib/ruby/1.9.1/net/http.rb:644:in `open'
/home/jim/.rvm/rubies/ruby-1.9.2-p136/lib/ruby/1.9.1/net/http.rb:644:in `block in connect'
/home/jim/.rvm/rubies/ruby-1.9.2-p136/lib/ruby/1.9.1/timeout.rb:44:in `timeout'
/home/jim/.rvm/rubies/ruby-1.9.2-p136/lib/ruby/1.9.1/timeout.rb:87:in `timeout'
/home/jim/.rvm/rubies/ruby-1.9.2-p136/lib/ruby/1.9.1/net/http.rb:644:in `connect'
/home/jim/.rvm/rubies/ruby-1.9.2-p136/lib/ruby/1.9.1/net/http.rb:637:in `do_start'
/home/jim/.rvm/rubies/ruby-1.9.2-p136/lib/ruby/1.9.1/net/http.rb:626:in `start'
/home/jim/workspace/magpie/lib/magpie/utils.rb:89:in `start_http'
I, [2012-01-13T23:24:30.652713 #19804]  INFO -- : 2012-01-13 23:24:30 +0800:/home/jim/workspace/magpie/lib/magpie/rubber.rb:7}:/home/jim/.rvm/rubies/ruby-1.9.2-p136/lib/ruby/1.9.1/net/http.rb:644:in `initialize'
/home/jim/.rvm/rubies/ruby-1.9.2-p136/lib/ruby/1.9.1/net/http.rb:644:in `open'
/home/jim/.rvm/rubies/ruby-1.9.2-p136/lib/ruby/1.9.1/net/http.rb:644:in `block in connect'
/home/jim/.rvm/rubies/ruby-1.9.2-p136/lib/ruby/1.9.1/timeout.rb:44:in `timeout'
/home/jim/.rvm/rubies/ruby-1.9.2-p136/lib/ruby/1.9.1/timeout.rb:87:in `timeout'
/home/jim/.rvm/rubies/ruby-1.9.2-p136/lib/ruby/1.9.1/net/http.rb:644:in `connect'
/home/jim/.rvm/rubies/ruby-1.9.2-p136/lib/ruby/1.9.1/net/http.rb:637:in `do_start'
/home/jim/.rvm/rubies/ruby-1.9.2-p136/lib/ruby/1.9.1/net/http.rb:626:in `start'
/home/jim/workspace/magpie/lib/magpie/utils.rb:89:in `start_http'
I, [2012-01-13T23:24:30.663463 #19804]  INFO -- : 2012-01-13 23:24:30 +0800:/home/jim/workspace/magpie/lib/magpie/rubber.rb:7}:/home/jim/.rvm/rubies/ruby-1.9.2-p136/lib/ruby/1.9.1/net/http.rb:644:in `initialize'
/home/jim/.rvm/rubies/ruby-1.9.2-p136/lib/ruby/1.9.1/net/http.rb:644:in `open'
/home/jim/.rvm/rubies/ruby-1.9.2-p136/lib/ruby/1.9.1/net/http.rb:644:in `block in connect'
/home/jim/.rvm/rubies/ruby-1.9.2-p136/lib/ruby/1.9.1/timeout.rb:44:in `timeout'
/home/jim/.rvm/rubies/ruby-1.9.2-p136/lib/ruby/1.9.1/timeout.rb:87:in `timeout'
/home/jim/.rvm/rubies/ruby-1.9.2-p136/lib/ruby/1.9.1/net/http.rb:644:in `connect'
/home/jim/.rvm/rubies/ruby-1.9.2-p136/lib/ruby/1.9.1/net/http.rb:637:in `do_start'
/home/jim/.rvm/rubies/ruby-1.9.2-p136/lib/ruby/1.9.1/net/http.rb:626:in `start'
/home/jim/workspace/magpie/lib/magpie/utils.rb:89:in `start_http'
I, [2012-01-13T23:24:30.664404 #19804]  INFO -- : 2012-01-13 23:24:30 +0800:/home/jim/workspace/magpie/lib/magpie/rubber.rb:7}:/home/jim/.rvm/rubies/ruby-1.9.2-p136/lib/ruby/1.9.1/net/http.rb:1593:in `set_form_data'
/home/jim/workspace/magpie/lib/magpie/utils.rb:101:in `post_query'
/home/jim/workspace/magpie/lib/magpie/utils.rb:114:in `block (2 levels) in send_notify'
/home/jim/.rvm/rubies/ruby-1.9.2-p136/lib/ruby/1.9.1/timeout.rb:57:in `timeout'
/home/jim/.rvm/rubies/ruby-1.9.2-p136/lib/ruby/1.9.1/timeout.rb:87:in `timeout'
/home/jim/workspace/magpie/lib/magpie/utils.rb:111:in `block in send_notify'
/home/jim/workspace/magpie/lib/magpie/rubber.rb:5:in `try'
/home/jim/workspace/magpie/lib/magpie/utils.rb:110:in `send_notify'
/home/jim/workspace/magpie/test/test_utils.rb:13:in `test_send_notify_timeout'
I, [2012-01-13T23:24:30.664887 #19804]  INFO -- : 2012-01-13 23:24:30 +0800:/home/jim/workspace/magpie/lib/magpie/rubber.rb:7}:/home/jim/.rvm/rubies/ruby-1.9.2-p136/lib/ruby/1.9.1/net/http.rb:1593:in `set_form_data'
/home/jim/workspace/magpie/lib/magpie/utils.rb:101:in `post_query'
/home/jim/workspace/magpie/lib/magpie/utils.rb:114:in `block (2 levels) in send_notify'
/home/jim/.rvm/rubies/ruby-1.9.2-p136/lib/ruby/1.9.1/timeout.rb:57:in `timeout'
/home/jim/.rvm/rubies/ruby-1.9.2-p136/lib/ruby/1.9.1/timeout.rb:87:in `timeout'
/home/jim/workspace/magpie/lib/magpie/utils.rb:111:in `block in send_notify'
/home/jim/workspace/magpie/lib/magpie/rubber.rb:5:in `try'
/home/jim/workspace/magpie/lib/magpie/utils.rb:110:in `send_notify'
/home/jim/workspace/magpie/test/test_utils.rb:13:in `test_send_notify_timeout'
I, [2012-01-13T23:24:30.665365 #19804]  INFO -- : 2012-01-13 23:24:30 +0800:/home/jim/workspace/magpie/lib/magpie/rubber.rb:7}:/home/jim/.rvm/rubies/ruby-1.9.2-p136/lib/ruby/1.9.1/net/http.rb:1593:in `set_form_data'
/home/jim/workspace/magpie/lib/magpie/utils.rb:101:in `post_query'
/home/jim/workspace/magpie/lib/magpie/utils.rb:114:in `block (2 levels) in send_notify'
/home/jim/.rvm/rubies/ruby-1.9.2-p136/lib/ruby/1.9.1/timeout.rb:57:in `timeout'
/home/jim/.rvm/rubies/ruby-1.9.2-p136/lib/ruby/1.9.1/timeout.rb:87:in `timeout'
/home/jim/workspace/magpie/lib/magpie/utils.rb:111:in `block in send_notify'
/home/jim/workspace/magpie/lib/magpie/rubber.rb:5:in `try'
/home/jim/workspace/magpie/lib/magpie/utils.rb:110:in `send_notify'
/home/jim/workspace/magpie/test/test_utils.rb:13:in `test_send_notify_timeout'
I, [2012-01-13T23:24:30.671036 #19804]  INFO -- : service: ["can't be blank"]
partner: ["can't be blank"]
notify_url: ["can't be blank"]
return_url: ["can't be blank"]
sign: ["can't be blank", "invalid sign"]
sign_type: ["can't be blank"]
subject: ["can't be blank"]
out_trade_no: ["can't be blank"]
payment_type: ["can't be blank"]
money: ["price and total_fee can not both be blank"]
seller: ["seller_email and seller_id can not both be blank"]
I, [2012-01-13T23:24:30.676678 #19804]  INFO -- : v_mid: ["can't be blank"]
v_oid: ["can't be blank"]
v_amount: ["can't be blank"]
v_moneytype: ["can't be blank"]
v_url: ["can't be blank"]
v_md5info: ["can't be blank"]
sign: ["invalid v_md5info"]
I, [2012-01-13T23:24:30.682223 #19804]  INFO -- : v_mid: ["can't be blank"]
v_oid: ["can't be blank"]
v_amount: ["can't be blank"]
v_moneytype: ["can't be blank"]
v_url: ["can't be blank"]
v_md5info: ["can't be blank"]
sign: ["invalid v_md5info"]
I, [2012-01-13T23:24:30.689164 #19804]  INFO -- : #<NoMethodError: undefined method `split' for nil:NilClass>:
/home/jim/workspace/magpie/lib/middles/snake.rb:101:in `query_to_hash'
/home/jim/workspace/magpie/lib/middles/snake.rb:84:in `order_pay'
/home/jim/workspace/magpie/lib/middles/snake.rb:10:in `call'
/home/jim/workspace/magpie/lib/middles/snake.rb:10:in `block in reg'
/home/jim/workspace/magpie/lib/middles/snake.rb:24:in `call'
/home/jim/workspace/magpie/lib/middles/snake.rb:24:in `block in call'
/home/jim/workspace/magpie/lib/middles/snake.rb:22:in `each'
/home/jim/workspace/magpie/lib/middles/snake.rb:22:in `call'
/home/jim/.rvm/gems/ruby-1.9.2-p136/gems/rack-1.4.0/lib/rack/static.rb:66:in `call'
I, [2012-01-13T23:24:30.699157 #19804]  INFO -- : service: ["can't be blank"]
partner: ["can't be blank"]
notify_url: ["can't be blank"]
return_url: ["can't be blank"]
sign: ["can't be blank", "invalid sign"]
sign_type: ["can't be blank"]
subject: ["can't be blank"]
out_trade_no: ["can't be blank"]
payment_type: ["can't be blank"]
money: ["price and total_fee can not both be blank"]
seller: ["seller_email and seller_id can not both be blank"]
I, [2012-01-13T23:24:30.724590 #19804]  INFO -- : cmdno: ["can't be blank"]
date: ["can't be blank"]
bank_type: ["can't be blank"]
desc: ["can't be blank"]
bargainor_id: ["can't be blank"]
transaction_id: ["can't be blank"]
sp_billno: ["can't be blank"]
total_fee: ["can't be blank"]
fee_type: ["can't be blank"]
return_url: ["can't be blank"]
attach: ["can't be blank"]
spbill_create_ip: ["can't be blank"]
sign: ["can't be blank", "invalid sign"]
I, [2012-01-13T23:24:30.739681 #19804]  INFO -- : cmdno: ["can't be blank"]
date: ["can't be blank"]
bank_type: ["can't be blank"]
desc: ["can't be blank"]
bargainor_id: ["can't be blank"]
transaction_id: ["can't be blank"]
sp_billno: ["can't be blank"]
total_fee: ["can't be blank"]
fee_type: ["can't be blank"]
return_url: ["can't be blank"]
attach: ["can't be blank"]
spbill_create_ip: ["can't be blank"]
sign: ["can't be blank", "invalid sign"]
I, [2012-01-13T23:24:30.755944 #19804]  INFO -- : bank_type: ["can't be blank"]
desc: ["can't be blank"]
sign: ["can't be blank", "invalid sign"]
transaction_id: ["格式错误,transaction_id为28位长的数值,其中前10位为商户网站编号(SPID)，由财付通统一分配;之后8位为订单产生的日期,如20050415;最后10位商户需要保证一天内不同的事务(用户订购一次商品或购买一次服务),其ID不相同"]
I, [2012-01-13T23:24:30.772330 #19804]  INFO -- : bank_type: ["can't be blank"]
desc: ["can't be blank"]
sign: ["can't be blank", "invalid sign"]
transaction_id: ["格式错误,transaction_id为28位长的数值,其中前10位为商户网站编号(SPID)，由财付通统一分配;之后8位为订单产生的日期,如20050415;最后10位商户需要保证一天内不同的事务(用户订购一次商品或购买一次服务),其ID不相同"]
I, [2012-01-13T23:24:30.797229 #19804]  INFO -- : bank_type: ["can't be blank"]
desc: ["can't be blank"]
sign: ["can't be blank", "invalid sign"]
transaction_id: ["格式错误,transaction_id为28位长的数值,其中前10位为商户网站编号(SPID)，由财付通统一分配;之后8位为订单产生的日期,如20050415;最后10位商户需要保证一天内不同的事务(用户订购一次商品或购买一次服务),其ID不相同"]
I, [2012-01-13T23:24:30.803688 #19804]  INFO -- : cmdno: ["can't be blank"]
date: ["can't be blank"]
bank_type: ["can't be blank"]
desc: ["can't be blank"]
bargainor_id: ["can't be blank"]
transaction_id: ["can't be blank"]
sp_billno: ["can't be blank"]
total_fee: ["can't be blank"]
fee_type: ["can't be blank"]
return_url: ["can't be blank"]
attach: ["can't be blank"]
spbill_create_ip: ["can't be blank"]
sign: ["can't be blank", "invalid sign"]
I, [2012-01-13T23:24:30.810628 #19804]  INFO -- : bank_type: ["can't be blank"]
desc: ["can't be blank"]
sign: ["can't be blank", "invalid sign"]
I, [2012-01-13T23:24:30.816786 #19804]  INFO -- : bank_type: ["can't be blank"]
desc: ["can't be blank"]
sign: ["can't be blank", "invalid sign"]
transaction_id: ["格式错误,transaction_id为28位长的数值,其中前10位为商户网站编号(SPID)，由财付通统一分配;之后8位为订单产生的日期,如20050415;最后10位商户需要保证一天内不同的事务(用户订购一次商品或购买一次服务),其ID不相同"]
total_fee: ["格式错误,只能为数字,以分为单位,不允许包含任何字符"]
I, [2012-01-13T23:24:30.826088 #19804]  INFO -- : bank_type: ["can't be blank"]
desc: ["can't be blank"]
sign: ["can't be blank", "invalid sign"]
transaction_id: ["格式错误,transaction_id为28位长的数值,其中前10位为商户网站编号(SPID)，由财付通统一分配;之后8位为订单产生的日期,如20050415;最后10位商户需要保证一天内不同的事务(用户订购一次商品或购买一次服务),其ID不相同"]
total_fee: ["格式错误,只能为数字,以分为单位,不允许包含任何字符"]
I, [2012-01-13T23:24:30.834731 #19804]  INFO -- : bank_type: ["can't be blank"]
desc: ["can't be blank"]
sign: ["can't be blank", "invalid sign"]
transaction_id: ["格式错误,transaction_id为28位长的数值,其中前10位为商户网站编号(SPID)，由财付通统一分配;之后8位为订单产生的日期,如20050415;最后10位商户需要保证一天内不同的事务(用户订购一次商品或购买一次服务),其ID不相同"]
I, [2012-01-13T23:24:30.841093 #19804]  INFO -- : bank_type: ["can't be blank"]
desc: ["can't be blank"]
sign: ["can't be blank", "invalid sign"]
transaction_id: ["格式错误,transaction_id为28位长的数值,其中前10位为商户网站编号(SPID)，由财付通统一分配;之后8位为订单产生的日期,如20050415;最后10位商户需要保证一天内不同的事务(用户订购一次商品或购买一次服务),其ID不相同"]
fee_type: ["目前只支持人民币,请填1"]
I, [2012-01-13T23:24:30.848076 #19804]  INFO -- : bank_type: ["can't be blank"]
desc: ["can't be blank"]
sign: ["can't be blank", "invalid sign"]
transaction_id: ["格式错误,transaction_id为28位长的数值,其中前10位为商户网站编号(SPID)，由财付通统一分配;之后8位为订单产生的日期,如20050415;最后10位商户需要保证一天内不同的事务(用户订购一次商品或购买一次服务),其ID不相同"]
I, [2012-01-13T23:24:30.854549 #19804]  INFO -- : bank_type: ["can't be blank"]
desc: ["can't be blank"]
sign: ["can't be blank", "invalid sign"]
transaction_id: ["格式错误,transaction_id为28位长的数值,其中前10位为商户网站编号(SPID)，由财付通统一分配;之后8位为订单产生的日期,如20050415;最后10位商户需要保证一天内不同的事务(用户订购一次商品或购买一次服务),其ID不相同"]
spbill_create_ip: ["ip地址格式错误"]
I, [2012-01-13T23:24:30.860882 #19804]  INFO -- : bank_type: ["can't be blank"]
desc: ["can't be blank"]
sign: ["can't be blank", "invalid sign"]
transaction_id: ["格式错误,transaction_id为28位长的数值,其中前10位为商户网站编号(SPID)，由财付通统一分配;之后8位为订单产生的日期,如20050415;最后10位商户需要保证一天内不同的事务(用户订购一次商品或购买一次服务),其ID不相同"]
spbill_create_ip: ["ip地址格式错误"]
I, [2012-01-13T23:24:30.867129 #19804]  INFO -- : bank_type: ["can't be blank"]
desc: ["can't be blank"]
sign: ["can't be blank", "invalid sign"]
transaction_id: ["格式错误,transaction_id为28位长的数值,其中前10位为商户网站编号(SPID)，由财付通统一分配;之后8位为订单产生的日期,如20050415;最后10位商户需要保证一天内不同的事务(用户订购一次商品或购买一次服务),其ID不相同"]
I, [2012-01-13T23:24:30.873733 #19804]  INFO -- : bank_type: ["can't be blank"]
desc: ["can't be blank"]
sign: ["can't be blank", "invalid sign"]
transaction_id: ["格式错误,transaction_id为28位长的数值,其中前10位为商户网站编号(SPID)，由财付通统一分配;之后8位为订单产生的日期,如20050415;最后10位商户需要保证一天内不同的事务(用户订购一次商品或购买一次服务),其ID不相同"]
sp_billno: ["长度错误,应该在28个字符内"]
I, [2012-01-13T23:24:30.879548 #19804]  INFO -- : cmdno: ["can't be blank"]
date: ["can't be blank"]
bank_type: ["can't be blank"]
desc: ["can't be blank"]
bargainor_id: ["can't be blank"]
transaction_id: ["can't be blank"]
sp_billno: ["can't be blank"]
total_fee: ["can't be blank"]
fee_type: ["can't be blank"]
return_url: ["can't be blank"]
attach: ["can't be blank"]
spbill_create_ip: ["can't be blank"]
sign: ["can't be blank", "invalid sign"]
I, [2012-01-13T23:24:30.888763 #19804]  INFO -- : bank_type: ["can't be blank"]
desc: ["can't be blank"]
sign: ["can't be blank", "invalid sign"]
transaction_id: ["格式错误,transaction_id为28位长的数值,其中前10位为商户网站编号(SPID)，由财付通统一分配;之后8位为订单产生的日期,如20050415;最后10位商户需要保证一天内不同的事务(用户订购一次商品或购买一次服务),其ID不相同"]
bargainor_id: ["商户编号不存在"]
I, [2012-01-13T23:24:30.895011 #19804]  INFO -- : bank_type: ["can't be blank"]
desc: ["can't be blank"]
sign: ["can't be blank", "invalid sign"]
transaction_id: ["格式错误,transaction_id为28位长的数值,其中前10位为商户网站编号(SPID)，由财付通统一分配;之后8位为订单产生的日期,如20050415;最后10位商户需要保证一天内不同的事务(用户订购一次商品或购买一次服务),其ID不相同"]
I, [2012-01-13T23:24:30.902134 #19804]  INFO -- : cmdno: ["can't be blank"]
date: ["can't be blank"]
bank_type: ["can't be blank"]
desc: ["can't be blank"]
bargainor_id: ["can't be blank"]
transaction_id: ["can't be blank"]
sp_billno: ["can't be blank"]
total_fee: ["can't be blank"]
fee_type: ["can't be blank"]
return_url: ["can't be blank"]
attach: ["can't be blank"]
spbill_create_ip: ["can't be blank"]
sign: ["can't be blank", "invalid sign"]
I, [2012-01-13T23:24:30.909028 #19804]  INFO -- : bank_type: ["can't be blank"]
desc: ["can't be blank"]
transaction_id: ["格式错误,transaction_id为28位长的数值,其中前10位为商户网站编号(SPID)，由财付通统一分配;之后8位为订单产生的日期,如20050415;最后10位商户需要保证一天内不同的事务(用户订购一次商品或购买一次服务),其ID不相同"]
sign: ["sign签名必须大写", "invalid sign"]
I, [2012-01-13T23:24:30.915314 #19804]  INFO -- : bank_type: ["can't be blank"]
desc: ["can't be blank"]
transaction_id: ["格式错误,transaction_id为28位长的数值,其中前10位为商户网站编号(SPID)，由财付通统一分配;之后8位为订单产生的日期,如20050415;最后10位商户需要保证一天内不同的事务(用户订购一次商品或购买一次服务),其ID不相同"]
sign: ["invalid sign"]
I, [2012-01-13T23:24:30.921658 #19804]  INFO -- : bank_type: ["can't be blank"]
desc: ["can't be blank"]
transaction_id: ["格式错误,transaction_id为28位长的数值,其中前10位为商户网站编号(SPID)，由财付通统一分配;之后8位为订单产生的日期,如20050415;最后10位商户需要保证一天内不同的事务(用户订购一次商品或购买一次服务),其ID不相同"]
sign: ["invalid sign"]
I, [2012-01-13T23:24:30.928349 #19804]  INFO -- : bank_type: ["can't be blank"]
desc: ["can't be blank"]
transaction_id: ["格式错误,transaction_id为28位长的数值,其中前10位为商户网站编号(SPID)，由财付通统一分配;之后8位为订单产生的日期,如20050415;最后10位商户需要保证一天内不同的事务(用户订购一次商品或购买一次服务),其ID不相同"]
I, [2012-01-13T23:24:49.002587 #20156]  INFO -- : partner: ["can't be blank"]
notify_url: ["can't be blank"]
return_url: ["can't be blank"]
sign: ["can't be blank", "invalid sign"]
sign_type: ["can't be blank"]
subject: ["can't be blank"]
out_trade_no: ["can't be blank"]
payment_type: ["can't be blank"]
money: ["price and total_fee can not both be blank"]
seller: ["seller_email and seller_id can not both be blank"]
I, [2012-01-13T23:24:49.030003 #20156]  INFO -- : partner: ["can't be blank"]
notify_url: ["can't be blank"]
return_url: ["can't be blank"]
sign: ["can't be blank", "invalid sign"]
sign_type: ["can't be blank"]
subject: ["can't be blank"]
out_trade_no: ["can't be blank"]
payment_type: ["can't be blank"]
money: ["price and total_fee can not both be blank"]
seller: ["seller_email and seller_id can not both be blank"]
_input_charset: ["should be utf-8 or gb2312"]
I, [2012-01-13T23:24:49.036767 #20156]  INFO -- : partner: ["can't be blank"]
notify_url: ["can't be blank"]
return_url: ["can't be blank"]
sign: ["can't be blank", "invalid sign"]
sign_type: ["can't be blank"]
subject: ["can't be blank"]
out_trade_no: ["can't be blank"]
payment_type: ["can't be blank"]
money: ["price and total_fee can not both be blank"]
seller: ["seller_email and seller_id can not both be blank"]
I, [2012-01-13T23:24:49.043253 #20156]  INFO -- : partner: ["can't be blank"]
notify_url: ["can't be blank"]
return_url: ["can't be blank"]
sign: ["can't be blank", "invalid sign"]
sign_type: ["can't be blank"]
subject: ["can't be blank"]
out_trade_no: ["can't be blank"]
payment_type: ["can't be blank"]
money: ["price and total_fee can not both be blank"]
seller: ["seller_email and seller_id can not both be blank"]
I, [2012-01-13T23:24:49.049588 #20156]  INFO -- : partner: ["can't be blank"]
notify_url: ["can't be blank"]
return_url: ["can't be blank"]
sign: ["can't be blank", "invalid sign"]
sign_type: ["can't be blank"]
subject: ["can't be blank"]
out_trade_no: ["can't be blank"]
payment_type: ["can't be blank"]
price: ["format should be Number(13, 2)"]
total_fee: ["format should be Number(13, 2)"]
money: ["price和total_fee不能同时出现"]
quantity: ["if price is not blank, must input quantity"]
seller: ["seller_email and seller_id can not both be blank"]
I, [2012-01-13T23:24:49.056034 #20156]  INFO -- : partner: ["can't be blank"]
notify_url: ["can't be blank"]
return_url: ["can't be blank"]
sign: ["can't be blank", "invalid sign"]
sign_type: ["can't be blank"]
subject: ["can't be blank"]
out_trade_no: ["can't be blank"]
payment_type: ["can't be blank"]
quantity: ["if price is not blank, must input quantity"]
seller: ["seller_email and seller_id can not both be blank"]
I, [2012-01-13T23:24:49.063043 #20156]  INFO -- : partner: ["can't be blank"]
notify_url: ["can't be blank"]
return_url: ["can't be blank"]
sign: ["can't be blank", "invalid sign"]
sign_type: ["can't be blank"]
subject: ["can't be blank"]
out_trade_no: ["can't be blank"]
payment_type: ["can't be blank"]
money: ["price and total_fee can not both be blank"]
seller: ["seller_email and seller_id can not both be blank"]
I, [2012-01-13T23:24:49.069187 #20156]  INFO -- : notify_url: ["can't be blank"]
return_url: ["can't be blank"]
sign: ["can't be blank", "invalid sign"]
sign_type: ["can't be blank"]
subject: ["can't be blank"]
out_trade_no: ["can't be blank"]
partner: ["is too long (maximum is 16 characters)", "not exist"]
payment_type: ["is too long (maximum is 4 characters)"]
money: ["price and total_fee can not both be blank"]
seller: ["seller_email and seller_id can not both be blank"]
I, [2012-01-13T23:24:49.075639 #20156]  INFO -- : partner: ["can't be blank"]
notify_url: ["can't be blank"]
return_url: ["can't be blank"]
sign: ["can't be blank", "invalid sign"]
sign_type: ["can't be blank"]
subject: ["can't be blank"]
out_trade_no: ["can't be blank"]
payment_type: ["can't be blank"]
quantity: ["should be integer and between 1~999999"]
money: ["price and total_fee can not both be blank"]
seller: ["seller_email and seller_id can not both be blank"]
I, [2012-01-13T23:24:49.082225 #20156]  INFO -- : partner: ["can't be blank"]
notify_url: ["can't be blank"]
return_url: ["can't be blank"]
sign: ["can't be blank", "invalid sign"]
sign_type: ["can't be blank"]
subject: ["can't be blank"]
out_trade_no: ["can't be blank"]
payment_type: ["can't be blank"]
quantity: ["should be integer and between 1~999999"]
money: ["price and total_fee can not both be blank"]
seller: ["seller_email and seller_id can not both be blank"]
I, [2012-01-13T23:24:49.088088 #20156]  INFO -- : partner: ["can't be blank"]
notify_url: ["can't be blank"]
return_url: ["can't be blank"]
sign: ["can't be blank", "invalid sign"]
sign_type: ["can't be blank"]
subject: ["can't be blank"]
out_trade_no: ["can't be blank"]
payment_type: ["can't be blank"]
quantity: ["should be integer and between 1~999999"]
money: ["price and total_fee can not both be blank"]
seller: ["seller_email and seller_id can not both be blank"]
I, [2012-01-13T23:24:49.094299 #20156]  INFO -- : notify_url: ["can't be blank"]
return_url: ["can't be blank"]
sign: ["can't be blank", "invalid sign"]
sign_type: ["can't be blank"]
subject: ["can't be blank"]
out_trade_no: ["can't be blank"]
payment_type: ["can't be blank"]
money: ["price and total_fee can not both be blank"]
seller: ["seller_email and seller_id can not both be blank"]
partner: ["not exist"]
I, [2012-01-13T23:24:49.100050 #20156]  INFO -- : notify_url: ["can't be blank"]
return_url: ["can't be blank"]
sign: ["can't be blank", "invalid sign"]
sign_type: ["can't be blank"]
subject: ["can't be blank"]
out_trade_no: ["can't be blank"]
payment_type: ["can't be blank"]
money: ["price and total_fee can not both be blank"]
seller: ["seller_email and seller_id can not both be blank"]
I, [2012-01-13T23:24:49.107526 #20156]  INFO -- : service: ["can't be blank"]
partner: ["can't be blank"]
notify_url: ["can't be blank"]
return_url: ["can't be blank"]
sign: ["can't be blank", "invalid sign"]
sign_type: ["can't be blank"]
subject: ["can't be blank"]
out_trade_no: ["can't be blank"]
payment_type: ["can't be blank"]
money: ["price and total_fee can not both be blank"]
seller: ["seller_email and seller_id can not both be blank"]
I, [2012-01-13T23:24:49.114113 #20156]  INFO -- : partner: ["can't be blank"]
notify_url: ["can't be blank"]
return_url: ["can't be blank"]
sign: ["can't be blank", "invalid sign"]
sign_type: ["can't be blank"]
subject: ["can't be blank"]
out_trade_no: ["can't be blank"]
payment_type: ["can't be blank"]
money: ["price和total_fee不能同时出现"]
quantity: ["if price is not blank, must input quantity"]
seller: ["seller_email and seller_id can not both be blank"]
I, [2012-01-13T23:24:49.120407 #20156]  INFO -- : partner: ["can't be blank"]
notify_url: ["can't be blank"]
return_url: ["can't be blank"]
sign: ["can't be blank", "invalid sign"]
sign_type: ["can't be blank"]
subject: ["can't be blank"]
out_trade_no: ["can't be blank"]
payment_type: ["can't be blank"]
money: ["price and total_fee can not both be blank"]
seller: ["seller_email and seller_id can not both be blank"]
I, [2012-01-13T23:24:49.127360 #20156]  INFO -- : notify_url: ["can't be blank"]
return_url: ["can't be blank"]
sign_type: ["can't be blank"]
subject: ["can't be blank"]
out_trade_no: ["can't be blank"]
payment_type: ["can't be blank"]
money: ["price and total_fee can not both be blank"]
seller: ["seller_email and seller_id can not both be blank"]
sign: ["invalid sign"]
I, [2012-01-13T23:24:49.133717 #20156]  INFO -- : notify_url: ["can't be blank"]
return_url: ["can't be blank"]
sign_type: ["can't be blank"]
subject: ["can't be blank"]
out_trade_no: ["can't be blank"]
payment_type: ["can't be blank"]
money: ["price and total_fee can not both be blank"]
seller: ["seller_email and seller_id can not both be blank"]
I, [2012-01-13T23:24:49.146727 #20156]  INFO -- : v_md5info: ["can't be blank"]
sign: ["invalid v_md5info"]
I, [2012-01-13T23:24:49.153949 #20156]  INFO -- : v_md5info: ["can't be blank"]
sign: ["invalid v_md5info"]
v_oid: ["is too long (maximum is 64 characters)"]
v_url: ["is too long (maximum is 200 characters)"]
I, [2012-01-13T23:24:49.160187 #20156]  INFO -- : v_md5info: ["can't be blank"]
sign: ["invalid v_md5info"]
v_amount: ["format should be Number(6, 2)"]
I, [2012-01-13T23:24:49.166737 #20156]  INFO -- : v_md5info: ["can't be blank"]
sign: ["invalid v_md5info"]
v_mid: ["商户编号不存在"]
I, [2012-01-13T23:24:49.172856 #20156]  INFO -- : v_md5info: ["can't be blank"]
sign: ["invalid v_md5info"]
I, [2012-01-13T23:24:49.178618 #20156]  INFO -- : v_mid: ["can't be blank"]
v_oid: ["can't be blank"]
v_amount: ["can't be blank"]
v_moneytype: ["can't be blank"]
v_url: ["can't be blank"]
v_md5info: ["can't be blank"]
sign: ["invalid v_md5info"]
I, [2012-01-13T23:24:49.184747 #20156]  INFO -- : sign: ["invalid v_md5info"]
I, [2012-01-13T23:24:49.217402 #20156]  INFO -- : 2012-01-13 23:24:49 +0800:/home/jim/workspace/magpie/lib/magpie/rubber.rb:7}:/home/jim/.rvm/rubies/ruby-1.9.2-p136/lib/ruby/1.9.1/net/http.rb:644:in `initialize'
/home/jim/.rvm/rubies/ruby-1.9.2-p136/lib/ruby/1.9.1/net/http.rb:644:in `open'
/home/jim/.rvm/rubies/ruby-1.9.2-p136/lib/ruby/1.9.1/net/http.rb:644:in `block in connect'
/home/jim/.rvm/rubies/ruby-1.9.2-p136/lib/ruby/1.9.1/timeout.rb:44:in `timeout'
/home/jim/.rvm/rubies/ruby-1.9.2-p136/lib/ruby/1.9.1/timeout.rb:87:in `timeout'
/home/jim/.rvm/rubies/ruby-1.9.2-p136/lib/ruby/1.9.1/net/http.rb:644:in `connect'
/home/jim/.rvm/rubies/ruby-1.9.2-p136/lib/ruby/1.9.1/net/http.rb:637:in `do_start'
/home/jim/.rvm/rubies/ruby-1.9.2-p136/lib/ruby/1.9.1/net/http.rb:626:in `start'
/home/jim/workspace/magpie/lib/magpie/utils.rb:89:in `start_http'
I, [2012-01-13T23:24:49.229717 #20156]  INFO -- : 2012-01-13 23:24:49 +0800:/home/jim/workspace/magpie/lib/magpie/rubber.rb:7}:/home/jim/.rvm/rubies/ruby-1.9.2-p136/lib/ruby/1.9.1/net/http.rb:644:in `initialize'
/home/jim/.rvm/rubies/ruby-1.9.2-p136/lib/ruby/1.9.1/net/http.rb:644:in `open'
/home/jim/.rvm/rubies/ruby-1.9.2-p136/lib/ruby/1.9.1/net/http.rb:644:in `block in connect'
/home/jim/.rvm/rubies/ruby-1.9.2-p136/lib/ruby/1.9.1/timeout.rb:44:in `timeout'
/home/jim/.rvm/rubies/ruby-1.9.2-p136/lib/ruby/1.9.1/timeout.rb:87:in `timeout'
/home/jim/.rvm/rubies/ruby-1.9.2-p136/lib/ruby/1.9.1/net/http.rb:644:in `connect'
/home/jim/.rvm/rubies/ruby-1.9.2-p136/lib/ruby/1.9.1/net/http.rb:637:in `do_start'
/home/jim/.rvm/rubies/ruby-1.9.2-p136/lib/ruby/1.9.1/net/http.rb:626:in `start'
/home/jim/workspace/magpie/lib/magpie/utils.rb:89:in `start_http'
I, [2012-01-13T23:24:49.241219 #20156]  INFO -- : 2012-01-13 23:24:49 +0800:/home/jim/workspace/magpie/lib/magpie/rubber.rb:7}:/home/jim/.rvm/rubies/ruby-1.9.2-p136/lib/ruby/1.9.1/net/http.rb:644:in `initialize'
/home/jim/.rvm/rubies/ruby-1.9.2-p136/lib/ruby/1.9.1/net/http.rb:644:in `open'
/home/jim/.rvm/rubies/ruby-1.9.2-p136/lib/ruby/1.9.1/net/http.rb:644:in `block in connect'
/home/jim/.rvm/rubies/ruby-1.9.2-p136/lib/ruby/1.9.1/timeout.rb:44:in `timeout'
/home/jim/.rvm/rubies/ruby-1.9.2-p136/lib/ruby/1.9.1/timeout.rb:87:in `timeout'
/home/jim/.rvm/rubies/ruby-1.9.2-p136/lib/ruby/1.9.1/net/http.rb:644:in `connect'
/home/jim/.rvm/rubies/ruby-1.9.2-p136/lib/ruby/1.9.1/net/http.rb:637:in `do_start'
/home/jim/.rvm/rubies/ruby-1.9.2-p136/lib/ruby/1.9.1/net/http.rb:626:in `start'
/home/jim/workspace/magpie/lib/magpie/utils.rb:89:in `start_http'
I, [2012-01-13T23:24:49.254639 #20156]  INFO -- : 2012-01-13 23:24:49 +0800:/home/jim/workspace/magpie/lib/magpie/rubber.rb:7}:/home/jim/.rvm/rubies/ruby-1.9.2-p136/lib/ruby/1.9.1/net/http.rb:644:in `initialize'
/home/jim/.rvm/rubies/ruby-1.9.2-p136/lib/ruby/1.9.1/net/http.rb:644:in `open'
/home/jim/.rvm/rubies/ruby-1.9.2-p136/lib/ruby/1.9.1/net/http.rb:644:in `block in connect'
/home/jim/.rvm/rubies/ruby-1.9.2-p136/lib/ruby/1.9.1/timeout.rb:44:in `timeout'
/home/jim/.rvm/rubies/ruby-1.9.2-p136/lib/ruby/1.9.1/timeout.rb:87:in `timeout'
/home/jim/.rvm/rubies/ruby-1.9.2-p136/lib/ruby/1.9.1/net/http.rb:644:in `connect'
/home/jim/.rvm/rubies/ruby-1.9.2-p136/lib/ruby/1.9.1/net/http.rb:637:in `do_start'
/home/jim/.rvm/rubies/ruby-1.9.2-p136/lib/ruby/1.9.1/net/http.rb:626:in `start'
/home/jim/workspace/magpie/lib/magpie/utils.rb:89:in `start_http'
I, [2012-01-13T23:24:49.268141 #20156]  INFO -- : 2012-01-13 23:24:49 +0800:/home/jim/workspace/magpie/lib/magpie/rubber.rb:7}:/home/jim/.rvm/rubies/ruby-1.9.2-p136/lib/ruby/1.9.1/net/http.rb:644:in `initialize'
/home/jim/.rvm/rubies/ruby-1.9.2-p136/lib/ruby/1.9.1/net/http.rb:644:in `open'
/home/jim/.rvm/rubies/ruby-1.9.2-p136/lib/ruby/1.9.1/net/http.rb:644:in `block in connect'
/home/jim/.rvm/rubies/ruby-1.9.2-p136/lib/ruby/1.9.1/timeout.rb:44:in `timeout'
/home/jim/.rvm/rubies/ruby-1.9.2-p136/lib/ruby/1.9.1/timeout.rb:87:in `timeout'
/home/jim/.rvm/rubies/ruby-1.9.2-p136/lib/ruby/1.9.1/net/http.rb:644:in `connect'
/home/jim/.rvm/rubies/ruby-1.9.2-p136/lib/ruby/1.9.1/net/http.rb:637:in `do_start'
/home/jim/.rvm/rubies/ruby-1.9.2-p136/lib/ruby/1.9.1/net/http.rb:626:in `start'
/home/jim/workspace/magpie/lib/magpie/utils.rb:89:in `start_http'
I, [2012-01-13T23:24:49.279705 #20156]  INFO -- : 2012-01-13 23:24:49 +0800:/home/jim/workspace/magpie/lib/magpie/rubber.rb:7}:/home/jim/.rvm/rubies/ruby-1.9.2-p136/lib/ruby/1.9.1/net/http.rb:644:in `initialize'
/home/jim/.rvm/rubies/ruby-1.9.2-p136/lib/ruby/1.9.1/net/http.rb:644:in `open'
/home/jim/.rvm/rubies/ruby-1.9.2-p136/lib/ruby/1.9.1/net/http.rb:644:in `block in connect'
/home/jim/.rvm/rubies/ruby-1.9.2-p136/lib/ruby/1.9.1/timeout.rb:44:in `timeout'
/home/jim/.rvm/rubies/ruby-1.9.2-p136/lib/ruby/1.9.1/timeout.rb:87:in `timeout'
/home/jim/.rvm/rubies/ruby-1.9.2-p136/lib/ruby/1.9.1/net/http.rb:644:in `connect'
/home/jim/.rvm/rubies/ruby-1.9.2-p136/lib/ruby/1.9.1/net/http.rb:637:in `do_start'
/home/jim/.rvm/rubies/ruby-1.9.2-p136/lib/ruby/1.9.1/net/http.rb:626:in `start'
/home/jim/workspace/magpie/lib/magpie/utils.rb:89:in `start_http'
I, [2012-01-13T23:24:49.280352 #20156]  INFO -- : 2012-01-13 23:24:49 +0800:/home/jim/workspace/magpie/lib/magpie/rubber.rb:7}:/home/jim/.rvm/rubies/ruby-1.9.2-p136/lib/ruby/1.9.1/net/http.rb:1593:in `set_form_data'
/home/jim/workspace/magpie/lib/magpie/utils.rb:101:in `post_query'
/home/jim/workspace/magpie/lib/magpie/utils.rb:114:in `block (2 levels) in send_notify'
/home/jim/.rvm/rubies/ruby-1.9.2-p136/lib/ruby/1.9.1/timeout.rb:57:in `timeout'
/home/jim/.rvm/rubies/ruby-1.9.2-p136/lib/ruby/1.9.1/timeout.rb:87:in `timeout'
/home/jim/workspace/magpie/lib/magpie/utils.rb:111:in `block in send_notify'
/home/jim/workspace/magpie/lib/magpie/rubber.rb:5:in `try'
/home/jim/workspace/magpie/lib/magpie/utils.rb:110:in `send_notify'
/home/jim/workspace/magpie/test/test_utils.rb:13:in `test_send_notify_timeout'
I, [2012-01-13T23:24:49.280809 #20156]  INFO -- : 2012-01-13 23:24:49 +0800:/home/jim/workspace/magpie/lib/magpie/rubber.rb:7}:/home/jim/.rvm/rubies/ruby-1.9.2-p136/lib/ruby/1.9.1/net/http.rb:1593:in `set_form_data'
/home/jim/workspace/magpie/lib/magpie/utils.rb:101:in `post_query'
/home/jim/workspace/magpie/lib/magpie/utils.rb:114:in `block (2 levels) in send_notify'
/home/jim/.rvm/rubies/ruby-1.9.2-p136/lib/ruby/1.9.1/timeout.rb:57:in `timeout'
/home/jim/.rvm/rubies/ruby-1.9.2-p136/lib/ruby/1.9.1/timeout.rb:87:in `timeout'
/home/jim/workspace/magpie/lib/magpie/utils.rb:111:in `block in send_notify'
/home/jim/workspace/magpie/lib/magpie/rubber.rb:5:in `try'
/home/jim/workspace/magpie/lib/magpie/utils.rb:110:in `send_notify'
/home/jim/workspace/magpie/test/test_utils.rb:13:in `test_send_notify_timeout'
I, [2012-01-13T23:24:49.281298 #20156]  INFO -- : 2012-01-13 23:24:49 +0800:/home/jim/workspace/magpie/lib/magpie/rubber.rb:7}:/home/jim/.rvm/rubies/ruby-1.9.2-p136/lib/ruby/1.9.1/net/http.rb:1593:in `set_form_data'
/home/jim/workspace/magpie/lib/magpie/utils.rb:101:in `post_query'
/home/jim/workspace/magpie/lib/magpie/utils.rb:114:in `block (2 levels) in send_notify'
/home/jim/.rvm/rubies/ruby-1.9.2-p136/lib/ruby/1.9.1/timeout.rb:57:in `timeout'
/home/jim/.rvm/rubies/ruby-1.9.2-p136/lib/ruby/1.9.1/timeout.rb:87:in `timeout'
/home/jim/workspace/magpie/lib/magpie/utils.rb:111:in `block in send_notify'
/home/jim/workspace/magpie/lib/magpie/rubber.rb:5:in `try'
/home/jim/workspace/magpie/lib/magpie/utils.rb:110:in `send_notify'
/home/jim/workspace/magpie/test/test_utils.rb:13:in `test_send_notify_timeout'
I, [2012-01-13T23:24:49.286864 #20156]  INFO -- : service: ["can't be blank"]
partner: ["can't be blank"]
notify_url: ["can't be blank"]
return_url: ["can't be blank"]
sign: ["can't be blank", "invalid sign"]
sign_type: ["can't be blank"]
subject: ["can't be blank"]
out_trade_no: ["can't be blank"]
payment_type: ["can't be blank"]
money: ["price and total_fee can not both be blank"]
seller: ["seller_email and seller_id can not both be blank"]
I, [2012-01-13T23:24:49.293249 #20156]  INFO -- : v_mid: ["can't be blank"]
v_oid: ["can't be blank"]
v_amount: ["can't be blank"]
v_moneytype: ["can't be blank"]
v_url: ["can't be blank"]
v_md5info: ["can't be blank"]
sign: ["invalid v_md5info"]
I, [2012-01-13T23:24:49.301232 #20156]  INFO -- : v_mid: ["can't be blank"]
v_oid: ["can't be blank"]
v_amount: ["can't be blank"]
v_moneytype: ["can't be blank"]
v_url: ["can't be blank"]
v_md5info: ["can't be blank"]
sign: ["invalid v_md5info"]
I, [2012-01-13T23:24:49.307185 #20156]  INFO -- : #<NoMethodError: undefined method `split' for nil:NilClass>:
/home/jim/workspace/magpie/lib/middles/snake.rb:101:in `query_to_hash'
/home/jim/workspace/magpie/lib/middles/snake.rb:84:in `order_pay'
/home/jim/workspace/magpie/lib/middles/snake.rb:10:in `call'
/home/jim/workspace/magpie/lib/middles/snake.rb:10:in `block in reg'
/home/jim/workspace/magpie/lib/middles/snake.rb:24:in `call'
/home/jim/workspace/magpie/lib/middles/snake.rb:24:in `block in call'
/home/jim/workspace/magpie/lib/middles/snake.rb:22:in `each'
/home/jim/workspace/magpie/lib/middles/snake.rb:22:in `call'
/home/jim/.rvm/gems/ruby-1.9.2-p136/gems/rack-1.4.0/lib/rack/static.rb:66:in `call'
I, [2012-01-13T23:24:49.311944 #20156]  INFO -- : service: ["can't be blank"]
partner: ["can't be blank"]
notify_url: ["can't be blank"]
return_url: ["can't be blank"]
sign: ["can't be blank", "invalid sign"]
sign_type: ["can't be blank"]
subject: ["can't be blank"]
out_trade_no: ["can't be blank"]
payment_type: ["can't be blank"]
money: ["price and total_fee can not both be blank"]
seller: ["seller_email and seller_id can not both be blank"]
I, [2012-01-13T23:24:49.322146 #20156]  INFO -- : cmdno: ["can't be blank"]
date: ["can't be blank"]
bank_type: ["can't be blank"]
desc: ["can't be blank"]
bargainor_id: ["can't be blank"]
transaction_id: ["can't be blank"]
sp_billno: ["can't be blank"]
total_fee: ["can't be blank"]
fee_type: ["can't be blank"]
return_url: ["can't be blank"]
attach: ["can't be blank"]
spbill_create_ip: ["can't be blank"]
sign: ["can't be blank", "invalid sign"]
I, [2012-01-13T23:24:49.327941 #20156]  INFO -- : cmdno: ["can't be blank"]
date: ["can't be blank"]
bank_type: ["can't be blank"]
desc: ["can't be blank"]
bargainor_id: ["can't be blank"]
transaction_id: ["can't be blank"]
sp_billno: ["can't be blank"]
total_fee: ["can't be blank"]
fee_type: ["can't be blank"]
return_url: ["can't be blank"]
attach: ["can't be blank"]
spbill_create_ip: ["can't be blank"]
sign: ["can't be blank", "invalid sign"]
I, [2012-01-13T23:24:49.336168 #20156]  INFO -- : bank_type: ["can't be blank"]
desc: ["can't be blank"]
sign: ["can't be blank", "invalid sign"]
transaction_id: ["格式错误,transaction_id为28位长的数值,其中前10位为商户网站编号(SPID)，由财付通统一分配;之后8位为订单产生的日期,如20050415;最后10位商户需要保证一天内不同的事务(用户订购一次商品或购买一次服务),其ID不相同"]
I, [2012-01-13T23:24:49.343346 #20156]  INFO -- : bank_type: ["can't be blank"]
desc: ["can't be blank"]
sign: ["can't be blank", "invalid sign"]
transaction_id: ["格式错误,transaction_id为28位长的数值,其中前10位为商户网站编号(SPID)，由财付通统一分配;之后8位为订单产生的日期,如20050415;最后10位商户需要保证一天内不同的事务(用户订购一次商品或购买一次服务),其ID不相同"]
I, [2012-01-13T23:24:49.350862 #20156]  INFO -- : bank_type: ["can't be blank"]
desc: ["can't be blank"]
sign: ["can't be blank", "invalid sign"]
transaction_id: ["格式错误,transaction_id为28位长的数值,其中前10位为商户网站编号(SPID)，由财付通统一分配;之后8位为订单产生的日期,如20050415;最后10位商户需要保证一天内不同的事务(用户订购一次商品或购买一次服务),其ID不相同"]
I, [2012-01-13T23:24:49.356399 #20156]  INFO -- : cmdno: ["can't be blank"]
date: ["can't be blank"]
bank_type: ["can't be blank"]
desc: ["can't be blank"]
bargainor_id: ["can't be blank"]
transaction_id: ["can't be blank"]
sp_billno: ["can't be blank"]
total_fee: ["can't be blank"]
fee_type: ["can't be blank"]
return_url: ["can't be blank"]
attach: ["can't be blank"]
spbill_create_ip: ["can't be blank"]
sign: ["can't be blank", "invalid sign"]
I, [2012-01-13T23:24:49.363515 #20156]  INFO -- : bank_type: ["can't be blank"]
desc: ["can't be blank"]
sign: ["can't be blank", "invalid sign"]
I, [2012-01-13T23:24:49.369524 #20156]  INFO -- : bank_type: ["can't be blank"]
desc: ["can't be blank"]
sign: ["can't be blank", "invalid sign"]
transaction_id: ["格式错误,transaction_id为28位长的数值,其中前10位为商户网站编号(SPID)，由财付通统一分配;之后8位为订单产生的日期,如20050415;最后10位商户需要保证一天内不同的事务(用户订购一次商品或购买一次服务),其ID不相同"]
total_fee: ["格式错误,只能为数字,以分为单位,不允许包含任何字符"]
I, [2012-01-13T23:24:49.375942 #20156]  INFO -- : bank_type: ["can't be blank"]
desc: ["can't be blank"]
sign: ["can't be blank", "invalid sign"]
transaction_id: ["格式错误,transaction_id为28位长的数值,其中前10位为商户网站编号(SPID)，由财付通统一分配;之后8位为订单产生的日期,如20050415;最后10位商户需要保证一天内不同的事务(用户订购一次商品或购买一次服务),其ID不相同"]
total_fee: ["格式错误,只能为数字,以分为单位,不允许包含任何字符"]
I, [2012-01-13T23:24:49.382966 #20156]  INFO -- : bank_type: ["can't be blank"]
desc: ["can't be blank"]
sign: ["can't be blank", "invalid sign"]
transaction_id: ["格式错误,transaction_id为28位长的数值,其中前10位为商户网站编号(SPID)，由财付通统一分配;之后8位为订单产生的日期,如20050415;最后10位商户需要保证一天内不同的事务(用户订购一次商品或购买一次服务),其ID不相同"]
I, [2012-01-13T23:24:49.389187 #20156]  INFO -- : bank_type: ["can't be blank"]
desc: ["can't be blank"]
sign: ["can't be blank", "invalid sign"]
transaction_id: ["格式错误,transaction_id为28位长的数值,其中前10位为商户网站编号(SPID)，由财付通统一分配;之后8位为订单产生的日期,如20050415;最后10位商户需要保证一天内不同的事务(用户订购一次商品或购买一次服务),其ID不相同"]
fee_type: ["目前只支持人民币,请填1"]
I, [2012-01-13T23:24:49.396065 #20156]  INFO -- : bank_type: ["can't be blank"]
desc: ["can't be blank"]
sign: ["can't be blank", "invalid sign"]
transaction_id: ["格式错误,transaction_id为28位长的数值,其中前10位为商户网站编号(SPID)，由财付通统一分配;之后8位为订单产生的日期,如20050415;最后10位商户需要保证一天内不同的事务(用户订购一次商品或购买一次服务),其ID不相同"]
I, [2012-01-13T23:24:49.402515 #20156]  INFO -- : bank_type: ["can't be blank"]
desc: ["can't be blank"]
sign: ["can't be blank", "invalid sign"]
transaction_id: ["格式错误,transaction_id为28位长的数值,其中前10位为商户网站编号(SPID)，由财付通统一分配;之后8位为订单产生的日期,如20050415;最后10位商户需要保证一天内不同的事务(用户订购一次商品或购买一次服务),其ID不相同"]
spbill_create_ip: ["ip地址格式错误"]
I, [2012-01-13T23:24:49.408939 #20156]  INFO -- : bank_type: ["can't be blank"]
desc: ["can't be blank"]
sign: ["can't be blank", "invalid sign"]
transaction_id: ["格式错误,transaction_id为28位长的数值,其中前10位为商户网站编号(SPID)，由财付通统一分配;之后8位为订单产生的日期,如20050415;最后10位商户需要保证一天内不同的事务(用户订购一次商品或购买一次服务),其ID不相同"]
spbill_create_ip: ["ip地址格式错误"]
I, [2012-01-13T23:24:49.415049 #20156]  INFO -- : bank_type: ["can't be blank"]
desc: ["can't be blank"]
sign: ["can't be blank", "invalid sign"]
transaction_id: ["格式错误,transaction_id为28位长的数值,其中前10位为商户网站编号(SPID)，由财付通统一分配;之后8位为订单产生的日期,如20050415;最后10位商户需要保证一天内不同的事务(用户订购一次商品或购买一次服务),其ID不相同"]
I, [2012-01-13T23:24:49.421676 #20156]  INFO -- : bank_type: ["can't be blank"]
desc: ["can't be blank"]
sign: ["can't be blank", "invalid sign"]
transaction_id: ["格式错误,transaction_id为28位长的数值,其中前10位为商户网站编号(SPID)，由财付通统一分配;之后8位为订单产生的日期,如20050415;最后10位商户需要保证一天内不同的事务(用户订购一次商品或购买一次服务),其ID不相同"]
sp_billno: ["长度错误,应该在28个字符内"]
I, [2012-01-13T23:24:49.427200 #20156]  INFO -- : cmdno: ["can't be blank"]
date: ["can't be blank"]
bank_type: ["can't be blank"]
desc: ["can't be blank"]
bargainor_id: ["can't be blank"]
transaction_id: ["can't be blank"]
sp_billno: ["can't be blank"]
total_fee: ["can't be blank"]
fee_type: ["can't be blank"]
return_url: ["can't be blank"]
attach: ["can't be blank"]
spbill_create_ip: ["can't be blank"]
sign: ["can't be blank", "invalid sign"]
I, [2012-01-13T23:24:49.433855 #20156]  INFO -- : bank_type: ["can't be blank"]
desc: ["can't be blank"]
sign: ["can't be blank", "invalid sign"]
transaction_id: ["格式错误,transaction_id为28位长的数值,其中前10位为商户网站编号(SPID)，由财付通统一分配;之后8位为订单产生的日期,如20050415;最后10位商户需要保证一天内不同的事务(用户订购一次商品或购买一次服务),其ID不相同"]
bargainor_id: ["商户编号不存在"]
I, [2012-01-13T23:24:49.440302 #20156]  INFO -- : bank_type: ["can't be blank"]
desc: ["can't be blank"]
sign: ["can't be blank", "invalid sign"]
transaction_id: ["格式错误,transaction_id为28位长的数值,其中前10位为商户网站编号(SPID)，由财付通统一分配;之后8位为订单产生的日期,如20050415;最后10位商户需要保证一天内不同的事务(用户订购一次商品或购买一次服务),其ID不相同"]
I, [2012-01-13T23:24:49.446348 #20156]  INFO -- : cmdno: ["can't be blank"]
date: ["can't be blank"]
bank_type: ["can't be blank"]
desc: ["can't be blank"]
bargainor_id: ["can't be blank"]
transaction_id: ["can't be blank"]
sp_billno: ["can't be blank"]
total_fee: ["can't be blank"]
fee_type: ["can't be blank"]
return_url: ["can't be blank"]
attach: ["can't be blank"]
spbill_create_ip: ["can't be blank"]
sign: ["can't be blank", "invalid sign"]
I, [2012-01-13T23:24:49.453701 #20156]  INFO -- : bank_type: ["can't be blank"]
desc: ["can't be blank"]
transaction_id: ["格式错误,transaction_id为28位长的数值,其中前10位为商户网站编号(SPID)，由财付通统一分配;之后8位为订单产生的日期,如20050415;最后10位商户需要保证一天内不同的事务(用户订购一次商品或购买一次服务),其ID不相同"]
sign: ["sign签名必须大写", "invalid sign"]
I, [2012-01-13T23:24:49.459849 #20156]  INFO -- : bank_type: ["can't be blank"]
desc: ["can't be blank"]
transaction_id: ["格式错误,transaction_id为28位长的数值,其中前10位为商户网站编号(SPID)，由财付通统一分配;之后8位为订单产生的日期,如20050415;最后10位商户需要保证一天内不同的事务(用户订购一次商品或购买一次服务),其ID不相同"]
sign: ["invalid sign"]
I, [2012-01-13T23:24:49.466282 #20156]  INFO -- : bank_type: ["can't be blank"]
desc: ["can't be blank"]
transaction_id: ["格式错误,transaction_id为28位长的数值,其中前10位为商户网站编号(SPID)，由财付通统一分配;之后8位为订单产生的日期,如20050415;最后10位商户需要保证一天内不同的事务(用户订购一次商品或购买一次服务),其ID不相同"]
sign: ["invalid sign"]
I, [2012-01-13T23:24:49.473040 #20156]  INFO -- : bank_type: ["can't be blank"]
desc: ["can't be blank"]
transaction_id: ["格式错误,transaction_id为28位长的数值,其中前10位为商户网站编号(SPID)，由财付通统一分配;之后8位为订单产生的日期,如20050415;最后10位商户需要保证一天内不同的事务(用户订购一次商品或购买一次服务),其ID不相同"]
I, [2012-01-13T23:28:47.236401 #24606]  INFO -- : partner: ["can't be blank"]
notify_url: ["can't be blank"]
return_url: ["can't be blank"]
sign: ["can't be blank", "invalid sign"]
sign_type: ["can't be blank"]
subject: ["can't be blank"]
out_trade_no: ["can't be blank"]
payment_type: ["can't be blank"]
money: ["price and total_fee can not both be blank"]
seller: ["seller_email and seller_id can not both be blank"]
I, [2012-01-13T23:28:47.243178 #24606]  INFO -- : partner: ["can't be blank"]
notify_url: ["can't be blank"]
return_url: ["can't be blank"]
sign: ["can't be blank", "invalid sign"]
sign_type: ["can't be blank"]
subject: ["can't be blank"]
out_trade_no: ["can't be blank"]
payment_type: ["can't be blank"]
money: ["price and total_fee can not both be blank"]
seller: ["seller_email and seller_id can not both be blank"]
_input_charset: ["should be utf-8 or gb2312"]
I, [2012-01-13T23:28:47.273125 #24606]  INFO -- : partner: ["can't be blank"]
notify_url: ["can't be blank"]
return_url: ["can't be blank"]
sign: ["can't be blank", "invalid sign"]
sign_type: ["can't be blank"]
subject: ["can't be blank"]
out_trade_no: ["can't be blank"]
payment_type: ["can't be blank"]
money: ["price and total_fee can not both be blank"]
seller: ["seller_email and seller_id can not both be blank"]
I, [2012-01-13T23:28:47.279168 #24606]  INFO -- : partner: ["can't be blank"]
notify_url: ["can't be blank"]
return_url: ["can't be blank"]
sign: ["can't be blank", "invalid sign"]
sign_type: ["can't be blank"]
subject: ["can't be blank"]
out_trade_no: ["can't be blank"]
payment_type: ["can't be blank"]
money: ["price and total_fee can not both be blank"]
seller: ["seller_email and seller_id can not both be blank"]
I, [2012-01-13T23:28:47.286101 #24606]  INFO -- : partner: ["can't be blank"]
notify_url: ["can't be blank"]
return_url: ["can't be blank"]
sign: ["can't be blank", "invalid sign"]
sign_type: ["can't be blank"]
subject: ["can't be blank"]
out_trade_no: ["can't be blank"]
payment_type: ["can't be blank"]
price: ["format should be Number(13, 2)"]
total_fee: ["format should be Number(13, 2)"]
money: ["price和total_fee不能同时出现"]
quantity: ["if price is not blank, must input quantity"]
seller: ["seller_email and seller_id can not both be blank"]
I, [2012-01-13T23:28:47.292445 #24606]  INFO -- : partner: ["can't be blank"]
notify_url: ["can't be blank"]
return_url: ["can't be blank"]
sign: ["can't be blank", "invalid sign"]
sign_type: ["can't be blank"]
subject: ["can't be blank"]
out_trade_no: ["can't be blank"]
payment_type: ["can't be blank"]
quantity: ["if price is not blank, must input quantity"]
seller: ["seller_email and seller_id can not both be blank"]
I, [2012-01-13T23:28:47.299502 #24606]  INFO -- : partner: ["can't be blank"]
notify_url: ["can't be blank"]
return_url: ["can't be blank"]
sign: ["can't be blank", "invalid sign"]
sign_type: ["can't be blank"]
subject: ["can't be blank"]
out_trade_no: ["can't be blank"]
payment_type: ["can't be blank"]
money: ["price and total_fee can not both be blank"]
seller: ["seller_email and seller_id can not both be blank"]
I, [2012-01-13T23:28:47.307441 #24606]  INFO -- : notify_url: ["can't be blank"]
return_url: ["can't be blank"]
sign: ["can't be blank", "invalid sign"]
sign_type: ["can't be blank"]
subject: ["can't be blank"]
out_trade_no: ["can't be blank"]
partner: ["is too long (maximum is 16 characters)", "not exist"]
payment_type: ["is too long (maximum is 4 characters)"]
money: ["price and total_fee can not both be blank"]
seller: ["seller_email and seller_id can not both be blank"]
I, [2012-01-13T23:28:47.313638 #24606]  INFO -- : partner: ["can't be blank"]
notify_url: ["can't be blank"]
return_url: ["can't be blank"]
sign: ["can't be blank", "invalid sign"]
sign_type: ["can't be blank"]
subject: ["can't be blank"]
out_trade_no: ["can't be blank"]
payment_type: ["can't be blank"]
quantity: ["should be integer and between 1~999999"]
money: ["price and total_fee can not both be blank"]
seller: ["seller_email and seller_id can not both be blank"]
I, [2012-01-13T23:28:47.319976 #24606]  INFO -- : partner: ["can't be blank"]
notify_url: ["can't be blank"]
return_url: ["can't be blank"]
sign: ["can't be blank", "invalid sign"]
sign_type: ["can't be blank"]
subject: ["can't be blank"]
out_trade_no: ["can't be blank"]
payment_type: ["can't be blank"]
quantity: ["should be integer and between 1~999999"]
money: ["price and total_fee can not both be blank"]
seller: ["seller_email and seller_id can not both be blank"]
I, [2012-01-13T23:28:47.325616 #24606]  INFO -- : partner: ["can't be blank"]
notify_url: ["can't be blank"]
return_url: ["can't be blank"]
sign: ["can't be blank", "invalid sign"]
sign_type: ["can't be blank"]
subject: ["can't be blank"]
out_trade_no: ["can't be blank"]
payment_type: ["can't be blank"]
quantity: ["should be integer and between 1~999999"]
money: ["price and total_fee can not both be blank"]
seller: ["seller_email and seller_id can not both be blank"]
I, [2012-01-13T23:28:47.331788 #24606]  INFO -- : notify_url: ["can't be blank"]
return_url: ["can't be blank"]
sign: ["can't be blank", "invalid sign"]
sign_type: ["can't be blank"]
subject: ["can't be blank"]
out_trade_no: ["can't be blank"]
payment_type: ["can't be blank"]
money: ["price and total_fee can not both be blank"]
seller: ["seller_email and seller_id can not both be blank"]
partner: ["not exist"]
I, [2012-01-13T23:28:47.337692 #24606]  INFO -- : notify_url: ["can't be blank"]
return_url: ["can't be blank"]
sign: ["can't be blank", "invalid sign"]
sign_type: ["can't be blank"]
subject: ["can't be blank"]
out_trade_no: ["can't be blank"]
payment_type: ["can't be blank"]
money: ["price and total_fee can not both be blank"]
seller: ["seller_email and seller_id can not both be blank"]
I, [2012-01-13T23:28:47.345616 #24606]  INFO -- : service: ["can't be blank"]
partner: ["can't be blank"]
notify_url: ["can't be blank"]
return_url: ["can't be blank"]
sign: ["can't be blank", "invalid sign"]
sign_type: ["can't be blank"]
subject: ["can't be blank"]
out_trade_no: ["can't be blank"]
payment_type: ["can't be blank"]
money: ["price and total_fee can not both be blank"]
seller: ["seller_email and seller_id can not both be blank"]
I, [2012-01-13T23:28:47.352095 #24606]  INFO -- : partner: ["can't be blank"]
notify_url: ["can't be blank"]
return_url: ["can't be blank"]
sign: ["can't be blank", "invalid sign"]
sign_type: ["can't be blank"]
subject: ["can't be blank"]
out_trade_no: ["can't be blank"]
payment_type: ["can't be blank"]
money: ["price和total_fee不能同时出现"]
quantity: ["if price is not blank, must input quantity"]
seller: ["seller_email and seller_id can not both be blank"]
I, [2012-01-13T23:28:47.358623 #24606]  INFO -- : partner: ["can't be blank"]
notify_url: ["can't be blank"]
return_url: ["can't be blank"]
sign: ["can't be blank", "invalid sign"]
sign_type: ["can't be blank"]
subject: ["can't be blank"]
out_trade_no: ["can't be blank"]
payment_type: ["can't be blank"]
money: ["price and total_fee can not both be blank"]
seller: ["seller_email and seller_id can not both be blank"]
I, [2012-01-13T23:28:47.365753 #24606]  INFO -- : notify_url: ["can't be blank"]
return_url: ["can't be blank"]
sign_type: ["can't be blank"]
subject: ["can't be blank"]
out_trade_no: ["can't be blank"]
payment_type: ["can't be blank"]
money: ["price and total_fee can not both be blank"]
seller: ["seller_email and seller_id can not both be blank"]
sign: ["invalid sign"]
I, [2012-01-13T23:28:47.371458 #24606]  INFO -- : notify_url: ["can't be blank"]
return_url: ["can't be blank"]
sign_type: ["can't be blank"]
subject: ["can't be blank"]
out_trade_no: ["can't be blank"]
payment_type: ["can't be blank"]
money: ["price and total_fee can not both be blank"]
seller: ["seller_email and seller_id can not both be blank"]
I, [2012-01-13T23:28:47.385092 #24606]  INFO -- : v_md5info: ["can't be blank"]
sign: ["invalid v_md5info"]
I, [2012-01-13T23:28:47.391980 #24606]  INFO -- : v_md5info: ["can't be blank"]
sign: ["invalid v_md5info"]
v_oid: ["is too long (maximum is 64 characters)"]
v_url: ["is too long (maximum is 200 characters)"]
I, [2012-01-13T23:28:47.398851 #24606]  INFO -- : v_md5info: ["can't be blank"]
sign: ["invalid v_md5info"]
v_amount: ["format should be Number(6, 2)"]
I, [2012-01-13T23:28:47.404917 #24606]  INFO -- : v_md5info: ["can't be blank"]
sign: ["invalid v_md5info"]
v_mid: ["商户编号不存在"]
I, [2012-01-13T23:28:47.411122 #24606]  INFO -- : v_md5info: ["can't be blank"]
sign: ["invalid v_md5info"]
I, [2012-01-13T23:28:47.416713 #24606]  INFO -- : v_mid: ["can't be blank"]
v_oid: ["can't be blank"]
v_amount: ["can't be blank"]
v_moneytype: ["can't be blank"]
v_url: ["can't be blank"]
v_md5info: ["can't be blank"]
sign: ["invalid v_md5info"]
I, [2012-01-13T23:28:47.422644 #24606]  INFO -- : sign: ["invalid v_md5info"]
I, [2012-01-13T23:28:47.482169 #24606]  INFO -- : 2012-01-13 23:28:47 +0800:/home/jim/workspace/magpie/lib/magpie/rubber.rb:7}:/home/jim/.rvm/rubies/ruby-1.9.2-p136/lib/ruby/1.9.1/net/http.rb:644:in `initialize'
/home/jim/.rvm/rubies/ruby-1.9.2-p136/lib/ruby/1.9.1/net/http.rb:644:in `open'
/home/jim/.rvm/rubies/ruby-1.9.2-p136/lib/ruby/1.9.1/net/http.rb:644:in `block in connect'
/home/jim/.rvm/rubies/ruby-1.9.2-p136/lib/ruby/1.9.1/timeout.rb:44:in `timeout'
/home/jim/.rvm/rubies/ruby-1.9.2-p136/lib/ruby/1.9.1/timeout.rb:87:in `timeout'
/home/jim/.rvm/rubies/ruby-1.9.2-p136/lib/ruby/1.9.1/net/http.rb:644:in `connect'
/home/jim/.rvm/rubies/ruby-1.9.2-p136/lib/ruby/1.9.1/net/http.rb:637:in `do_start'
/home/jim/.rvm/rubies/ruby-1.9.2-p136/lib/ruby/1.9.1/net/http.rb:626:in `start'
/home/jim/workspace/magpie/lib/magpie/utils.rb:89:in `start_http'
I, [2012-01-13T23:28:47.494332 #24606]  INFO -- : 2012-01-13 23:28:47 +0800:/home/jim/workspace/magpie/lib/magpie/rubber.rb:7}:/home/jim/.rvm/rubies/ruby-1.9.2-p136/lib/ruby/1.9.1/net/http.rb:644:in `initialize'
/home/jim/.rvm/rubies/ruby-1.9.2-p136/lib/ruby/1.9.1/net/http.rb:644:in `open'
/home/jim/.rvm/rubies/ruby-1.9.2-p136/lib/ruby/1.9.1/net/http.rb:644:in `block in connect'
/home/jim/.rvm/rubies/ruby-1.9.2-p136/lib/ruby/1.9.1/timeout.rb:44:in `timeout'
/home/jim/.rvm/rubies/ruby-1.9.2-p136/lib/ruby/1.9.1/timeout.rb:87:in `timeout'
/home/jim/.rvm/rubies/ruby-1.9.2-p136/lib/ruby/1.9.1/net/http.rb:644:in `connect'
/home/jim/.rvm/rubies/ruby-1.9.2-p136/lib/ruby/1.9.1/net/http.rb:637:in `do_start'
/home/jim/.rvm/rubies/ruby-1.9.2-p136/lib/ruby/1.9.1/net/http.rb:626:in `start'
/home/jim/workspace/magpie/lib/magpie/utils.rb:89:in `start_http'
I, [2012-01-13T23:28:47.504222 #24606]  INFO -- : 2012-01-13 23:28:47 +0800:/home/jim/workspace/magpie/lib/magpie/rubber.rb:7}:/home/jim/.rvm/rubies/ruby-1.9.2-p136/lib/ruby/1.9.1/net/http.rb:644:in `initialize'
/home/jim/.rvm/rubies/ruby-1.9.2-p136/lib/ruby/1.9.1/net/http.rb:644:in `open'
/home/jim/.rvm/rubies/ruby-1.9.2-p136/lib/ruby/1.9.1/net/http.rb:644:in `block in connect'
/home/jim/.rvm/rubies/ruby-1.9.2-p136/lib/ruby/1.9.1/timeout.rb:44:in `timeout'
/home/jim/.rvm/rubies/ruby-1.9.2-p136/lib/ruby/1.9.1/timeout.rb:87:in `timeout'
/home/jim/.rvm/rubies/ruby-1.9.2-p136/lib/ruby/1.9.1/net/http.rb:644:in `connect'
/home/jim/.rvm/rubies/ruby-1.9.2-p136/lib/ruby/1.9.1/net/http.rb:637:in `do_start'
/home/jim/.rvm/rubies/ruby-1.9.2-p136/lib/ruby/1.9.1/net/http.rb:626:in `start'
/home/jim/workspace/magpie/lib/magpie/utils.rb:89:in `start_http'
I, [2012-01-13T23:28:47.514980 #24606]  INFO -- : 2012-01-13 23:28:47 +0800:/home/jim/workspace/magpie/lib/magpie/rubber.rb:7}:/home/jim/.rvm/rubies/ruby-1.9.2-p136/lib/ruby/1.9.1/net/http.rb:644:in `initialize'
/home/jim/.rvm/rubies/ruby-1.9.2-p136/lib/ruby/1.9.1/net/http.rb:644:in `open'
/home/jim/.rvm/rubies/ruby-1.9.2-p136/lib/ruby/1.9.1/net/http.rb:644:in `block in connect'
/home/jim/.rvm/rubies/ruby-1.9.2-p136/lib/ruby/1.9.1/timeout.rb:44:in `timeout'
/home/jim/.rvm/rubies/ruby-1.9.2-p136/lib/ruby/1.9.1/timeout.rb:87:in `timeout'
/home/jim/.rvm/rubies/ruby-1.9.2-p136/lib/ruby/1.9.1/net/http.rb:644:in `connect'
/home/jim/.rvm/rubies/ruby-1.9.2-p136/lib/ruby/1.9.1/net/http.rb:637:in `do_start'
/home/jim/.rvm/rubies/ruby-1.9.2-p136/lib/ruby/1.9.1/net/http.rb:626:in `start'
/home/jim/workspace/magpie/lib/magpie/utils.rb:89:in `start_http'
I, [2012-01-13T23:28:47.524802 #24606]  INFO -- : 2012-01-13 23:28:47 +0800:/home/jim/workspace/magpie/lib/magpie/rubber.rb:7}:/home/jim/.rvm/rubies/ruby-1.9.2-p136/lib/ruby/1.9.1/net/http.rb:644:in `initialize'
/home/jim/.rvm/rubies/ruby-1.9.2-p136/lib/ruby/1.9.1/net/http.rb:644:in `open'
/home/jim/.rvm/rubies/ruby-1.9.2-p136/lib/ruby/1.9.1/net/http.rb:644:in `block in connect'
/home/jim/.rvm/rubies/ruby-1.9.2-p136/lib/ruby/1.9.1/timeout.rb:44:in `timeout'
/home/jim/.rvm/rubies/ruby-1.9.2-p136/lib/ruby/1.9.1/timeout.rb:87:in `timeout'
/home/jim/.rvm/rubies/ruby-1.9.2-p136/lib/ruby/1.9.1/net/http.rb:644:in `connect'
/home/jim/.rvm/rubies/ruby-1.9.2-p136/lib/ruby/1.9.1/net/http.rb:637:in `do_start'
/home/jim/.rvm/rubies/ruby-1.9.2-p136/lib/ruby/1.9.1/net/http.rb:626:in `start'
/home/jim/workspace/magpie/lib/magpie/utils.rb:89:in `start_http'
I, [2012-01-13T23:28:47.534649 #24606]  INFO -- : 2012-01-13 23:28:47 +0800:/home/jim/workspace/magpie/lib/magpie/rubber.rb:7}:/home/jim/.rvm/rubies/ruby-1.9.2-p136/lib/ruby/1.9.1/net/http.rb:644:in `initialize'
/home/jim/.rvm/rubies/ruby-1.9.2-p136/lib/ruby/1.9.1/net/http.rb:644:in `open'
/home/jim/.rvm/rubies/ruby-1.9.2-p136/lib/ruby/1.9.1/net/http.rb:644:in `block in connect'
/home/jim/.rvm/rubies/ruby-1.9.2-p136/lib/ruby/1.9.1/timeout.rb:44:in `timeout'
/home/jim/.rvm/rubies/ruby-1.9.2-p136/lib/ruby/1.9.1/timeout.rb:87:in `timeout'
/home/jim/.rvm/rubies/ruby-1.9.2-p136/lib/ruby/1.9.1/net/http.rb:644:in `connect'
/home/jim/.rvm/rubies/ruby-1.9.2-p136/lib/ruby/1.9.1/net/http.rb:637:in `do_start'
/home/jim/.rvm/rubies/ruby-1.9.2-p136/lib/ruby/1.9.1/net/http.rb:626:in `start'
/home/jim/workspace/magpie/lib/magpie/utils.rb:89:in `start_http'
I, [2012-01-13T23:28:47.535344 #24606]  INFO -- : 2012-01-13 23:28:47 +0800:/home/jim/workspace/magpie/lib/magpie/rubber.rb:7}:/home/jim/.rvm/rubies/ruby-1.9.2-p136/lib/ruby/1.9.1/net/http.rb:1593:in `set_form_data'
/home/jim/workspace/magpie/lib/magpie/utils.rb:101:in `post_query'
/home/jim/workspace/magpie/lib/magpie/utils.rb:114:in `block (2 levels) in send_notify'
/home/jim/.rvm/rubies/ruby-1.9.2-p136/lib/ruby/1.9.1/timeout.rb:57:in `timeout'
/home/jim/.rvm/rubies/ruby-1.9.2-p136/lib/ruby/1.9.1/timeout.rb:87:in `timeout'
/home/jim/workspace/magpie/lib/magpie/utils.rb:111:in `block in send_notify'
/home/jim/workspace/magpie/lib/magpie/rubber.rb:5:in `try'
/home/jim/workspace/magpie/lib/magpie/utils.rb:110:in `send_notify'
/home/jim/workspace/magpie/test/test_utils.rb:13:in `test_send_notify_timeout'
I, [2012-01-13T23:28:47.535809 #24606]  INFO -- : 2012-01-13 23:28:47 +0800:/home/jim/workspace/magpie/lib/magpie/rubber.rb:7}:/home/jim/.rvm/rubies/ruby-1.9.2-p136/lib/ruby/1.9.1/net/http.rb:1593:in `set_form_data'
/home/jim/workspace/magpie/lib/magpie/utils.rb:101:in `post_query'
/home/jim/workspace/magpie/lib/magpie/utils.rb:114:in `block (2 levels) in send_notify'
/home/jim/.rvm/rubies/ruby-1.9.2-p136/lib/ruby/1.9.1/timeout.rb:57:in `timeout'
/home/jim/.rvm/rubies/ruby-1.9.2-p136/lib/ruby/1.9.1/timeout.rb:87:in `timeout'
/home/jim/workspace/magpie/lib/magpie/utils.rb:111:in `block in send_notify'
/home/jim/workspace/magpie/lib/magpie/rubber.rb:5:in `try'
/home/jim/workspace/magpie/lib/magpie/utils.rb:110:in `send_notify'
/home/jim/workspace/magpie/test/test_utils.rb:13:in `test_send_notify_timeout'
I, [2012-01-13T23:28:47.536277 #24606]  INFO -- : 2012-01-13 23:28:47 +0800:/home/jim/workspace/magpie/lib/magpie/rubber.rb:7}:/home/jim/.rvm/rubies/ruby-1.9.2-p136/lib/ruby/1.9.1/net/http.rb:1593:in `set_form_data'
/home/jim/workspace/magpie/lib/magpie/utils.rb:101:in `post_query'
/home/jim/workspace/magpie/lib/magpie/utils.rb:114:in `block (2 levels) in send_notify'
/home/jim/.rvm/rubies/ruby-1.9.2-p136/lib/ruby/1.9.1/timeout.rb:57:in `timeout'
/home/jim/.rvm/rubies/ruby-1.9.2-p136/lib/ruby/1.9.1/timeout.rb:87:in `timeout'
/home/jim/workspace/magpie/lib/magpie/utils.rb:111:in `block in send_notify'
/home/jim/workspace/magpie/lib/magpie/rubber.rb:5:in `try'
/home/jim/workspace/magpie/lib/magpie/utils.rb:110:in `send_notify'
/home/jim/workspace/magpie/test/test_utils.rb:13:in `test_send_notify_timeout'
I, [2012-01-13T23:28:47.541740 #24606]  INFO -- : service: ["can't be blank"]
partner: ["can't be blank"]
notify_url: ["can't be blank"]
return_url: ["can't be blank"]
sign: ["can't be blank", "invalid sign"]
sign_type: ["can't be blank"]
subject: ["can't be blank"]
out_trade_no: ["can't be blank"]
payment_type: ["can't be blank"]
money: ["price and total_fee can not both be blank"]
seller: ["seller_email and seller_id can not both be blank"]
I, [2012-01-13T23:28:47.547312 #24606]  INFO -- : v_mid: ["can't be blank"]
v_oid: ["can't be blank"]
v_amount: ["can't be blank"]
v_moneytype: ["can't be blank"]
v_url: ["can't be blank"]
v_md5info: ["can't be blank"]
sign: ["invalid v_md5info"]
I, [2012-01-13T23:28:47.552997 #24606]  INFO -- : v_mid: ["can't be blank"]
v_oid: ["can't be blank"]
v_amount: ["can't be blank"]
v_moneytype: ["can't be blank"]
v_url: ["can't be blank"]
v_md5info: ["can't be blank"]
sign: ["invalid v_md5info"]
I, [2012-01-13T23:28:47.558709 #24606]  INFO -- : #<NoMethodError: undefined method `split' for nil:NilClass>:
/home/jim/workspace/magpie/lib/middles/snake.rb:101:in `query_to_hash'
/home/jim/workspace/magpie/lib/middles/snake.rb:84:in `order_pay'
/home/jim/workspace/magpie/lib/middles/snake.rb:10:in `call'
/home/jim/workspace/magpie/lib/middles/snake.rb:10:in `block in reg'
/home/jim/workspace/magpie/lib/middles/snake.rb:24:in `call'
/home/jim/workspace/magpie/lib/middles/snake.rb:24:in `block in call'
/home/jim/workspace/magpie/lib/middles/snake.rb:22:in `each'
/home/jim/workspace/magpie/lib/middles/snake.rb:22:in `call'
/home/jim/.rvm/gems/ruby-1.9.2-p136/gems/rack-1.4.0/lib/rack/static.rb:66:in `call'
I, [2012-01-13T23:28:47.562811 #24606]  INFO -- : service: ["can't be blank"]
partner: ["can't be blank"]
notify_url: ["can't be blank"]
return_url: ["can't be blank"]
sign: ["can't be blank", "invalid sign"]
sign_type: ["can't be blank"]
subject: ["can't be blank"]
out_trade_no: ["can't be blank"]
payment_type: ["can't be blank"]
money: ["price and total_fee can not both be blank"]
seller: ["seller_email and seller_id can not both be blank"]
I, [2012-01-13T23:28:47.572908 #24606]  INFO -- : cmdno: ["can't be blank"]
date: ["can't be blank"]
bank_type: ["can't be blank"]
desc: ["can't be blank"]
bargainor_id: ["can't be blank"]
transaction_id: ["can't be blank"]
sp_billno: ["can't be blank"]
total_fee: ["can't be blank"]
fee_type: ["can't be blank"]
return_url: ["can't be blank"]
attach: ["can't be blank"]
spbill_create_ip: ["can't be blank"]
sign: ["can't be blank", "invalid sign"]
I, [2012-01-13T23:28:47.578295 #24606]  INFO -- : cmdno: ["can't be blank"]
date: ["can't be blank"]
bank_type: ["can't be blank"]
desc: ["can't be blank"]
bargainor_id: ["can't be blank"]
transaction_id: ["can't be blank"]
sp_billno: ["can't be blank"]
total_fee: ["can't be blank"]
fee_type: ["can't be blank"]
return_url: ["can't be blank"]
attach: ["can't be blank"]
spbill_create_ip: ["can't be blank"]
sign: ["can't be blank", "invalid sign"]
I, [2012-01-13T23:28:47.585977 #24606]  INFO -- : bank_type: ["can't be blank"]
desc: ["can't be blank"]
sign: ["can't be blank", "invalid sign"]
transaction_id: ["格式错误,transaction_id为28位长的数值,其中前10位为商户网站编号(SPID)，由财付通统一分配;之后8位为订单产生的日期,如20050415;最后10位商户需要保证一天内不同的事务(用户订购一次商品或购买一次服务),其ID不相同"]
I, [2012-01-13T23:28:47.593820 #24606]  INFO -- : bank_type: ["can't be blank"]
desc: ["can't be blank"]
sign: ["can't be blank", "invalid sign"]
transaction_id: ["格式错误,transaction_id为28位长的数值,其中前10位为商户网站编号(SPID)，由财付通统一分配;之后8位为订单产生的日期,如20050415;最后10位商户需要保证一天内不同的事务(用户订购一次商品或购买一次服务),其ID不相同"]
I, [2012-01-13T23:28:47.600881 #24606]  INFO -- : bank_type: ["can't be blank"]
desc: ["can't be blank"]
sign: ["can't be blank", "invalid sign"]
transaction_id: ["格式错误,transaction_id为28位长的数值,其中前10位为商户网站编号(SPID)，由财付通统一分配;之后8位为订单产生的日期,如20050415;最后10位商户需要保证一天内不同的事务(用户订购一次商品或购买一次服务),其ID不相同"]
I, [2012-01-13T23:28:47.606526 #24606]  INFO -- : cmdno: ["can't be blank"]
date: ["can't be blank"]
bank_type: ["can't be blank"]
desc: ["can't be blank"]
bargainor_id: ["can't be blank"]
transaction_id: ["can't be blank"]
sp_billno: ["can't be blank"]
total_fee: ["can't be blank"]
fee_type: ["can't be blank"]
return_url: ["can't be blank"]
attach: ["can't be blank"]
spbill_create_ip: ["can't be blank"]
sign: ["can't be blank", "invalid sign"]
I, [2012-01-13T23:28:47.613009 #24606]  INFO -- : bank_type: ["can't be blank"]
desc: ["can't be blank"]
sign: ["can't be blank", "invalid sign"]
I, [2012-01-13T23:28:47.618959 #24606]  INFO -- : bank_type: ["can't be blank"]
desc: ["can't be blank"]
sign: ["can't be blank", "invalid sign"]
transaction_id: ["格式错误,transaction_id为28位长的数值,其中前10位为商户网站编号(SPID)，由财付通统一分配;之后8位为订单产生的日期,如20050415;最后10位商户需要保证一天内不同的事务(用户订购一次商品或购买一次服务),其ID不相同"]
total_fee: ["格式错误,只能为数字,以分为单位,不允许包含任何字符"]
I, [2012-01-13T23:28:47.629042 #24606]  INFO -- : bank_type: ["can't be blank"]
desc: ["can't be blank"]
sign: ["can't be blank", "invalid sign"]
transaction_id: ["格式错误,transaction_id为28位长的数值,其中前10位为商户网站编号(SPID)，由财付通统一分配;之后8位为订单产生的日期,如20050415;最后10位商户需要保证一天内不同的事务(用户订购一次商品或购买一次服务),其ID不相同"]
total_fee: ["格式错误,只能为数字,以分为单位,不允许包含任何字符"]
I, [2012-01-13T23:28:47.635800 #24606]  INFO -- : bank_type: ["can't be blank"]
desc: ["can't be blank"]
sign: ["can't be blank", "invalid sign"]
transaction_id: ["格式错误,transaction_id为28位长的数值,其中前10位为商户网站编号(SPID)，由财付通统一分配;之后8位为订单产生的日期,如20050415;最后10位商户需要保证一天内不同的事务(用户订购一次商品或购买一次服务),其ID不相同"]
I, [2012-01-13T23:28:47.642432 #24606]  INFO -- : bank_type: ["can't be blank"]
desc: ["can't be blank"]
sign: ["can't be blank", "invalid sign"]
transaction_id: ["格式错误,transaction_id为28位长的数值,其中前10位为商户网站编号(SPID)，由财付通统一分配;之后8位为订单产生的日期,如20050415;最后10位商户需要保证一天内不同的事务(用户订购一次商品或购买一次服务),其ID不相同"]
fee_type: ["目前只支持人民币,请填1"]
I, [2012-01-13T23:28:47.648662 #24606]  INFO -- : bank_type: ["can't be blank"]
desc: ["can't be blank"]
sign: ["can't be blank", "invalid sign"]
transaction_id: ["格式错误,transaction_id为28位长的数值,其中前10位为商户网站编号(SPID)，由财付通统一分配;之后8位为订单产生的日期,如20050415;最后10位商户需要保证一天内不同的事务(用户订购一次商品或购买一次服务),其ID不相同"]
I, [2012-01-13T23:28:47.654577 #24606]  INFO -- : bank_type: ["can't be blank"]
desc: ["can't be blank"]
sign: ["can't be blank", "invalid sign"]
transaction_id: ["格式错误,transaction_id为28位长的数值,其中前10位为商户网站编号(SPID)，由财付通统一分配;之后8位为订单产生的日期,如20050415;最后10位商户需要保证一天内不同的事务(用户订购一次商品或购买一次服务),其ID不相同"]
spbill_create_ip: ["ip地址格式错误"]
I, [2012-01-13T23:28:47.660537 #24606]  INFO -- : bank_type: ["can't be blank"]
desc: ["can't be blank"]
sign: ["can't be blank", "invalid sign"]
transaction_id: ["格式错误,transaction_id为28位长的数值,其中前10位为商户网站编号(SPID)，由财付通统一分配;之后8位为订单产生的日期,如20050415;最后10位商户需要保证一天内不同的事务(用户订购一次商品或购买一次服务),其ID不相同"]
spbill_create_ip: ["ip地址格式错误"]
I, [2012-01-13T23:28:47.666445 #24606]  INFO -- : bank_type: ["can't be blank"]
desc: ["can't be blank"]
sign: ["can't be blank", "invalid sign"]
transaction_id: ["格式错误,transaction_id为28位长的数值,其中前10位为商户网站编号(SPID)，由财付通统一分配;之后8位为订单产生的日期,如20050415;最后10位商户需要保证一天内不同的事务(用户订购一次商品或购买一次服务),其ID不相同"]
I, [2012-01-13T23:28:47.672830 #24606]  INFO -- : bank_type: ["can't be blank"]
desc: ["can't be blank"]
sign: ["can't be blank", "invalid sign"]
transaction_id: ["格式错误,transaction_id为28位长的数值,其中前10位为商户网站编号(SPID)，由财付通统一分配;之后8位为订单产生的日期,如20050415;最后10位商户需要保证一天内不同的事务(用户订购一次商品或购买一次服务),其ID不相同"]
sp_billno: ["长度错误,应该在28个字符内"]
I, [2012-01-13T23:28:47.678267 #24606]  INFO -- : cmdno: ["can't be blank"]
date: ["can't be blank"]
bank_type: ["can't be blank"]
desc: ["can't be blank"]
bargainor_id: ["can't be blank"]
transaction_id: ["can't be blank"]
sp_billno: ["can't be blank"]
total_fee: ["can't be blank"]
fee_type: ["can't be blank"]
return_url: ["can't be blank"]
attach: ["can't be blank"]
spbill_create_ip: ["can't be blank"]
sign: ["can't be blank", "invalid sign"]
I, [2012-01-13T23:28:47.684590 #24606]  INFO -- : bank_type: ["can't be blank"]
desc: ["can't be blank"]
sign: ["can't be blank", "invalid sign"]
transaction_id: ["格式错误,transaction_id为28位长的数值,其中前10位为商户网站编号(SPID)，由财付通统一分配;之后8位为订单产生的日期,如20050415;最后10位商户需要保证一天内不同的事务(用户订购一次商品或购买一次服务),其ID不相同"]
bargainor_id: ["商户编号不存在"]
I, [2012-01-13T23:28:47.690519 #24606]  INFO -- : bank_type: ["can't be blank"]
desc: ["can't be blank"]
sign: ["can't be blank", "invalid sign"]
transaction_id: ["格式错误,transaction_id为28位长的数值,其中前10位为商户网站编号(SPID)，由财付通统一分配;之后8位为订单产生的日期,如20050415;最后10位商户需要保证一天内不同的事务(用户订购一次商品或购买一次服务),其ID不相同"]
I, [2012-01-13T23:28:47.696301 #24606]  INFO -- : cmdno: ["can't be blank"]
date: ["can't be blank"]
bank_type: ["can't be blank"]
desc: ["can't be blank"]
bargainor_id: ["can't be blank"]
transaction_id: ["can't be blank"]
sp_billno: ["can't be blank"]
total_fee: ["can't be blank"]
fee_type: ["can't be blank"]
return_url: ["can't be blank"]
attach: ["can't be blank"]
spbill_create_ip: ["can't be blank"]
sign: ["can't be blank", "invalid sign"]
I, [2012-01-13T23:28:47.703404 #24606]  INFO -- : bank_type: ["can't be blank"]
desc: ["can't be blank"]
transaction_id: ["格式错误,transaction_id为28位长的数值,其中前10位为商户网站编号(SPID)，由财付通统一分配;之后8位为订单产生的日期,如20050415;最后10位商户需要保证一天内不同的事务(用户订购一次商品或购买一次服务),其ID不相同"]
sign: ["sign签名必须大写", "invalid sign"]
I, [2012-01-13T23:28:47.709793 #24606]  INFO -- : bank_type: ["can't be blank"]
desc: ["can't be blank"]
transaction_id: ["格式错误,transaction_id为28位长的数值,其中前10位为商户网站编号(SPID)，由财付通统一分配;之后8位为订单产生的日期,如20050415;最后10位商户需要保证一天内不同的事务(用户订购一次商品或购买一次服务),其ID不相同"]
sign: ["invalid sign"]
I, [2012-01-13T23:28:47.717903 #24606]  INFO -- : bank_type: ["can't be blank"]
desc: ["can't be blank"]
transaction_id: ["格式错误,transaction_id为28位长的数值,其中前10位为商户网站编号(SPID)，由财付通统一分配;之后8位为订单产生的日期,如20050415;最后10位商户需要保证一天内不同的事务(用户订购一次商品或购买一次服务),其ID不相同"]
sign: ["invalid sign"]
I, [2012-01-13T23:28:47.724497 #24606]  INFO -- : bank_type: ["can't be blank"]
desc: ["can't be blank"]
transaction_id: ["格式错误,transaction_id为28位长的数值,其中前10位为商户网站编号(SPID)，由财付通统一分配;之后8位为订单产生的日期,如20050415;最后10位商户需要保证一天内不同的事务(用户订购一次商品或购买一次服务),其ID不相同"]
I, [2012-01-13T23:30:32.615284 #26575]  INFO -- : partner: ["can't be blank"]
notify_url: ["can't be blank"]
return_url: ["can't be blank"]
sign: ["can't be blank", "invalid sign"]
sign_type: ["can't be blank"]
subject: ["can't be blank"]
out_trade_no: ["can't be blank"]
payment_type: ["can't be blank"]
money: ["price and total_fee can not both be blank"]
seller: ["seller_email and seller_id can not both be blank"]
I, [2012-01-13T23:30:32.621932 #26575]  INFO -- : partner: ["can't be blank"]
notify_url: ["can't be blank"]
return_url: ["can't be blank"]
sign: ["can't be blank", "invalid sign"]
sign_type: ["can't be blank"]
subject: ["can't be blank"]
out_trade_no: ["can't be blank"]
payment_type: ["can't be blank"]
money: ["price and total_fee can not both be blank"]
seller: ["seller_email and seller_id can not both be blank"]
_input_charset: ["should be utf-8 or gb2312"]
I, [2012-01-13T23:30:32.652638 #26575]  INFO -- : partner: ["can't be blank"]
notify_url: ["can't be blank"]
return_url: ["can't be blank"]
sign: ["can't be blank", "invalid sign"]
sign_type: ["can't be blank"]
subject: ["can't be blank"]
out_trade_no: ["can't be blank"]
payment_type: ["can't be blank"]
money: ["price and total_fee can not both be blank"]
seller: ["seller_email and seller_id can not both be blank"]
I, [2012-01-13T23:30:32.658925 #26575]  INFO -- : partner: ["can't be blank"]
notify_url: ["can't be blank"]
return_url: ["can't be blank"]
sign: ["can't be blank", "invalid sign"]
sign_type: ["can't be blank"]
subject: ["can't be blank"]
out_trade_no: ["can't be blank"]
payment_type: ["can't be blank"]
money: ["price and total_fee can not both be blank"]
seller: ["seller_email and seller_id can not both be blank"]
I, [2012-01-13T23:30:32.666041 #26575]  INFO -- : partner: ["can't be blank"]
notify_url: ["can't be blank"]
return_url: ["can't be blank"]
sign: ["can't be blank", "invalid sign"]
sign_type: ["can't be blank"]
subject: ["can't be blank"]
out_trade_no: ["can't be blank"]
payment_type: ["can't be blank"]
price: ["format should be Number(13, 2)"]
total_fee: ["format should be Number(13, 2)"]
money: ["price和total_fee不能同时出现"]
quantity: ["if price is not blank, must input quantity"]
seller: ["seller_email and seller_id can not both be blank"]
I, [2012-01-13T23:30:32.672573 #26575]  INFO -- : partner: ["can't be blank"]
notify_url: ["can't be blank"]
return_url: ["can't be blank"]
sign: ["can't be blank", "invalid sign"]
sign_type: ["can't be blank"]
subject: ["can't be blank"]
out_trade_no: ["can't be blank"]
payment_type: ["can't be blank"]
quantity: ["if price is not blank, must input quantity"]
seller: ["seller_email and seller_id can not both be blank"]
I, [2012-01-13T23:30:32.679069 #26575]  INFO -- : partner: ["can't be blank"]
notify_url: ["can't be blank"]
return_url: ["can't be blank"]
sign: ["can't be blank", "invalid sign"]
sign_type: ["can't be blank"]
subject: ["can't be blank"]
out_trade_no: ["can't be blank"]
payment_type: ["can't be blank"]
money: ["price and total_fee can not both be blank"]
seller: ["seller_email and seller_id can not both be blank"]
I, [2012-01-13T23:30:32.685373 #26575]  INFO -- : notify_url: ["can't be blank"]
return_url: ["can't be blank"]
sign: ["can't be blank", "invalid sign"]
sign_type: ["can't be blank"]
subject: ["can't be blank"]
out_trade_no: ["can't be blank"]
partner: ["is too long (maximum is 16 characters)", "not exist"]
payment_type: ["is too long (maximum is 4 characters)"]
money: ["price and total_fee can not both be blank"]
seller: ["seller_email and seller_id can not both be blank"]
I, [2012-01-13T23:30:32.692359 #26575]  INFO -- : partner: ["can't be blank"]
notify_url: ["can't be blank"]
return_url: ["can't be blank"]
sign: ["can't be blank", "invalid sign"]
sign_type: ["can't be blank"]
subject: ["can't be blank"]
out_trade_no: ["can't be blank"]
payment_type: ["can't be blank"]
quantity: ["should be integer and between 1~999999"]
money: ["price and total_fee can not both be blank"]
seller: ["seller_email and seller_id can not both be blank"]
I, [2012-01-13T23:30:32.698178 #26575]  INFO -- : partner: ["can't be blank"]
notify_url: ["can't be blank"]
return_url: ["can't be blank"]
sign: ["can't be blank", "invalid sign"]
sign_type: ["can't be blank"]
subject: ["can't be blank"]
out_trade_no: ["can't be blank"]
payment_type: ["can't be blank"]
quantity: ["should be integer and between 1~999999"]
money: ["price and total_fee can not both be blank"]
seller: ["seller_email and seller_id can not both be blank"]
I, [2012-01-13T23:30:32.704834 #26575]  INFO -- : partner: ["can't be blank"]
notify_url: ["can't be blank"]
return_url: ["can't be blank"]
sign: ["can't be blank", "invalid sign"]
sign_type: ["can't be blank"]
subject: ["can't be blank"]
out_trade_no: ["can't be blank"]
payment_type: ["can't be blank"]
quantity: ["should be integer and between 1~999999"]
money: ["price and total_fee can not both be blank"]
seller: ["seller_email and seller_id can not both be blank"]
I, [2012-01-13T23:30:32.713453 #26575]  INFO -- : notify_url: ["can't be blank"]
return_url: ["can't be blank"]
sign: ["can't be blank", "invalid sign"]
sign_type: ["can't be blank"]
subject: ["can't be blank"]
out_trade_no: ["can't be blank"]
payment_type: ["can't be blank"]
money: ["price and total_fee can not both be blank"]
seller: ["seller_email and seller_id can not both be blank"]
partner: ["not exist"]
I, [2012-01-13T23:30:32.719417 #26575]  INFO -- : notify_url: ["can't be blank"]
return_url: ["can't be blank"]
sign: ["can't be blank", "invalid sign"]
sign_type: ["can't be blank"]
subject: ["can't be blank"]
out_trade_no: ["can't be blank"]
payment_type: ["can't be blank"]
money: ["price and total_fee can not both be blank"]
seller: ["seller_email and seller_id can not both be blank"]
I, [2012-01-13T23:30:32.727202 #26575]  INFO -- : service: ["can't be blank"]
partner: ["can't be blank"]
notify_url: ["can't be blank"]
return_url: ["can't be blank"]
sign: ["can't be blank", "invalid sign"]
sign_type: ["can't be blank"]
subject: ["can't be blank"]
out_trade_no: ["can't be blank"]
payment_type: ["can't be blank"]
money: ["price and total_fee can not both be blank"]
seller: ["seller_email and seller_id can not both be blank"]
I, [2012-01-13T23:30:32.733537 #26575]  INFO -- : partner: ["can't be blank"]
notify_url: ["can't be blank"]
return_url: ["can't be blank"]
sign: ["can't be blank", "invalid sign"]
sign_type: ["can't be blank"]
subject: ["can't be blank"]
out_trade_no: ["can't be blank"]
payment_type: ["can't be blank"]
money: ["price和total_fee不能同时出现"]
quantity: ["if price is not blank, must input quantity"]
seller: ["seller_email and seller_id can not both be blank"]
I, [2012-01-13T23:30:32.740744 #26575]  INFO -- : partner: ["can't be blank"]
notify_url: ["can't be blank"]
return_url: ["can't be blank"]
sign: ["can't be blank", "invalid sign"]
sign_type: ["can't be blank"]
subject: ["can't be blank"]
out_trade_no: ["can't be blank"]
payment_type: ["can't be blank"]
money: ["price and total_fee can not both be blank"]
seller: ["seller_email and seller_id can not both be blank"]
I, [2012-01-13T23:30:32.747101 #26575]  INFO -- : notify_url: ["can't be blank"]
return_url: ["can't be blank"]
sign_type: ["can't be blank"]
subject: ["can't be blank"]
out_trade_no: ["can't be blank"]
payment_type: ["can't be blank"]
money: ["price and total_fee can not both be blank"]
seller: ["seller_email and seller_id can not both be blank"]
sign: ["invalid sign"]
I, [2012-01-13T23:30:32.752855 #26575]  INFO -- : notify_url: ["can't be blank"]
return_url: ["can't be blank"]
sign_type: ["can't be blank"]
subject: ["can't be blank"]
out_trade_no: ["can't be blank"]
payment_type: ["can't be blank"]
money: ["price and total_fee can not both be blank"]
seller: ["seller_email and seller_id can not both be blank"]
I, [2012-01-13T23:30:32.765342 #26575]  INFO -- : v_md5info: ["can't be blank"]
sign: ["invalid v_md5info"]
I, [2012-01-13T23:30:32.773863 #26575]  INFO -- : v_md5info: ["can't be blank"]
sign: ["invalid v_md5info"]
v_oid: ["is too long (maximum is 64 characters)"]
v_url: ["is too long (maximum is 200 characters)"]
I, [2012-01-13T23:30:32.780263 #26575]  INFO -- : v_md5info: ["can't be blank"]
sign: ["invalid v_md5info"]
v_amount: ["format should be Number(6, 2)"]
I, [2012-01-13T23:30:32.787116 #26575]  INFO -- : v_md5info: ["can't be blank"]
sign: ["invalid v_md5info"]
v_mid: ["商户编号不存在"]
I, [2012-01-13T23:30:32.793427 #26575]  INFO -- : v_md5info: ["can't be blank"]
sign: ["invalid v_md5info"]
I, [2012-01-13T23:30:32.805030 #26575]  INFO -- : v_mid: ["can't be blank"]
v_oid: ["can't be blank"]
v_amount: ["can't be blank"]
v_moneytype: ["can't be blank"]
v_url: ["can't be blank"]
v_md5info: ["can't be blank"]
sign: ["invalid v_md5info"]
I, [2012-01-13T23:30:32.813220 #26575]  INFO -- : sign: ["invalid v_md5info"]
I, [2012-01-13T23:30:32.843276 #26575]  INFO -- : 2012-01-13 23:30:32 +0800:/home/jim/workspace/magpie/lib/magpie/rubber.rb:7}:/home/jim/.rvm/rubies/ruby-1.9.2-p136/lib/ruby/1.9.1/net/http.rb:644:in `initialize'
/home/jim/.rvm/rubies/ruby-1.9.2-p136/lib/ruby/1.9.1/net/http.rb:644:in `open'
/home/jim/.rvm/rubies/ruby-1.9.2-p136/lib/ruby/1.9.1/net/http.rb:644:in `block in connect'
/home/jim/.rvm/rubies/ruby-1.9.2-p136/lib/ruby/1.9.1/timeout.rb:44:in `timeout'
/home/jim/.rvm/rubies/ruby-1.9.2-p136/lib/ruby/1.9.1/timeout.rb:87:in `timeout'
/home/jim/.rvm/rubies/ruby-1.9.2-p136/lib/ruby/1.9.1/net/http.rb:644:in `connect'
/home/jim/.rvm/rubies/ruby-1.9.2-p136/lib/ruby/1.9.1/net/http.rb:637:in `do_start'
/home/jim/.rvm/rubies/ruby-1.9.2-p136/lib/ruby/1.9.1/net/http.rb:626:in `start'
/home/jim/workspace/magpie/lib/magpie/utils.rb:89:in `start_http'
I, [2012-01-13T23:30:32.854802 #26575]  INFO -- : 2012-01-13 23:30:32 +0800:/home/jim/workspace/magpie/lib/magpie/rubber.rb:7}:/home/jim/.rvm/rubies/ruby-1.9.2-p136/lib/ruby/1.9.1/net/http.rb:644:in `initialize'
/home/jim/.rvm/rubies/ruby-1.9.2-p136/lib/ruby/1.9.1/net/http.rb:644:in `open'
/home/jim/.rvm/rubies/ruby-1.9.2-p136/lib/ruby/1.9.1/net/http.rb:644:in `block in connect'
/home/jim/.rvm/rubies/ruby-1.9.2-p136/lib/ruby/1.9.1/timeout.rb:44:in `timeout'
/home/jim/.rvm/rubies/ruby-1.9.2-p136/lib/ruby/1.9.1/timeout.rb:87:in `timeout'
/home/jim/.rvm/rubies/ruby-1.9.2-p136/lib/ruby/1.9.1/net/http.rb:644:in `connect'
/home/jim/.rvm/rubies/ruby-1.9.2-p136/lib/ruby/1.9.1/net/http.rb:637:in `do_start'
/home/jim/.rvm/rubies/ruby-1.9.2-p136/lib/ruby/1.9.1/net/http.rb:626:in `start'
/home/jim/workspace/magpie/lib/magpie/utils.rb:89:in `start_http'
I, [2012-01-13T23:30:32.871359 #26575]  INFO -- : 2012-01-13 23:30:32 +0800:/home/jim/workspace/magpie/lib/magpie/rubber.rb:7}:/home/jim/.rvm/rubies/ruby-1.9.2-p136/lib/ruby/1.9.1/net/http.rb:644:in `initialize'
/home/jim/.rvm/rubies/ruby-1.9.2-p136/lib/ruby/1.9.1/net/http.rb:644:in `open'
/home/jim/.rvm/rubies/ruby-1.9.2-p136/lib/ruby/1.9.1/net/http.rb:644:in `block in connect'
/home/jim/.rvm/rubies/ruby-1.9.2-p136/lib/ruby/1.9.1/timeout.rb:44:in `timeout'
/home/jim/.rvm/rubies/ruby-1.9.2-p136/lib/ruby/1.9.1/timeout.rb:87:in `timeout'
/home/jim/.rvm/rubies/ruby-1.9.2-p136/lib/ruby/1.9.1/net/http.rb:644:in `connect'
/home/jim/.rvm/rubies/ruby-1.9.2-p136/lib/ruby/1.9.1/net/http.rb:637:in `do_start'
/home/jim/.rvm/rubies/ruby-1.9.2-p136/lib/ruby/1.9.1/net/http.rb:626:in `start'
/home/jim/workspace/magpie/lib/magpie/utils.rb:89:in `start_http'
I, [2012-01-13T23:30:32.885632 #26575]  INFO -- : 2012-01-13 23:30:32 +0800:/home/jim/workspace/magpie/lib/magpie/rubber.rb:7}:/home/jim/.rvm/rubies/ruby-1.9.2-p136/lib/ruby/1.9.1/net/http.rb:644:in `initialize'
/home/jim/.rvm/rubies/ruby-1.9.2-p136/lib/ruby/1.9.1/net/http.rb:644:in `open'
/home/jim/.rvm/rubies/ruby-1.9.2-p136/lib/ruby/1.9.1/net/http.rb:644:in `block in connect'
/home/jim/.rvm/rubies/ruby-1.9.2-p136/lib/ruby/1.9.1/timeout.rb:44:in `timeout'
/home/jim/.rvm/rubies/ruby-1.9.2-p136/lib/ruby/1.9.1/timeout.rb:87:in `timeout'
/home/jim/.rvm/rubies/ruby-1.9.2-p136/lib/ruby/1.9.1/net/http.rb:644:in `connect'
/home/jim/.rvm/rubies/ruby-1.9.2-p136/lib/ruby/1.9.1/net/http.rb:637:in `do_start'
/home/jim/.rvm/rubies/ruby-1.9.2-p136/lib/ruby/1.9.1/net/http.rb:626:in `start'
/home/jim/workspace/magpie/lib/magpie/utils.rb:89:in `start_http'
I, [2012-01-13T23:30:32.900799 #26575]  INFO -- : 2012-01-13 23:30:32 +0800:/home/jim/workspace/magpie/lib/magpie/rubber.rb:7}:/home/jim/.rvm/rubies/ruby-1.9.2-p136/lib/ruby/1.9.1/net/http.rb:644:in `initialize'
/home/jim/.rvm/rubies/ruby-1.9.2-p136/lib/ruby/1.9.1/net/http.rb:644:in `open'
/home/jim/.rvm/rubies/ruby-1.9.2-p136/lib/ruby/1.9.1/net/http.rb:644:in `block in connect'
/home/jim/.rvm/rubies/ruby-1.9.2-p136/lib/ruby/1.9.1/timeout.rb:44:in `timeout'
/home/jim/.rvm/rubies/ruby-1.9.2-p136/lib/ruby/1.9.1/timeout.rb:87:in `timeout'
/home/jim/.rvm/rubies/ruby-1.9.2-p136/lib/ruby/1.9.1/net/http.rb:644:in `connect'
/home/jim/.rvm/rubies/ruby-1.9.2-p136/lib/ruby/1.9.1/net/http.rb:637:in `do_start'
/home/jim/.rvm/rubies/ruby-1.9.2-p136/lib/ruby/1.9.1/net/http.rb:626:in `start'
/home/jim/workspace/magpie/lib/magpie/utils.rb:89:in `start_http'
I, [2012-01-13T23:30:32.915574 #26575]  INFO -- : 2012-01-13 23:30:32 +0800:/home/jim/workspace/magpie/lib/magpie/rubber.rb:7}:/home/jim/.rvm/rubies/ruby-1.9.2-p136/lib/ruby/1.9.1/net/http.rb:644:in `initialize'
/home/jim/.rvm/rubies/ruby-1.9.2-p136/lib/ruby/1.9.1/net/http.rb:644:in `open'
/home/jim/.rvm/rubies/ruby-1.9.2-p136/lib/ruby/1.9.1/net/http.rb:644:in `block in connect'
/home/jim/.rvm/rubies/ruby-1.9.2-p136/lib/ruby/1.9.1/timeout.rb:44:in `timeout'
/home/jim/.rvm/rubies/ruby-1.9.2-p136/lib/ruby/1.9.1/timeout.rb:87:in `timeout'
/home/jim/.rvm/rubies/ruby-1.9.2-p136/lib/ruby/1.9.1/net/http.rb:644:in `connect'
/home/jim/.rvm/rubies/ruby-1.9.2-p136/lib/ruby/1.9.1/net/http.rb:637:in `do_start'
/home/jim/.rvm/rubies/ruby-1.9.2-p136/lib/ruby/1.9.1/net/http.rb:626:in `start'
/home/jim/workspace/magpie/lib/magpie/utils.rb:89:in `start_http'
I, [2012-01-13T23:30:32.916178 #26575]  INFO -- : 2012-01-13 23:30:32 +0800:/home/jim/workspace/magpie/lib/magpie/rubber.rb:7}:/home/jim/.rvm/rubies/ruby-1.9.2-p136/lib/ruby/1.9.1/net/http.rb:1593:in `set_form_data'
/home/jim/workspace/magpie/lib/magpie/utils.rb:101:in `post_query'
/home/jim/workspace/magpie/lib/magpie/utils.rb:114:in `block (2 levels) in send_notify'
/home/jim/.rvm/rubies/ruby-1.9.2-p136/lib/ruby/1.9.1/timeout.rb:57:in `timeout'
/home/jim/.rvm/rubies/ruby-1.9.2-p136/lib/ruby/1.9.1/timeout.rb:87:in `timeout'
/home/jim/workspace/magpie/lib/magpie/utils.rb:111:in `block in send_notify'
/home/jim/workspace/magpie/lib/magpie/rubber.rb:5:in `try'
/home/jim/workspace/magpie/lib/magpie/utils.rb:110:in `send_notify'
/home/jim/workspace/magpie/test/test_utils.rb:13:in `test_send_notify_timeout'
I, [2012-01-13T23:30:32.916637 #26575]  INFO -- : 2012-01-13 23:30:32 +0800:/home/jim/workspace/magpie/lib/magpie/rubber.rb:7}:/home/jim/.rvm/rubies/ruby-1.9.2-p136/lib/ruby/1.9.1/net/http.rb:1593:in `set_form_data'
/home/jim/workspace/magpie/lib/magpie/utils.rb:101:in `post_query'
/home/jim/workspace/magpie/lib/magpie/utils.rb:114:in `block (2 levels) in send_notify'
/home/jim/.rvm/rubies/ruby-1.9.2-p136/lib/ruby/1.9.1/timeout.rb:57:in `timeout'
/home/jim/.rvm/rubies/ruby-1.9.2-p136/lib/ruby/1.9.1/timeout.rb:87:in `timeout'
/home/jim/workspace/magpie/lib/magpie/utils.rb:111:in `block in send_notify'
/home/jim/workspace/magpie/lib/magpie/rubber.rb:5:in `try'
/home/jim/workspace/magpie/lib/magpie/utils.rb:110:in `send_notify'
/home/jim/workspace/magpie/test/test_utils.rb:13:in `test_send_notify_timeout'
I, [2012-01-13T23:30:32.917110 #26575]  INFO -- : 2012-01-13 23:30:32 +0800:/home/jim/workspace/magpie/lib/magpie/rubber.rb:7}:/home/jim/.rvm/rubies/ruby-1.9.2-p136/lib/ruby/1.9.1/net/http.rb:1593:in `set_form_data'
/home/jim/workspace/magpie/lib/magpie/utils.rb:101:in `post_query'
/home/jim/workspace/magpie/lib/magpie/utils.rb:114:in `block (2 levels) in send_notify'
/home/jim/.rvm/rubies/ruby-1.9.2-p136/lib/ruby/1.9.1/timeout.rb:57:in `timeout'
/home/jim/.rvm/rubies/ruby-1.9.2-p136/lib/ruby/1.9.1/timeout.rb:87:in `timeout'
/home/jim/workspace/magpie/lib/magpie/utils.rb:111:in `block in send_notify'
/home/jim/workspace/magpie/lib/magpie/rubber.rb:5:in `try'
/home/jim/workspace/magpie/lib/magpie/utils.rb:110:in `send_notify'
/home/jim/workspace/magpie/test/test_utils.rb:13:in `test_send_notify_timeout'
I, [2012-01-13T23:30:32.928546 #26575]  INFO -- : service: ["can't be blank"]
partner: ["can't be blank"]
notify_url: ["can't be blank"]
return_url: ["can't be blank"]
sign: ["can't be blank", "invalid sign"]
sign_type: ["can't be blank"]
subject: ["can't be blank"]
out_trade_no: ["can't be blank"]
payment_type: ["can't be blank"]
money: ["price and total_fee can not both be blank"]
seller: ["seller_email and seller_id can not both be blank"]
I, [2012-01-13T23:30:32.943527 #26575]  INFO -- : v_mid: ["can't be blank"]
v_oid: ["can't be blank"]
v_amount: ["can't be blank"]
v_moneytype: ["can't be blank"]
v_url: ["can't be blank"]
v_md5info: ["can't be blank"]
sign: ["invalid v_md5info"]
I, [2012-01-13T23:30:32.955992 #26575]  INFO -- : v_mid: ["can't be blank"]
v_oid: ["can't be blank"]
v_amount: ["can't be blank"]
v_moneytype: ["can't be blank"]
v_url: ["can't be blank"]
v_md5info: ["can't be blank"]
sign: ["invalid v_md5info"]
I, [2012-01-13T23:30:32.968109 #26575]  INFO -- : #<NoMethodError: undefined method `split' for nil:NilClass>:
/home/jim/workspace/magpie/lib/middles/snake.rb:101:in `query_to_hash'
/home/jim/workspace/magpie/lib/middles/snake.rb:84:in `order_pay'
/home/jim/workspace/magpie/lib/middles/snake.rb:10:in `call'
/home/jim/workspace/magpie/lib/middles/snake.rb:10:in `block in reg'
/home/jim/workspace/magpie/lib/middles/snake.rb:24:in `call'
/home/jim/workspace/magpie/lib/middles/snake.rb:24:in `block in call'
/home/jim/workspace/magpie/lib/middles/snake.rb:22:in `each'
/home/jim/workspace/magpie/lib/middles/snake.rb:22:in `call'
/home/jim/.rvm/gems/ruby-1.9.2-p136/gems/rack-1.4.0/lib/rack/static.rb:66:in `call'
I, [2012-01-13T23:30:32.977164 #26575]  INFO -- : service: ["can't be blank"]
partner: ["can't be blank"]
notify_url: ["can't be blank"]
return_url: ["can't be blank"]
sign: ["can't be blank", "invalid sign"]
sign_type: ["can't be blank"]
subject: ["can't be blank"]
out_trade_no: ["can't be blank"]
payment_type: ["can't be blank"]
money: ["price and total_fee can not both be blank"]
seller: ["seller_email and seller_id can not both be blank"]
I, [2012-01-13T23:30:32.999086 #26575]  INFO -- : cmdno: ["can't be blank"]
date: ["can't be blank"]
bank_type: ["can't be blank"]
desc: ["can't be blank"]
bargainor_id: ["can't be blank"]
transaction_id: ["can't be blank"]
sp_billno: ["can't be blank"]
total_fee: ["can't be blank"]
fee_type: ["can't be blank"]
return_url: ["can't be blank"]
attach: ["can't be blank"]
spbill_create_ip: ["can't be blank"]
sign: ["can't be blank", "invalid sign"]
I, [2012-01-13T23:30:33.011822 #26575]  INFO -- : cmdno: ["can't be blank"]
date: ["can't be blank"]
bank_type: ["can't be blank"]
desc: ["can't be blank"]
bargainor_id: ["can't be blank"]
transaction_id: ["can't be blank"]
sp_billno: ["can't be blank"]
total_fee: ["can't be blank"]
fee_type: ["can't be blank"]
return_url: ["can't be blank"]
attach: ["can't be blank"]
spbill_create_ip: ["can't be blank"]
sign: ["can't be blank", "invalid sign"]
I, [2012-01-13T23:30:33.029842 #26575]  INFO -- : bank_type: ["can't be blank"]
desc: ["can't be blank"]
sign: ["can't be blank", "invalid sign"]
transaction_id: ["格式错误,transaction_id为28位长的数值,其中前10位为商户网站编号(SPID)，由财付通统一分配;之后8位为订单产生的日期,如20050415;最后10位商户需要保证一天内不同的事务(用户订购一次商品或购买一次服务),其ID不相同"]
I, [2012-01-13T23:30:33.036567 #26575]  INFO -- : bank_type: ["can't be blank"]
desc: ["can't be blank"]
sign: ["can't be blank", "invalid sign"]
transaction_id: ["格式错误,transaction_id为28位长的数值,其中前10位为商户网站编号(SPID)，由财付通统一分配;之后8位为订单产生的日期,如20050415;最后10位商户需要保证一天内不同的事务(用户订购一次商品或购买一次服务),其ID不相同"]
I, [2012-01-13T23:30:33.043069 #26575]  INFO -- : bank_type: ["can't be blank"]
desc: ["can't be blank"]
sign: ["can't be blank", "invalid sign"]
transaction_id: ["格式错误,transaction_id为28位长的数值,其中前10位为商户网站编号(SPID)，由财付通统一分配;之后8位为订单产生的日期,如20050415;最后10位商户需要保证一天内不同的事务(用户订购一次商品或购买一次服务),其ID不相同"]
I, [2012-01-13T23:30:33.049180 #26575]  INFO -- : cmdno: ["can't be blank"]
date: ["can't be blank"]
bank_type: ["can't be blank"]
desc: ["can't be blank"]
bargainor_id: ["can't be blank"]
transaction_id: ["can't be blank"]
sp_billno: ["can't be blank"]
total_fee: ["can't be blank"]
fee_type: ["can't be blank"]
return_url: ["can't be blank"]
attach: ["can't be blank"]
spbill_create_ip: ["can't be blank"]
sign: ["can't be blank", "invalid sign"]
I, [2012-01-13T23:30:33.055365 #26575]  INFO -- : bank_type: ["can't be blank"]
desc: ["can't be blank"]
sign: ["can't be blank", "invalid sign"]
I, [2012-01-13T23:30:33.061430 #26575]  INFO -- : bank_type: ["can't be blank"]
desc: ["can't be blank"]
sign: ["can't be blank", "invalid sign"]
transaction_id: ["格式错误,transaction_id为28位长的数值,其中前10位为商户网站编号(SPID)，由财付通统一分配;之后8位为订单产生的日期,如20050415;最后10位商户需要保证一天内不同的事务(用户订购一次商品或购买一次服务),其ID不相同"]
total_fee: ["格式错误,只能为数字,以分为单位,不允许包含任何字符"]
I, [2012-01-13T23:30:33.067559 #26575]  INFO -- : bank_type: ["can't be blank"]
desc: ["can't be blank"]
sign: ["can't be blank", "invalid sign"]
transaction_id: ["格式错误,transaction_id为28位长的数值,其中前10位为商户网站编号(SPID)，由财付通统一分配;之后8位为订单产生的日期,如20050415;最后10位商户需要保证一天内不同的事务(用户订购一次商品或购买一次服务),其ID不相同"]
total_fee: ["格式错误,只能为数字,以分为单位,不允许包含任何字符"]
I, [2012-01-13T23:30:33.074136 #26575]  INFO -- : bank_type: ["can't be blank"]
desc: ["can't be blank"]
sign: ["can't be blank", "invalid sign"]
transaction_id: ["格式错误,transaction_id为28位长的数值,其中前10位为商户网站编号(SPID)，由财付通统一分配;之后8位为订单产生的日期,如20050415;最后10位商户需要保证一天内不同的事务(用户订购一次商品或购买一次服务),其ID不相同"]
I, [2012-01-13T23:30:33.080346 #26575]  INFO -- : bank_type: ["can't be blank"]
desc: ["can't be blank"]
sign: ["can't be blank", "invalid sign"]
transaction_id: ["格式错误,transaction_id为28位长的数值,其中前10位为商户网站编号(SPID)，由财付通统一分配;之后8位为订单产生的日期,如20050415;最后10位商户需要保证一天内不同的事务(用户订购一次商品或购买一次服务),其ID不相同"]
fee_type: ["目前只支持人民币,请填1"]
I, [2012-01-13T23:30:33.086432 #26575]  INFO -- : bank_type: ["can't be blank"]
desc: ["can't be blank"]
sign: ["can't be blank", "invalid sign"]
transaction_id: ["格式错误,transaction_id为28位长的数值,其中前10位为商户网站编号(SPID)，由财付通统一分配;之后8位为订单产生的日期,如20050415;最后10位商户需要保证一天内不同的事务(用户订购一次商品或购买一次服务),其ID不相同"]
I, [2012-01-13T23:30:33.092515 #26575]  INFO -- : bank_type: ["can't be blank"]
desc: ["can't be blank"]
sign: ["can't be blank", "invalid sign"]
transaction_id: ["格式错误,transaction_id为28位长的数值,其中前10位为商户网站编号(SPID)，由财付通统一分配;之后8位为订单产生的日期,如20050415;最后10位商户需要保证一天内不同的事务(用户订购一次商品或购买一次服务),其ID不相同"]
spbill_create_ip: ["ip地址格式错误"]
I, [2012-01-13T23:30:33.098804 #26575]  INFO -- : bank_type: ["can't be blank"]
desc: ["can't be blank"]
sign: ["can't be blank", "invalid sign"]
transaction_id: ["格式错误,transaction_id为28位长的数值,其中前10位为商户网站编号(SPID)，由财付通统一分配;之后8位为订单产生的日期,如20050415;最后10位商户需要保证一天内不同的事务(用户订购一次商品或购买一次服务),其ID不相同"]
spbill_create_ip: ["ip地址格式错误"]
I, [2012-01-13T23:30:33.105504 #26575]  INFO -- : bank_type: ["can't be blank"]
desc: ["can't be blank"]
sign: ["can't be blank", "invalid sign"]
transaction_id: ["格式错误,transaction_id为28位长的数值,其中前10位为商户网站编号(SPID)，由财付通统一分配;之后8位为订单产生的日期,如20050415;最后10位商户需要保证一天内不同的事务(用户订购一次商品或购买一次服务),其ID不相同"]
I, [2012-01-13T23:30:33.112025 #26575]  INFO -- : bank_type: ["can't be blank"]
desc: ["can't be blank"]
sign: ["can't be blank", "invalid sign"]
transaction_id: ["格式错误,transaction_id为28位长的数值,其中前10位为商户网站编号(SPID)，由财付通统一分配;之后8位为订单产生的日期,如20050415;最后10位商户需要保证一天内不同的事务(用户订购一次商品或购买一次服务),其ID不相同"]
sp_billno: ["长度错误,应该在28个字符内"]
I, [2012-01-13T23:30:33.117739 #26575]  INFO -- : cmdno: ["can't be blank"]
date: ["can't be blank"]
bank_type: ["can't be blank"]
desc: ["can't be blank"]
bargainor_id: ["can't be blank"]
transaction_id: ["can't be blank"]
sp_billno: ["can't be blank"]
total_fee: ["can't be blank"]
fee_type: ["can't be blank"]
return_url: ["can't be blank"]
attach: ["can't be blank"]
spbill_create_ip: ["can't be blank"]
sign: ["can't be blank", "invalid sign"]
I, [2012-01-13T23:30:33.124471 #26575]  INFO -- : bank_type: ["can't be blank"]
desc: ["can't be blank"]
sign: ["can't be blank", "invalid sign"]
transaction_id: ["格式错误,transaction_id为28位长的数值,其中前10位为商户网站编号(SPID)，由财付通统一分配;之后8位为订单产生的日期,如20050415;最后10位商户需要保证一天内不同的事务(用户订购一次商品或购买一次服务),其ID不相同"]
bargainor_id: ["商户编号不存在"]
I, [2012-01-13T23:30:33.131446 #26575]  INFO -- : bank_type: ["can't be blank"]
desc: ["can't be blank"]
sign: ["can't be blank", "invalid sign"]
transaction_id: ["格式错误,transaction_id为28位长的数值,其中前10位为商户网站编号(SPID)，由财付通统一分配;之后8位为订单产生的日期,如20050415;最后10位商户需要保证一天内不同的事务(用户订购一次商品或购买一次服务),其ID不相同"]
I, [2012-01-13T23:30:33.137291 #26575]  INFO -- : cmdno: ["can't be blank"]
date: ["can't be blank"]
bank_type: ["can't be blank"]
desc: ["can't be blank"]
bargainor_id: ["can't be blank"]
transaction_id: ["can't be blank"]
sp_billno: ["can't be blank"]
total_fee: ["can't be blank"]
fee_type: ["can't be blank"]
return_url: ["can't be blank"]
attach: ["can't be blank"]
spbill_create_ip: ["can't be blank"]
sign: ["can't be blank", "invalid sign"]
I, [2012-01-13T23:30:33.144695 #26575]  INFO -- : bank_type: ["can't be blank"]
desc: ["can't be blank"]
transaction_id: ["格式错误,transaction_id为28位长的数值,其中前10位为商户网站编号(SPID)，由财付通统一分配;之后8位为订单产生的日期,如20050415;最后10位商户需要保证一天内不同的事务(用户订购一次商品或购买一次服务),其ID不相同"]
sign: ["sign签名必须大写", "invalid sign"]
I, [2012-01-13T23:30:33.151022 #26575]  INFO -- : bank_type: ["can't be blank"]
desc: ["can't be blank"]
transaction_id: ["格式错误,transaction_id为28位长的数值,其中前10位为商户网站编号(SPID)，由财付通统一分配;之后8位为订单产生的日期,如20050415;最后10位商户需要保证一天内不同的事务(用户订购一次商品或购买一次服务),其ID不相同"]
sign: ["invalid sign"]
I, [2012-01-13T23:30:33.157219 #26575]  INFO -- : bank_type: ["can't be blank"]
desc: ["can't be blank"]
transaction_id: ["格式错误,transaction_id为28位长的数值,其中前10位为商户网站编号(SPID)，由财付通统一分配;之后8位为订单产生的日期,如20050415;最后10位商户需要保证一天内不同的事务(用户订购一次商品或购买一次服务),其ID不相同"]
sign: ["invalid sign"]
I, [2012-01-13T23:30:33.163896 #26575]  INFO -- : bank_type: ["can't be blank"]
desc: ["can't be blank"]
transaction_id: ["格式错误,transaction_id为28位长的数值,其中前10位为商户网站编号(SPID)，由财付通统一分配;之后8位为订单产生的日期,如20050415;最后10位商户需要保证一天内不同的事务(用户订购一次商品或购买一次服务),其ID不相同"]
I, [2012-01-13T23:31:30.104112 #27673]  INFO -- : partner: ["can't be blank"]
notify_url: ["can't be blank"]
return_url: ["can't be blank"]
sign: ["can't be blank", "invalid sign"]
sign_type: ["can't be blank"]
subject: ["can't be blank"]
out_trade_no: ["can't be blank"]
payment_type: ["can't be blank"]
money: ["price and total_fee can not both be blank"]
seller: ["seller_email and seller_id can not both be blank"]
I, [2012-01-13T23:31:30.111243 #27673]  INFO -- : partner: ["can't be blank"]
notify_url: ["can't be blank"]
return_url: ["can't be blank"]
sign: ["can't be blank", "invalid sign"]
sign_type: ["can't be blank"]
subject: ["can't be blank"]
out_trade_no: ["can't be blank"]
payment_type: ["can't be blank"]
money: ["price and total_fee can not both be blank"]
seller: ["seller_email and seller_id can not both be blank"]
_input_charset: ["should be utf-8 or gb2312"]
I, [2012-01-13T23:31:30.138696 #27673]  INFO -- : partner: ["can't be blank"]
notify_url: ["can't be blank"]
return_url: ["can't be blank"]
sign: ["can't be blank", "invalid sign"]
sign_type: ["can't be blank"]
subject: ["can't be blank"]
out_trade_no: ["can't be blank"]
payment_type: ["can't be blank"]
money: ["price and total_fee can not both be blank"]
seller: ["seller_email and seller_id can not both be blank"]
I, [2012-01-13T23:31:30.145011 #27673]  INFO -- : partner: ["can't be blank"]
notify_url: ["can't be blank"]
return_url: ["can't be blank"]
sign: ["can't be blank", "invalid sign"]
sign_type: ["can't be blank"]
subject: ["can't be blank"]
out_trade_no: ["can't be blank"]
payment_type: ["can't be blank"]
money: ["price and total_fee can not both be blank"]
seller: ["seller_email and seller_id can not both be blank"]
I, [2012-01-13T23:31:30.152722 #27673]  INFO -- : partner: ["can't be blank"]
notify_url: ["can't be blank"]
return_url: ["can't be blank"]
sign: ["can't be blank", "invalid sign"]
sign_type: ["can't be blank"]
subject: ["can't be blank"]
out_trade_no: ["can't be blank"]
payment_type: ["can't be blank"]
price: ["format should be Number(13, 2)"]
total_fee: ["format should be Number(13, 2)"]
money: ["price和total_fee不能同时出现"]
quantity: ["if price is not blank, must input quantity"]
seller: ["seller_email and seller_id can not both be blank"]
I, [2012-01-13T23:31:30.159168 #27673]  INFO -- : partner: ["can't be blank"]
notify_url: ["can't be blank"]
return_url: ["can't be blank"]
sign: ["can't be blank", "invalid sign"]
sign_type: ["can't be blank"]
subject: ["can't be blank"]
out_trade_no: ["can't be blank"]
payment_type: ["can't be blank"]
quantity: ["if price is not blank, must input quantity"]
seller: ["seller_email and seller_id can not both be blank"]
I, [2012-01-13T23:31:30.166182 #27673]  INFO -- : partner: ["can't be blank"]
notify_url: ["can't be blank"]
return_url: ["can't be blank"]
sign: ["can't be blank", "invalid sign"]
sign_type: ["can't be blank"]
subject: ["can't be blank"]
out_trade_no: ["can't be blank"]
payment_type: ["can't be blank"]
money: ["price and total_fee can not both be blank"]
seller: ["seller_email and seller_id can not both be blank"]
I, [2012-01-13T23:31:30.172304 #27673]  INFO -- : notify_url: ["can't be blank"]
return_url: ["can't be blank"]
sign: ["can't be blank", "invalid sign"]
sign_type: ["can't be blank"]
subject: ["can't be blank"]
out_trade_no: ["can't be blank"]
partner: ["is too long (maximum is 16 characters)", "not exist"]
payment_type: ["is too long (maximum is 4 characters)"]
money: ["price and total_fee can not both be blank"]
seller: ["seller_email and seller_id can not both be blank"]
I, [2012-01-13T23:31:30.178566 #27673]  INFO -- : partner: ["can't be blank"]
notify_url: ["can't be blank"]
return_url: ["can't be blank"]
sign: ["can't be blank", "invalid sign"]
sign_type: ["can't be blank"]
subject: ["can't be blank"]
out_trade_no: ["can't be blank"]
payment_type: ["can't be blank"]
quantity: ["should be integer and between 1~999999"]
money: ["price and total_fee can not both be blank"]
seller: ["seller_email and seller_id can not both be blank"]
I, [2012-01-13T23:31:30.184783 #27673]  INFO -- : partner: ["can't be blank"]
notify_url: ["can't be blank"]
return_url: ["can't be blank"]
sign: ["can't be blank", "invalid sign"]
sign_type: ["can't be blank"]
subject: ["can't be blank"]
out_trade_no: ["can't be blank"]
payment_type: ["can't be blank"]
quantity: ["should be integer and between 1~999999"]
money: ["price and total_fee can not both be blank"]
seller: ["seller_email and seller_id can not both be blank"]
I, [2012-01-13T23:31:30.190560 #27673]  INFO -- : partner: ["can't be blank"]
notify_url: ["can't be blank"]
return_url: ["can't be blank"]
sign: ["can't be blank", "invalid sign"]
sign_type: ["can't be blank"]
subject: ["can't be blank"]
out_trade_no: ["can't be blank"]
payment_type: ["can't be blank"]
quantity: ["should be integer and between 1~999999"]
money: ["price and total_fee can not both be blank"]
seller: ["seller_email and seller_id can not both be blank"]
I, [2012-01-13T23:31:30.196491 #27673]  INFO -- : notify_url: ["can't be blank"]
return_url: ["can't be blank"]
sign: ["can't be blank", "invalid sign"]
sign_type: ["can't be blank"]
subject: ["can't be blank"]
out_trade_no: ["can't be blank"]
payment_type: ["can't be blank"]
money: ["price and total_fee can not both be blank"]
seller: ["seller_email and seller_id can not both be blank"]
partner: ["not exist"]
I, [2012-01-13T23:31:30.202454 #27673]  INFO -- : notify_url: ["can't be blank"]
return_url: ["can't be blank"]
sign: ["can't be blank", "invalid sign"]
sign_type: ["can't be blank"]
subject: ["can't be blank"]
out_trade_no: ["can't be blank"]
payment_type: ["can't be blank"]
money: ["price and total_fee can not both be blank"]
seller: ["seller_email and seller_id can not both be blank"]
I, [2012-01-13T23:31:30.209986 #27673]  INFO -- : service: ["can't be blank"]
partner: ["can't be blank"]
notify_url: ["can't be blank"]
return_url: ["can't be blank"]
sign: ["can't be blank", "invalid sign"]
sign_type: ["can't be blank"]
subject: ["can't be blank"]
out_trade_no: ["can't be blank"]
payment_type: ["can't be blank"]
money: ["price and total_fee can not both be blank"]
seller: ["seller_email and seller_id can not both be blank"]
I, [2012-01-13T23:31:30.216219 #27673]  INFO -- : partner: ["can't be blank"]
notify_url: ["can't be blank"]
return_url: ["can't be blank"]
sign: ["can't be blank", "invalid sign"]
sign_type: ["can't be blank"]
subject: ["can't be blank"]
out_trade_no: ["can't be blank"]
payment_type: ["can't be blank"]
money: ["price和total_fee不能同时出现"]
quantity: ["if price is not blank, must input quantity"]
seller: ["seller_email and seller_id can not both be blank"]
I, [2012-01-13T23:31:30.222361 #27673]  INFO -- : partner: ["can't be blank"]
notify_url: ["can't be blank"]
return_url: ["can't be blank"]
sign: ["can't be blank", "invalid sign"]
sign_type: ["can't be blank"]
subject: ["can't be blank"]
out_trade_no: ["can't be blank"]
payment_type: ["can't be blank"]
money: ["price and total_fee can not both be blank"]
seller: ["seller_email and seller_id can not both be blank"]
I, [2012-01-13T23:31:30.228304 #27673]  INFO -- : notify_url: ["can't be blank"]
return_url: ["can't be blank"]
sign_type: ["can't be blank"]
subject: ["can't be blank"]
out_trade_no: ["can't be blank"]
payment_type: ["can't be blank"]
money: ["price and total_fee can not both be blank"]
seller: ["seller_email and seller_id can not both be blank"]
sign: ["invalid sign"]
I, [2012-01-13T23:31:30.234159 #27673]  INFO -- : notify_url: ["can't be blank"]
return_url: ["can't be blank"]
sign_type: ["can't be blank"]
subject: ["can't be blank"]
out_trade_no: ["can't be blank"]
payment_type: ["can't be blank"]
money: ["price and total_fee can not both be blank"]
seller: ["seller_email and seller_id can not both be blank"]
I, [2012-01-13T23:31:30.246613 #27673]  INFO -- : v_md5info: ["can't be blank"]
sign: ["invalid v_md5info"]
I, [2012-01-13T23:31:30.253999 #27673]  INFO -- : v_md5info: ["can't be blank"]
sign: ["invalid v_md5info"]
v_oid: ["is too long (maximum is 64 characters)"]
v_url: ["is too long (maximum is 200 characters)"]
I, [2012-01-13T23:31:30.259904 #27673]  INFO -- : v_md5info: ["can't be blank"]
sign: ["invalid v_md5info"]
v_amount: ["format should be Number(6, 2)"]
I, [2012-01-13T23:31:30.266493 #27673]  INFO -- : v_md5info: ["can't be blank"]
sign: ["invalid v_md5info"]
v_mid: ["商户编号不存在"]
I, [2012-01-13T23:31:30.272326 #27673]  INFO -- : v_md5info: ["can't be blank"]
sign: ["invalid v_md5info"]
I, [2012-01-13T23:31:30.278114 #27673]  INFO -- : v_mid: ["can't be blank"]
v_oid: ["can't be blank"]
v_amount: ["can't be blank"]
v_moneytype: ["can't be blank"]
v_url: ["can't be blank"]
v_md5info: ["can't be blank"]
sign: ["invalid v_md5info"]
I, [2012-01-13T23:31:30.283999 #27673]  INFO -- : sign: ["invalid v_md5info"]
I, [2012-01-13T23:31:30.312987 #27673]  INFO -- : 2012-01-13 23:31:30 +0800:/home/jim/workspace/magpie/lib/magpie/rubber.rb:7}:/home/jim/.rvm/rubies/ruby-1.9.2-p136/lib/ruby/1.9.1/net/http.rb:644:in `initialize'
/home/jim/.rvm/rubies/ruby-1.9.2-p136/lib/ruby/1.9.1/net/http.rb:644:in `open'
/home/jim/.rvm/rubies/ruby-1.9.2-p136/lib/ruby/1.9.1/net/http.rb:644:in `block in connect'
/home/jim/.rvm/rubies/ruby-1.9.2-p136/lib/ruby/1.9.1/timeout.rb:44:in `timeout'
/home/jim/.rvm/rubies/ruby-1.9.2-p136/lib/ruby/1.9.1/timeout.rb:87:in `timeout'
/home/jim/.rvm/rubies/ruby-1.9.2-p136/lib/ruby/1.9.1/net/http.rb:644:in `connect'
/home/jim/.rvm/rubies/ruby-1.9.2-p136/lib/ruby/1.9.1/net/http.rb:637:in `do_start'
/home/jim/.rvm/rubies/ruby-1.9.2-p136/lib/ruby/1.9.1/net/http.rb:626:in `start'
/home/jim/workspace/magpie/lib/magpie/utils.rb:89:in `start_http'
I, [2012-01-13T23:31:30.325893 #27673]  INFO -- : 2012-01-13 23:31:30 +0800:/home/jim/workspace/magpie/lib/magpie/rubber.rb:7}:/home/jim/.rvm/rubies/ruby-1.9.2-p136/lib/ruby/1.9.1/net/http.rb:644:in `initialize'
/home/jim/.rvm/rubies/ruby-1.9.2-p136/lib/ruby/1.9.1/net/http.rb:644:in `open'
/home/jim/.rvm/rubies/ruby-1.9.2-p136/lib/ruby/1.9.1/net/http.rb:644:in `block in connect'
/home/jim/.rvm/rubies/ruby-1.9.2-p136/lib/ruby/1.9.1/timeout.rb:44:in `timeout'
/home/jim/.rvm/rubies/ruby-1.9.2-p136/lib/ruby/1.9.1/timeout.rb:87:in `timeout'
/home/jim/.rvm/rubies/ruby-1.9.2-p136/lib/ruby/1.9.1/net/http.rb:644:in `connect'
/home/jim/.rvm/rubies/ruby-1.9.2-p136/lib/ruby/1.9.1/net/http.rb:637:in `do_start'
/home/jim/.rvm/rubies/ruby-1.9.2-p136/lib/ruby/1.9.1/net/http.rb:626:in `start'
/home/jim/workspace/magpie/lib/magpie/utils.rb:89:in `start_http'
I, [2012-01-13T23:31:30.338710 #27673]  INFO -- : 2012-01-13 23:31:30 +0800:/home/jim/workspace/magpie/lib/magpie/rubber.rb:7}:/home/jim/.rvm/rubies/ruby-1.9.2-p136/lib/ruby/1.9.1/net/http.rb:644:in `initialize'
/home/jim/.rvm/rubies/ruby-1.9.2-p136/lib/ruby/1.9.1/net/http.rb:644:in `open'
/home/jim/.rvm/rubies/ruby-1.9.2-p136/lib/ruby/1.9.1/net/http.rb:644:in `block in connect'
/home/jim/.rvm/rubies/ruby-1.9.2-p136/lib/ruby/1.9.1/timeout.rb:44:in `timeout'
/home/jim/.rvm/rubies/ruby-1.9.2-p136/lib/ruby/1.9.1/timeout.rb:87:in `timeout'
/home/jim/.rvm/rubies/ruby-1.9.2-p136/lib/ruby/1.9.1/net/http.rb:644:in `connect'
/home/jim/.rvm/rubies/ruby-1.9.2-p136/lib/ruby/1.9.1/net/http.rb:637:in `do_start'
/home/jim/.rvm/rubies/ruby-1.9.2-p136/lib/ruby/1.9.1/net/http.rb:626:in `start'
/home/jim/workspace/magpie/lib/magpie/utils.rb:89:in `start_http'
I, [2012-01-13T23:31:30.350036 #27673]  INFO -- : 2012-01-13 23:31:30 +0800:/home/jim/workspace/magpie/lib/magpie/rubber.rb:7}:/home/jim/.rvm/rubies/ruby-1.9.2-p136/lib/ruby/1.9.1/net/http.rb:644:in `initialize'
/home/jim/.rvm/rubies/ruby-1.9.2-p136/lib/ruby/1.9.1/net/http.rb:644:in `open'
/home/jim/.rvm/rubies/ruby-1.9.2-p136/lib/ruby/1.9.1/net/http.rb:644:in `block in connect'
/home/jim/.rvm/rubies/ruby-1.9.2-p136/lib/ruby/1.9.1/timeout.rb:44:in `timeout'
/home/jim/.rvm/rubies/ruby-1.9.2-p136/lib/ruby/1.9.1/timeout.rb:87:in `timeout'
/home/jim/.rvm/rubies/ruby-1.9.2-p136/lib/ruby/1.9.1/net/http.rb:644:in `connect'
/home/jim/.rvm/rubies/ruby-1.9.2-p136/lib/ruby/1.9.1/net/http.rb:637:in `do_start'
/home/jim/.rvm/rubies/ruby-1.9.2-p136/lib/ruby/1.9.1/net/http.rb:626:in `start'
/home/jim/workspace/magpie/lib/magpie/utils.rb:89:in `start_http'
I, [2012-01-13T23:31:30.364089 #27673]  INFO -- : 2012-01-13 23:31:30 +0800:/home/jim/workspace/magpie/lib/magpie/rubber.rb:7}:/home/jim/.rvm/rubies/ruby-1.9.2-p136/lib/ruby/1.9.1/net/http.rb:644:in `initialize'
/home/jim/.rvm/rubies/ruby-1.9.2-p136/lib/ruby/1.9.1/net/http.rb:644:in `open'
/home/jim/.rvm/rubies/ruby-1.9.2-p136/lib/ruby/1.9.1/net/http.rb:644:in `block in connect'
/home/jim/.rvm/rubies/ruby-1.9.2-p136/lib/ruby/1.9.1/timeout.rb:44:in `timeout'
/home/jim/.rvm/rubies/ruby-1.9.2-p136/lib/ruby/1.9.1/timeout.rb:87:in `timeout'
/home/jim/.rvm/rubies/ruby-1.9.2-p136/lib/ruby/1.9.1/net/http.rb:644:in `connect'
/home/jim/.rvm/rubies/ruby-1.9.2-p136/lib/ruby/1.9.1/net/http.rb:637:in `do_start'
/home/jim/.rvm/rubies/ruby-1.9.2-p136/lib/ruby/1.9.1/net/http.rb:626:in `start'
/home/jim/workspace/magpie/lib/magpie/utils.rb:89:in `start_http'
I, [2012-01-13T23:31:30.374160 #27673]  INFO -- : 2012-01-13 23:31:30 +0800:/home/jim/workspace/magpie/lib/magpie/rubber.rb:7}:/home/jim/.rvm/rubies/ruby-1.9.2-p136/lib/ruby/1.9.1/net/http.rb:644:in `initialize'
/home/jim/.rvm/rubies/ruby-1.9.2-p136/lib/ruby/1.9.1/net/http.rb:644:in `open'
/home/jim/.rvm/rubies/ruby-1.9.2-p136/lib/ruby/1.9.1/net/http.rb:644:in `block in connect'
/home/jim/.rvm/rubies/ruby-1.9.2-p136/lib/ruby/1.9.1/timeout.rb:44:in `timeout'
/home/jim/.rvm/rubies/ruby-1.9.2-p136/lib/ruby/1.9.1/timeout.rb:87:in `timeout'
/home/jim/.rvm/rubies/ruby-1.9.2-p136/lib/ruby/1.9.1/net/http.rb:644:in `connect'
/home/jim/.rvm/rubies/ruby-1.9.2-p136/lib/ruby/1.9.1/net/http.rb:637:in `do_start'
/home/jim/.rvm/rubies/ruby-1.9.2-p136/lib/ruby/1.9.1/net/http.rb:626:in `start'
/home/jim/workspace/magpie/lib/magpie/utils.rb:89:in `start_http'
I, [2012-01-13T23:31:30.374992 #27673]  INFO -- : 2012-01-13 23:31:30 +0800:/home/jim/workspace/magpie/lib/magpie/rubber.rb:7}:/home/jim/.rvm/rubies/ruby-1.9.2-p136/lib/ruby/1.9.1/net/http.rb:1593:in `set_form_data'
/home/jim/workspace/magpie/lib/magpie/utils.rb:101:in `post_query'
/home/jim/workspace/magpie/lib/magpie/utils.rb:114:in `block (2 levels) in send_notify'
/home/jim/.rvm/rubies/ruby-1.9.2-p136/lib/ruby/1.9.1/timeout.rb:57:in `timeout'
/home/jim/.rvm/rubies/ruby-1.9.2-p136/lib/ruby/1.9.1/timeout.rb:87:in `timeout'
/home/jim/workspace/magpie/lib/magpie/utils.rb:111:in `block in send_notify'
/home/jim/workspace/magpie/lib/magpie/rubber.rb:5:in `try'
/home/jim/workspace/magpie/lib/magpie/utils.rb:110:in `send_notify'
/home/jim/workspace/magpie/test/test_utils.rb:13:in `test_send_notify_timeout'
I, [2012-01-13T23:31:30.375475 #27673]  INFO -- : 2012-01-13 23:31:30 +0800:/home/jim/workspace/magpie/lib/magpie/rubber.rb:7}:/home/jim/.rvm/rubies/ruby-1.9.2-p136/lib/ruby/1.9.1/net/http.rb:1593:in `set_form_data'
/home/jim/workspace/magpie/lib/magpie/utils.rb:101:in `post_query'
/home/jim/workspace/magpie/lib/magpie/utils.rb:114:in `block (2 levels) in send_notify'
/home/jim/.rvm/rubies/ruby-1.9.2-p136/lib/ruby/1.9.1/timeout.rb:57:in `timeout'
/home/jim/.rvm/rubies/ruby-1.9.2-p136/lib/ruby/1.9.1/timeout.rb:87:in `timeout'
/home/jim/workspace/magpie/lib/magpie/utils.rb:111:in `block in send_notify'
/home/jim/workspace/magpie/lib/magpie/rubber.rb:5:in `try'
/home/jim/workspace/magpie/lib/magpie/utils.rb:110:in `send_notify'
/home/jim/workspace/magpie/test/test_utils.rb:13:in `test_send_notify_timeout'
I, [2012-01-13T23:31:30.375984 #27673]  INFO -- : 2012-01-13 23:31:30 +0800:/home/jim/workspace/magpie/lib/magpie/rubber.rb:7}:/home/jim/.rvm/rubies/ruby-1.9.2-p136/lib/ruby/1.9.1/net/http.rb:1593:in `set_form_data'
/home/jim/workspace/magpie/lib/magpie/utils.rb:101:in `post_query'
/home/jim/workspace/magpie/lib/magpie/utils.rb:114:in `block (2 levels) in send_notify'
/home/jim/.rvm/rubies/ruby-1.9.2-p136/lib/ruby/1.9.1/timeout.rb:57:in `timeout'
/home/jim/.rvm/rubies/ruby-1.9.2-p136/lib/ruby/1.9.1/timeout.rb:87:in `timeout'
/home/jim/workspace/magpie/lib/magpie/utils.rb:111:in `block in send_notify'
/home/jim/workspace/magpie/lib/magpie/rubber.rb:5:in `try'
/home/jim/workspace/magpie/lib/magpie/utils.rb:110:in `send_notify'
/home/jim/workspace/magpie/test/test_utils.rb:13:in `test_send_notify_timeout'
I, [2012-01-13T23:31:30.385743 #27673]  INFO -- : service: ["can't be blank"]
partner: ["can't be blank"]
notify_url: ["can't be blank"]
return_url: ["can't be blank"]
sign: ["can't be blank", "invalid sign"]
sign_type: ["can't be blank"]
subject: ["can't be blank"]
out_trade_no: ["can't be blank"]
payment_type: ["can't be blank"]
money: ["price and total_fee can not both be blank"]
seller: ["seller_email and seller_id can not both be blank"]
I, [2012-01-13T23:31:30.394604 #27673]  INFO -- : v_mid: ["can't be blank"]
v_oid: ["can't be blank"]
v_amount: ["can't be blank"]
v_moneytype: ["can't be blank"]
v_url: ["can't be blank"]
v_md5info: ["can't be blank"]
sign: ["invalid v_md5info"]
I, [2012-01-13T23:31:30.400769 #27673]  INFO -- : v_mid: ["can't be blank"]
v_oid: ["can't be blank"]
v_amount: ["can't be blank"]
v_moneytype: ["can't be blank"]
v_url: ["can't be blank"]
v_md5info: ["can't be blank"]
sign: ["invalid v_md5info"]
I, [2012-01-13T23:31:30.407038 #27673]  INFO -- : #<NoMethodError: undefined method `split' for nil:NilClass>:
/home/jim/workspace/magpie/lib/middles/snake.rb:101:in `query_to_hash'
/home/jim/workspace/magpie/lib/middles/snake.rb:84:in `order_pay'
/home/jim/workspace/magpie/lib/middles/snake.rb:10:in `call'
/home/jim/workspace/magpie/lib/middles/snake.rb:10:in `block in reg'
/home/jim/workspace/magpie/lib/middles/snake.rb:24:in `call'
/home/jim/workspace/magpie/lib/middles/snake.rb:24:in `block in call'
/home/jim/workspace/magpie/lib/middles/snake.rb:22:in `each'
/home/jim/workspace/magpie/lib/middles/snake.rb:22:in `call'
/home/jim/.rvm/gems/ruby-1.9.2-p136/gems/rack-1.4.0/lib/rack/static.rb:66:in `call'
I, [2012-01-13T23:31:30.411358 #27673]  INFO -- : service: ["can't be blank"]
partner: ["can't be blank"]
notify_url: ["can't be blank"]
return_url: ["can't be blank"]
sign: ["can't be blank", "invalid sign"]
sign_type: ["can't be blank"]
subject: ["can't be blank"]
out_trade_no: ["can't be blank"]
payment_type: ["can't be blank"]
money: ["price and total_fee can not both be blank"]
seller: ["seller_email and seller_id can not both be blank"]
I, [2012-01-13T23:31:30.420884 #27673]  INFO -- : cmdno: ["can't be blank"]
date: ["can't be blank"]
bank_type: ["can't be blank"]
desc: ["can't be blank"]
bargainor_id: ["can't be blank"]
transaction_id: ["can't be blank"]
sp_billno: ["can't be blank"]
total_fee: ["can't be blank"]
fee_type: ["can't be blank"]
return_url: ["can't be blank"]
attach: ["can't be blank"]
spbill_create_ip: ["can't be blank"]
sign: ["can't be blank", "invalid sign"]
I, [2012-01-13T23:31:30.426553 #27673]  INFO -- : cmdno: ["can't be blank"]
date: ["can't be blank"]
bank_type: ["can't be blank"]
desc: ["can't be blank"]
bargainor_id: ["can't be blank"]
transaction_id: ["can't be blank"]
sp_billno: ["can't be blank"]
total_fee: ["can't be blank"]
fee_type: ["can't be blank"]
return_url: ["can't be blank"]
attach: ["can't be blank"]
spbill_create_ip: ["can't be blank"]
sign: ["can't be blank", "invalid sign"]
I, [2012-01-13T23:31:30.435442 #27673]  INFO -- : bank_type: ["can't be blank"]
desc: ["can't be blank"]
sign: ["can't be blank", "invalid sign"]
transaction_id: ["格式错误,transaction_id为28位长的数值,其中前10位为商户网站编号(SPID)，由财付通统一分配;之后8位为订单产生的日期,如20050415;最后10位商户需要保证一天内不同的事务(用户订购一次商品或购买一次服务),其ID不相同"]
I, [2012-01-13T23:31:30.441980 #27673]  INFO -- : bank_type: ["can't be blank"]
desc: ["can't be blank"]
sign: ["can't be blank", "invalid sign"]
transaction_id: ["格式错误,transaction_id为28位长的数值,其中前10位为商户网站编号(SPID)，由财付通统一分配;之后8位为订单产生的日期,如20050415;最后10位商户需要保证一天内不同的事务(用户订购一次商品或购买一次服务),其ID不相同"]
I, [2012-01-13T23:31:30.448690 #27673]  INFO -- : bank_type: ["can't be blank"]
desc: ["can't be blank"]
sign: ["can't be blank", "invalid sign"]
transaction_id: ["格式错误,transaction_id为28位长的数值,其中前10位为商户网站编号(SPID)，由财付通统一分配;之后8位为订单产生的日期,如20050415;最后10位商户需要保证一天内不同的事务(用户订购一次商品或购买一次服务),其ID不相同"]
I, [2012-01-13T23:31:30.454232 #27673]  INFO -- : cmdno: ["can't be blank"]
date: ["can't be blank"]
bank_type: ["can't be blank"]
desc: ["can't be blank"]
bargainor_id: ["can't be blank"]
transaction_id: ["can't be blank"]
sp_billno: ["can't be blank"]
total_fee: ["can't be blank"]
fee_type: ["can't be blank"]
return_url: ["can't be blank"]
attach: ["can't be blank"]
spbill_create_ip: ["can't be blank"]
sign: ["can't be blank", "invalid sign"]
I, [2012-01-13T23:31:30.461042 #27673]  INFO -- : bank_type: ["can't be blank"]
desc: ["can't be blank"]
sign: ["can't be blank", "invalid sign"]
I, [2012-01-13T23:31:30.468944 #27673]  INFO -- : bank_type: ["can't be blank"]
desc: ["can't be blank"]
sign: ["can't be blank", "invalid sign"]
transaction_id: ["格式错误,transaction_id为28位长的数值,其中前10位为商户网站编号(SPID)，由财付通统一分配;之后8位为订单产生的日期,如20050415;最后10位商户需要保证一天内不同的事务(用户订购一次商品或购买一次服务),其ID不相同"]
total_fee: ["格式错误,只能为数字,以分为单位,不允许包含任何字符"]
I, [2012-01-13T23:31:30.475312 #27673]  INFO -- : bank_type: ["can't be blank"]
desc: ["can't be blank"]
sign: ["can't be blank", "invalid sign"]
transaction_id: ["格式错误,transaction_id为28位长的数值,其中前10位为商户网站编号(SPID)，由财付通统一分配;之后8位为订单产生的日期,如20050415;最后10位商户需要保证一天内不同的事务(用户订购一次商品或购买一次服务),其ID不相同"]
total_fee: ["格式错误,只能为数字,以分为单位,不允许包含任何字符"]
I, [2012-01-13T23:31:30.481516 #27673]  INFO -- : bank_type: ["can't be blank"]
desc: ["can't be blank"]
sign: ["can't be blank", "invalid sign"]
transaction_id: ["格式错误,transaction_id为28位长的数值,其中前10位为商户网站编号(SPID)，由财付通统一分配;之后8位为订单产生的日期,如20050415;最后10位商户需要保证一天内不同的事务(用户订购一次商品或购买一次服务),其ID不相同"]
I, [2012-01-13T23:31:30.487810 #27673]  INFO -- : bank_type: ["can't be blank"]
desc: ["can't be blank"]
sign: ["can't be blank", "invalid sign"]
transaction_id: ["格式错误,transaction_id为28位长的数值,其中前10位为商户网站编号(SPID)，由财付通统一分配;之后8位为订单产生的日期,如20050415;最后10位商户需要保证一天内不同的事务(用户订购一次商品或购买一次服务),其ID不相同"]
fee_type: ["目前只支持人民币,请填1"]
I, [2012-01-13T23:31:30.494074 #27673]  INFO -- : bank_type: ["can't be blank"]
desc: ["can't be blank"]
sign: ["can't be blank", "invalid sign"]
transaction_id: ["格式错误,transaction_id为28位长的数值,其中前10位为商户网站编号(SPID)，由财付通统一分配;之后8位为订单产生的日期,如20050415;最后10位商户需要保证一天内不同的事务(用户订购一次商品或购买一次服务),其ID不相同"]
I, [2012-01-13T23:31:30.501127 #27673]  INFO -- : bank_type: ["can't be blank"]
desc: ["can't be blank"]
sign: ["can't be blank", "invalid sign"]
transaction_id: ["格式错误,transaction_id为28位长的数值,其中前10位为商户网站编号(SPID)，由财付通统一分配;之后8位为订单产生的日期,如20050415;最后10位商户需要保证一天内不同的事务(用户订购一次商品或购买一次服务),其ID不相同"]
spbill_create_ip: ["ip地址格式错误"]
I, [2012-01-13T23:31:30.507329 #27673]  INFO -- : bank_type: ["can't be blank"]
desc: ["can't be blank"]
sign: ["can't be blank", "invalid sign"]
transaction_id: ["格式错误,transaction_id为28位长的数值,其中前10位为商户网站编号(SPID)，由财付通统一分配;之后8位为订单产生的日期,如20050415;最后10位商户需要保证一天内不同的事务(用户订购一次商品或购买一次服务),其ID不相同"]
spbill_create_ip: ["ip地址格式错误"]
I, [2012-01-13T23:31:30.513467 #27673]  INFO -- : bank_type: ["can't be blank"]
desc: ["can't be blank"]
sign: ["can't be blank", "invalid sign"]
transaction_id: ["格式错误,transaction_id为28位长的数值,其中前10位为商户网站编号(SPID)，由财付通统一分配;之后8位为订单产生的日期,如20050415;最后10位商户需要保证一天内不同的事务(用户订购一次商品或购买一次服务),其ID不相同"]
I, [2012-01-13T23:31:30.520160 #27673]  INFO -- : bank_type: ["can't be blank"]
desc: ["can't be blank"]
sign: ["can't be blank", "invalid sign"]
transaction_id: ["格式错误,transaction_id为28位长的数值,其中前10位为商户网站编号(SPID)，由财付通统一分配;之后8位为订单产生的日期,如20050415;最后10位商户需要保证一天内不同的事务(用户订购一次商品或购买一次服务),其ID不相同"]
sp_billno: ["长度错误,应该在28个字符内"]
I, [2012-01-13T23:31:30.526405 #27673]  INFO -- : cmdno: ["can't be blank"]
date: ["can't be blank"]
bank_type: ["can't be blank"]
desc: ["can't be blank"]
bargainor_id: ["can't be blank"]
transaction_id: ["can't be blank"]
sp_billno: ["can't be blank"]
total_fee: ["can't be blank"]
fee_type: ["can't be blank"]
return_url: ["can't be blank"]
attach: ["can't be blank"]
spbill_create_ip: ["can't be blank"]
sign: ["can't be blank", "invalid sign"]
I, [2012-01-13T23:31:30.533601 #27673]  INFO -- : bank_type: ["can't be blank"]
desc: ["can't be blank"]
sign: ["can't be blank", "invalid sign"]
transaction_id: ["格式错误,transaction_id为28位长的数值,其中前10位为商户网站编号(SPID)，由财付通统一分配;之后8位为订单产生的日期,如20050415;最后10位商户需要保证一天内不同的事务(用户订购一次商品或购买一次服务),其ID不相同"]
bargainor_id: ["商户编号不存在"]
I, [2012-01-13T23:31:30.539720 #27673]  INFO -- : bank_type: ["can't be blank"]
desc: ["can't be blank"]
sign: ["can't be blank", "invalid sign"]
transaction_id: ["格式错误,transaction_id为28位长的数值,其中前10位为商户网站编号(SPID)，由财付通统一分配;之后8位为订单产生的日期,如20050415;最后10位商户需要保证一天内不同的事务(用户订购一次商品或购买一次服务),其ID不相同"]
I, [2012-01-13T23:31:30.546223 #27673]  INFO -- : cmdno: ["can't be blank"]
date: ["can't be blank"]
bank_type: ["can't be blank"]
desc: ["can't be blank"]
bargainor_id: ["can't be blank"]
transaction_id: ["can't be blank"]
sp_billno: ["can't be blank"]
total_fee: ["can't be blank"]
fee_type: ["can't be blank"]
return_url: ["can't be blank"]
attach: ["can't be blank"]
spbill_create_ip: ["can't be blank"]
sign: ["can't be blank", "invalid sign"]
I, [2012-01-13T23:31:30.553815 #27673]  INFO -- : bank_type: ["can't be blank"]
desc: ["can't be blank"]
transaction_id: ["格式错误,transaction_id为28位长的数值,其中前10位为商户网站编号(SPID)，由财付通统一分配;之后8位为订单产生的日期,如20050415;最后10位商户需要保证一天内不同的事务(用户订购一次商品或购买一次服务),其ID不相同"]
sign: ["sign签名必须大写", "invalid sign"]
I, [2012-01-13T23:31:30.559919 #27673]  INFO -- : bank_type: ["can't be blank"]
desc: ["can't be blank"]
transaction_id: ["格式错误,transaction_id为28位长的数值,其中前10位为商户网站编号(SPID)，由财付通统一分配;之后8位为订单产生的日期,如20050415;最后10位商户需要保证一天内不同的事务(用户订购一次商品或购买一次服务),其ID不相同"]
sign: ["invalid sign"]
I, [2012-01-13T23:31:30.566775 #27673]  INFO -- : bank_type: ["can't be blank"]
desc: ["can't be blank"]
transaction_id: ["格式错误,transaction_id为28位长的数值,其中前10位为商户网站编号(SPID)，由财付通统一分配;之后8位为订单产生的日期,如20050415;最后10位商户需要保证一天内不同的事务(用户订购一次商品或购买一次服务),其ID不相同"]
sign: ["invalid sign"]
I, [2012-01-13T23:31:30.572712 #27673]  INFO -- : bank_type: ["can't be blank"]
desc: ["can't be blank"]
transaction_id: ["格式错误,transaction_id为28位长的数值,其中前10位为商户网站编号(SPID)，由财付通统一分配;之后8位为订单产生的日期,如20050415;最后10位商户需要保证一天内不同的事务(用户订购一次商品或购买一次服务),其ID不相同"]
I, [2012-01-13T23:32:17.914435 #28564]  INFO -- : partner: ["can't be blank"]
notify_url: ["can't be blank"]
return_url: ["can't be blank"]
sign: ["can't be blank", "invalid sign"]
sign_type: ["can't be blank"]
subject: ["can't be blank"]
out_trade_no: ["can't be blank"]
payment_type: ["can't be blank"]
money: ["price and total_fee can not both be blank"]
seller: ["seller_email and seller_id can not both be blank"]
I, [2012-01-13T23:32:17.921253 #28564]  INFO -- : partner: ["can't be blank"]
notify_url: ["can't be blank"]
return_url: ["can't be blank"]
sign: ["can't be blank", "invalid sign"]
sign_type: ["can't be blank"]
subject: ["can't be blank"]
out_trade_no: ["can't be blank"]
payment_type: ["can't be blank"]
money: ["price and total_fee can not both be blank"]
seller: ["seller_email and seller_id can not both be blank"]
_input_charset: ["should be utf-8 or gb2312"]
I, [2012-01-13T23:32:17.953740 #28564]  INFO -- : partner: ["can't be blank"]
notify_url: ["can't be blank"]
return_url: ["can't be blank"]
sign: ["can't be blank", "invalid sign"]
sign_type: ["can't be blank"]
subject: ["can't be blank"]
out_trade_no: ["can't be blank"]
payment_type: ["can't be blank"]
money: ["price and total_fee can not both be blank"]
seller: ["seller_email and seller_id can not both be blank"]
I, [2012-01-13T23:32:17.959601 #28564]  INFO -- : partner: ["can't be blank"]
notify_url: ["can't be blank"]
return_url: ["can't be blank"]
sign: ["can't be blank", "invalid sign"]
sign_type: ["can't be blank"]
subject: ["can't be blank"]
out_trade_no: ["can't be blank"]
payment_type: ["can't be blank"]
money: ["price and total_fee can not both be blank"]
seller: ["seller_email and seller_id can not both be blank"]
I, [2012-01-13T23:32:17.966478 #28564]  INFO -- : partner: ["can't be blank"]
notify_url: ["can't be blank"]
return_url: ["can't be blank"]
sign: ["can't be blank", "invalid sign"]
sign_type: ["can't be blank"]
subject: ["can't be blank"]
out_trade_no: ["can't be blank"]
payment_type: ["can't be blank"]
price: ["format should be Number(13, 2)"]
total_fee: ["format should be Number(13, 2)"]
money: ["price和total_fee不能同时出现"]
quantity: ["if price is not blank, must input quantity"]
seller: ["seller_email and seller_id can not both be blank"]
I, [2012-01-13T23:32:17.973251 #28564]  INFO -- : partner: ["can't be blank"]
notify_url: ["can't be blank"]
return_url: ["can't be blank"]
sign: ["can't be blank", "invalid sign"]
sign_type: ["can't be blank"]
subject: ["can't be blank"]
out_trade_no: ["can't be blank"]
payment_type: ["can't be blank"]
quantity: ["if price is not blank, must input quantity"]
seller: ["seller_email and seller_id can not both be blank"]
I, [2012-01-13T23:32:17.980021 #28564]  INFO -- : partner: ["can't be blank"]
notify_url: ["can't be blank"]
return_url: ["can't be blank"]
sign: ["can't be blank", "invalid sign"]
sign_type: ["can't be blank"]
subject: ["can't be blank"]
out_trade_no: ["can't be blank"]
payment_type: ["can't be blank"]
money: ["price and total_fee can not both be blank"]
seller: ["seller_email and seller_id can not both be blank"]
I, [2012-01-13T23:32:17.987795 #28564]  INFO -- : notify_url: ["can't be blank"]
return_url: ["can't be blank"]
sign: ["can't be blank", "invalid sign"]
sign_type: ["can't be blank"]
subject: ["can't be blank"]
out_trade_no: ["can't be blank"]
partner: ["is too long (maximum is 16 characters)", "not exist"]
payment_type: ["is too long (maximum is 4 characters)"]
money: ["price and total_fee can not both be blank"]
seller: ["seller_email and seller_id can not both be blank"]
I, [2012-01-13T23:32:17.994010 #28564]  INFO -- : partner: ["can't be blank"]
notify_url: ["can't be blank"]
return_url: ["can't be blank"]
sign: ["can't be blank", "invalid sign"]
sign_type: ["can't be blank"]
subject: ["can't be blank"]
out_trade_no: ["can't be blank"]
payment_type: ["can't be blank"]
quantity: ["should be integer and between 1~999999"]
money: ["price and total_fee can not both be blank"]
seller: ["seller_email and seller_id can not both be blank"]
I, [2012-01-13T23:32:18.001586 #28564]  INFO -- : partner: ["can't be blank"]
notify_url: ["can't be blank"]
return_url: ["can't be blank"]
sign: ["can't be blank", "invalid sign"]
sign_type: ["can't be blank"]
subject: ["can't be blank"]
out_trade_no: ["can't be blank"]
payment_type: ["can't be blank"]
quantity: ["should be integer and between 1~999999"]
money: ["price and total_fee can not both be blank"]
seller: ["seller_email and seller_id can not both be blank"]
I, [2012-01-13T23:32:18.007445 #28564]  INFO -- : partner: ["can't be blank"]
notify_url: ["can't be blank"]
return_url: ["can't be blank"]
sign: ["can't be blank", "invalid sign"]
sign_type: ["can't be blank"]
subject: ["can't be blank"]
out_trade_no: ["can't be blank"]
payment_type: ["can't be blank"]
quantity: ["should be integer and between 1~999999"]
money: ["price and total_fee can not both be blank"]
seller: ["seller_email and seller_id can not both be blank"]
I, [2012-01-13T23:32:18.015269 #28564]  INFO -- : notify_url: ["can't be blank"]
return_url: ["can't be blank"]
sign: ["can't be blank", "invalid sign"]
sign_type: ["can't be blank"]
subject: ["can't be blank"]
out_trade_no: ["can't be blank"]
payment_type: ["can't be blank"]
money: ["price and total_fee can not both be blank"]
seller: ["seller_email and seller_id can not both be blank"]
partner: ["not exist"]
I, [2012-01-13T23:32:18.021004 #28564]  INFO -- : notify_url: ["can't be blank"]
return_url: ["can't be blank"]
sign: ["can't be blank", "invalid sign"]
sign_type: ["can't be blank"]
subject: ["can't be blank"]
out_trade_no: ["can't be blank"]
payment_type: ["can't be blank"]
money: ["price and total_fee can not both be blank"]
seller: ["seller_email and seller_id can not both be blank"]
I, [2012-01-13T23:32:18.028119 #28564]  INFO -- : service: ["can't be blank"]
partner: ["can't be blank"]
notify_url: ["can't be blank"]
return_url: ["can't be blank"]
sign: ["can't be blank", "invalid sign"]
sign_type: ["can't be blank"]
subject: ["can't be blank"]
out_trade_no: ["can't be blank"]
payment_type: ["can't be blank"]
money: ["price and total_fee can not both be blank"]
seller: ["seller_email and seller_id can not both be blank"]
I, [2012-01-13T23:32:18.034566 #28564]  INFO -- : partner: ["can't be blank"]
notify_url: ["can't be blank"]
return_url: ["can't be blank"]
sign: ["can't be blank", "invalid sign"]
sign_type: ["can't be blank"]
subject: ["can't be blank"]
out_trade_no: ["can't be blank"]
payment_type: ["can't be blank"]
money: ["price和total_fee不能同时出现"]
quantity: ["if price is not blank, must input quantity"]
seller: ["seller_email and seller_id can not both be blank"]
I, [2012-01-13T23:32:18.040711 #28564]  INFO -- : partner: ["can't be blank"]
notify_url: ["can't be blank"]
return_url: ["can't be blank"]
sign: ["can't be blank", "invalid sign"]
sign_type: ["can't be blank"]
subject: ["can't be blank"]
out_trade_no: ["can't be blank"]
payment_type: ["can't be blank"]
money: ["price and total_fee can not both be blank"]
seller: ["seller_email and seller_id can not both be blank"]
I, [2012-01-13T23:32:18.048056 #28564]  INFO -- : notify_url: ["can't be blank"]
return_url: ["can't be blank"]
sign_type: ["can't be blank"]
subject: ["can't be blank"]
out_trade_no: ["can't be blank"]
payment_type: ["can't be blank"]
money: ["price and total_fee can not both be blank"]
seller: ["seller_email and seller_id can not both be blank"]
sign: ["invalid sign"]
I, [2012-01-13T23:32:18.054058 #28564]  INFO -- : notify_url: ["can't be blank"]
return_url: ["can't be blank"]
sign_type: ["can't be blank"]
subject: ["can't be blank"]
out_trade_no: ["can't be blank"]
payment_type: ["can't be blank"]
money: ["price and total_fee can not both be blank"]
seller: ["seller_email and seller_id can not both be blank"]
I, [2012-01-13T23:32:18.066408 #28564]  INFO -- : v_md5info: ["can't be blank"]
sign: ["invalid v_md5info"]
I, [2012-01-13T23:32:18.073908 #28564]  INFO -- : v_md5info: ["can't be blank"]
sign: ["invalid v_md5info"]
v_oid: ["is too long (maximum is 64 characters)"]
v_url: ["is too long (maximum is 200 characters)"]
I, [2012-01-13T23:32:18.080720 #28564]  INFO -- : v_md5info: ["can't be blank"]
sign: ["invalid v_md5info"]
v_amount: ["format should be Number(6, 2)"]
I, [2012-01-13T23:32:18.086867 #28564]  INFO -- : v_md5info: ["can't be blank"]
sign: ["invalid v_md5info"]
v_mid: ["商户编号不存在"]
I, [2012-01-13T23:32:18.092603 #28564]  INFO -- : v_md5info: ["can't be blank"]
sign: ["invalid v_md5info"]
I, [2012-01-13T23:32:18.098347 #28564]  INFO -- : v_mid: ["can't be blank"]
v_oid: ["can't be blank"]
v_amount: ["can't be blank"]
v_moneytype: ["can't be blank"]
v_url: ["can't be blank"]
v_md5info: ["can't be blank"]
sign: ["invalid v_md5info"]
I, [2012-01-13T23:32:18.105593 #28564]  INFO -- : sign: ["invalid v_md5info"]
I, [2012-01-13T23:32:23.284333 #28564]  INFO -- : 2012-01-13 23:32:23 +0800:/home/jim/workspace/magpie/lib/magpie/rubber.rb:7}:/home/jim/.rvm/rubies/ruby-1.9.2-p136/lib/ruby/1.9.1/net/http.rb:644:in `initialize'
/home/jim/.rvm/rubies/ruby-1.9.2-p136/lib/ruby/1.9.1/net/http.rb:644:in `open'
/home/jim/.rvm/rubies/ruby-1.9.2-p136/lib/ruby/1.9.1/net/http.rb:644:in `block in connect'
/home/jim/.rvm/rubies/ruby-1.9.2-p136/lib/ruby/1.9.1/timeout.rb:44:in `timeout'
/home/jim/.rvm/rubies/ruby-1.9.2-p136/lib/ruby/1.9.1/timeout.rb:87:in `timeout'
/home/jim/.rvm/rubies/ruby-1.9.2-p136/lib/ruby/1.9.1/net/http.rb:644:in `connect'
/home/jim/.rvm/rubies/ruby-1.9.2-p136/lib/ruby/1.9.1/net/http.rb:637:in `do_start'
/home/jim/.rvm/rubies/ruby-1.9.2-p136/lib/ruby/1.9.1/net/http.rb:626:in `start'
/home/jim/workspace/magpie/lib/magpie/utils.rb:89:in `start_http'
I, [2012-01-13T23:32:23.296787 #28564]  INFO -- : 2012-01-13 23:32:23 +0800:/home/jim/workspace/magpie/lib/magpie/rubber.rb:7}:/home/jim/.rvm/rubies/ruby-1.9.2-p136/lib/ruby/1.9.1/net/http.rb:644:in `initialize'
/home/jim/.rvm/rubies/ruby-1.9.2-p136/lib/ruby/1.9.1/net/http.rb:644:in `open'
/home/jim/.rvm/rubies/ruby-1.9.2-p136/lib/ruby/1.9.1/net/http.rb:644:in `block in connect'
/home/jim/.rvm/rubies/ruby-1.9.2-p136/lib/ruby/1.9.1/timeout.rb:44:in `timeout'
/home/jim/.rvm/rubies/ruby-1.9.2-p136/lib/ruby/1.9.1/timeout.rb:87:in `timeout'
/home/jim/.rvm/rubies/ruby-1.9.2-p136/lib/ruby/1.9.1/net/http.rb:644:in `connect'
/home/jim/.rvm/rubies/ruby-1.9.2-p136/lib/ruby/1.9.1/net/http.rb:637:in `do_start'
/home/jim/.rvm/rubies/ruby-1.9.2-p136/lib/ruby/1.9.1/net/http.rb:626:in `start'
/home/jim/workspace/magpie/lib/magpie/utils.rb:89:in `start_http'
I, [2012-01-13T23:32:23.308894 #28564]  INFO -- : 2012-01-13 23:32:23 +0800:/home/jim/workspace/magpie/lib/magpie/rubber.rb:7}:/home/jim/.rvm/rubies/ruby-1.9.2-p136/lib/ruby/1.9.1/net/http.rb:644:in `initialize'
/home/jim/.rvm/rubies/ruby-1.9.2-p136/lib/ruby/1.9.1/net/http.rb:644:in `open'
/home/jim/.rvm/rubies/ruby-1.9.2-p136/lib/ruby/1.9.1/net/http.rb:644:in `block in connect'
/home/jim/.rvm/rubies/ruby-1.9.2-p136/lib/ruby/1.9.1/timeout.rb:44:in `timeout'
/home/jim/.rvm/rubies/ruby-1.9.2-p136/lib/ruby/1.9.1/timeout.rb:87:in `timeout'
/home/jim/.rvm/rubies/ruby-1.9.2-p136/lib/ruby/1.9.1/net/http.rb:644:in `connect'
/home/jim/.rvm/rubies/ruby-1.9.2-p136/lib/ruby/1.9.1/net/http.rb:637:in `do_start'
/home/jim/.rvm/rubies/ruby-1.9.2-p136/lib/ruby/1.9.1/net/http.rb:626:in `start'
/home/jim/workspace/magpie/lib/magpie/utils.rb:89:in `start_http'
I, [2012-01-13T23:32:23.320190 #28564]  INFO -- : 2012-01-13 23:32:23 +0800:/home/jim/workspace/magpie/lib/magpie/rubber.rb:7}:/home/jim/.rvm/rubies/ruby-1.9.2-p136/lib/ruby/1.9.1/net/http.rb:644:in `initialize'
/home/jim/.rvm/rubies/ruby-1.9.2-p136/lib/ruby/1.9.1/net/http.rb:644:in `open'
/home/jim/.rvm/rubies/ruby-1.9.2-p136/lib/ruby/1.9.1/net/http.rb:644:in `block in connect'
/home/jim/.rvm/rubies/ruby-1.9.2-p136/lib/ruby/1.9.1/timeout.rb:44:in `timeout'
/home/jim/.rvm/rubies/ruby-1.9.2-p136/lib/ruby/1.9.1/timeout.rb:87:in `timeout'
/home/jim/.rvm/rubies/ruby-1.9.2-p136/lib/ruby/1.9.1/net/http.rb:644:in `connect'
/home/jim/.rvm/rubies/ruby-1.9.2-p136/lib/ruby/1.9.1/net/http.rb:637:in `do_start'
/home/jim/.rvm/rubies/ruby-1.9.2-p136/lib/ruby/1.9.1/net/http.rb:626:in `start'
/home/jim/workspace/magpie/lib/magpie/utils.rb:89:in `start_http'
I, [2012-01-13T23:32:23.332635 #28564]  INFO -- : 2012-01-13 23:32:23 +0800:/home/jim/workspace/magpie/lib/magpie/rubber.rb:7}:/home/jim/.rvm/rubies/ruby-1.9.2-p136/lib/ruby/1.9.1/net/http.rb:644:in `initialize'
/home/jim/.rvm/rubies/ruby-1.9.2-p136/lib/ruby/1.9.1/net/http.rb:644:in `open'
/home/jim/.rvm/rubies/ruby-1.9.2-p136/lib/ruby/1.9.1/net/http.rb:644:in `block in connect'
/home/jim/.rvm/rubies/ruby-1.9.2-p136/lib/ruby/1.9.1/timeout.rb:44:in `timeout'
/home/jim/.rvm/rubies/ruby-1.9.2-p136/lib/ruby/1.9.1/timeout.rb:87:in `timeout'
/home/jim/.rvm/rubies/ruby-1.9.2-p136/lib/ruby/1.9.1/net/http.rb:644:in `connect'
/home/jim/.rvm/rubies/ruby-1.9.2-p136/lib/ruby/1.9.1/net/http.rb:637:in `do_start'
/home/jim/.rvm/rubies/ruby-1.9.2-p136/lib/ruby/1.9.1/net/http.rb:626:in `start'
/home/jim/workspace/magpie/lib/magpie/utils.rb:89:in `start_http'
I, [2012-01-13T23:32:23.342525 #28564]  INFO -- : 2012-01-13 23:32:23 +0800:/home/jim/workspace/magpie/lib/magpie/rubber.rb:7}:/home/jim/.rvm/rubies/ruby-1.9.2-p136/lib/ruby/1.9.1/net/http.rb:644:in `initialize'
/home/jim/.rvm/rubies/ruby-1.9.2-p136/lib/ruby/1.9.1/net/http.rb:644:in `open'
/home/jim/.rvm/rubies/ruby-1.9.2-p136/lib/ruby/1.9.1/net/http.rb:644:in `block in connect'
/home/jim/.rvm/rubies/ruby-1.9.2-p136/lib/ruby/1.9.1/timeout.rb:44:in `timeout'
/home/jim/.rvm/rubies/ruby-1.9.2-p136/lib/ruby/1.9.1/timeout.rb:87:in `timeout'
/home/jim/.rvm/rubies/ruby-1.9.2-p136/lib/ruby/1.9.1/net/http.rb:644:in `connect'
/home/jim/.rvm/rubies/ruby-1.9.2-p136/lib/ruby/1.9.1/net/http.rb:637:in `do_start'
/home/jim/.rvm/rubies/ruby-1.9.2-p136/lib/ruby/1.9.1/net/http.rb:626:in `start'
/home/jim/workspace/magpie/lib/magpie/utils.rb:89:in `start_http'
I, [2012-01-13T23:32:23.343864 #28564]  INFO -- : 2012-01-13 23:32:23 +0800:/home/jim/workspace/magpie/lib/magpie/rubber.rb:7}:/home/jim/.rvm/rubies/ruby-1.9.2-p136/lib/ruby/1.9.1/net/http.rb:1593:in `set_form_data'
/home/jim/workspace/magpie/lib/magpie/utils.rb:101:in `post_query'
/home/jim/workspace/magpie/lib/magpie/utils.rb:114:in `block (2 levels) in send_notify'
/home/jim/.rvm/rubies/ruby-1.9.2-p136/lib/ruby/1.9.1/timeout.rb:57:in `timeout'
/home/jim/.rvm/rubies/ruby-1.9.2-p136/lib/ruby/1.9.1/timeout.rb:87:in `timeout'
/home/jim/workspace/magpie/lib/magpie/utils.rb:111:in `block in send_notify'
/home/jim/workspace/magpie/lib/magpie/rubber.rb:5:in `try'
/home/jim/workspace/magpie/lib/magpie/utils.rb:110:in `send_notify'
/home/jim/workspace/magpie/test/test_utils.rb:13:in `test_send_notify_timeout'
I, [2012-01-13T23:32:23.344829 #28564]  INFO -- : 2012-01-13 23:32:23 +0800:/home/jim/workspace/magpie/lib/magpie/rubber.rb:7}:/home/jim/.rvm/rubies/ruby-1.9.2-p136/lib/ruby/1.9.1/net/http.rb:1593:in `set_form_data'
/home/jim/workspace/magpie/lib/magpie/utils.rb:101:in `post_query'
/home/jim/workspace/magpie/lib/magpie/utils.rb:114:in `block (2 levels) in send_notify'
/home/jim/.rvm/rubies/ruby-1.9.2-p136/lib/ruby/1.9.1/timeout.rb:57:in `timeout'
/home/jim/.rvm/rubies/ruby-1.9.2-p136/lib/ruby/1.9.1/timeout.rb:87:in `timeout'
/home/jim/workspace/magpie/lib/magpie/utils.rb:111:in `block in send_notify'
/home/jim/workspace/magpie/lib/magpie/rubber.rb:5:in `try'
/home/jim/workspace/magpie/lib/magpie/utils.rb:110:in `send_notify'
/home/jim/workspace/magpie/test/test_utils.rb:13:in `test_send_notify_timeout'
I, [2012-01-13T23:32:23.345705 #28564]  INFO -- : 2012-01-13 23:32:23 +0800:/home/jim/workspace/magpie/lib/magpie/rubber.rb:7}:/home/jim/.rvm/rubies/ruby-1.9.2-p136/lib/ruby/1.9.1/net/http.rb:1593:in `set_form_data'
/home/jim/workspace/magpie/lib/magpie/utils.rb:101:in `post_query'
/home/jim/workspace/magpie/lib/magpie/utils.rb:114:in `block (2 levels) in send_notify'
/home/jim/.rvm/rubies/ruby-1.9.2-p136/lib/ruby/1.9.1/timeout.rb:57:in `timeout'
/home/jim/.rvm/rubies/ruby-1.9.2-p136/lib/ruby/1.9.1/timeout.rb:87:in `timeout'
/home/jim/workspace/magpie/lib/magpie/utils.rb:111:in `block in send_notify'
/home/jim/workspace/magpie/lib/magpie/rubber.rb:5:in `try'
/home/jim/workspace/magpie/lib/magpie/utils.rb:110:in `send_notify'
/home/jim/workspace/magpie/test/test_utils.rb:13:in `test_send_notify_timeout'
I, [2012-01-13T23:32:23.358019 #28564]  INFO -- : service: ["can't be blank"]
partner: ["can't be blank"]
notify_url: ["can't be blank"]
return_url: ["can't be blank"]
sign: ["can't be blank", "invalid sign"]
sign_type: ["can't be blank"]
subject: ["can't be blank"]
out_trade_no: ["can't be blank"]
payment_type: ["can't be blank"]
money: ["price and total_fee can not both be blank"]
seller: ["seller_email and seller_id can not both be blank"]
I, [2012-01-13T23:32:23.376325 #28564]  INFO -- : v_mid: ["can't be blank"]
v_oid: ["can't be blank"]
v_amount: ["can't be blank"]
v_moneytype: ["can't be blank"]
v_url: ["can't be blank"]
v_md5info: ["can't be blank"]
sign: ["invalid v_md5info"]
I, [2012-01-13T23:32:23.392706 #28564]  INFO -- : v_mid: ["can't be blank"]
v_oid: ["can't be blank"]
v_amount: ["can't be blank"]
v_moneytype: ["can't be blank"]
v_url: ["can't be blank"]
v_md5info: ["can't be blank"]
sign: ["invalid v_md5info"]
I, [2012-01-13T23:32:23.410235 #28564]  INFO -- : #<NoMethodError: undefined method `split' for nil:NilClass>:
/home/jim/workspace/magpie/lib/middles/snake.rb:101:in `query_to_hash'
/home/jim/workspace/magpie/lib/middles/snake.rb:84:in `order_pay'
/home/jim/workspace/magpie/lib/middles/snake.rb:10:in `call'
/home/jim/workspace/magpie/lib/middles/snake.rb:10:in `block in reg'
/home/jim/workspace/magpie/lib/middles/snake.rb:24:in `call'
/home/jim/workspace/magpie/lib/middles/snake.rb:24:in `block in call'
/home/jim/workspace/magpie/lib/middles/snake.rb:22:in `each'
/home/jim/workspace/magpie/lib/middles/snake.rb:22:in `call'
/home/jim/.rvm/gems/ruby-1.9.2-p136/gems/rack-1.4.0/lib/rack/static.rb:66:in `call'
I, [2012-01-13T23:32:23.424005 #28564]  INFO -- : service: ["can't be blank"]
partner: ["can't be blank"]
notify_url: ["can't be blank"]
return_url: ["can't be blank"]
sign: ["can't be blank", "invalid sign"]
sign_type: ["can't be blank"]
subject: ["can't be blank"]
out_trade_no: ["can't be blank"]
payment_type: ["can't be blank"]
money: ["price and total_fee can not both be blank"]
seller: ["seller_email and seller_id can not both be blank"]
I, [2012-01-13T23:32:23.446782 #28564]  INFO -- : cmdno: ["can't be blank"]
date: ["can't be blank"]
bank_type: ["can't be blank"]
desc: ["can't be blank"]
bargainor_id: ["can't be blank"]
transaction_id: ["can't be blank"]
sp_billno: ["can't be blank"]
total_fee: ["can't be blank"]
fee_type: ["can't be blank"]
return_url: ["can't be blank"]
attach: ["can't be blank"]
spbill_create_ip: ["can't be blank"]
sign: ["can't be blank", "invalid sign"]
I, [2012-01-13T23:32:23.459317 #28564]  INFO -- : cmdno: ["can't be blank"]
date: ["can't be blank"]
bank_type: ["can't be blank"]
desc: ["can't be blank"]
bargainor_id: ["can't be blank"]
transaction_id: ["can't be blank"]
sp_billno: ["can't be blank"]
total_fee: ["can't be blank"]
fee_type: ["can't be blank"]
return_url: ["can't be blank"]
attach: ["can't be blank"]
spbill_create_ip: ["can't be blank"]
sign: ["can't be blank", "invalid sign"]
I, [2012-01-13T23:32:23.477133 #28564]  INFO -- : bank_type: ["can't be blank"]
desc: ["can't be blank"]
sign: ["can't be blank", "invalid sign"]
transaction_id: ["格式错误,transaction_id为28位长的数值,其中前10位为商户网站编号(SPID)，由财付通统一分配;之后8位为订单产生的日期,如20050415;最后10位商户需要保证一天内不同的事务(用户订购一次商品或购买一次服务),其ID不相同"]
I, [2012-01-13T23:32:23.504807 #28564]  INFO -- : bank_type: ["can't be blank"]
desc: ["can't be blank"]
sign: ["can't be blank", "invalid sign"]
transaction_id: ["格式错误,transaction_id为28位长的数值,其中前10位为商户网站编号(SPID)，由财付通统一分配;之后8位为订单产生的日期,如20050415;最后10位商户需要保证一天内不同的事务(用户订购一次商品或购买一次服务),其ID不相同"]
I, [2012-01-13T23:32:23.516248 #28564]  INFO -- : bank_type: ["can't be blank"]
desc: ["can't be blank"]
sign: ["can't be blank", "invalid sign"]
transaction_id: ["格式错误,transaction_id为28位长的数值,其中前10位为商户网站编号(SPID)，由财付通统一分配;之后8位为订单产生的日期,如20050415;最后10位商户需要保证一天内不同的事务(用户订购一次商品或购买一次服务),其ID不相同"]
I, [2012-01-13T23:32:23.521920 #28564]  INFO -- : cmdno: ["can't be blank"]
date: ["can't be blank"]
bank_type: ["can't be blank"]
desc: ["can't be blank"]
bargainor_id: ["can't be blank"]
transaction_id: ["can't be blank"]
sp_billno: ["can't be blank"]
total_fee: ["can't be blank"]
fee_type: ["can't be blank"]
return_url: ["can't be blank"]
attach: ["can't be blank"]
spbill_create_ip: ["can't be blank"]
sign: ["can't be blank", "invalid sign"]
I, [2012-01-13T23:32:23.528208 #28564]  INFO -- : bank_type: ["can't be blank"]
desc: ["can't be blank"]
sign: ["can't be blank", "invalid sign"]
I, [2012-01-13T23:32:23.534181 #28564]  INFO -- : bank_type: ["can't be blank"]
desc: ["can't be blank"]
sign: ["can't be blank", "invalid sign"]
transaction_id: ["格式错误,transaction_id为28位长的数值,其中前10位为商户网站编号(SPID)，由财付通统一分配;之后8位为订单产生的日期,如20050415;最后10位商户需要保证一天内不同的事务(用户订购一次商品或购买一次服务),其ID不相同"]
total_fee: ["格式错误,只能为数字,以分为单位,不允许包含任何字符"]
I, [2012-01-13T23:32:23.540561 #28564]  INFO -- : bank_type: ["can't be blank"]
desc: ["can't be blank"]
sign: ["can't be blank", "invalid sign"]
transaction_id: ["格式错误,transaction_id为28位长的数值,其中前10位为商户网站编号(SPID)，由财付通统一分配;之后8位为订单产生的日期,如20050415;最后10位商户需要保证一天内不同的事务(用户订购一次商品或购买一次服务),其ID不相同"]
total_fee: ["格式错误,只能为数字,以分为单位,不允许包含任何字符"]
I, [2012-01-13T23:32:23.547005 #28564]  INFO -- : bank_type: ["can't be blank"]
desc: ["can't be blank"]
sign: ["can't be blank", "invalid sign"]
transaction_id: ["格式错误,transaction_id为28位长的数值,其中前10位为商户网站编号(SPID)，由财付通统一分配;之后8位为订单产生的日期,如20050415;最后10位商户需要保证一天内不同的事务(用户订购一次商品或购买一次服务),其ID不相同"]
I, [2012-01-13T23:32:23.553141 #28564]  INFO -- : bank_type: ["can't be blank"]
desc: ["can't be blank"]
sign: ["can't be blank", "invalid sign"]
transaction_id: ["格式错误,transaction_id为28位长的数值,其中前10位为商户网站编号(SPID)，由财付通统一分配;之后8位为订单产生的日期,如20050415;最后10位商户需要保证一天内不同的事务(用户订购一次商品或购买一次服务),其ID不相同"]
fee_type: ["目前只支持人民币,请填1"]
I, [2012-01-13T23:32:23.559522 #28564]  INFO -- : bank_type: ["can't be blank"]
desc: ["can't be blank"]
sign: ["can't be blank", "invalid sign"]
transaction_id: ["格式错误,transaction_id为28位长的数值,其中前10位为商户网站编号(SPID)，由财付通统一分配;之后8位为订单产生的日期,如20050415;最后10位商户需要保证一天内不同的事务(用户订购一次商品或购买一次服务),其ID不相同"]
I, [2012-01-13T23:32:23.565720 #28564]  INFO -- : bank_type: ["can't be blank"]
desc: ["can't be blank"]
sign: ["can't be blank", "invalid sign"]
transaction_id: ["格式错误,transaction_id为28位长的数值,其中前10位为商户网站编号(SPID)，由财付通统一分配;之后8位为订单产生的日期,如20050415;最后10位商户需要保证一天内不同的事务(用户订购一次商品或购买一次服务),其ID不相同"]
spbill_create_ip: ["ip地址格式错误"]
I, [2012-01-13T23:32:23.572005 #28564]  INFO -- : bank_type: ["can't be blank"]
desc: ["can't be blank"]
sign: ["can't be blank", "invalid sign"]
transaction_id: ["格式错误,transaction_id为28位长的数值,其中前10位为商户网站编号(SPID)，由财付通统一分配;之后8位为订单产生的日期,如20050415;最后10位商户需要保证一天内不同的事务(用户订购一次商品或购买一次服务),其ID不相同"]
spbill_create_ip: ["ip地址格式错误"]
I, [2012-01-13T23:32:23.578128 #28564]  INFO -- : bank_type: ["can't be blank"]
desc: ["can't be blank"]
sign: ["can't be blank", "invalid sign"]
transaction_id: ["格式错误,transaction_id为28位长的数值,其中前10位为商户网站编号(SPID)，由财付通统一分配;之后8位为订单产生的日期,如20050415;最后10位商户需要保证一天内不同的事务(用户订购一次商品或购买一次服务),其ID不相同"]
I, [2012-01-13T23:32:23.584657 #28564]  INFO -- : bank_type: ["can't be blank"]
desc: ["can't be blank"]
sign: ["can't be blank", "invalid sign"]
transaction_id: ["格式错误,transaction_id为28位长的数值,其中前10位为商户网站编号(SPID)，由财付通统一分配;之后8位为订单产生的日期,如20050415;最后10位商户需要保证一天内不同的事务(用户订购一次商品或购买一次服务),其ID不相同"]
sp_billno: ["长度错误,应该在28个字符内"]
I, [2012-01-13T23:32:23.590445 #28564]  INFO -- : cmdno: ["can't be blank"]
date: ["can't be blank"]
bank_type: ["can't be blank"]
desc: ["can't be blank"]
bargainor_id: ["can't be blank"]
transaction_id: ["can't be blank"]
sp_billno: ["can't be blank"]
total_fee: ["can't be blank"]
fee_type: ["can't be blank"]
return_url: ["can't be blank"]
attach: ["can't be blank"]
spbill_create_ip: ["can't be blank"]
sign: ["can't be blank", "invalid sign"]
I, [2012-01-13T23:32:23.597936 #28564]  INFO -- : bank_type: ["can't be blank"]
desc: ["can't be blank"]
sign: ["can't be blank", "invalid sign"]
transaction_id: ["格式错误,transaction_id为28位长的数值,其中前10位为商户网站编号(SPID)，由财付通统一分配;之后8位为订单产生的日期,如20050415;最后10位商户需要保证一天内不同的事务(用户订购一次商品或购买一次服务),其ID不相同"]
bargainor_id: ["商户编号不存在"]
I, [2012-01-13T23:32:23.604066 #28564]  INFO -- : bank_type: ["can't be blank"]
desc: ["can't be blank"]
sign: ["can't be blank", "invalid sign"]
transaction_id: ["格式错误,transaction_id为28位长的数值,其中前10位为商户网站编号(SPID)，由财付通统一分配;之后8位为订单产生的日期,如20050415;最后10位商户需要保证一天内不同的事务(用户订购一次商品或购买一次服务),其ID不相同"]
I, [2012-01-13T23:32:23.610047 #28564]  INFO -- : cmdno: ["can't be blank"]
date: ["can't be blank"]
bank_type: ["can't be blank"]
desc: ["can't be blank"]
bargainor_id: ["can't be blank"]
transaction_id: ["can't be blank"]
sp_billno: ["can't be blank"]
total_fee: ["can't be blank"]
fee_type: ["can't be blank"]
return_url: ["can't be blank"]
attach: ["can't be blank"]
spbill_create_ip: ["can't be blank"]
sign: ["can't be blank", "invalid sign"]
I, [2012-01-13T23:32:23.617079 #28564]  INFO -- : bank_type: ["can't be blank"]
desc: ["can't be blank"]
transaction_id: ["格式错误,transaction_id为28位长的数值,其中前10位为商户网站编号(SPID)，由财付通统一分配;之后8位为订单产生的日期,如20050415;最后10位商户需要保证一天内不同的事务(用户订购一次商品或购买一次服务),其ID不相同"]
sign: ["sign签名必须大写", "invalid sign"]
I, [2012-01-13T23:32:23.623210 #28564]  INFO -- : bank_type: ["can't be blank"]
desc: ["can't be blank"]
transaction_id: ["格式错误,transaction_id为28位长的数值,其中前10位为商户网站编号(SPID)，由财付通统一分配;之后8位为订单产生的日期,如20050415;最后10位商户需要保证一天内不同的事务(用户订购一次商品或购买一次服务),其ID不相同"]
sign: ["invalid sign"]
I, [2012-01-13T23:32:23.629545 #28564]  INFO -- : bank_type: ["can't be blank"]
desc: ["can't be blank"]
transaction_id: ["格式错误,transaction_id为28位长的数值,其中前10位为商户网站编号(SPID)，由财付通统一分配;之后8位为订单产生的日期,如20050415;最后10位商户需要保证一天内不同的事务(用户订购一次商品或购买一次服务),其ID不相同"]
sign: ["invalid sign"]
I, [2012-01-13T23:32:23.636178 #28564]  INFO -- : bank_type: ["can't be blank"]
desc: ["can't be blank"]
transaction_id: ["格式错误,transaction_id为28位长的数值,其中前10位为商户网站编号(SPID)，由财付通统一分配;之后8位为订单产生的日期,如20050415;最后10位商户需要保证一天内不同的事务(用户订购一次商品或购买一次服务),其ID不相同"]
I, [2012-01-13T23:33:17.223211 #29981]  INFO -- : partner: ["can't be blank"]
notify_url: ["can't be blank"]
return_url: ["can't be blank"]
sign: ["can't be blank", "invalid sign"]
sign_type: ["can't be blank"]
subject: ["can't be blank"]
out_trade_no: ["can't be blank"]
payment_type: ["can't be blank"]
money: ["price and total_fee can not both be blank"]
seller: ["seller_email and seller_id can not both be blank"]
I, [2012-01-13T23:33:17.229719 #29981]  INFO -- : partner: ["can't be blank"]
notify_url: ["can't be blank"]
return_url: ["can't be blank"]
sign: ["can't be blank", "invalid sign"]
sign_type: ["can't be blank"]
subject: ["can't be blank"]
out_trade_no: ["can't be blank"]
payment_type: ["can't be blank"]
money: ["price and total_fee can not both be blank"]
seller: ["seller_email and seller_id can not both be blank"]
_input_charset: ["should be utf-8 or gb2312"]
I, [2012-01-13T23:33:17.254235 #29981]  INFO -- : partner: ["can't be blank"]
notify_url: ["can't be blank"]
return_url: ["can't be blank"]
sign: ["can't be blank", "invalid sign"]
sign_type: ["can't be blank"]
subject: ["can't be blank"]
out_trade_no: ["can't be blank"]
payment_type: ["can't be blank"]
money: ["price and total_fee can not both be blank"]
seller: ["seller_email and seller_id can not both be blank"]
I, [2012-01-13T23:33:17.260380 #29981]  INFO -- : partner: ["can't be blank"]
notify_url: ["can't be blank"]
return_url: ["can't be blank"]
sign: ["can't be blank", "invalid sign"]
sign_type: ["can't be blank"]
subject: ["can't be blank"]
out_trade_no: ["can't be blank"]
payment_type: ["can't be blank"]
money: ["price and total_fee can not both be blank"]
seller: ["seller_email and seller_id can not both be blank"]
I, [2012-01-13T23:33:17.267204 #29981]  INFO -- : partner: ["can't be blank"]
notify_url: ["can't be blank"]
return_url: ["can't be blank"]
sign: ["can't be blank", "invalid sign"]
sign_type: ["can't be blank"]
subject: ["can't be blank"]
out_trade_no: ["can't be blank"]
payment_type: ["can't be blank"]
price: ["format should be Number(13, 2)"]
total_fee: ["format should be Number(13, 2)"]
money: ["price和total_fee不能同时出现"]
quantity: ["if price is not blank, must input quantity"]
seller: ["seller_email and seller_id can not both be blank"]
I, [2012-01-13T23:33:17.274394 #29981]  INFO -- : partner: ["can't be blank"]
notify_url: ["can't be blank"]
return_url: ["can't be blank"]
sign: ["can't be blank", "invalid sign"]
sign_type: ["can't be blank"]
subject: ["can't be blank"]
out_trade_no: ["can't be blank"]
payment_type: ["can't be blank"]
quantity: ["if price is not blank, must input quantity"]
seller: ["seller_email and seller_id can not both be blank"]
I, [2012-01-13T23:33:17.282294 #29981]  INFO -- : partner: ["can't be blank"]
notify_url: ["can't be blank"]
return_url: ["can't be blank"]
sign: ["can't be blank", "invalid sign"]
sign_type: ["can't be blank"]
subject: ["can't be blank"]
out_trade_no: ["can't be blank"]
payment_type: ["can't be blank"]
money: ["price and total_fee can not both be blank"]
seller: ["seller_email and seller_id can not both be blank"]
I, [2012-01-13T23:33:17.288729 #29981]  INFO -- : notify_url: ["can't be blank"]
return_url: ["can't be blank"]
sign: ["can't be blank", "invalid sign"]
sign_type: ["can't be blank"]
subject: ["can't be blank"]
out_trade_no: ["can't be blank"]
partner: ["is too long (maximum is 16 characters)", "not exist"]
payment_type: ["is too long (maximum is 4 characters)"]
money: ["price and total_fee can not both be blank"]
seller: ["seller_email and seller_id can not both be blank"]
I, [2012-01-13T23:33:17.295689 #29981]  INFO -- : partner: ["can't be blank"]
notify_url: ["can't be blank"]
return_url: ["can't be blank"]
sign: ["can't be blank", "invalid sign"]
sign_type: ["can't be blank"]
subject: ["can't be blank"]
out_trade_no: ["can't be blank"]
payment_type: ["can't be blank"]
quantity: ["should be integer and between 1~999999"]
money: ["price and total_fee can not both be blank"]
seller: ["seller_email and seller_id can not both be blank"]
I, [2012-01-13T23:33:17.301876 #29981]  INFO -- : partner: ["can't be blank"]
notify_url: ["can't be blank"]
return_url: ["can't be blank"]
sign: ["can't be blank", "invalid sign"]
sign_type: ["can't be blank"]
subject: ["can't be blank"]
out_trade_no: ["can't be blank"]
payment_type: ["can't be blank"]
quantity: ["should be integer and between 1~999999"]
money: ["price and total_fee can not both be blank"]
seller: ["seller_email and seller_id can not both be blank"]
I, [2012-01-13T23:33:17.307771 #29981]  INFO -- : partner: ["can't be blank"]
notify_url: ["can't be blank"]
return_url: ["can't be blank"]
sign: ["can't be blank", "invalid sign"]
sign_type: ["can't be blank"]
subject: ["can't be blank"]
out_trade_no: ["can't be blank"]
payment_type: ["can't be blank"]
quantity: ["should be integer and between 1~999999"]
money: ["price and total_fee can not both be blank"]
seller: ["seller_email and seller_id can not both be blank"]
I, [2012-01-13T23:33:17.313820 #29981]  INFO -- : notify_url: ["can't be blank"]
return_url: ["can't be blank"]
sign: ["can't be blank", "invalid sign"]
sign_type: ["can't be blank"]
subject: ["can't be blank"]
out_trade_no: ["can't be blank"]
payment_type: ["can't be blank"]
money: ["price and total_fee can not both be blank"]
seller: ["seller_email and seller_id can not both be blank"]
partner: ["not exist"]
I, [2012-01-13T23:33:17.320065 #29981]  INFO -- : notify_url: ["can't be blank"]
return_url: ["can't be blank"]
sign: ["can't be blank", "invalid sign"]
sign_type: ["can't be blank"]
subject: ["can't be blank"]
out_trade_no: ["can't be blank"]
payment_type: ["can't be blank"]
money: ["price and total_fee can not both be blank"]
seller: ["seller_email and seller_id can not both be blank"]
I, [2012-01-13T23:33:17.327011 #29981]  INFO -- : service: ["can't be blank"]
partner: ["can't be blank"]
notify_url: ["can't be blank"]
return_url: ["can't be blank"]
sign: ["can't be blank", "invalid sign"]
sign_type: ["can't be blank"]
subject: ["can't be blank"]
out_trade_no: ["can't be blank"]
payment_type: ["can't be blank"]
money: ["price and total_fee can not both be blank"]
seller: ["seller_email and seller_id can not both be blank"]
I, [2012-01-13T23:33:17.333273 #29981]  INFO -- : partner: ["can't be blank"]
notify_url: ["can't be blank"]
return_url: ["can't be blank"]
sign: ["can't be blank", "invalid sign"]
sign_type: ["can't be blank"]
subject: ["can't be blank"]
out_trade_no: ["can't be blank"]
payment_type: ["can't be blank"]
money: ["price和total_fee不能同时出现"]
quantity: ["if price is not blank, must input quantity"]
seller: ["seller_email and seller_id can not both be blank"]
I, [2012-01-13T23:33:17.339483 #29981]  INFO -- : partner: ["can't be blank"]
notify_url: ["can't be blank"]
return_url: ["can't be blank"]
sign: ["can't be blank", "invalid sign"]
sign_type: ["can't be blank"]
subject: ["can't be blank"]
out_trade_no: ["can't be blank"]
payment_type: ["can't be blank"]
money: ["price and total_fee can not both be blank"]
seller: ["seller_email and seller_id can not both be blank"]
I, [2012-01-13T23:33:17.345765 #29981]  INFO -- : notify_url: ["can't be blank"]
return_url: ["can't be blank"]
sign_type: ["can't be blank"]
subject: ["can't be blank"]
out_trade_no: ["can't be blank"]
payment_type: ["can't be blank"]
money: ["price and total_fee can not both be blank"]
seller: ["seller_email and seller_id can not both be blank"]
sign: ["invalid sign"]
I, [2012-01-13T23:33:17.352067 #29981]  INFO -- : notify_url: ["can't be blank"]
return_url: ["can't be blank"]
sign_type: ["can't be blank"]
subject: ["can't be blank"]
out_trade_no: ["can't be blank"]
payment_type: ["can't be blank"]
money: ["price and total_fee can not both be blank"]
seller: ["seller_email and seller_id can not both be blank"]
I, [2012-01-13T23:33:17.365418 #29981]  INFO -- : v_md5info: ["can't be blank"]
sign: ["invalid v_md5info"]
I, [2012-01-13T23:33:17.373148 #29981]  INFO -- : v_md5info: ["can't be blank"]
sign: ["invalid v_md5info"]
v_oid: ["is too long (maximum is 64 characters)"]
v_url: ["is too long (maximum is 200 characters)"]
I, [2012-01-13T23:33:17.379590 #29981]  INFO -- : v_md5info: ["can't be blank"]
sign: ["invalid v_md5info"]
v_amount: ["format should be Number(6, 2)"]
I, [2012-01-13T23:33:17.386512 #29981]  INFO -- : v_md5info: ["can't be blank"]
sign: ["invalid v_md5info"]
v_mid: ["商户编号不存在"]
I, [2012-01-13T23:33:17.392377 #29981]  INFO -- : v_md5info: ["can't be blank"]
sign: ["invalid v_md5info"]
I, [2012-01-13T23:33:17.398754 #29981]  INFO -- : v_mid: ["can't be blank"]
v_oid: ["can't be blank"]
v_amount: ["can't be blank"]
v_moneytype: ["can't be blank"]
v_url: ["can't be blank"]
v_md5info: ["can't be blank"]
sign: ["invalid v_md5info"]
I, [2012-01-13T23:33:17.405410 #29981]  INFO -- : sign: ["invalid v_md5info"]
I, [2012-01-13T23:33:17.436807 #29981]  INFO -- : 2012-01-13 23:33:17 +0800:/home/jim/workspace/magpie/lib/magpie/rubber.rb:7}:/home/jim/.rvm/rubies/ruby-1.9.2-p136/lib/ruby/1.9.1/net/http.rb:644:in `initialize'
/home/jim/.rvm/rubies/ruby-1.9.2-p136/lib/ruby/1.9.1/net/http.rb:644:in `open'
/home/jim/.rvm/rubies/ruby-1.9.2-p136/lib/ruby/1.9.1/net/http.rb:644:in `block in connect'
/home/jim/.rvm/rubies/ruby-1.9.2-p136/lib/ruby/1.9.1/timeout.rb:44:in `timeout'
/home/jim/.rvm/rubies/ruby-1.9.2-p136/lib/ruby/1.9.1/timeout.rb:87:in `timeout'
/home/jim/.rvm/rubies/ruby-1.9.2-p136/lib/ruby/1.9.1/net/http.rb:644:in `connect'
/home/jim/.rvm/rubies/ruby-1.9.2-p136/lib/ruby/1.9.1/net/http.rb:637:in `do_start'
/home/jim/.rvm/rubies/ruby-1.9.2-p136/lib/ruby/1.9.1/net/http.rb:626:in `start'
/home/jim/workspace/magpie/lib/magpie/utils.rb:89:in `start_http'
I, [2012-01-13T23:33:17.456338 #29981]  INFO -- : 2012-01-13 23:33:17 +0800:/home/jim/workspace/magpie/lib/magpie/rubber.rb:7}:/home/jim/.rvm/rubies/ruby-1.9.2-p136/lib/ruby/1.9.1/net/http.rb:644:in `initialize'
/home/jim/.rvm/rubies/ruby-1.9.2-p136/lib/ruby/1.9.1/net/http.rb:644:in `open'
/home/jim/.rvm/rubies/ruby-1.9.2-p136/lib/ruby/1.9.1/net/http.rb:644:in `block in connect'
/home/jim/.rvm/rubies/ruby-1.9.2-p136/lib/ruby/1.9.1/timeout.rb:44:in `timeout'
/home/jim/.rvm/rubies/ruby-1.9.2-p136/lib/ruby/1.9.1/timeout.rb:87:in `timeout'
/home/jim/.rvm/rubies/ruby-1.9.2-p136/lib/ruby/1.9.1/net/http.rb:644:in `connect'
/home/jim/.rvm/rubies/ruby-1.9.2-p136/lib/ruby/1.9.1/net/http.rb:637:in `do_start'
/home/jim/.rvm/rubies/ruby-1.9.2-p136/lib/ruby/1.9.1/net/http.rb:626:in `start'
/home/jim/workspace/magpie/lib/magpie/utils.rb:89:in `start_http'
I, [2012-01-13T23:33:17.472154 #29981]  INFO -- : 2012-01-13 23:33:17 +0800:/home/jim/workspace/magpie/lib/magpie/rubber.rb:7}:/home/jim/.rvm/rubies/ruby-1.9.2-p136/lib/ruby/1.9.1/net/http.rb:644:in `initialize'
/home/jim/.rvm/rubies/ruby-1.9.2-p136/lib/ruby/1.9.1/net/http.rb:644:in `open'
/home/jim/.rvm/rubies/ruby-1.9.2-p136/lib/ruby/1.9.1/net/http.rb:644:in `block in connect'
/home/jim/.rvm/rubies/ruby-1.9.2-p136/lib/ruby/1.9.1/timeout.rb:44:in `timeout'
/home/jim/.rvm/rubies/ruby-1.9.2-p136/lib/ruby/1.9.1/timeout.rb:87:in `timeout'
/home/jim/.rvm/rubies/ruby-1.9.2-p136/lib/ruby/1.9.1/net/http.rb:644:in `connect'
/home/jim/.rvm/rubies/ruby-1.9.2-p136/lib/ruby/1.9.1/net/http.rb:637:in `do_start'
/home/jim/.rvm/rubies/ruby-1.9.2-p136/lib/ruby/1.9.1/net/http.rb:626:in `start'
/home/jim/workspace/magpie/lib/magpie/utils.rb:89:in `start_http'
I, [2012-01-13T23:33:17.490762 #29981]  INFO -- : 2012-01-13 23:33:17 +0800:/home/jim/workspace/magpie/lib/magpie/rubber.rb:7}:/home/jim/.rvm/rubies/ruby-1.9.2-p136/lib/ruby/1.9.1/net/http.rb:644:in `initialize'
/home/jim/.rvm/rubies/ruby-1.9.2-p136/lib/ruby/1.9.1/net/http.rb:644:in `open'
/home/jim/.rvm/rubies/ruby-1.9.2-p136/lib/ruby/1.9.1/net/http.rb:644:in `block in connect'
/home/jim/.rvm/rubies/ruby-1.9.2-p136/lib/ruby/1.9.1/timeout.rb:44:in `timeout'
/home/jim/.rvm/rubies/ruby-1.9.2-p136/lib/ruby/1.9.1/timeout.rb:87:in `timeout'
/home/jim/.rvm/rubies/ruby-1.9.2-p136/lib/ruby/1.9.1/net/http.rb:644:in `connect'
/home/jim/.rvm/rubies/ruby-1.9.2-p136/lib/ruby/1.9.1/net/http.rb:637:in `do_start'
/home/jim/.rvm/rubies/ruby-1.9.2-p136/lib/ruby/1.9.1/net/http.rb:626:in `start'
/home/jim/workspace/magpie/lib/magpie/utils.rb:89:in `start_http'
I, [2012-01-13T23:33:17.519238 #29981]  INFO -- : 2012-01-13 23:33:17 +0800:/home/jim/workspace/magpie/lib/magpie/rubber.rb:7}:/home/jim/.rvm/rubies/ruby-1.9.2-p136/lib/ruby/1.9.1/net/http.rb:644:in `initialize'
/home/jim/.rvm/rubies/ruby-1.9.2-p136/lib/ruby/1.9.1/net/http.rb:644:in `open'
/home/jim/.rvm/rubies/ruby-1.9.2-p136/lib/ruby/1.9.1/net/http.rb:644:in `block in connect'
/home/jim/.rvm/rubies/ruby-1.9.2-p136/lib/ruby/1.9.1/timeout.rb:44:in `timeout'
/home/jim/.rvm/rubies/ruby-1.9.2-p136/lib/ruby/1.9.1/timeout.rb:87:in `timeout'
/home/jim/.rvm/rubies/ruby-1.9.2-p136/lib/ruby/1.9.1/net/http.rb:644:in `connect'
/home/jim/.rvm/rubies/ruby-1.9.2-p136/lib/ruby/1.9.1/net/http.rb:637:in `do_start'
/home/jim/.rvm/rubies/ruby-1.9.2-p136/lib/ruby/1.9.1/net/http.rb:626:in `start'
/home/jim/workspace/magpie/lib/magpie/utils.rb:89:in `start_http'
I, [2012-01-13T23:33:17.533742 #29981]  INFO -- : 2012-01-13 23:33:17 +0800:/home/jim/workspace/magpie/lib/magpie/rubber.rb:7}:/home/jim/.rvm/rubies/ruby-1.9.2-p136/lib/ruby/1.9.1/net/http.rb:644:in `initialize'
/home/jim/.rvm/rubies/ruby-1.9.2-p136/lib/ruby/1.9.1/net/http.rb:644:in `open'
/home/jim/.rvm/rubies/ruby-1.9.2-p136/lib/ruby/1.9.1/net/http.rb:644:in `block in connect'
/home/jim/.rvm/rubies/ruby-1.9.2-p136/lib/ruby/1.9.1/timeout.rb:44:in `timeout'
/home/jim/.rvm/rubies/ruby-1.9.2-p136/lib/ruby/1.9.1/timeout.rb:87:in `timeout'
/home/jim/.rvm/rubies/ruby-1.9.2-p136/lib/ruby/1.9.1/net/http.rb:644:in `connect'
/home/jim/.rvm/rubies/ruby-1.9.2-p136/lib/ruby/1.9.1/net/http.rb:637:in `do_start'
/home/jim/.rvm/rubies/ruby-1.9.2-p136/lib/ruby/1.9.1/net/http.rb:626:in `start'
/home/jim/workspace/magpie/lib/magpie/utils.rb:89:in `start_http'
I, [2012-01-13T23:33:17.534551 #29981]  INFO -- : 2012-01-13 23:33:17 +0800:/home/jim/workspace/magpie/lib/magpie/rubber.rb:7}:/home/jim/.rvm/rubies/ruby-1.9.2-p136/lib/ruby/1.9.1/net/http.rb:1593:in `set_form_data'
/home/jim/workspace/magpie/lib/magpie/utils.rb:101:in `post_query'
/home/jim/workspace/magpie/lib/magpie/utils.rb:114:in `block (2 levels) in send_notify'
/home/jim/.rvm/rubies/ruby-1.9.2-p136/lib/ruby/1.9.1/timeout.rb:57:in `timeout'
/home/jim/.rvm/rubies/ruby-1.9.2-p136/lib/ruby/1.9.1/timeout.rb:87:in `timeout'
/home/jim/workspace/magpie/lib/magpie/utils.rb:111:in `block in send_notify'
/home/jim/workspace/magpie/lib/magpie/rubber.rb:5:in `try'
/home/jim/workspace/magpie/lib/magpie/utils.rb:110:in `send_notify'
/home/jim/workspace/magpie/test/test_utils.rb:13:in `test_send_notify_timeout'
I, [2012-01-13T23:33:17.535143 #29981]  INFO -- : 2012-01-13 23:33:17 +0800:/home/jim/workspace/magpie/lib/magpie/rubber.rb:7}:/home/jim/.rvm/rubies/ruby-1.9.2-p136/lib/ruby/1.9.1/net/http.rb:1593:in `set_form_data'
/home/jim/workspace/magpie/lib/magpie/utils.rb:101:in `post_query'
/home/jim/workspace/magpie/lib/magpie/utils.rb:114:in `block (2 levels) in send_notify'
/home/jim/.rvm/rubies/ruby-1.9.2-p136/lib/ruby/1.9.1/timeout.rb:57:in `timeout'
/home/jim/.rvm/rubies/ruby-1.9.2-p136/lib/ruby/1.9.1/timeout.rb:87:in `timeout'
/home/jim/workspace/magpie/lib/magpie/utils.rb:111:in `block in send_notify'
/home/jim/workspace/magpie/lib/magpie/rubber.rb:5:in `try'
/home/jim/workspace/magpie/lib/magpie/utils.rb:110:in `send_notify'
/home/jim/workspace/magpie/test/test_utils.rb:13:in `test_send_notify_timeout'
I, [2012-01-13T23:33:17.535598 #29981]  INFO -- : 2012-01-13 23:33:17 +0800:/home/jim/workspace/magpie/lib/magpie/rubber.rb:7}:/home/jim/.rvm/rubies/ruby-1.9.2-p136/lib/ruby/1.9.1/net/http.rb:1593:in `set_form_data'
/home/jim/workspace/magpie/lib/magpie/utils.rb:101:in `post_query'
/home/jim/workspace/magpie/lib/magpie/utils.rb:114:in `block (2 levels) in send_notify'
/home/jim/.rvm/rubies/ruby-1.9.2-p136/lib/ruby/1.9.1/timeout.rb:57:in `timeout'
/home/jim/.rvm/rubies/ruby-1.9.2-p136/lib/ruby/1.9.1/timeout.rb:87:in `timeout'
/home/jim/workspace/magpie/lib/magpie/utils.rb:111:in `block in send_notify'
/home/jim/workspace/magpie/lib/magpie/rubber.rb:5:in `try'
/home/jim/workspace/magpie/lib/magpie/utils.rb:110:in `send_notify'
/home/jim/workspace/magpie/test/test_utils.rb:13:in `test_send_notify_timeout'
I, [2012-01-13T23:33:17.541045 #29981]  INFO -- : service: ["can't be blank"]
partner: ["can't be blank"]
notify_url: ["can't be blank"]
return_url: ["can't be blank"]
sign: ["can't be blank", "invalid sign"]
sign_type: ["can't be blank"]
subject: ["can't be blank"]
out_trade_no: ["can't be blank"]
payment_type: ["can't be blank"]
money: ["price and total_fee can not both be blank"]
seller: ["seller_email and seller_id can not both be blank"]
I, [2012-01-13T23:33:17.547646 #29981]  INFO -- : v_mid: ["can't be blank"]
v_oid: ["can't be blank"]
v_amount: ["can't be blank"]
v_moneytype: ["can't be blank"]
v_url: ["can't be blank"]
v_md5info: ["can't be blank"]
sign: ["invalid v_md5info"]
I, [2012-01-13T23:33:17.555074 #29981]  INFO -- : v_mid: ["can't be blank"]
v_oid: ["can't be blank"]
v_amount: ["can't be blank"]
v_moneytype: ["can't be blank"]
v_url: ["can't be blank"]
v_md5info: ["can't be blank"]
sign: ["invalid v_md5info"]
I, [2012-01-13T23:33:17.561768 #29981]  INFO -- : #<NoMethodError: undefined method `split' for nil:NilClass>:
/home/jim/workspace/magpie/lib/middles/snake.rb:101:in `query_to_hash'
/home/jim/workspace/magpie/lib/middles/snake.rb:84:in `order_pay'
/home/jim/workspace/magpie/lib/middles/snake.rb:10:in `call'
/home/jim/workspace/magpie/lib/middles/snake.rb:10:in `block in reg'
/home/jim/workspace/magpie/lib/middles/snake.rb:24:in `call'
/home/jim/workspace/magpie/lib/middles/snake.rb:24:in `block in call'
/home/jim/workspace/magpie/lib/middles/snake.rb:22:in `each'
/home/jim/workspace/magpie/lib/middles/snake.rb:22:in `call'
/home/jim/.rvm/gems/ruby-1.9.2-p136/gems/rack-1.4.0/lib/rack/static.rb:66:in `call'
I, [2012-01-13T23:33:17.566096 #29981]  INFO -- : service: ["can't be blank"]
partner: ["can't be blank"]
notify_url: ["can't be blank"]
return_url: ["can't be blank"]
sign: ["can't be blank", "invalid sign"]
sign_type: ["can't be blank"]
subject: ["can't be blank"]
out_trade_no: ["can't be blank"]
payment_type: ["can't be blank"]
money: ["price and total_fee can not both be blank"]
seller: ["seller_email and seller_id can not both be blank"]
I, [2012-01-13T23:33:17.577489 #29981]  INFO -- : cmdno: ["can't be blank"]
date: ["can't be blank"]
bank_type: ["can't be blank"]
desc: ["can't be blank"]
bargainor_id: ["can't be blank"]
transaction_id: ["can't be blank"]
sp_billno: ["can't be blank"]
total_fee: ["can't be blank"]
fee_type: ["can't be blank"]
return_url: ["can't be blank"]
attach: ["can't be blank"]
spbill_create_ip: ["can't be blank"]
sign: ["can't be blank", "invalid sign"]
I, [2012-01-13T23:33:17.583861 #29981]  INFO -- : cmdno: ["can't be blank"]
date: ["can't be blank"]
bank_type: ["can't be blank"]
desc: ["can't be blank"]
bargainor_id: ["can't be blank"]
transaction_id: ["can't be blank"]
sp_billno: ["can't be blank"]
total_fee: ["can't be blank"]
fee_type: ["can't be blank"]
return_url: ["can't be blank"]
attach: ["can't be blank"]
spbill_create_ip: ["can't be blank"]
sign: ["can't be blank", "invalid sign"]
I, [2012-01-13T23:33:17.595791 #29981]  INFO -- : bank_type: ["can't be blank"]
desc: ["can't be blank"]
sign: ["can't be blank", "invalid sign"]
transaction_id: ["格式错误,transaction_id为28位长的数值,其中前10位为商户网站编号(SPID)，由财付通统一分配;之后8位为订单产生的日期,如20050415;最后10位商户需要保证一天内不同的事务(用户订购一次商品或购买一次服务),其ID不相同"]
I, [2012-01-13T23:33:17.602097 #29981]  INFO -- : bank_type: ["can't be blank"]
desc: ["can't be blank"]
sign: ["can't be blank", "invalid sign"]
transaction_id: ["格式错误,transaction_id为28位长的数值,其中前10位为商户网站编号(SPID)，由财付通统一分配;之后8位为订单产生的日期,如20050415;最后10位商户需要保证一天内不同的事务(用户订购一次商品或购买一次服务),其ID不相同"]
I, [2012-01-13T23:33:17.608918 #29981]  INFO -- : bank_type: ["can't be blank"]
desc: ["can't be blank"]
sign: ["can't be blank", "invalid sign"]
transaction_id: ["格式错误,transaction_id为28位长的数值,其中前10位为商户网站编号(SPID)，由财付通统一分配;之后8位为订单产生的日期,如20050415;最后10位商户需要保证一天内不同的事务(用户订购一次商品或购买一次服务),其ID不相同"]
I, [2012-01-13T23:33:17.614440 #29981]  INFO -- : cmdno: ["can't be blank"]
date: ["can't be blank"]
bank_type: ["can't be blank"]
desc: ["can't be blank"]
bargainor_id: ["can't be blank"]
transaction_id: ["can't be blank"]
sp_billno: ["can't be blank"]
total_fee: ["can't be blank"]
fee_type: ["can't be blank"]
return_url: ["can't be blank"]
attach: ["can't be blank"]
spbill_create_ip: ["can't be blank"]
sign: ["can't be blank", "invalid sign"]
I, [2012-01-13T23:33:17.620610 #29981]  INFO -- : bank_type: ["can't be blank"]
desc: ["can't be blank"]
sign: ["can't be blank", "invalid sign"]
I, [2012-01-13T23:33:17.629205 #29981]  INFO -- : bank_type: ["can't be blank"]
desc: ["can't be blank"]
sign: ["can't be blank", "invalid sign"]
transaction_id: ["格式错误,transaction_id为28位长的数值,其中前10位为商户网站编号(SPID)，由财付通统一分配;之后8位为订单产生的日期,如20050415;最后10位商户需要保证一天内不同的事务(用户订购一次商品或购买一次服务),其ID不相同"]
total_fee: ["格式错误,只能为数字,以分为单位,不允许包含任何字符"]
I, [2012-01-13T23:33:17.636173 #29981]  INFO -- : bank_type: ["can't be blank"]
desc: ["can't be blank"]
sign: ["can't be blank", "invalid sign"]
transaction_id: ["格式错误,transaction_id为28位长的数值,其中前10位为商户网站编号(SPID)，由财付通统一分配;之后8位为订单产生的日期,如20050415;最后10位商户需要保证一天内不同的事务(用户订购一次商品或购买一次服务),其ID不相同"]
total_fee: ["格式错误,只能为数字,以分为单位,不允许包含任何字符"]
I, [2012-01-13T23:33:17.642828 #29981]  INFO -- : bank_type: ["can't be blank"]
desc: ["can't be blank"]
sign: ["can't be blank", "invalid sign"]
transaction_id: ["格式错误,transaction_id为28位长的数值,其中前10位为商户网站编号(SPID)，由财付通统一分配;之后8位为订单产生的日期,如20050415;最后10位商户需要保证一天内不同的事务(用户订购一次商品或购买一次服务),其ID不相同"]
I, [2012-01-13T23:33:17.649013 #29981]  INFO -- : bank_type: ["can't be blank"]
desc: ["can't be blank"]
sign: ["can't be blank", "invalid sign"]
transaction_id: ["格式错误,transaction_id为28位长的数值,其中前10位为商户网站编号(SPID)，由财付通统一分配;之后8位为订单产生的日期,如20050415;最后10位商户需要保证一天内不同的事务(用户订购一次商品或购买一次服务),其ID不相同"]
fee_type: ["目前只支持人民币,请填1"]
I, [2012-01-13T23:33:17.655561 #29981]  INFO -- : bank_type: ["can't be blank"]
desc: ["can't be blank"]
sign: ["can't be blank", "invalid sign"]
transaction_id: ["格式错误,transaction_id为28位长的数值,其中前10位为商户网站编号(SPID)，由财付通统一分配;之后8位为订单产生的日期,如20050415;最后10位商户需要保证一天内不同的事务(用户订购一次商品或购买一次服务),其ID不相同"]
I, [2012-01-13T23:33:17.661756 #29981]  INFO -- : bank_type: ["can't be blank"]
desc: ["can't be blank"]
sign: ["can't be blank", "invalid sign"]
transaction_id: ["格式错误,transaction_id为28位长的数值,其中前10位为商户网站编号(SPID)，由财付通统一分配;之后8位为订单产生的日期,如20050415;最后10位商户需要保证一天内不同的事务(用户订购一次商品或购买一次服务),其ID不相同"]
spbill_create_ip: ["ip地址格式错误"]
I, [2012-01-13T23:33:17.667914 #29981]  INFO -- : bank_type: ["can't be blank"]
desc: ["can't be blank"]
sign: ["can't be blank", "invalid sign"]
transaction_id: ["格式错误,transaction_id为28位长的数值,其中前10位为商户网站编号(SPID)，由财付通统一分配;之后8位为订单产生的日期,如20050415;最后10位商户需要保证一天内不同的事务(用户订购一次商品或购买一次服务),其ID不相同"]
spbill_create_ip: ["ip地址格式错误"]
I, [2012-01-13T23:33:17.674044 #29981]  INFO -- : bank_type: ["can't be blank"]
desc: ["can't be blank"]
sign: ["can't be blank", "invalid sign"]
transaction_id: ["格式错误,transaction_id为28位长的数值,其中前10位为商户网站编号(SPID)，由财付通统一分配;之后8位为订单产生的日期,如20050415;最后10位商户需要保证一天内不同的事务(用户订购一次商品或购买一次服务),其ID不相同"]
I, [2012-01-13T23:33:17.680567 #29981]  INFO -- : bank_type: ["can't be blank"]
desc: ["can't be blank"]
sign: ["can't be blank", "invalid sign"]
transaction_id: ["格式错误,transaction_id为28位长的数值,其中前10位为商户网站编号(SPID)，由财付通统一分配;之后8位为订单产生的日期,如20050415;最后10位商户需要保证一天内不同的事务(用户订购一次商品或购买一次服务),其ID不相同"]
sp_billno: ["长度错误,应该在28个字符内"]
I, [2012-01-13T23:33:17.686874 #29981]  INFO -- : cmdno: ["can't be blank"]
date: ["can't be blank"]
bank_type: ["can't be blank"]
desc: ["can't be blank"]
bargainor_id: ["can't be blank"]
transaction_id: ["can't be blank"]
sp_billno: ["can't be blank"]
total_fee: ["can't be blank"]
fee_type: ["can't be blank"]
return_url: ["can't be blank"]
attach: ["can't be blank"]
spbill_create_ip: ["can't be blank"]
sign: ["can't be blank", "invalid sign"]
I, [2012-01-13T23:33:17.693462 #29981]  INFO -- : bank_type: ["can't be blank"]
desc: ["can't be blank"]
sign: ["can't be blank", "invalid sign"]
transaction_id: ["格式错误,transaction_id为28位长的数值,其中前10位为商户网站编号(SPID)，由财付通统一分配;之后8位为订单产生的日期,如20050415;最后10位商户需要保证一天内不同的事务(用户订购一次商品或购买一次服务),其ID不相同"]
bargainor_id: ["商户编号不存在"]
I, [2012-01-13T23:33:17.699687 #29981]  INFO -- : bank_type: ["can't be blank"]
desc: ["can't be blank"]
sign: ["can't be blank", "invalid sign"]
transaction_id: ["格式错误,transaction_id为28位长的数值,其中前10位为商户网站编号(SPID)，由财付通统一分配;之后8位为订单产生的日期,如20050415;最后10位商户需要保证一天内不同的事务(用户订购一次商品或购买一次服务),其ID不相同"]
I, [2012-01-13T23:33:17.706011 #29981]  INFO -- : cmdno: ["can't be blank"]
date: ["can't be blank"]
bank_type: ["can't be blank"]
desc: ["can't be blank"]
bargainor_id: ["can't be blank"]
transaction_id: ["can't be blank"]
sp_billno: ["can't be blank"]
total_fee: ["can't be blank"]
fee_type: ["can't be blank"]
return_url: ["can't be blank"]
attach: ["can't be blank"]
spbill_create_ip: ["can't be blank"]
sign: ["can't be blank", "invalid sign"]
I, [2012-01-13T23:33:17.715011 #29981]  INFO -- : bank_type: ["can't be blank"]
desc: ["can't be blank"]
transaction_id: ["格式错误,transaction_id为28位长的数值,其中前10位为商户网站编号(SPID)，由财付通统一分配;之后8位为订单产生的日期,如20050415;最后10位商户需要保证一天内不同的事务(用户订购一次商品或购买一次服务),其ID不相同"]
sign: ["sign签名必须大写", "invalid sign"]
I, [2012-01-13T23:33:17.721545 #29981]  INFO -- : bank_type: ["can't be blank"]
desc: ["can't be blank"]
transaction_id: ["格式错误,transaction_id为28位长的数值,其中前10位为商户网站编号(SPID)，由财付通统一分配;之后8位为订单产生的日期,如20050415;最后10位商户需要保证一天内不同的事务(用户订购一次商品或购买一次服务),其ID不相同"]
sign: ["invalid sign"]
I, [2012-01-13T23:33:17.728095 #29981]  INFO -- : bank_type: ["can't be blank"]
desc: ["can't be blank"]
transaction_id: ["格式错误,transaction_id为28位长的数值,其中前10位为商户网站编号(SPID)，由财付通统一分配;之后8位为订单产生的日期,如20050415;最后10位商户需要保证一天内不同的事务(用户订购一次商品或购买一次服务),其ID不相同"]
sign: ["invalid sign"]
I, [2012-01-13T23:33:17.734183 #29981]  INFO -- : bank_type: ["can't be blank"]
desc: ["can't be blank"]
transaction_id: ["格式错误,transaction_id为28位长的数值,其中前10位为商户网站编号(SPID)，由财付通统一分配;之后8位为订单产生的日期,如20050415;最后10位商户需要保证一天内不同的事务(用户订购一次商品或购买一次服务),其ID不相同"]
